Initialized native services in: C:\Users\hi\.gradle\native
Initialized jansi services in: C:\Users\hi\.gradle\native
Received JVM installation metadata from 'C:\Program Files\Eclipse Adoptium\jdk-21.0.10.7-hotspot': {JAVA_HOME=C:\Program Files\Eclipse Adoptium\jdk-21.0.10.7-hotspot, JAVA_VERSION=21.0.10, JAVA_VENDOR=Eclipse Adoptium, RUNTIME_NAME=OpenJDK Runtime Environment, RUNTIME_VERSION=21.0.10+7-LTS, VM_NAME=OpenJDK 64-Bit Server VM, VM_VERSION=21.0.10+7-LTS, VM_VENDOR=Eclipse Adoptium, OS_ARCH=amd64}
The client will now receive all logging from the daemon (pid: 5484). The daemon log file: C:\Users\hi\.gradle\daemon\8.10\daemon-5484.out.log
Starting 7th build in daemon [uptime: 2 hrs 59 mins 12.292 secs, performance: 97%, GC rate: 0.00/s, heap usage: 0% of 512 MiB, non-heap usage: 22% of 384 MiB]
Using 6 worker leases.
Now considering [C:\team1_cokkiri\backend] as hierarchies to watch
Watching the file system is configured to be enabled if available
File system watching is active
Starting Build
Settings evaluated using settings file 'C:\team1_cokkiri\backend\settings.gradle'.
Projects loaded. Root project using build file 'C:\team1_cokkiri\backend\build.gradle'.
Included projects: [root project 'coliving-backend']

> Configure project :
Evaluating root project 'coliving-backend' using build file 'C:\team1_cokkiri\backend\build.gradle'.
Transforming spring-boot-gradle-plugin-3.3.10.jar (org.springframework.boot:spring-boot-gradle-plugin:3.3.10) with InstrumentationAnalysisTransform
Transforming dependency-management-plugin-1.1.7.jar (io.spring.gradle:dependency-management-plugin:1.1.7) with InstrumentationAnalysisTransform
Transforming spring-boot-buildpack-platform-3.3.10.jar (org.springframework.boot:spring-boot-buildpack-platform:3.3.10) with InstrumentationAnalysisTransform
Transforming spring-boot-loader-tools-3.3.10.jar (org.springframework.boot:spring-boot-loader-tools:3.3.10) with InstrumentationAnalysisTransform
Transforming commons-compress-1.25.0.jar (org.apache.commons:commons-compress:1.25.0) with InstrumentationAnalysisTransform
Transforming spring-core-6.1.18.jar (org.springframework:spring-core:6.1.18) with InstrumentationAnalysisTransform
Transforming jackson-annotations-2.14.2.jar (com.fasterxml.jackson.core:jackson-annotations:2.14.2) with InstrumentationAnalysisTransform
Transforming jackson-core-2.14.2.jar (com.fasterxml.jackson.core:jackson-core:2.14.2) with InstrumentationAnalysisTransform
Transforming jackson-module-parameter-names-2.14.2.jar (com.fasterxml.jackson.module:jackson-module-parameter-names:2.14.2) with InstrumentationAnalysisTransform
Transforming jackson-databind-2.14.2.jar (com.fasterxml.jackson.core:jackson-databind:2.14.2) with InstrumentationAnalysisTransform
Transforming jna-platform-5.13.0.jar (net.java.dev.jna:jna-platform:5.13.0) with InstrumentationAnalysisTransform
Transforming httpclient5-5.3.1.jar (org.apache.httpcomponents.client5:httpclient5:5.3.1) with InstrumentationAnalysisTransform
Transforming tomlj-1.0.0.jar (org.tomlj:tomlj:1.0.0) with InstrumentationAnalysisTransform
Transforming spring-jcl-6.1.18.jar (org.springframework:spring-jcl:6.1.18) with InstrumentationAnalysisTransform
Transforming jna-5.13.0.jar (net.java.dev.jna:jna:5.13.0) with InstrumentationAnalysisTransform
Transforming httpcore5-h2-5.2.4.jar (org.apache.httpcomponents.core5:httpcore5-h2:5.2.4) with InstrumentationAnalysisTransform
Transforming httpcore5-5.2.4.jar (org.apache.httpcomponents.core5:httpcore5:5.2.4) with InstrumentationAnalysisTransform
Transforming slf4j-api-1.7.36.jar (org.slf4j:slf4j-api:1.7.36) with InstrumentationAnalysisTransform
Transforming antlr4-runtime-4.7.2.jar (org.antlr:antlr4-runtime:4.7.2) with InstrumentationAnalysisTransform
Transforming jsr305-3.0.2.jar (com.google.code.findbugs:jsr305:3.0.2) with InstrumentationAnalysisTransform
Transforming spring-boot-gradle-plugin-3.3.10.jar (org.springframework.boot:spring-boot-gradle-plugin:3.3.10) with InstrumentationAnalysisTransform
Transforming spring-boot-gradle-plugin-3.3.10.jar (org.springframework.boot:spring-boot-gradle-plugin:3.3.10) with MergeInstrumentationAnalysisTransform
Transforming dependency-management-plugin-1.1.7.jar (io.spring.gradle:dependency-management-plugin:1.1.7) with InstrumentationAnalysisTransform
Transforming dependency-management-plugin-1.1.7.jar (io.spring.gradle:dependency-management-plugin:1.1.7) with MergeInstrumentationAnalysisTransform
Transforming spring-boot-buildpack-platform-3.3.10.jar (org.springframework.boot:spring-boot-buildpack-platform:3.3.10) with InstrumentationAnalysisTransform
Transforming spring-boot-buildpack-platform-3.3.10.jar (org.springframework.boot:spring-boot-buildpack-platform:3.3.10) with MergeInstrumentationAnalysisTransform
Transforming spring-boot-loader-tools-3.3.10.jar (org.springframework.boot:spring-boot-loader-tools:3.3.10) with InstrumentationAnalysisTransform
Transforming spring-boot-loader-tools-3.3.10.jar (org.springframework.boot:spring-boot-loader-tools:3.3.10) with MergeInstrumentationAnalysisTransform
Transforming commons-compress-1.25.0.jar (org.apache.commons:commons-compress:1.25.0) with InstrumentationAnalysisTransform
Transforming commons-compress-1.25.0.jar (org.apache.commons:commons-compress:1.25.0) with MergeInstrumentationAnalysisTransform
Transforming spring-core-6.1.18.jar (org.springframework:spring-core:6.1.18) with InstrumentationAnalysisTransform
Transforming spring-core-6.1.18.jar (org.springframework:spring-core:6.1.18) with MergeInstrumentationAnalysisTransform
Transforming jackson-annotations-2.14.2.jar (com.fasterxml.jackson.core:jackson-annotations:2.14.2) with InstrumentationAnalysisTransform
Transforming jackson-annotations-2.14.2.jar (com.fasterxml.jackson.core:jackson-annotations:2.14.2) with MergeInstrumentationAnalysisTransform
Transforming jackson-core-2.14.2.jar (com.fasterxml.jackson.core:jackson-core:2.14.2) with InstrumentationAnalysisTransform
Transforming jackson-core-2.14.2.jar (com.fasterxml.jackson.core:jackson-core:2.14.2) with MergeInstrumentationAnalysisTransform
Transforming jackson-module-parameter-names-2.14.2.jar (com.fasterxml.jackson.module:jackson-module-parameter-names:2.14.2) with InstrumentationAnalysisTransform
Transforming jackson-module-parameter-names-2.14.2.jar (com.fasterxml.jackson.module:jackson-module-parameter-names:2.14.2) with MergeInstrumentationAnalysisTransform
Transforming jackson-databind-2.14.2.jar (com.fasterxml.jackson.core:jackson-databind:2.14.2) with InstrumentationAnalysisTransform
Transforming jackson-databind-2.14.2.jar (com.fasterxml.jackson.core:jackson-databind:2.14.2) with MergeInstrumentationAnalysisTransform
Transforming jna-platform-5.13.0.jar (net.java.dev.jna:jna-platform:5.13.0) with InstrumentationAnalysisTransform
Transforming dependency-management-plugin-1.1.7.jar (io.spring.gradle:dependency-management-plugin:1.1.7) with ExternalDependencyInstrumentingArtifactTransform
Transforming jna-platform-5.13.0.jar (net.java.dev.jna:jna-platform:5.13.0) with MergeInstrumentationAnalysisTransform
Transforming spring-boot-gradle-plugin-3.3.10.jar (org.springframework.boot:spring-boot-gradle-plugin:3.3.10) with ExternalDependencyInstrumentingArtifactTransform
Transforming httpclient5-5.3.1.jar (org.apache.httpcomponents.client5:httpclient5:5.3.1) with InstrumentationAnalysisTransform
Transforming httpclient5-5.3.1.jar (org.apache.httpcomponents.client5:httpclient5:5.3.1) with MergeInstrumentationAnalysisTransform
Transforming tomlj-1.0.0.jar (org.tomlj:tomlj:1.0.0) with InstrumentationAnalysisTransform
Transforming tomlj-1.0.0.jar (org.tomlj:tomlj:1.0.0) with MergeInstrumentationAnalysisTransform
Transforming spring-boot-buildpack-platform-3.3.10.jar (org.springframework.boot:spring-boot-buildpack-platform:3.3.10) with ExternalDependencyInstrumentingArtifactTransform
Transforming spring-boot-loader-tools-3.3.10.jar (org.springframework.boot:spring-boot-loader-tools:3.3.10) with ExternalDependencyInstrumentingArtifactTransform
Transforming spring-jcl-6.1.18.jar (org.springframework:spring-jcl:6.1.18) with InstrumentationAnalysisTransform
Transforming spring-jcl-6.1.18.jar (org.springframework:spring-jcl:6.1.18) with MergeInstrumentationAnalysisTransform
Transforming jna-5.13.0.jar (net.java.dev.jna:jna:5.13.0) with InstrumentationAnalysisTransform
Transforming commons-compress-1.25.0.jar (org.apache.commons:commons-compress:1.25.0) with ExternalDependencyInstrumentingArtifactTransform
Transforming spring-core-6.1.18.jar (org.springframework:spring-core:6.1.18) with ExternalDependencyInstrumentingArtifactTransform
Transforming jackson-annotations-2.14.2.jar (com.fasterxml.jackson.core:jackson-annotations:2.14.2) with ExternalDependencyInstrumentingArtifactTransform
Transforming jackson-core-2.14.2.jar (com.fasterxml.jackson.core:jackson-core:2.14.2) with ExternalDependencyInstrumentingArtifactTransform
Transforming jackson-module-parameter-names-2.14.2.jar (com.fasterxml.jackson.module:jackson-module-parameter-names:2.14.2) with ExternalDependencyInstrumentingArtifactTransform
Transforming jackson-databind-2.14.2.jar (com.fasterxml.jackson.core:jackson-databind:2.14.2) with ExternalDependencyInstrumentingArtifactTransform
Transforming jna-platform-5.13.0.jar (net.java.dev.jna:jna-platform:5.13.0) with ExternalDependencyInstrumentingArtifactTransform
Transforming httpclient5-5.3.1.jar (org.apache.httpcomponents.client5:httpclient5:5.3.1) with ExternalDependencyInstrumentingArtifactTransform
Transforming tomlj-1.0.0.jar (org.tomlj:tomlj:1.0.0) with ExternalDependencyInstrumentingArtifactTransform
Transforming jna-5.13.0.jar (net.java.dev.jna:jna:5.13.0) with MergeInstrumentationAnalysisTransform
Transforming spring-jcl-6.1.18.jar (org.springframework:spring-jcl:6.1.18) with ExternalDependencyInstrumentingArtifactTransform
Transforming httpcore5-h2-5.2.4.jar (org.apache.httpcomponents.core5:httpcore5-h2:5.2.4) with InstrumentationAnalysisTransform
Transforming jna-5.13.0.jar (net.java.dev.jna:jna:5.13.0) with ExternalDependencyInstrumentingArtifactTransform
Transforming httpcore5-h2-5.2.4.jar (org.apache.httpcomponents.core5:httpcore5-h2:5.2.4) with MergeInstrumentationAnalysisTransform
Transforming httpcore5-5.2.4.jar (org.apache.httpcomponents.core5:httpcore5:5.2.4) with InstrumentationAnalysisTransform
Transforming httpcore5-5.2.4.jar (org.apache.httpcomponents.core5:httpcore5:5.2.4) with MergeInstrumentationAnalysisTransform
Transforming httpcore5-h2-5.2.4.jar (org.apache.httpcomponents.core5:httpcore5-h2:5.2.4) with ExternalDependencyInstrumentingArtifactTransform
Transforming slf4j-api-1.7.36.jar (org.slf4j:slf4j-api:1.7.36) with InstrumentationAnalysisTransform
Transforming httpcore5-5.2.4.jar (org.apache.httpcomponents.core5:httpcore5:5.2.4) with ExternalDependencyInstrumentingArtifactTransform
Transforming slf4j-api-1.7.36.jar (org.slf4j:slf4j-api:1.7.36) with MergeInstrumentationAnalysisTransform
Transforming antlr4-runtime-4.7.2.jar (org.antlr:antlr4-runtime:4.7.2) with InstrumentationAnalysisTransform
Transforming antlr4-runtime-4.7.2.jar (org.antlr:antlr4-runtime:4.7.2) with MergeInstrumentationAnalysisTransform
Transforming jsr305-3.0.2.jar (com.google.code.findbugs:jsr305:3.0.2) with InstrumentationAnalysisTransform
Transforming slf4j-api-1.7.36.jar (org.slf4j:slf4j-api:1.7.36) with ExternalDependencyInstrumentingArtifactTransform
Transforming jsr305-3.0.2.jar (com.google.code.findbugs:jsr305:3.0.2) with MergeInstrumentationAnalysisTransform
Transforming antlr4-runtime-4.7.2.jar (org.antlr:antlr4-runtime:4.7.2) with ExternalDependencyInstrumentingArtifactTransform
Transforming jsr305-3.0.2.jar (com.google.code.findbugs:jsr305:3.0.2) with ExternalDependencyInstrumentingArtifactTransform
Applying dependency management to configuration 'annotationProcessor' in project 'coliving-backend'
Applying dependency management to configuration 'apiElements' in project 'coliving-backend'
Applying dependency management to configuration 'archives' in project 'coliving-backend'
Applying dependency management to configuration 'bootArchives' in project 'coliving-backend'
Applying dependency management to configuration 'compileClasspath' in project 'coliving-backend'
Applying dependency management to configuration 'compileOnly' in project 'coliving-backend'
Applying dependency management to configuration 'default' in project 'coliving-backend'
Applying dependency management to configuration 'developmentOnly' in project 'coliving-backend'
Applying dependency management to configuration 'implementation' in project 'coliving-backend'
Applying dependency management to configuration 'mainSourceElements' in project 'coliving-backend'
Applying dependency management to configuration 'productionRuntimeClasspath' in project 'coliving-backend'
Applying dependency management to configuration 'runtimeClasspath' in project 'coliving-backend'
Applying dependency management to configuration 'runtimeElements' in project 'coliving-backend'
Applying dependency management to configuration 'runtimeOnly' in project 'coliving-backend'
Applying dependency management to configuration 'testAndDevelopmentOnly' in project 'coliving-backend'
Applying dependency management to configuration 'testAnnotationProcessor' in project 'coliving-backend'
Applying dependency management to configuration 'testCompileClasspath' in project 'coliving-backend'
Applying dependency management to configuration 'testCompileOnly' in project 'coliving-backend'
Applying dependency management to configuration 'testImplementation' in project 'coliving-backend'
Applying dependency management to configuration 'testResultsElementsForTest' in project 'coliving-backend'
Applying dependency management to configuration 'testRuntimeClasspath' in project 'coliving-backend'
Applying dependency management to configuration 'testRuntimeOnly' in project 'coliving-backend'
All projects evaluated.
Task name matched 'test'
Selected primary task 'test' from project :
Resolving global dependency management for project 'coliving-backend'
Resource missing. [HTTP GET: https://repo.maven.apache.org/maven2/com/coliving/0.0.1-SNAPSHOT-detachedConfiguration1/0.0.1-SNAPSHOT/maven-metadata.xml]
Resource missing. [HTTP GET: https://repo.maven.apache.org/maven2/com/coliving/0.0.1-SNAPSHOT-detachedConfiguration1/0.0.1-SNAPSHOT/0.0.1-SNAPSHOT-detachedConfiguration1-0.0.1-SNAPSHOT.pom]
Excluding []
Resource missing. [HTTP GET: https://repo.maven.apache.org/maven2/com/coliving/0.0.1-SNAPSHOT-detachedConfiguration147/0.0.1-SNAPSHOT/maven-metadata.xml]
Resource missing. [HTTP GET: https://repo.maven.apache.org/maven2/com/coliving/0.0.1-SNAPSHOT-detachedConfiguration147/0.0.1-SNAPSHOT/0.0.1-SNAPSHOT-detachedConfiguration147-0.0.1-SNAPSHOT.pom]
Excluding []
Resource missing. [HTTP GET: https://repo.maven.apache.org/maven2/com/coliving/0.0.1-SNAPSHOT-detachedConfiguration149/0.0.1-SNAPSHOT/maven-metadata.xml]
Resource missing. [HTTP GET: https://repo.maven.apache.org/maven2/com/coliving/0.0.1-SNAPSHOT-detachedConfiguration149/0.0.1-SNAPSHOT/0.0.1-SNAPSHOT-detachedConfiguration149-0.0.1-SNAPSHOT.pom]
Excluding []
Resource missing. [HTTP GET: https://repo.maven.apache.org/maven2/com/coliving/0.0.1-SNAPSHOT-detachedConfiguration151/0.0.1-SNAPSHOT/maven-metadata.xml]
Resource missing. [HTTP GET: https://repo.maven.apache.org/maven2/com/coliving/0.0.1-SNAPSHOT-detachedConfiguration151/0.0.1-SNAPSHOT/0.0.1-SNAPSHOT-detachedConfiguration151-0.0.1-SNAPSHOT.pom]
Excluding []
Resource missing. [HTTP GET: https://repo.maven.apache.org/maven2/com/coliving/0.0.1-SNAPSHOT-detachedConfiguration153/0.0.1-SNAPSHOT/maven-metadata.xml]
Resource missing. [HTTP GET: https://repo.maven.apache.org/maven2/com/coliving/0.0.1-SNAPSHOT-detachedConfiguration153/0.0.1-SNAPSHOT/0.0.1-SNAPSHOT-detachedConfiguration153-0.0.1-SNAPSHOT.pom]
Excluding []
Resource missing. [HTTP GET: https://repo.maven.apache.org/maven2/com/coliving/0.0.1-SNAPSHOT-detachedConfiguration155/0.0.1-SNAPSHOT/maven-metadata.xml]
Resource missing. [HTTP GET: https://repo.maven.apache.org/maven2/com/coliving/0.0.1-SNAPSHOT-detachedConfiguration155/0.0.1-SNAPSHOT/0.0.1-SNAPSHOT-detachedConfiguration155-0.0.1-SNAPSHOT.pom]
Excluding []
Tasks to be executed: [task ':compileJava', task ':processResources', task ':classes', task ':compileTestJava', task ':processTestResources', task ':testClasses', task ':test']
Tasks that were excluded: []
Resolve mutations for :compileJava (Thread[#696,Execution worker,5,main]) started.
:compileJava (Thread[#696,Execution worker,5,main]) started.

> Task :compileJava UP-TO-DATE
Custom actions are attached to task ':compileJava'.
Caching disabled for task ':compileJava' because:
  Build cache is disabled
Skipping task ':compileJava' as it is up-to-date.
Resolve mutations for :processResources (Thread[#696,Execution worker,5,main]) started.
:processResources (Thread[#696,Execution worker,5,main]) started.

> Task :processResources UP-TO-DATE
Caching disabled for task ':processResources' because:
  Build cache is disabled
  Not worth caching
Skipping task ':processResources' as it is up-to-date.
Resolve mutations for :classes (Thread[#696,Execution worker,5,main]) started.
:classes (Thread[#696,Execution worker,5,main]) started.

> Task :classes UP-TO-DATE
Skipping task ':classes' as it has no actions.
Resolve mutations for :compileTestJava (Thread[#696,Execution worker,5,main]) started.
:compileTestJava (Thread[#696,Execution worker,5,main]) started.

> Task :compileTestJava UP-TO-DATE
Custom actions are attached to task ':compileTestJava'.
Caching disabled for task ':compileTestJava' because:
  Build cache is disabled
Skipping task ':compileTestJava' as it is up-to-date.
Resolve mutations for :processTestResources (Thread[#696,Execution worker,5,main]) started.
:processTestResources (Thread[#696,Execution worker,5,main]) started.

> Task :processTestResources UP-TO-DATE
Caching disabled for task ':processTestResources' because:
  Build cache is disabled
  Not worth caching
Skipping task ':processTestResources' as it is up-to-date.
Resolve mutations for :testClasses (Thread[#696,Execution worker,5,main]) started.
:testClasses (Thread[#696,Execution worker,5,main]) started.

> Task :testClasses UP-TO-DATE
Skipping task ':testClasses' as it has no actions.
Resolve mutations for :test (Thread[#696,Execution worker,5,main]) started.
:test (Thread[#696,Execution worker,5,main]) started.
Gradle Test Executor 4 started executing tests.

> Task :test
Caching disabled for task ':test' because:
  Build cache is disabled
Task ':test' is not up-to-date because:
  Task has failed previously.
Starting process 'Gradle Test Executor 4'. Working directory: C:\team1_cokkiri\backend Command: C:\Program Files\Eclipse Adoptium\jdk-21.0.10.7-hotspot\bin\java.exe -Dorg.gradle.internal.worker.tmpdir=C:\team1_cokkiri\backend\build\tmp\test\work @C:\Users\hi\.gradle\.tmp\gradle-worker-classpath14457228939302721718txt -Xmx512m -Dfile.encoding=UTF-8 -Duser.country=KR -Duser.language=ko -Duser.variant -ea worker.org.gradle.process.internal.worker.GradleWorkerMain 'Gradle Test Executor 4'
Successfully started process 'Gradle Test Executor 4'

CoLivingApplicationTest STANDARD_OUT
    12:41:19.347 [Test worker] INFO org.springframework.test.context.support.AnnotationConfigContextLoaderUtils -- Could not detect default configuration classes for test class [com.coliving.CoLivingApplicationTest]: CoLivingApplicationTest does not declare any static, non-private, non-final, nested classes annotated with @Configuration.
    12:41:19.592 [Test worker] INFO org.springframework.boot.test.context.SpringBootTestContextBootstrapper -- Found @SpringBootConfiguration com.coliving.CoLivingApplication for test class com.coliving.CoLivingApplicationTest

      .   ____          _            __ _ _
     /\\ / ___'_ __ _ _(_)_ __  __ _ \ \ \ \
    ( ( )\___ | '_ | '_| | '_ \/ _` | \ \ \ \
     \\/  ___)| |_)| | | | | || (_| |  ) ) ) )
      '  |____| .__|_| |_|_| |_\__, | / / / /
     =========|_|==============|___/=/_/_/_/

     :: Spring Boot ::               (v3.3.10)

    2026-04-13T12:41:20.086+09:00  INFO 4752 --- [    Test worker] com.coliving.CoLivingApplicationTest     : Starting CoLivingApplicationTest using Java 21.0.10 with PID 4752 (started by hi in C:\team1_cokkiri\backend)
    2026-04-13T12:41:20.087+09:00  INFO 4752 --- [    Test worker] com.coliving.CoLivingApplicationTest     : The following 1 profile is active: "test"
    2026-04-13T12:41:21.874+09:00  INFO 4752 --- [    Test worker] .s.d.r.c.RepositoryConfigurationDelegate : Multiple Spring Data modules found, entering strict repository configuration mode
    2026-04-13T12:41:21.876+09:00  INFO 4752 --- [    Test worker] .s.d.r.c.RepositoryConfigurationDelegate : Bootstrapping Spring Data JPA repositories in DEFAULT mode.
    2026-04-13T12:41:22.418+09:00  INFO 4752 --- [    Test worker] .s.d.r.c.RepositoryConfigurationDelegate : Finished Spring Data repository scanning in 528 ms. Found 22 JPA repository interfaces.
    2026-04-13T12:41:22.435+09:00  INFO 4752 --- [    Test worker] .s.d.r.c.RepositoryConfigurationDelegate : Multiple Spring Data modules found, entering strict repository configuration mode
    2026-04-13T12:41:22.435+09:00  INFO 4752 --- [    Test worker] .s.d.r.c.RepositoryConfigurationDelegate : Bootstrapping Spring Data Redis repositories in DEFAULT mode.
    2026-04-13T12:41:22.542+09:00  INFO 4752 --- [    Test worker] .RepositoryConfigurationExtensionSupport : Spring Data Redis - Could not safely identify store assignment for repository candidate interface com.coliving.admin.device.adapter.out.jpa.DeviceJpaRepository; If you want this repository to be a Redis repository, consider annotating your entities with one of these annotations: org.springframework.data.redis.core.RedisHash (preferred), or consider extending one of the following types with your repository: org.springframework.data.keyvalue.repository.KeyValueRepository
    2026-04-13T12:41:22.542+09:00  INFO 4752 --- [    Test worker] .RepositoryConfigurationExtensionSupport : Spring Data Redis - Could not safely identify store assignment for repository candidate interface com.coliving.admin.device.adapter.out.jpa.DeviceTypeJpaRepository; If you want this repository to be a Redis repository, consider annotating your entities with one of these annotations: org.springframework.data.redis.core.RedisHash (preferred), or consider extending one of the following types with your repository: org.springframework.data.keyvalue.repository.KeyValueRepository
    2026-04-13T12:41:22.542+09:00  INFO 4752 --- [    Test worker] .RepositoryConfigurationExtensionSupport : Spring Data Redis - Could not safely identify store assignment for repository candidate interface com.coliving.admin.payment.adapter.out.jpa.PaymentJpaRepository; If you want this repository to be a Redis repository, consider annotating your entities with one of these annotations: org.springframework.data.redis.core.RedisHash (preferred), or consider extending one of the following types with your repository: org.springframework.data.keyvalue.repository.KeyValueRepository
    2026-04-13T12:41:22.542+09:00  INFO 4752 --- [    Test worker] .RepositoryConfigurationExtensionSupport : Spring Data Redis - Could not safely identify store assignment for repository candidate interface com.coliving.admin.space.adapter.out.jpa.AnnotationTypeJpaRepository; If you want this repository to be a Redis repository, consider annotating your entities with one of these annotations: org.springframework.data.redis.core.RedisHash (preferred), or consider extending one of the following types with your repository: org.springframework.data.keyvalue.repository.KeyValueRepository
    2026-04-13T12:41:22.542+09:00  INFO 4752 --- [    Test worker] .RepositoryConfigurationExtensionSupport : Spring Data Redis - Could not safely identify store assignment for repository candidate interface com.coliving.admin.space.adapter.out.jpa.CommonSpaceDetailJpaRepository; If you want this repository to be a Redis repository, consider annotating your entities with one of these annotations: org.springframework.data.redis.core.RedisHash (preferred), or consider extending one of the following types with your repository: org.springframework.data.keyvalue.repository.KeyValueRepository
    2026-04-13T12:41:22.542+09:00  INFO 4752 --- [    Test worker] .RepositoryConfigurationExtensionSupport : Spring Data Redis - Could not safely identify store assignment for repository candidate interface com.coliving.admin.space.adapter.out.jpa.FloorPlanJpaRepository; If you want this repository to be a Redis repository, consider annotating your entities with one of these annotations: org.springframework.data.redis.core.RedisHash (preferred), or consider extending one of the following types with your repository: org.springframework.data.keyvalue.repository.KeyValueRepository
    2026-04-13T12:41:22.542+09:00  INFO 4752 --- [    Test worker] .RepositoryConfigurationExtensionSupport : Spring Data Redis - Could not safely identify store assignment for repository candidate interface com.coliving.admin.space.adapter.out.jpa.PrivateSpaceDetailJpaRepository; If you want this repository to be a Redis repository, consider annotating your entities with one of these annotations: org.springframework.data.redis.core.RedisHash (preferred), or consider extending one of the following types with your repository: org.springframework.data.keyvalue.repository.KeyValueRepository
    2026-04-13T12:41:22.542+09:00  INFO 4752 --- [    Test worker] .RepositoryConfigurationExtensionSupport : Spring Data Redis - Could not safely identify store assignment for repository candidate interface com.coliving.admin.space.adapter.out.jpa.RoomTypeJpaRepository; If you want this repository to be a Redis repository, consider annotating your entities with one of these annotations: org.springframework.data.redis.core.RedisHash (preferred), or consider extending one of the following types with your repository: org.springframework.data.keyvalue.repository.KeyValueRepository
    2026-04-13T12:41:22.542+09:00  INFO 4752 --- [    Test worker] .RepositoryConfigurationExtensionSupport : Spring Data Redis - Could not safely identify store assignment for repository candidate interface com.coliving.admin.space.adapter.out.jpa.SpaceImageJpaRepository; If you want this repository to be a Redis repository, consider annotating your entities with one of these annotations: org.springframework.data.redis.core.RedisHash (preferred), or consider extending one of the following types with your repository: org.springframework.data.keyvalue.repository.KeyValueRepository
    2026-04-13T12:41:22.542+09:00  INFO 4752 --- [    Test worker] .RepositoryConfigurationExtensionSupport : Spring Data Redis - Could not safely identify store assignment for repository candidate interface com.coliving.admin.space.adapter.out.jpa.SpaceJpaRepository; If you want this repository to be a Redis repository, consider annotating your entities with one of these annotations: org.springframework.data.redis.core.RedisHash (preferred), or consider extending one of the following types with your repository: org.springframework.data.keyvalue.repository.KeyValueRepository
    2026-04-13T12:41:22.552+09:00  INFO 4752 --- [    Test worker] .RepositoryConfigurationExtensionSupport : Spring Data Redis - Could not safely identify store assignment for repository candidate interface com.coliving.common.auth.adapter.out.jpa.RefreshTokenJpaRepository; If you want this repository to be a Redis repository, consider annotating your entities with one of these annotations: org.springframework.data.redis.core.RedisHash (preferred), or consider extending one of the following types with your repository: org.springframework.data.keyvalue.repository.KeyValueRepository
    2026-04-13T12:41:22.552+09:00  INFO 4752 --- [    Test worker] .RepositoryConfigurationExtensionSupport : Spring Data Redis - Could not safely identify store assignment for repository candidate interface com.coliving.common.auth.adapter.out.jpa.RoleChangeLogJpaRepository; If you want this repository to be a Redis repository, consider annotating your entities with one of these annotations: org.springframework.data.redis.core.RedisHash (preferred), or consider extending one of the following types with your repository: org.springframework.data.keyvalue.repository.KeyValueRepository
    2026-04-13T12:41:22.552+09:00  INFO 4752 --- [    Test worker] .RepositoryConfigurationExtensionSupport : Spring Data Redis - Could not safely identify store assignment for repository candidate interface com.coliving.common.auth.adapter.out.jpa.TokenBlacklistJpaRepository; If you want this repository to be a Redis repository, consider annotating your entities with one of these annotations: org.springframework.data.redis.core.RedisHash (preferred), or consider extending one of the following types with your repository: org.springframework.data.keyvalue.repository.KeyValueRepository
    2026-04-13T12:41:22.552+09:00  INFO 4752 --- [    Test worker] .RepositoryConfigurationExtensionSupport : Spring Data Redis - Could not safely identify store assignment for repository candidate interface com.coliving.common.auth.adapter.out.jpa.UserJpaRepository; If you want this repository to be a Redis repository, consider annotating your entities with one of these annotations: org.springframework.data.redis.core.RedisHash (preferred), or consider extending one of the following types with your repository: org.springframework.data.keyvalue.repository.KeyValueRepository
    2026-04-13T12:41:22.552+09:00  INFO 4752 --- [    Test worker] .RepositoryConfigurationExtensionSupport : Spring Data Redis - Could not safely identify store assignment for repository candidate interface com.coliving.common.comment.adapter.out.jpa.CommentJpaRepository; If you want this repository to be a Redis repository, consider annotating your entities with one of these annotations: org.springframework.data.redis.core.RedisHash (preferred), or consider extending one of the following types with your repository: org.springframework.data.keyvalue.repository.KeyValueRepository
    2026-04-13T12:41:22.552+09:00  INFO 4752 --- [    Test worker] .RepositoryConfigurationExtensionSupport : Spring Data Redis - Could not safely identify store assignment for repository candidate interface com.coliving.common.community.adapter.out.jpa.PostJpaRepository; If you want this repository to be a Redis repository, consider annotating your entities with one of these annotations: org.springframework.data.redis.core.RedisHash (preferred), or consider extending one of the following types with your repository: org.springframework.data.keyvalue.repository.KeyValueRepository
    2026-04-13T12:41:22.552+09:00  INFO 4752 --- [    Test worker] .RepositoryConfigurationExtensionSupport : Spring Data Redis - Could not safely identify store assignment for repository candidate interface com.coliving.common.community.adapter.out.jpa.PostLikeJpaRepository; If you want this repository to be a Redis repository, consider annotating your entities with one of these annotations: org.springframework.data.redis.core.RedisHash (preferred), or consider extending one of the following types with your repository: org.springframework.data.keyvalue.repository.KeyValueRepository
    2026-04-13T12:41:22.552+09:00  INFO 4752 --- [    Test worker] .RepositoryConfigurationExtensionSupport : Spring Data Redis - Could not safely identify store assignment for repository candidate interface com.coliving.common.notification.adapter.out.jpa.NotificationJpaRepository; If you want this repository to be a Redis repository, consider annotating your entities with one of these annotations: org.springframework.data.redis.core.RedisHash (preferred), or consider extending one of the following types with your repository: org.springframework.data.keyvalue.repository.KeyValueRepository
    2026-04-13T12:41:22.552+09:00  INFO 4752 --- [    Test worker] .RepositoryConfigurationExtensionSupport : Spring Data Redis - Could not safely identify store assignment for repository candidate interface com.coliving.common.voc.adapter.out.jpa.VocJpaRepository; If you want this repository to be a Redis repository, consider annotating your entities with one of these annotations: org.springframework.data.redis.core.RedisHash (preferred), or consider extending one of the following types with your repository: org.springframework.data.keyvalue.repository.KeyValueRepository
    2026-04-13T12:41:22.552+09:00  INFO 4752 --- [    Test worker] .RepositoryConfigurationExtensionSupport : Spring Data Redis - Could not safely identify store assignment for repository candidate interface com.coliving.reservation.adapter.out.jpa.ReservationJpaRepository; If you want this repository to be a Redis repository, consider annotating your entities with one of these annotations: org.springframework.data.redis.core.RedisHash (preferred), or consider extending one of the following types with your repository: org.springframework.data.keyvalue.repository.KeyValueRepository
    2026-04-13T12:41:22.552+09:00  INFO 4752 --- [    Test worker] .RepositoryConfigurationExtensionSupport : Spring Data Redis - Could not safely identify store assignment for repository candidate interface com.coliving.resident.log.adapter.out.jpa.ControlLogJpaRepository; If you want this repository to be a Redis repository, consider annotating your entities with one of these annotations: org.springframework.data.redis.core.RedisHash (preferred), or consider extending one of the following types with your repository: org.springframework.data.keyvalue.repository.KeyValueRepository
    2026-04-13T12:41:22.552+09:00  INFO 4752 --- [    Test worker] .RepositoryConfigurationExtensionSupport : Spring Data Redis - Could not safely identify store assignment for repository candidate interface com.coliving.user.contract.adapter.out.jpa.ContractJpaRepository; If you want this repository to be a Redis repository, consider annotating your entities with one of these annotations: org.springframework.data.redis.core.RedisHash (preferred), or consider extending one of the following types with your repository: org.springframework.data.keyvalue.repository.KeyValueRepository
    2026-04-13T12:41:22.552+09:00  INFO 4752 --- [    Test worker] .s.d.r.c.RepositoryConfigurationDelegate : Finished Spring Data repository scanning in 108 ms. Found 0 Redis repository interfaces.
    2026-04-13T12:41:23.335+09:00  INFO 4752 --- [    Test worker] o.hibernate.jpa.internal.util.LogHelper  : HHH000204: Processing PersistenceUnitInfo [name: default]
    2026-04-13T12:41:23.408+09:00  INFO 4752 --- [    Test worker] org.hibernate.Version                    : HHH000412: Hibernate ORM core version 6.5.3.Final
    2026-04-13T12:41:23.445+09:00  INFO 4752 --- [    Test worker] o.h.c.internal.RegionFactoryInitiator    : HHH000026: Second-level cache disabled
    2026-04-13T12:41:23.837+09:00  INFO 4752 --- [    Test worker] o.s.o.j.p.SpringPersistenceUnitInfo      : No LoadTimeWeaver setup: ignoring JPA class transformer
    2026-04-13T12:41:23.870+09:00  INFO 4752 --- [    Test worker] com.zaxxer.hikari.HikariDataSource       : HikariPool-1 - Starting...
    2026-04-13T12:41:24.082+09:00  INFO 4752 --- [    Test worker] com.zaxxer.hikari.pool.HikariPool        : HikariPool-1 - Added connection conn0: url=jdbc:h2:mem:coliving_test user=SA
    2026-04-13T12:41:24.084+09:00  INFO 4752 --- [    Test worker] com.zaxxer.hikari.HikariDataSource       : HikariPool-1 - Start completed.
    2026-04-13T12:41:24.110+09:00  WARN 4752 --- [    Test worker] org.hibernate.orm.deprecation            : HHH90000025: H2Dialect does not need to be specified explicitly using 'hibernate.dialect' (remove the property setting and it will be selected by default)
    2026-04-13T12:41:25.629+09:00  INFO 4752 --- [    Test worker] o.h.e.t.j.p.i.JtaPlatformInitiator       : HHH000489: No JTA platform available (set 'hibernate.transaction.jta.platform' to enable JTA platform integration)
    2026-04-13T12:41:25.644+09:00 DEBUG 4752 --- [    Test worker] org.hibernate.SQL                        : 
        drop table if exists annotation_types cascade 
    Hibernate: 
        drop table if exists annotation_types cascade 
    2026-04-13T12:41:25.647+09:00 DEBUG 4752 --- [    Test worker] org.hibernate.SQL                        : 
        drop table if exists comments cascade 
    Hibernate: 
        drop table if exists comments cascade 
    2026-04-13T12:41:25.648+09:00 DEBUG 4752 --- [    Test worker] org.hibernate.SQL                        : 
        drop table if exists common_space_details cascade 
    Hibernate: 
        drop table if exists common_space_details cascade 
    2026-04-13T12:41:25.648+09:00 DEBUG 4752 --- [    Test worker] org.hibernate.SQL                        : 
        drop table if exists contracts cascade 
    Hibernate: 
        drop table if exists contracts cascade 
    2026-04-13T12:41:25.648+09:00 DEBUG 4752 --- [    Test worker] org.hibernate.SQL                        : 
        drop table if exists control_logs cascade 
    Hibernate: 
        drop table if exists control_logs cascade 
    2026-04-13T12:41:25.648+09:00 DEBUG 4752 --- [    Test worker] org.hibernate.SQL                        : 
        drop table if exists device_types cascade 
    Hibernate: 
        drop table if exists device_types cascade 
    2026-04-13T12:41:25.649+09:00 DEBUG 4752 --- [    Test worker] org.hibernate.SQL                        : 
        drop table if exists devices cascade 
    Hibernate: 
        drop table if exists devices cascade 
    2026-04-13T12:41:25.649+09:00 DEBUG 4752 --- [    Test worker] org.hibernate.SQL                        : 
        drop table if exists floor_plans cascade 
    Hibernate: 
        drop table if exists floor_plans cascade 
    2026-04-13T12:41:25.649+09:00 DEBUG 4752 --- [    Test worker] org.hibernate.SQL                        : 
        drop table if exists notifications cascade 
    Hibernate: 
        drop table if exists notifications cascade 
    2026-04-13T12:41:25.649+09:00 DEBUG 4752 --- [    Test worker] org.hibernate.SQL                        : 
        drop table if exists payments cascade 
    Hibernate: 
        drop table if exists payments cascade 
    2026-04-13T12:41:25.650+09:00 DEBUG 4752 --- [    Test worker] org.hibernate.SQL                        : 
        drop table if exists post_likes cascade 
    Hibernate: 
        drop table if exists post_likes cascade 
    2026-04-13T12:41:25.650+09:00 DEBUG 4752 --- [    Test worker] org.hibernate.SQL                        : 
        drop table if exists posts cascade 
    Hibernate: 
        drop table if exists posts cascade 
    2026-04-13T12:41:25.650+09:00 DEBUG 4752 --- [    Test worker] org.hibernate.SQL                        : 
        drop table if exists private_space_details cascade 
    Hibernate: 
        drop table if exists private_space_details cascade 
    2026-04-13T12:41:25.650+09:00 DEBUG 4752 --- [    Test worker] org.hibernate.SQL                        : 
        drop table if exists refresh_tokens cascade 
    Hibernate: 
        drop table if exists refresh_tokens cascade 
    2026-04-13T12:41:25.651+09:00 DEBUG 4752 --- [    Test worker] org.hibernate.SQL                        : 
        drop table if exists reservations cascade 
    Hibernate: 
        drop table if exists reservations cascade 
    2026-04-13T12:41:25.651+09:00 DEBUG 4752 --- [    Test worker] org.hibernate.SQL                        : 
        drop table if exists role_change_logs cascade 
    Hibernate: 
        drop table if exists role_change_logs cascade 
    2026-04-13T12:41:25.651+09:00 DEBUG 4752 --- [    Test worker] org.hibernate.SQL                        : 
        drop table if exists room_types cascade 
    Hibernate: 
        drop table if exists room_types cascade 
    2026-04-13T12:41:25.651+09:00 DEBUG 4752 --- [    Test worker] org.hibernate.SQL                        : 
        drop table if exists space_images cascade 
    Hibernate: 
        drop table if exists space_images cascade 
    2026-04-13T12:41:25.652+09:00 DEBUG 4752 --- [    Test worker] org.hibernate.SQL                        : 
        drop table if exists spaces cascade 
    Hibernate: 
        drop table if exists spaces cascade 
    2026-04-13T12:41:25.652+09:00 DEBUG 4752 --- [    Test worker] org.hibernate.SQL                        : 
        drop table if exists token_blacklists cascade 
    Hibernate: 
        drop table if exists token_blacklists cascade 
    2026-04-13T12:41:25.652+09:00 DEBUG 4752 --- [    Test worker] org.hibernate.SQL                        : 
        drop table if exists users cascade 
    Hibernate: 
        drop table if exists users cascade 
    2026-04-13T12:41:25.652+09:00 DEBUG 4752 --- [    Test worker] org.hibernate.SQL                        : 
        drop table if exists vocs cascade 
    Hibernate: 
        drop table if exists vocs cascade 
    2026-04-13T12:41:25.657+09:00 DEBUG 4752 --- [    Test worker] org.hibernate.SQL                        : 
        create table annotation_types (
            is_system_default boolean not null,
            annotation_type_id bigint generated by default as identity,
            created_at timestamp(6) with time zone not null,
            deleted_at timestamp(6) with time zone,
            updated_at timestamp(6) with time zone not null,
            default_color varchar(30) not null,
            code varchar(50) not null unique,
            icon_name varchar(50) not null,
            name varchar(100) not null,
            primary key (annotation_type_id)
        )
    Hibernate: 
        create table annotation_types (
            is_system_default boolean not null,
            annotation_type_id bigint generated by default as identity,
            created_at timestamp(6) with time zone not null,
            deleted_at timestamp(6) with time zone,
            updated_at timestamp(6) with time zone not null,
            default_color varchar(30) not null,
            code varchar(50) not null unique,
            icon_name varchar(50) not null,
            name varchar(100) not null,
            primary key (annotation_type_id)
        )
    2026-04-13T12:41:25.666+09:00 DEBUG 4752 --- [    Test worker] org.hibernate.SQL                        : 
        create table comments (
            comment_id bigint generated by default as identity,
            created_at timestamp(6) with time zone not null,
            deleted_at timestamp(6) with time zone,
            parent_comment_id bigint,
            post_id bigint not null,
            updated_at timestamp(6) with time zone not null,
            user_id bigint not null,
            content varchar(255) not null,
            primary key (comment_id)
        )
    Hibernate: 
        create table comments (
            comment_id bigint generated by default as identity,
            created_at timestamp(6) with time zone not null,
            deleted_at timestamp(6) with time zone,
            parent_comment_id bigint,
            post_id bigint not null,
            updated_at timestamp(6) with time zone not null,
            user_id bigint not null,
            content varchar(255) not null,
            primary key (comment_id)
        )
    2026-04-13T12:41:25.667+09:00 DEBUG 4752 --- [    Test worker] org.hibernate.SQL                        : 
        create table common_space_details (
            is_reservable boolean,
            max_capacity integer,
            usage_fee numeric(15,2),
            created_at timestamp(6) with time zone not null,
            deleted_at timestamp(6) with time zone,
            space_id bigint not null,
            updated_at timestamp(6) with time zone not null,
            operating_hours varchar(50),
            primary key (space_id)
        )
    Hibernate: 
        create table common_space_details (
            is_reservable boolean,
            max_capacity integer,
            usage_fee numeric(15,2),
            created_at timestamp(6) with time zone not null,
            deleted_at timestamp(6) with time zone,
            space_id bigint not null,
            updated_at timestamp(6) with time zone not null,
            operating_hours varchar(50),
            primary key (space_id)
        )
    2026-04-13T12:41:25.669+09:00 DEBUG 4752 --- [    Test worker] org.hibernate.SQL                        : 
        create table contracts (
            deposit numeric(15,0),
            desired_duration_months integer,
            desired_start_date date,
            end_date date,
            monthly_rent numeric(15,0),
            privacy_agreed boolean,
            start_date date,
            approved_by bigint,
            contract_id bigint generated by default as identity,
            contracted_at timestamp(6) with time zone,
            created_at timestamp(6) with time zone not null,
            deleted_at timestamp(6) with time zone,
            space_id bigint not null,
            terms_agreed_at timestamp(6) with time zone,
            updated_at timestamp(6) with time zone not null,
            user_id bigint not null,
            version bigint,
            status varchar(15) not null,
            bank_account varchar(100),
            usage_purpose varchar(200),
            address varchar(500),
            rejected_reason TEXT,
            request_note TEXT,
            signature_data TEXT,
            special_terms TEXT,
            contract_language enum ('EN','KO'),
            origin enum ('ADMIN_INITIATED','USER_INITIATED') not null,
            primary key (contract_id)
        )
    Hibernate: 
        create table contracts (
            deposit numeric(15,0),
            desired_duration_months integer,
            desired_start_date date,
            end_date date,
            monthly_rent numeric(15,0),
            privacy_agreed boolean,
            start_date date,
            approved_by bigint,
            contract_id bigint generated by default as identity,
            contracted_at timestamp(6) with time zone,
            created_at timestamp(6) with time zone not null,
            deleted_at timestamp(6) with time zone,
            space_id bigint not null,
            terms_agreed_at timestamp(6) with time zone,
            updated_at timestamp(6) with time zone not null,
            user_id bigint not null,
            version bigint,
            status varchar(15) not null,
            bank_account varchar(100),
            usage_purpose varchar(200),
            address varchar(500),
            rejected_reason TEXT,
            request_note TEXT,
            signature_data TEXT,
            special_terms TEXT,
            contract_language enum ('EN','KO'),
            origin enum ('ADMIN_INITIATED','USER_INITIATED') not null,
            primary key (contract_id)
        )
    2026-04-13T12:41:25.672+09:00 DEBUG 4752 --- [    Test worker] org.hibernate.SQL                        : 
        create table control_logs (
            control_log_id bigint generated by default as identity,
            created_at timestamp(6) with time zone not null,
            deleted_at timestamp(6) with time zone,
            device_id bigint not null,
            updated_at timestamp(6) with time zone not null,
            user_id bigint not null,
            command varchar(50) not null,
            correlation_id varchar(100),
            error_message TEXT,
            actor_type enum ('ADMIN','RESIDENT') not null,
            command_params jsonb,
            result enum ('FAILURE','SUCCESS') not null,
            primary key (control_log_id)
        )
    Hibernate: 
        create table control_logs (
            control_log_id bigint generated by default as identity,
            created_at timestamp(6) with time zone not null,
            deleted_at timestamp(6) with time zone,
            device_id bigint not null,
            updated_at timestamp(6) with time zone not null,
            user_id bigint not null,
            command varchar(50) not null,
            correlation_id varchar(100),
            error_message TEXT,
            actor_type enum ('ADMIN','RESIDENT') not null,
            command_params jsonb,
            result enum ('FAILURE','SUCCESS') not null,
            primary key (control_log_id)
        )
    2026-04-13T12:41:25.674+09:00 DEBUG 4752 --- [    Test worker] org.hibernate.SQL                        : 
        create table device_types (
            is_system_default boolean not null,
            created_at timestamp(6) with time zone not null,
            deleted_at timestamp(6) with time zone,
            device_type_id bigint generated by default as identity,
            updated_at timestamp(6) with time zone not null,
            ui_type varchar(30),
            code varchar(50) not null,
            name varchar(100) not null,
            commands jsonb,
            primary key (device_type_id),
            unique (code)
        )
    Hibernate: 
        create table device_types (
            is_system_default boolean not null,
            created_at timestamp(6) with time zone not null,
            deleted_at timestamp(6) with time zone,
            device_type_id bigint generated by default as identity,
            updated_at timestamp(6) with time zone not null,
            ui_type varchar(30),
            code varchar(50) not null,
            name varchar(100) not null,
            commands jsonb,
            primary key (device_type_id),
            unique (code)
        )
    2026-04-13T12:41:25.676+09:00 DEBUG 4752 --- [    Test worker] org.hibernate.SQL                        : 
        create table devices (
            is_active boolean not null,
            created_at timestamp(6) with time zone not null,
            deleted_at timestamp(6) with time zone,
            device_id bigint generated by default as identity,
            device_type_id bigint not null,
            installed_at timestamp(6) with time zone,
            last_online_at timestamp(6) with time zone,
            space_id bigint not null,
            updated_at timestamp(6) with time zone not null,
            mac_address varchar(50) unique,
            model_name varchar(100),
            name varchar(100) not null,
            mock_endpoint varchar(255),
            current_state jsonb,
            status enum ('ERROR','OFFLINE','ONLINE') not null,
            primary key (device_id)
        )
    Hibernate: 
        create table devices (
            is_active boolean not null,
            created_at timestamp(6) with time zone not null,
            deleted_at timestamp(6) with time zone,
            device_id bigint generated by default as identity,
            device_type_id bigint not null,
            installed_at timestamp(6) with time zone,
            last_online_at timestamp(6) with time zone,
            space_id bigint not null,
            updated_at timestamp(6) with time zone not null,
            mac_address varchar(50) unique,
            model_name varchar(100),
            name varchar(100) not null,
            mock_endpoint varchar(255),
            current_state jsonb,
            status enum ('ERROR','OFFLINE','ONLINE') not null,
            primary key (device_id)
        )
    2026-04-13T12:41:25.678+09:00 DEBUG 4752 --- [    Test worker] org.hibernate.SQL                        : 
        create table floor_plans (
            blueprint_opacity numeric(3,2),
            floor integer not null unique,
            created_at timestamp(6) with time zone not null,
            deleted_at timestamp(6) with time zone,
            floor_plan_id bigint generated by default as identity,
            updated_at timestamp(6) with time zone not null,
            blueprint_url varchar(255),
            annotations jsonb,
            primary key (floor_plan_id)
        )
    Hibernate: 
        create table floor_plans (
            blueprint_opacity numeric(3,2),
            floor integer not null unique,
            created_at timestamp(6) with time zone not null,
            deleted_at timestamp(6) with time zone,
            floor_plan_id bigint generated by default as identity,
            updated_at timestamp(6) with time zone not null,
            blueprint_url varchar(255),
            annotations jsonb,
            primary key (floor_plan_id)
        )
    2026-04-13T12:41:25.679+09:00 DEBUG 4752 --- [    Test worker] org.hibernate.SQL                        : 
        create table notifications (
            is_read boolean not null,
            created_at timestamp(6) with time zone not null,
            deleted_at timestamp(6) with time zone,
            notification_id bigint generated by default as identity,
            reference_id bigint,
            updated_at timestamp(6) with time zone not null,
            user_id bigint not null,
            title varchar(200) not null,
            message TEXT not null,
            reference_type enum ('COMMUNITY','CONTRACT','PAYMENT','RESERVATION','VOC'),
            type enum ('COMMUNITY_COMMENT','COMMUNITY_NOTICE','CONTRACT_ACTIVATED','CONTRACT_APPROVED','CONTRACT_EXPIRED','CONTRACT_REJECTED','CONTRACT_SUBMITTED','CONTRACT_UPDATED','PAYMENT_SUCCESS','RESERVATION_APPROVED','RESERVATION_PENDING','RESERVATION_REJECTED','VOC_CREATED','VOC_REPLIED','VOC_RESOLVED') not null,
            primary key (notification_id)
        )
    Hibernate: 
        create table notifications (
            is_read boolean not null,
            created_at timestamp(6) with time zone not null,
            deleted_at timestamp(6) with time zone,
            notification_id bigint generated by default as identity,
            reference_id bigint,
            updated_at timestamp(6) with time zone not null,
            user_id bigint not null,
            title varchar(200) not null,
            message TEXT not null,
            reference_type enum ('COMMUNITY','CONTRACT','PAYMENT','RESERVATION','VOC'),
            type enum ('COMMUNITY_COMMENT','COMMUNITY_NOTICE','CONTRACT_ACTIVATED','CONTRACT_APPROVED','CONTRACT_EXPIRED','CONTRACT_REJECTED','CONTRACT_SUBMITTED','CONTRACT_UPDATED','PAYMENT_SUCCESS','RESERVATION_APPROVED','RESERVATION_PENDING','RESERVATION_REJECTED','VOC_CREATED','VOC_REPLIED','VOC_RESOLVED') not null,
            primary key (notification_id)
        )
    2026-04-13T12:41:25.681+09:00 DEBUG 4752 --- [    Test worker] org.hibernate.SQL                        : 
        create table payments (
            amount numeric(15,0) not null,
            billing_date date not null,
            paid_date date,
            contract_id bigint,
            created_at timestamp(6) with time zone not null,
            deleted_at timestamp(6) with time zone,
            payment_id bigint generated by default as identity,
            reservation_id bigint,
            updated_at timestamp(6) with time zone not null,
            user_id bigint not null,
            payment_method enum ('CARD','CASH','TRANSFER'),
            status enum ('PAID','PENDING','UNPAID') not null,
            type enum ('FACILITY','MAINTENANCE','RENT') not null,
            primary key (payment_id)
        )
    Hibernate: 
        create table payments (
            amount numeric(15,0) not null,
            billing_date date not null,
            paid_date date,
            contract_id bigint,
            created_at timestamp(6) with time zone not null,
            deleted_at timestamp(6) with time zone,
            payment_id bigint generated by default as identity,
            reservation_id bigint,
            updated_at timestamp(6) with time zone not null,
            user_id bigint not null,
            payment_method enum ('CARD','CASH','TRANSFER'),
            status enum ('PAID','PENDING','UNPAID') not null,
            type enum ('FACILITY','MAINTENANCE','RENT') not null,
            primary key (payment_id)
        )
    2026-04-13T12:41:25.684+09:00 DEBUG 4752 --- [    Test worker] org.hibernate.SQL                        : 
        create table post_likes (
            created_at timestamp(6) with time zone not null,
            deleted_at timestamp(6) with time zone,
            post_id bigint not null,
            post_like_id bigint generated by default as identity,
            updated_at timestamp(6) with time zone not null,
            user_id bigint not null,
            primary key (post_like_id)
        )
    Hibernate: 
        create table post_likes (
            created_at timestamp(6) with time zone not null,
            deleted_at timestamp(6) with time zone,
            post_id bigint not null,
            post_like_id bigint generated by default as identity,
            updated_at timestamp(6) with time zone not null,
            user_id bigint not null,
            primary key (post_like_id)
        )
    2026-04-13T12:41:25.685+09:00 DEBUG 4752 --- [    Test worker] org.hibernate.SQL                        : 
        create table posts (
            comment_count integer not null,
            like_count integer not null,
            view_count integer not null,
            created_at timestamp(6) with time zone not null,
            deleted_at timestamp(6) with time zone,
            post_id bigint generated by default as identity,
            updated_at timestamp(6) with time zone not null,
            user_id bigint not null,
            category varchar(15) not null,
            title varchar(100) not null,
            content varchar(255) not null,
            attachments json not null,
            links json not null,
            primary key (post_id)
        )
    Hibernate: 
        create table posts (
            comment_count integer not null,
            like_count integer not null,
            view_count integer not null,
            created_at timestamp(6) with time zone not null,
            deleted_at timestamp(6) with time zone,
            post_id bigint generated by default as identity,
            updated_at timestamp(6) with time zone not null,
            user_id bigint not null,
            category varchar(15) not null,
            title varchar(100) not null,
            content varchar(255) not null,
            attachments json not null,
            links json not null,
            primary key (post_id)
        )
    2026-04-13T12:41:25.686+09:00 DEBUG 4752 --- [    Test worker] org.hibernate.SQL                        : 
        create table private_space_details (
            bathroom_count integer,
            deposit numeric(15,2),
            maintenance_fee numeric(15,2),
            monthly_rent numeric(15,2),
            parking_available boolean,
            room_count integer,
            created_at timestamp(6) with time zone not null,
            deleted_at timestamp(6) with time zone,
            room_type_id bigint not null,
            space_id bigint not null,
            updated_at timestamp(6) with time zone not null,
            direction varchar(20),
            primary key (space_id)
        )
    Hibernate: 
        create table private_space_details (
            bathroom_count integer,
            deposit numeric(15,2),
            maintenance_fee numeric(15,2),
            monthly_rent numeric(15,2),
            parking_available boolean,
            room_count integer,
            created_at timestamp(6) with time zone not null,
            deleted_at timestamp(6) with time zone,
            room_type_id bigint not null,
            space_id bigint not null,
            updated_at timestamp(6) with time zone not null,
            direction varchar(20),
            primary key (space_id)
        )
    2026-04-13T12:41:25.688+09:00 DEBUG 4752 --- [    Test worker] org.hibernate.SQL                        : 
        create table refresh_tokens (
            is_revoked boolean not null,
            created_at timestamp(6) with time zone not null,
            deleted_at timestamp(6) with time zone,
            expires_at timestamp(6) with time zone not null,
            refresh_token_id bigint generated by default as identity,
            updated_at timestamp(6) with time zone not null,
            user_id bigint not null,
            token varchar(512) not null unique,
            primary key (refresh_token_id)
        )
    Hibernate: 
        create table refresh_tokens (
            is_revoked boolean not null,
            created_at timestamp(6) with time zone not null,
            deleted_at timestamp(6) with time zone,
            expires_at timestamp(6) with time zone not null,
            refresh_token_id bigint generated by default as identity,
            updated_at timestamp(6) with time zone not null,
            user_id bigint not null,
            token varchar(512) not null unique,
            primary key (refresh_token_id)
        )
    2026-04-13T12:41:25.689+09:00 DEBUG 4752 --- [    Test worker] org.hibernate.SQL                        : 
        create table reservations (
            end_time time(6) not null,
            reservation_date date not null,
            start_time time(6) not null,
            approved_by bigint,
            created_at timestamp(6) with time zone not null,
            deleted_at timestamp(6) with time zone,
            reservation_id bigint generated by default as identity,
            space_id bigint not null,
            updated_at timestamp(6) with time zone not null,
            user_id bigint not null,
            status enum ('APPROVED','CANCELLED','COMPLETED','PENDING') not null,
            primary key (reservation_id)
        )
    Hibernate: 
        create table reservations (
            end_time time(6) not null,
            reservation_date date not null,
            start_time time(6) not null,
            approved_by bigint,
            created_at timestamp(6) with time zone not null,
            deleted_at timestamp(6) with time zone,
            reservation_id bigint generated by default as identity,
            space_id bigint not null,
            updated_at timestamp(6) with time zone not null,
            user_id bigint not null,
            status enum ('APPROVED','CANCELLED','COMPLETED','PENDING') not null,
            primary key (reservation_id)
        )
    2026-04-13T12:41:25.691+09:00 DEBUG 4752 --- [    Test worker] org.hibernate.SQL                        : 
        create table role_change_logs (
            changed_by bigint,
            contract_id bigint,
            created_at timestamp(6) with time zone not null,
            deleted_at timestamp(6) with time zone,
            role_change_log_id bigint generated by default as identity,
            updated_at timestamp(6) with time zone not null,
            user_id bigint not null,
            reason varchar(100),
            new_role enum ('ADMIN','RESIDENT','USER') not null,
            old_role enum ('ADMIN','RESIDENT','USER') not null,
            primary key (role_change_log_id)
        )
    Hibernate: 
        create table role_change_logs (
            changed_by bigint,
            contract_id bigint,
            created_at timestamp(6) with time zone not null,
            deleted_at timestamp(6) with time zone,
            role_change_log_id bigint generated by default as identity,
            updated_at timestamp(6) with time zone not null,
            user_id bigint not null,
            reason varchar(100),
            new_role enum ('ADMIN','RESIDENT','USER') not null,
            old_role enum ('ADMIN','RESIDENT','USER') not null,
            primary key (role_change_log_id)
        )
    2026-04-13T12:41:25.693+09:00 DEBUG 4752 --- [    Test worker] org.hibernate.SQL                        : 
        create table room_types (
            is_system_default boolean not null,
            created_at timestamp(6) with time zone not null,
            deleted_at timestamp(6) with time zone,
            room_type_id bigint generated by default as identity,
            updated_at timestamp(6) with time zone not null,
            code varchar(50) not null unique,
            name varchar(100) not null,
            primary key (room_type_id)
        )
    Hibernate: 
        create table room_types (
            is_system_default boolean not null,
            created_at timestamp(6) with time zone not null,
            deleted_at timestamp(6) with time zone,
            room_type_id bigint generated by default as identity,
            updated_at timestamp(6) with time zone not null,
            code varchar(50) not null unique,
            name varchar(100) not null,
            primary key (room_type_id)
        )
    2026-04-13T12:41:25.696+09:00 DEBUG 4752 --- [    Test worker] org.hibernate.SQL                        : 
        create table space_images (
            is_thumbnail boolean,
            sort_order integer,
            created_at timestamp(6) with time zone not null,
            deleted_at timestamp(6) with time zone,
            space_id bigint not null,
            space_image_id bigint generated by default as identity,
            updated_at timestamp(6) with time zone not null,
            image_url varchar(255) not null,
            image_type enum ('FLOOR_PLAN','PHOTO') not null,
            primary key (space_image_id)
        )
    Hibernate: 
        create table space_images (
            is_thumbnail boolean,
            sort_order integer,
            created_at timestamp(6) with time zone not null,
            deleted_at timestamp(6) with time zone,
            space_id bigint not null,
            space_image_id bigint generated by default as identity,
            updated_at timestamp(6) with time zone not null,
            image_url varchar(255) not null,
            image_type enum ('FLOOR_PLAN','PHOTO') not null,
            primary key (space_image_id)
        )
    2026-04-13T12:41:25.697+09:00 DEBUG 4752 --- [    Test worker] org.hibernate.SQL                        : 
        create table spaces (
            area numeric(10,2),
            floor integer,
            position_h integer,
            position_w integer,
            position_x integer,
            position_y integer,
            created_at timestamp(6) with time zone not null,
            deleted_at timestamp(6) with time zone,
            space_id bigint generated by default as identity,
            updated_at timestamp(6) with time zone not null,
            name varchar(100) not null,
            amenities TEXT,
            description TEXT,
            status enum ('AVAILABLE','MAINTENANCE','OCCUPIED') not null,
            type enum ('COMMON','PRIVATE') not null,
            primary key (space_id)
        )
    Hibernate: 
        create table spaces (
            area numeric(10,2),
            floor integer,
            position_h integer,
            position_w integer,
            position_x integer,
            position_y integer,
            created_at timestamp(6) with time zone not null,
            deleted_at timestamp(6) with time zone,
            space_id bigint generated by default as identity,
            updated_at timestamp(6) with time zone not null,
            name varchar(100) not null,
            amenities TEXT,
            description TEXT,
            status enum ('AVAILABLE','MAINTENANCE','OCCUPIED') not null,
            type enum ('COMMON','PRIVATE') not null,
            primary key (space_id)
        )
    2026-04-13T12:41:25.698+09:00 DEBUG 4752 --- [    Test worker] org.hibernate.SQL                        : 
        create table token_blacklists (
            created_at timestamp(6) with time zone not null,
            deleted_at timestamp(6) with time zone,
            expires_at timestamp(6) with time zone not null,
            token_blacklist_id bigint generated by default as identity,
            updated_at timestamp(6) with time zone not null,
            reason varchar(255),
            token_jti varchar(255) not null unique,
            primary key (token_blacklist_id)
        )
    Hibernate: 
        create table token_blacklists (
            created_at timestamp(6) with time zone not null,
            deleted_at timestamp(6) with time zone,
            expires_at timestamp(6) with time zone not null,
            token_blacklist_id bigint generated by default as identity,
            updated_at timestamp(6) with time zone not null,
            reason varchar(255),
            token_jti varchar(255) not null unique,
            primary key (token_blacklist_id)
        )
    2026-04-13T12:41:25.700+09:00 DEBUG 4752 --- [    Test worker] org.hibernate.SQL                        : 
        create table users (
            birth_date varchar(6),
            created_at timestamp(6) with time zone not null,
            deleted_at timestamp(6) with time zone,
            email_verified_at timestamp(6) with time zone,
            phone_verified_at timestamp(6) with time zone,
            updated_at timestamp(6) with time zone not null,
            user_id bigint generated by default as identity,
            phone varchar(20),
            login_id varchar(50) not null unique,
            name varchar(50) not null,
            nationality varchar(50),
            email varchar(100),
            profile_image varchar(500),
            password_hash varchar(255) not null,
            gender enum ('FEMALE','MALE'),
            role enum ('ADMIN','RESIDENT','USER') not null,
            status enum ('ACTIVE','DEACTIVATED') not null,
            primary key (user_id)
        )
    Hibernate: 
        create table users (
            birth_date varchar(6),
            created_at timestamp(6) with time zone not null,
            deleted_at timestamp(6) with time zone,
            email_verified_at timestamp(6) with time zone,
            phone_verified_at timestamp(6) with time zone,
            updated_at timestamp(6) with time zone not null,
            user_id bigint generated by default as identity,
            phone varchar(20),
            login_id varchar(50) not null unique,
            name varchar(50) not null,
            nationality varchar(50),
            email varchar(100),
            profile_image varchar(500),
            password_hash varchar(255) not null,
            gender enum ('FEMALE','MALE'),
            role enum ('ADMIN','RESIDENT','USER') not null,
            status enum ('ACTIVE','DEACTIVATED') not null,
            primary key (user_id)
        )
    2026-04-13T12:41:25.702+09:00 DEBUG 4752 --- [    Test worker] org.hibernate.SQL                        : 
        create table vocs (
            created_at timestamp(6) with time zone not null,
            deleted_at timestamp(6) with time zone,
            replied_at timestamp(6) with time zone,
            reply_user_id bigint,
            updated_at timestamp(6) with time zone not null,
            user_id bigint not null,
            voc_id bigint generated by default as identity,
            title varchar(200) not null,
            admin_reply TEXT,
            content TEXT not null,
            attachments json,
            category enum ('DEVICE','FACILITY','NOISE','OTHER') not null,
            status enum ('CANCELLED','IN_PROGRESS','OPEN','RESOLVED') not null,
            primary key (voc_id)
        )
    Hibernate: 
        create table vocs (
            created_at timestamp(6) with time zone not null,
            deleted_at timestamp(6) with time zone,
            replied_at timestamp(6) with time zone,
            reply_user_id bigint,
            updated_at timestamp(6) with time zone not null,
            user_id bigint not null,
            voc_id bigint generated by default as identity,
            title varchar(200) not null,
            admin_reply TEXT,
            content TEXT not null,
            attachments json,
            category enum ('DEVICE','FACILITY','NOISE','OTHER') not null,
            status enum ('CANCELLED','IN_PROGRESS','OPEN','RESOLVED') not null,
            primary key (voc_id)
        )
    2026-04-13T12:41:25.704+09:00 DEBUG 4752 --- [    Test worker] org.hibernate.SQL                        : 
        create index idx_refresh_token_user_id 
           on refresh_tokens (user_id)
    Hibernate: 
        create index idx_refresh_token_user_id 
           on refresh_tokens (user_id)
    2026-04-13T12:41:25.704+09:00 DEBUG 4752 --- [    Test worker] org.hibernate.SQL                        : 
        create index idx_role_change_log_user_id 
           on role_change_logs (user_id)
    Hibernate: 
        create index idx_role_change_log_user_id 
           on role_change_logs (user_id)
    2026-04-13T12:41:25.705+09:00 DEBUG 4752 --- [    Test worker] org.hibernate.SQL                        : 
        create index idx_token_blacklist_expires_at 
           on token_blacklists (expires_at)
    Hibernate: 
        create index idx_token_blacklist_expires_at 
           on token_blacklists (expires_at)
    2026-04-13T12:41:25.706+09:00 DEBUG 4752 --- [    Test worker] org.hibernate.SQL                        : 
        create index idx_users_role 
           on users (role)
    Hibernate: 
        create index idx_users_role 
           on users (role)
    2026-04-13T12:41:25.706+09:00 DEBUG 4752 --- [    Test worker] org.hibernate.SQL                        : 
        create index idx_users_email 
           on users (email)
    Hibernate: 
        create index idx_users_email 
           on users (email)
    2026-04-13T12:41:25.707+09:00 DEBUG 4752 --- [    Test worker] org.hibernate.SQL                        : 
        alter table if exists comments 
           add constraint FK7h839m3lkvhbyv3bcdv7sm4fj 
           foreign key (parent_comment_id) 
           references comments
    Hibernate: 
        alter table if exists comments 
           add constraint FK7h839m3lkvhbyv3bcdv7sm4fj 
           foreign key (parent_comment_id) 
           references comments
    2026-04-13T12:41:25.720+09:00 DEBUG 4752 --- [    Test worker] org.hibernate.SQL                        : 
        alter table if exists comments 
           add constraint FKh4c7lvsc298whoyd4w9ta25cr 
           foreign key (post_id) 
           references posts
    Hibernate: 
        alter table if exists comments 
           add constraint FKh4c7lvsc298whoyd4w9ta25cr 
           foreign key (post_id) 
           references posts
    2026-04-13T12:41:25.722+09:00 DEBUG 4752 --- [    Test worker] org.hibernate.SQL                        : 
        alter table if exists common_space_details 
           add constraint FKorjuc8846rh6km5k4h08u492t 
           foreign key (space_id) 
           references spaces
    Hibernate: 
        alter table if exists common_space_details 
           add constraint FKorjuc8846rh6km5k4h08u492t 
           foreign key (space_id) 
           references spaces
    2026-04-13T12:41:25.724+09:00 DEBUG 4752 --- [    Test worker] org.hibernate.SQL                        : 
        alter table if exists devices 
           add constraint FKthsup9yv35eehh6hkt0jj3naw 
           foreign key (device_type_id) 
           references device_types
    Hibernate: 
        alter table if exists devices 
           add constraint FKthsup9yv35eehh6hkt0jj3naw 
           foreign key (device_type_id) 
           references device_types
    2026-04-13T12:41:25.725+09:00 DEBUG 4752 --- [    Test worker] org.hibernate.SQL                        : 
        alter table if exists payments 
           add constraint FKqywegtqyijw241foqfkseq1l6 
           foreign key (contract_id) 
           references contracts
    Hibernate: 
        alter table if exists payments 
           add constraint FKqywegtqyijw241foqfkseq1l6 
           foreign key (contract_id) 
           references contracts
    2026-04-13T12:41:25.726+09:00 DEBUG 4752 --- [    Test worker] org.hibernate.SQL                        : 
        alter table if exists post_likes 
           add constraint FKa5wxsgl4doibhbed9gm7ikie2 
           foreign key (post_id) 
           references posts
    Hibernate: 
        alter table if exists post_likes 
           add constraint FKa5wxsgl4doibhbed9gm7ikie2 
           foreign key (post_id) 
           references posts
    2026-04-13T12:41:25.727+09:00 DEBUG 4752 --- [    Test worker] org.hibernate.SQL                        : 
        alter table if exists private_space_details 
           add constraint FKr7sa1976wkxc4w2k007ydb91h 
           foreign key (room_type_id) 
           references room_types
    Hibernate: 
        alter table if exists private_space_details 
           add constraint FKr7sa1976wkxc4w2k007ydb91h 
           foreign key (room_type_id) 
           references room_types
    2026-04-13T12:41:25.728+09:00 DEBUG 4752 --- [    Test worker] org.hibernate.SQL                        : 
        alter table if exists private_space_details 
           add constraint FK6382cn43x300u3pbrr1dplvea 
           foreign key (space_id) 
           references spaces
    Hibernate: 
        alter table if exists private_space_details 
           add constraint FK6382cn43x300u3pbrr1dplvea 
           foreign key (space_id) 
           references spaces
    2026-04-13T12:41:25.730+09:00 DEBUG 4752 --- [    Test worker] org.hibernate.SQL                        : 
        alter table if exists refresh_tokens 
           add constraint fk_refresh_token_user 
           foreign key (user_id) 
           references users
    Hibernate: 
        alter table if exists refresh_tokens 
           add constraint fk_refresh_token_user 
           foreign key (user_id) 
           references users
    2026-04-13T12:41:25.731+09:00 DEBUG 4752 --- [    Test worker] org.hibernate.SQL                        : 
        alter table if exists reservations 
           add constraint FKn4dmyiu3hojk0dnk9j8lrykkr 
           foreign key (approved_by) 
           references users
    Hibernate: 
        alter table if exists reservations 
           add constraint FKn4dmyiu3hojk0dnk9j8lrykkr 
           foreign key (approved_by) 
           references users
    2026-04-13T12:41:25.732+09:00 DEBUG 4752 --- [    Test worker] org.hibernate.SQL                        : 
        alter table if exists reservations 
           add constraint FKamig3ih2d03a4kb15cuoax1rm 
           foreign key (space_id) 
           references spaces
    Hibernate: 
        alter table if exists reservations 
           add constraint FKamig3ih2d03a4kb15cuoax1rm 
           foreign key (space_id) 
           references spaces
    2026-04-13T12:41:25.733+09:00 DEBUG 4752 --- [    Test worker] org.hibernate.SQL                        : 
        alter table if exists reservations 
           add constraint FKb5g9io5h54iwl2inkno50ppln 
           foreign key (user_id) 
           references users
    Hibernate: 
        alter table if exists reservations 
           add constraint FKb5g9io5h54iwl2inkno50ppln 
           foreign key (user_id) 
           references users
    2026-04-13T12:41:25.734+09:00 DEBUG 4752 --- [    Test worker] org.hibernate.SQL                        : 
        alter table if exists role_change_logs 
           add constraint fk_role_change_log_user 
           foreign key (user_id) 
           references users
    Hibernate: 
        alter table if exists role_change_logs 
           add constraint fk_role_change_log_user 
           foreign key (user_id) 
           references users
    2026-04-13T12:41:25.735+09:00 DEBUG 4752 --- [    Test worker] org.hibernate.SQL                        : 
        alter table if exists space_images 
           add constraint FK9f50voo0hn2hs0nhbkyqfob8a 
           foreign key (space_id) 
           references spaces
    Hibernate: 
        alter table if exists space_images 
           add constraint FK9f50voo0hn2hs0nhbkyqfob8a 
           foreign key (space_id) 
           references spaces
    2026-04-13T12:41:25.743+09:00  INFO 4752 --- [    Test worker] j.LocalContainerEntityManagerFactoryBean : Initialized JPA EntityManagerFactory for persistence unit 'default'
    2026-04-13T12:41:26.016+09:00  INFO 4752 --- [    Test worker] o.s.d.j.r.query.QueryEnhancerFactory     : Hibernate is in classpath; If applicable, HQL parser will be used.
    2026-04-13T12:41:28.279+09:00  INFO 4752 --- [    Test worker] r$InitializeUserDetailsManagerConfigurer : Global AuthenticationManager configured with UserDetailsService bean with name customUserDetailsService
    2026-04-13T12:41:29.442+09:00  WARN 4752 --- [    Test worker] o.s.w.c.s.GenericWebApplicationContext   : Exception encountered during context initialization - cancelling refresh attempt: org.springframework.context.ApplicationContextException: Failed to start bean 'notificationRedisMessageListenerContainer'
    2026-04-13T12:41:29.464+09:00  INFO 4752 --- [    Test worker] j.LocalContainerEntityManagerFactoryBean : Closing JPA EntityManagerFactory for persistence unit 'default'
    2026-04-13T12:41:29.465+09:00 DEBUG 4752 --- [    Test worker] org.hibernate.SQL                        : 
        drop table if exists annotation_types cascade 
    Hibernate: 
        drop table if exists annotation_types cascade 
    2026-04-13T12:41:29.468+09:00 DEBUG 4752 --- [    Test worker] org.hibernate.SQL                        : 
        drop table if exists comments cascade 
    Hibernate: 
        drop table if exists comments cascade 
    2026-04-13T12:41:29.472+09:00 DEBUG 4752 --- [    Test worker] org.hibernate.SQL                        : 
        drop table if exists common_space_details cascade 
    Hibernate: 
        drop table if exists common_space_details cascade 
    2026-04-13T12:41:29.474+09:00 DEBUG 4752 --- [    Test worker] org.hibernate.SQL                        : 
        drop table if exists contracts cascade 
    Hibernate: 
        drop table if exists contracts cascade 
    2026-04-13T12:41:29.478+09:00 DEBUG 4752 --- [    Test worker] org.hibernate.SQL                        : 
        drop table if exists control_logs cascade 
    Hibernate: 
        drop table if exists control_logs cascade 
    2026-04-13T12:41:29.480+09:00 DEBUG 4752 --- [    Test worker] org.hibernate.SQL                        : 
        drop table if exists device_types cascade 
    Hibernate: 
        drop table if exists device_types cascade 
    2026-04-13T12:41:29.482+09:00 DEBUG 4752 --- [    Test worker] org.hibernate.SQL                        : 
        drop table if exists devices cascade 
    Hibernate: 
        drop table if exists devices cascade 
    2026-04-13T12:41:29.483+09:00 DEBUG 4752 --- [    Test worker] org.hibernate.SQL                        : 
        drop table if exists floor_plans cascade 
    Hibernate: 
        drop table if exists floor_plans cascade 
    2026-04-13T12:41:29.485+09:00 DEBUG 4752 --- [    Test worker] org.hibernate.SQL                        : 
        drop table if exists notifications cascade 
    Hibernate: 
        drop table if exists notifications cascade 
    2026-04-13T12:41:29.485+09:00 DEBUG 4752 --- [    Test worker] org.hibernate.SQL                        : 
        drop table if exists payments cascade 
    Hibernate: 
        drop table if exists payments cascade 
    2026-04-13T12:41:29.485+09:00 DEBUG 4752 --- [    Test worker] org.hibernate.SQL                        : 
        drop table if exists post_likes cascade 
    Hibernate: 
        drop table if exists post_likes cascade 
    2026-04-13T12:41:29.485+09:00 DEBUG 4752 --- [    Test worker] org.hibernate.SQL                        : 
        drop table if exists posts cascade 
    Hibernate: 
        drop table if exists posts cascade 
    2026-04-13T12:41:29.485+09:00 DEBUG 4752 --- [    Test worker] org.hibernate.SQL                        : 
        drop table if exists private_space_details cascade 
    Hibernate: 
        drop table if exists private_space_details cascade 
    2026-04-13T12:41:29.485+09:00 DEBUG 4752 --- [    Test worker] org.hibernate.SQL                        : 
        drop table if exists refresh_tokens cascade 
    Hibernate: 
        drop table if exists refresh_tokens cascade 
    2026-04-13T12:41:29.485+09:00 DEBUG 4752 --- [    Test worker] org.hibernate.SQL                        : 
        drop table if exists reservations cascade 
    Hibernate: 
        drop table if exists reservations cascade 
    2026-04-13T12:41:29.485+09:00 DEBUG 4752 --- [    Test worker] org.hibernate.SQL                        : 
        drop table if exists role_change_logs cascade 
    Hibernate: 
        drop table if exists role_change_logs cascade 
    2026-04-13T12:41:29.485+09:00 DEBUG 4752 --- [    Test worker] org.hibernate.SQL                        : 
        drop table if exists room_types cascade 
    Hibernate: 
        drop table if exists room_types cascade 
    2026-04-13T12:41:29.485+09:00 DEBUG 4752 --- [    Test worker] org.hibernate.SQL                        : 
        drop table if exists space_images cascade 
    Hibernate: 
        drop table if exists space_images cascade 
    2026-04-13T12:41:29.485+09:00 DEBUG 4752 --- [    Test worker] org.hibernate.SQL                        : 
        drop table if exists spaces cascade 
    Hibernate: 
        drop table if exists spaces cascade 
    2026-04-13T12:41:29.492+09:00 DEBUG 4752 --- [    Test worker] org.hibernate.SQL                        : 
        drop table if exists token_blacklists cascade 
    Hibernate: 
        drop table if exists token_blacklists cascade 
    2026-04-13T12:41:29.493+09:00 DEBUG 4752 --- [    Test worker] org.hibernate.SQL                        : 
        drop table if exists users cascade 
    Hibernate: 
        drop table if exists users cascade 
    2026-04-13T12:41:29.493+09:00 DEBUG 4752 --- [    Test worker] org.hibernate.SQL                        : 
        drop table if exists vocs cascade 
    Hibernate: 
        drop table if exists vocs cascade 
    2026-04-13T12:41:29.493+09:00  INFO 4752 --- [    Test worker] com.zaxxer.hikari.HikariDataSource       : HikariPool-1 - Shutdown initiated...
    2026-04-13T12:41:29.493+09:00  INFO 4752 --- [    Test worker] com.zaxxer.hikari.HikariDataSource       : HikariPool-1 - Shutdown completed.

CoLivingApplicationTest STANDARD_ERROR



    ============================
    CONDITIONS EVALUATION REPORT
    ============================


    Positive matches:
    -----------------

       AopAutoConfiguration matched:
          - @ConditionalOnProperty (spring.aop.auto=true) matched (OnPropertyCondition)

       AopAutoConfiguration.AspectJAutoProxyingConfiguration matched:
          - @ConditionalOnClass found required class 'org.aspectj.weaver.Advice' (OnClassCondition)

       AopAutoConfiguration.AspectJAutoProxyingConfiguration.CglibAutoProxyConfiguration matched:
          - @ConditionalOnProperty (spring.aop.proxy-target-class=true) matched (OnPropertyCondition)

       ApplicationAvailabilityAutoConfiguration#applicationAvailability matched:
          - @ConditionalOnMissingBean (types: org.springframework.boot.availability.ApplicationAvailability; SearchStrategy: all) did not find any beans (OnBeanCondition)

       ClientHttpConnectorAutoConfiguration matched:
          - @ConditionalOnClass found required class 'org.springframework.web.reactive.function.client.WebClient' (OnClassCondition)

       ClientHttpConnectorAutoConfiguration#webClientHttpConnector matched:
          - @ConditionalOnMissingBean (types: org.springframework.http.client.reactive.ClientHttpConnector; SearchStrategy: all) did not find any beans (OnBeanCondition)

       ClientHttpConnectorAutoConfiguration#webClientHttpConnectorCustomizer matched:
          - @ConditionalOnBean (types: org.springframework.http.client.reactive.ClientHttpConnector; SearchStrategy: all) found bean 'webClientHttpConnector' (OnBeanCondition)

       ClientHttpConnectorFactoryConfiguration.ReactorNetty matched:
          - @ConditionalOnClass found required class 'reactor.netty.http.client.HttpClient' (OnClassCondition)
          - @ConditionalOnMissingBean (types: org.springframework.boot.autoconfigure.web.reactive.function.client.ClientHttpConnectorFactory; SearchStrategy: all) did not find any beans (OnBeanCondition)

       CodecsAutoConfiguration matched:
          - @ConditionalOnClass found required classes 'org.springframework.http.codec.CodecConfigurer', 'org.springframework.web.reactive.function.client.WebClient' (OnClassCondition)

       CodecsAutoConfiguration.JacksonCodecConfiguration matched:
          - @ConditionalOnClass found required class 'com.fasterxml.jackson.databind.ObjectMapper' (OnClassCondition)

       CodecsAutoConfiguration.JacksonCodecConfiguration#jacksonCodecCustomizer matched:
          - @ConditionalOnBean (types: com.fasterxml.jackson.databind.ObjectMapper; SearchStrategy: all) found bean 'objectMapper' (OnBeanCondition)

       DataSourceAutoConfiguration matched:
          - @ConditionalOnClass found required classes 'javax.sql.DataSource', 'org.springframework.jdbc.datasource.embedded.EmbeddedDatabaseType' (OnClassCondition)
          - @ConditionalOnMissingBean (types: io.r2dbc.spi.ConnectionFactory; SearchStrategy: all) did not find any beans (OnBeanCondition)

       DataSourceAutoConfiguration.PooledDataSourceConfiguration matched:
          - AnyNestedCondition 1 matched 1 did not; NestedCondition on DataSourceAutoConfiguration.PooledDataSourceCondition.PooledDataSourceAvailable PooledDataSource found supported DataSource; NestedCondition on DataSourceAutoConfiguration.PooledDataSourceCondition.ExplicitType @ConditionalOnProperty (spring.datasource.type) did not find property 'type' (DataSourceAutoConfiguration.PooledDataSourceCondition)
          - @ConditionalOnMissingBean (types: javax.sql.DataSource,javax.sql.XADataSource; SearchStrategy: all) did not find any beans (OnBeanCondition)

       DataSourceAutoConfiguration.PooledDataSourceConfiguration#jdbcConnectionDetails matched:
          - @ConditionalOnMissingBean (types: org.springframework.boot.autoconfigure.jdbc.JdbcConnectionDetails; SearchStrategy: all) did not find any beans (OnBeanCondition)

       DataSourceConfiguration.Hikari matched:
          - @ConditionalOnClass found required class 'com.zaxxer.hikari.HikariDataSource' (OnClassCondition)
          - @ConditionalOnProperty (spring.datasource.type=com.zaxxer.hikari.HikariDataSource) matched (OnPropertyCondition)
          - @ConditionalOnMissingBean (types: javax.sql.DataSource; SearchStrategy: all) did not find any beans (OnBeanCondition)

       DataSourceInitializationConfiguration matched:
          - @ConditionalOnClass found required class 'org.springframework.jdbc.datasource.init.DatabasePopulator' (OnClassCondition)
          - @ConditionalOnSingleCandidate (types: javax.sql.DataSource; SearchStrategy: all) found a single bean 'dataSource'; @ConditionalOnMissingBean (types: org.springframework.boot.autoconfigure.sql.init.SqlDataSourceScriptDatabaseInitializer,org.springframework.boot.autoconfigure.sql.init.SqlR2dbcScriptDatabaseInitializer; SearchStrategy: all) did not find any beans (OnBeanCondition)

       DataSourcePoolMetadataProvidersConfiguration.HikariPoolDataSourceMetadataProviderConfiguration matched:
          - @ConditionalOnClass found required class 'com.zaxxer.hikari.HikariDataSource' (OnClassCondition)

       DataSourceTransactionManagerAutoConfiguration matched:
          - @ConditionalOnClass found required classes 'javax.sql.DataSource', 'org.springframework.jdbc.core.JdbcTemplate', 'org.springframework.transaction.TransactionManager' (OnClassCondition)

       DataSourceTransactionManagerAutoConfiguration.JdbcTransactionManagerConfiguration matched:
          - @ConditionalOnSingleCandidate (types: javax.sql.DataSource; SearchStrategy: all) found a single bean 'dataSource' (OnBeanCondition)

       DispatcherServletAutoConfiguration matched:
          - @ConditionalOnClass found required class 'org.springframework.web.servlet.DispatcherServlet' (OnClassCondition)
          - found 'session' scope (OnWebApplicationCondition)

       DispatcherServletAutoConfiguration.DispatcherServletConfiguration matched:
          - @ConditionalOnClass found required class 'jakarta.servlet.ServletRegistration' (OnClassCondition)
          - Default DispatcherServlet did not find dispatcher servlet beans (DispatcherServletAutoConfiguration.DefaultDispatcherServletCondition)

       DispatcherServletAutoConfiguration.DispatcherServletRegistrationConfiguration matched:
          - @ConditionalOnClass found required class 'jakarta.servlet.ServletRegistration' (OnClassCondition)
          - DispatcherServlet Registration did not find servlet registration bean (DispatcherServletAutoConfiguration.DispatcherServletRegistrationCondition)

       DispatcherServletAutoConfiguration.DispatcherServletRegistrationConfiguration#dispatcherServletRegistration matched:
          - @ConditionalOnBean (names: dispatcherServlet types: org.springframework.web.servlet.DispatcherServlet; SearchStrategy: all) found bean 'dispatcherServlet' (OnBeanCondition)

       ErrorMvcAutoConfiguration matched:
          - @ConditionalOnClass found required classes 'jakarta.servlet.Servlet', 'org.springframework.web.servlet.DispatcherServlet' (OnClassCondition)
          - found 'session' scope (OnWebApplicationCondition)

       ErrorMvcAutoConfiguration#basicErrorController matched:
          - @ConditionalOnMissingBean (types: org.springframework.boot.web.servlet.error.ErrorController; SearchStrategy: current) did not find any beans (OnBeanCondition)

       ErrorMvcAutoConfiguration#errorAttributes matched:
          - @ConditionalOnMissingBean (types: org.springframework.boot.web.servlet.error.ErrorAttributes; SearchStrategy: current) did not find any beans (OnBeanCondition)

       ErrorMvcAutoConfiguration.DefaultErrorViewResolverConfiguration#conventionErrorViewResolver matched:
          - @ConditionalOnBean (types: org.springframework.web.servlet.DispatcherServlet; SearchStrategy: all) found bean 'dispatcherServlet'; @ConditionalOnMissingBean (types: org.springframework.boot.autoconfigure.web.servlet.error.ErrorViewResolver; SearchStrategy: all) did not find any beans (OnBeanCondition)

       ErrorMvcAutoConfiguration.WhitelabelErrorViewConfiguration matched:
          - @ConditionalOnProperty (server.error.whitelabel.enabled) matched (OnPropertyCondition)
          - ErrorTemplate Missing did not find error template view (ErrorMvcAutoConfiguration.ErrorTemplateMissingCondition)

       ErrorMvcAutoConfiguration.WhitelabelErrorViewConfiguration#beanNameViewResolver matched:
          - @ConditionalOnMissingBean (types: org.springframework.web.servlet.view.BeanNameViewResolver; SearchStrategy: all) did not find any beans (OnBeanCondition)

       ErrorMvcAutoConfiguration.WhitelabelErrorViewConfiguration#defaultErrorView matched:
          - @ConditionalOnMissingBean (names: error; SearchStrategy: all) did not find any beans (OnBeanCondition)

       GenericCacheConfiguration matched:
          - Cache org.springframework.boot.autoconfigure.cache.GenericCacheConfiguration automatic cache type (CacheCondition)

       HibernateJpaAutoConfiguration matched:
          - @ConditionalOnClass found required classes 'org.springframework.orm.jpa.LocalContainerEntityManagerFactoryBean', 'jakarta.persistence.EntityManager', 'org.hibernate.engine.spi.SessionImplementor' (OnClassCondition)

       HibernateJpaConfiguration matched:
          - @ConditionalOnSingleCandidate (types: javax.sql.DataSource; SearchStrategy: all) found a single bean 'dataSource' (OnBeanCondition)

       HttpEncodingAutoConfiguration matched:
          - @ConditionalOnClass found required class 'org.springframework.web.filter.CharacterEncodingFilter' (OnClassCondition)
          - found 'session' scope (OnWebApplicationCondition)
          - @ConditionalOnProperty (server.servlet.encoding.enabled) matched (OnPropertyCondition)

       HttpEncodingAutoConfiguration#characterEncodingFilter matched:
          - @ConditionalOnMissingBean (types: org.springframework.web.filter.CharacterEncodingFilter; SearchStrategy: all) did not find any beans (OnBeanCondition)

       HttpMessageConvertersAutoConfiguration matched:
          - @ConditionalOnClass found required class 'org.springframework.http.converter.HttpMessageConverter' (OnClassCondition)
          - NoneNestedConditions 0 matched 1 did not; NestedCondition on HttpMessageConvertersAutoConfiguration.NotReactiveWebApplicationCondition.ReactiveWebApplication not a reactive web application (HttpMessageConvertersAutoConfiguration.NotReactiveWebApplicationCondition)

       HttpMessageConvertersAutoConfiguration#messageConverters matched:
          - @ConditionalOnMissingBean (types: org.springframework.boot.autoconfigure.http.HttpMessageConverters; SearchStrategy: all) did not find any beans (OnBeanCondition)

       HttpMessageConvertersAutoConfiguration.StringHttpMessageConverterConfiguration matched:
          - @ConditionalOnClass found required class 'org.springframework.http.converter.StringHttpMessageConverter' (OnClassCondition)

       HttpMessageConvertersAutoConfiguration.StringHttpMessageConverterConfiguration#stringHttpMessageConverter matched:
          - @ConditionalOnMissingBean (types: org.springframework.http.converter.StringHttpMessageConverter; SearchStrategy: all) did not find any beans (OnBeanCondition)

       JacksonAutoConfiguration matched:
          - @ConditionalOnClass found required class 'com.fasterxml.jackson.databind.ObjectMapper' (OnClassCondition)

       JacksonAutoConfiguration.Jackson2ObjectMapperBuilderCustomizerConfiguration matched:
          - @ConditionalOnClass found required class 'org.springframework.http.converter.json.Jackson2ObjectMapperBuilder' (OnClassCondition)

       JacksonAutoConfiguration.JacksonObjectMapperBuilderConfiguration matched:
          - @ConditionalOnClass found required class 'org.springframework.http.converter.json.Jackson2ObjectMapperBuilder' (OnClassCondition)

       JacksonAutoConfiguration.JacksonObjectMapperBuilderConfiguration#jacksonObjectMapperBuilder matched:
          - @ConditionalOnMissingBean (types: org.springframework.http.converter.json.Jackson2ObjectMapperBuilder; SearchStrategy: all) did not find any beans (OnBeanCondition)

       JacksonAutoConfiguration.JacksonObjectMapperConfiguration matched:
          - @ConditionalOnClass found required class 'org.springframework.http.converter.json.Jackson2ObjectMapperBuilder' (OnClassCondition)

       JacksonAutoConfiguration.ParameterNamesModuleConfiguration matched:
          - @ConditionalOnClass found required class 'com.fasterxml.jackson.module.paramnames.ParameterNamesModule' (OnClassCondition)

       JacksonAutoConfiguration.ParameterNamesModuleConfiguration#parameterNamesModule matched:
          - @ConditionalOnMissingBean (types: com.fasterxml.jackson.module.paramnames.ParameterNamesModule; SearchStrategy: all) did not find any beans (OnBeanCondition)

       JacksonHttpMessageConvertersConfiguration.MappingJackson2HttpMessageConverterConfiguration matched:
          - @ConditionalOnClass found required class 'com.fasterxml.jackson.databind.ObjectMapper' (OnClassCondition)
          - @ConditionalOnProperty (spring.mvc.converters.preferred-json-mapper=jackson) matched (OnPropertyCondition)
          - @ConditionalOnBean (types: com.fasterxml.jackson.databind.ObjectMapper; SearchStrategy: all) found bean 'objectMapper' (OnBeanCondition)

       JacksonHttpMessageConvertersConfiguration.MappingJackson2HttpMessageConverterConfiguration#mappingJackson2HttpMessageConverter matched:
          - @ConditionalOnMissingBean (types: org.springframework.http.converter.json.MappingJackson2HttpMessageConverter ignored: org.springframework.hateoas.server.mvc.TypeConstrainedMappingJackson2HttpMessageConverter,org.springframework.data.rest.webmvc.alps.AlpsJsonHttpMessageConverter; SearchStrategy: all) did not find any beans (OnBeanCondition)

       JdbcClientAutoConfiguration matched:
          - @ConditionalOnSingleCandidate (types: org.springframework.jdbc.core.namedparam.NamedParameterJdbcTemplate; SearchStrategy: all) found a single bean 'namedParameterJdbcTemplate'; @ConditionalOnMissingBean (types: org.springframework.jdbc.core.simple.JdbcClient; SearchStrategy: all) did not find any beans (OnBeanCondition)

       JdbcTemplateAutoConfiguration matched:
          - @ConditionalOnClass found required classes 'javax.sql.DataSource', 'org.springframework.jdbc.core.JdbcTemplate' (OnClassCondition)
          - @ConditionalOnSingleCandidate (types: javax.sql.DataSource; SearchStrategy: all) found a single bean 'dataSource' (OnBeanCondition)

       JdbcTemplateConfiguration matched:
          - @ConditionalOnMissingBean (types: org.springframework.jdbc.core.JdbcOperations; SearchStrategy: all) did not find any beans (OnBeanCondition)

       JpaBaseConfiguration#entityManagerFactory matched:
          - @ConditionalOnMissingBean (types: org.springframework.orm.jpa.LocalContainerEntityManagerFactoryBean,jakarta.persistence.EntityManagerFactory; SearchStrategy: all) did not find any beans (OnBeanCondition)

       JpaBaseConfiguration#entityManagerFactoryBuilder matched:
          - @ConditionalOnMissingBean (types: org.springframework.boot.orm.jpa.EntityManagerFactoryBuilder; SearchStrategy: all) did not find any beans (OnBeanCondition)

       JpaBaseConfiguration#jpaVendorAdapter matched:
          - @ConditionalOnMissingBean (types: org.springframework.orm.jpa.JpaVendorAdapter; SearchStrategy: all) did not find any beans (OnBeanCondition)

       JpaBaseConfiguration#transactionManager matched:
          - @ConditionalOnMissingBean (types: org.springframework.transaction.TransactionManager; SearchStrategy: all) did not find any beans (OnBeanCondition)

       JpaBaseConfiguration.PersistenceManagedTypesConfiguration matched:
          - @ConditionalOnMissingBean (types: org.springframework.orm.jpa.LocalContainerEntityManagerFactoryBean,jakarta.persistence.EntityManagerFactory; SearchStrategy: all) did not find any beans (OnBeanCondition)

       JpaBaseConfiguration.PersistenceManagedTypesConfiguration#persistenceManagedTypes matched:
          - @ConditionalOnMissingBean (types: org.springframework.orm.jpa.persistenceunit.PersistenceManagedTypes; SearchStrategy: all) did not find any beans (OnBeanCondition)

       JpaRepositoriesAutoConfiguration matched:
          - @ConditionalOnClass found required class 'org.springframework.data.jpa.repository.JpaRepository' (OnClassCondition)
          - @ConditionalOnProperty (spring.data.jpa.repositories.enabled=true) matched (OnPropertyCondition)
          - @ConditionalOnBean (types: javax.sql.DataSource; SearchStrategy: all) found bean 'dataSource'; @ConditionalOnMissingBean (types: org.springframework.data.jpa.repository.support.JpaRepositoryFactoryBean,org.springframework.data.jpa.repository.config.JpaRepositoryConfigExtension; SearchStrategy: all) did not find any beans (OnBeanCondition)

       JtaAutoConfiguration matched:
          - @ConditionalOnClass found required class 'jakarta.transaction.Transaction' (OnClassCondition)
          - @ConditionalOnProperty (spring.jta.enabled) matched (OnPropertyCondition)

       LettuceConnectionConfiguration matched:
          - @ConditionalOnClass found required class 'io.lettuce.core.RedisClient' (OnClassCondition)
          - @ConditionalOnProperty (spring.data.redis.client-type=lettuce) matched (OnPropertyCondition)

       LettuceConnectionConfiguration#lettuceClientResources matched:
          - @ConditionalOnMissingBean (types: io.lettuce.core.resource.ClientResources; SearchStrategy: all) did not find any beans (OnBeanCondition)

       LettuceConnectionConfiguration#redisConnectionFactory matched:
          - @ConditionalOnMissingBean (types: org.springframework.data.redis.connection.RedisConnectionFactory; SearchStrategy: all) did not find any beans (OnBeanCondition)
          - @ConditionalOnThreading found PLATFORM (OnThreadingCondition)

       LifecycleAutoConfiguration#defaultLifecycleProcessor matched:
          - @ConditionalOnMissingBean (names: lifecycleProcessor; SearchStrategy: current) did not find any beans (OnBeanCondition)

       MultipartAutoConfiguration matched:
          - @ConditionalOnClass found required classes 'jakarta.servlet.Servlet', 'org.springframework.web.multipart.support.StandardServletMultipartResolver', 'jakarta.servlet.MultipartConfigElement' (OnClassCondition)
          - found 'session' scope (OnWebApplicationCondition)
          - @ConditionalOnProperty (spring.servlet.multipart.enabled) matched (OnPropertyCondition)

       MultipartAutoConfiguration#multipartConfigElement matched:
          - @ConditionalOnMissingBean (types: jakarta.servlet.MultipartConfigElement; SearchStrategy: all) did not find any beans (OnBeanCondition)

       MultipartAutoConfiguration#multipartResolver matched:
          - @ConditionalOnMissingBean (types: org.springframework.web.multipart.MultipartResolver; SearchStrategy: all) did not find any beans (OnBeanCondition)

       NamedParameterJdbcTemplateConfiguration matched:
          - @ConditionalOnSingleCandidate (types: org.springframework.jdbc.core.JdbcTemplate; SearchStrategy: all) found a single bean 'jdbcTemplate'; @ConditionalOnMissingBean (types: org.springframework.jdbc.core.namedparam.NamedParameterJdbcOperations; SearchStrategy: all) did not find any beans (OnBeanCondition)

       NettyAutoConfiguration matched:
          - @ConditionalOnClass found required class 'io.netty.util.NettyRuntime' (OnClassCondition)

       NoOpCacheConfiguration matched:
          - Cache org.springframework.boot.autoconfigure.cache.NoOpCacheConfiguration automatic cache type (CacheCondition)

       PersistenceExceptionTranslationAutoConfiguration matched:
          - @ConditionalOnClass found required class 'org.springframework.dao.annotation.PersistenceExceptionTranslationPostProcessor' (OnClassCondition)

       PersistenceExceptionTranslationAutoConfiguration#persistenceExceptionTranslationPostProcessor matched:
          - @ConditionalOnProperty (spring.dao.exceptiontranslation.enabled) matched (OnPropertyCondition)
          - @ConditionalOnMissingBean (types: org.springframework.dao.annotation.PersistenceExceptionTranslationPostProcessor; SearchStrategy: all) did not find any beans (OnBeanCondition)

       PropertyPlaceholderAutoConfiguration#propertySourcesPlaceholderConfigurer matched:
          - @ConditionalOnMissingBean (types: org.springframework.context.support.PropertySourcesPlaceholderConfigurer; SearchStrategy: current) did not find any beans (OnBeanCondition)

       ReactiveSecurityAutoConfiguration matched:
          - @ConditionalOnClass found required classes 'reactor.core.publisher.Flux', 'org.springframework.security.config.annotation.web.reactive.EnableWebFluxSecurity', 'org.springframework.security.web.server.WebFilterChainProxy', 'org.springframework.web.reactive.config.WebFluxConfigurer' (OnClassCondition)

       ReactorAutoConfiguration matched:
          - @ConditionalOnClass found required class 'reactor.core.publisher.Hooks' (OnClassCondition)

       ReactorNettyConfigurations.ReactorResourceFactoryConfiguration#reactorResourceFactory matched:
          - @ConditionalOnMissingBean (types: org.springframework.http.client.ReactorResourceFactory; SearchStrategy: all) did not find any beans (OnBeanCondition)

       RedisAutoConfiguration matched:
          - @ConditionalOnClass found required class 'org.springframework.data.redis.core.RedisOperations' (OnClassCondition)

       RedisAutoConfiguration#redisConnectionDetails matched:
          - @ConditionalOnMissingBean (types: org.springframework.boot.autoconfigure.data.redis.RedisConnectionDetails; SearchStrategy: all) did not find any beans (OnBeanCondition)

       RedisAutoConfiguration#redisTemplate matched:
          - @ConditionalOnSingleCandidate (types: org.springframework.data.redis.connection.RedisConnectionFactory; SearchStrategy: all) found a single bean 'redisConnectionFactory'; @ConditionalOnMissingBean (names: redisTemplate; SearchStrategy: all) did not find any beans (OnBeanCondition)

       RedisAutoConfiguration#stringRedisTemplate matched:
          - @ConditionalOnSingleCandidate (types: org.springframework.data.redis.connection.RedisConnectionFactory; SearchStrategy: all) found a single bean 'redisConnectionFactory'; @ConditionalOnMissingBean (types: org.springframework.data.redis.core.StringRedisTemplate; SearchStrategy: all) did not find any beans (OnBeanCondition)

       RedisCacheConfiguration matched:
          - @ConditionalOnClass found required class 'org.springframework.data.redis.connection.RedisConnectionFactory' (OnClassCondition)
          - Cache org.springframework.boot.autoconfigure.cache.RedisCacheConfiguration automatic cache type (CacheCondition)

       RedisReactiveAutoConfiguration matched:
          - @ConditionalOnClass found required classes 'org.springframework.data.redis.connection.ReactiveRedisConnectionFactory', 'org.springframework.data.redis.core.ReactiveRedisTemplate', 'reactor.core.publisher.Flux' (OnClassCondition)

       RedisReactiveAutoConfiguration#reactiveRedisTemplate matched:
          - @ConditionalOnBean (types: org.springframework.data.redis.connection.ReactiveRedisConnectionFactory; SearchStrategy: all) found bean 'redisConnectionFactory'; @ConditionalOnMissingBean (names: reactiveRedisTemplate; SearchStrategy: all) did not find any beans (OnBeanCondition)

       RedisReactiveAutoConfiguration#reactiveStringRedisTemplate matched:
          - @ConditionalOnBean (types: org.springframework.data.redis.connection.ReactiveRedisConnectionFactory; SearchStrategy: all) found bean 'redisConnectionFactory'; @ConditionalOnMissingBean (names: reactiveStringRedisTemplate; SearchStrategy: all) did not find any beans (OnBeanCondition)

       RedisRepositoriesAutoConfiguration matched:
          - @ConditionalOnClass found required class 'org.springframework.data.redis.repository.configuration.EnableRedisRepositories' (OnClassCondition)
          - @ConditionalOnProperty (spring.data.redis.repositories.enabled=true) matched (OnPropertyCondition)
          - @ConditionalOnBean (types: org.springframework.data.redis.connection.RedisConnectionFactory; SearchStrategy: all) found bean 'redisConnectionFactory'; @ConditionalOnMissingBean (types: org.springframework.data.redis.repository.support.RedisRepositoryFactoryBean; SearchStrategy: all) did not find any beans (OnBeanCondition)

       RestClientAutoConfiguration matched:
          - @ConditionalOnClass found required class 'org.springframework.web.client.RestClient' (OnClassCondition)
          - NoneNestedConditions 0 matched 1 did not; NestedCondition on NotReactiveWebApplicationCondition.ReactiveWebApplication not a reactive web application (NotReactiveWebApplicationCondition)

       RestClientAutoConfiguration#httpMessageConvertersRestClientCustomizer matched:
          - @ConditionalOnMissingBean (types: org.springframework.boot.autoconfigure.web.client.HttpMessageConvertersRestClientCustomizer; SearchStrategy: all) did not find any beans (OnBeanCondition)

       RestClientAutoConfiguration#restClientBuilder matched:
          - @ConditionalOnMissingBean (types: org.springframework.web.client.RestClient$Builder; SearchStrategy: all) did not find any beans (OnBeanCondition)

       RestClientAutoConfiguration#restClientBuilderConfigurer matched:
          - @ConditionalOnMissingBean (types: org.springframework.boot.autoconfigure.web.client.RestClientBuilderConfigurer; SearchStrategy: all) did not find any beans (OnBeanCondition)

       RestClientAutoConfiguration#restClientSsl matched:
          - @ConditionalOnBean (types: org.springframework.boot.ssl.SslBundles; SearchStrategy: all) found bean 'sslBundleRegistry'; @ConditionalOnMissingBean (types: org.springframework.boot.autoconfigure.web.client.RestClientSsl; SearchStrategy: all) did not find any beans (OnBeanCondition)

       RestTemplateAutoConfiguration matched:
          - @ConditionalOnClass found required class 'org.springframework.web.client.RestTemplate' (OnClassCondition)
          - NoneNestedConditions 0 matched 1 did not; NestedCondition on NotReactiveWebApplicationCondition.ReactiveWebApplication not a reactive web application (NotReactiveWebApplicationCondition)

       RestTemplateAutoConfiguration#restTemplateBuilder matched:
          - @ConditionalOnMissingBean (types: org.springframework.boot.web.client.RestTemplateBuilder; SearchStrategy: all) did not find any beans (OnBeanCondition)

       SecurityAutoConfiguration matched:
          - @ConditionalOnClass found required class 'org.springframework.security.authentication.DefaultAuthenticationEventPublisher' (OnClassCondition)

       SecurityAutoConfiguration#authenticationEventPublisher matched:
          - @ConditionalOnMissingBean (types: org.springframework.security.authentication.AuthenticationEventPublisher; SearchStrategy: all) did not find any beans (OnBeanCondition)

       SecurityFilterAutoConfiguration matched:
          - @ConditionalOnClass found required classes 'org.springframework.security.web.context.AbstractSecurityWebApplicationInitializer', 'org.springframework.security.config.http.SessionCreationPolicy' (OnClassCondition)
          - found 'session' scope (OnWebApplicationCondition)

       SecurityFilterAutoConfiguration#securityFilterChainRegistration matched:
          - @ConditionalOnBean (names: springSecurityFilterChain; SearchStrategy: all) found bean 'springSecurityFilterChain' (OnBeanCondition)

       ServletWebServerFactoryAutoConfiguration matched:
          - @ConditionalOnClass found required class 'jakarta.servlet.ServletRequest' (OnClassCondition)
          - found 'session' scope (OnWebApplicationCondition)

       ServletWebServerFactoryAutoConfiguration#tomcatServletWebServerFactoryCustomizer matched:
          - @ConditionalOnClass found required class 'org.apache.catalina.startup.Tomcat' (OnClassCondition)

       ServletWebServerFactoryConfiguration.EmbeddedTomcat matched:
          - @ConditionalOnClass found required classes 'jakarta.servlet.Servlet', 'org.apache.catalina.startup.Tomcat', 'org.apache.coyote.UpgradeProtocol' (OnClassCondition)
          - @ConditionalOnMissingBean (types: org.springframework.boot.web.servlet.server.ServletWebServerFactory; SearchStrategy: current) did not find any beans (OnBeanCondition)

       SimpleCacheConfiguration matched:
          - Cache org.springframework.boot.autoconfigure.cache.SimpleCacheConfiguration automatic cache type (CacheCondition)

       SpringBootWebSecurityConfiguration matched:
          - found 'session' scope (OnWebApplicationCondition)

       SpringDataWebAutoConfiguration matched:
          - @ConditionalOnClass found required classes 'org.springframework.data.web.PageableHandlerMethodArgumentResolver', 'org.springframework.web.servlet.config.annotation.WebMvcConfigurer' (OnClassCondition)
          - found 'session' scope (OnWebApplicationCondition)
          - @ConditionalOnMissingBean (types: org.springframework.data.web.PageableHandlerMethodArgumentResolver; SearchStrategy: all) did not find any beans (OnBeanCondition)

       SpringDataWebAutoConfiguration#pageableCustomizer matched:
          - @ConditionalOnMissingBean (types: org.springframework.data.web.config.PageableHandlerMethodArgumentResolverCustomizer; SearchStrategy: all) did not find any beans (OnBeanCondition)

       SpringDataWebAutoConfiguration#sortCustomizer matched:
          - @ConditionalOnMissingBean (types: org.springframework.data.web.config.SortHandlerMethodArgumentResolverCustomizer; SearchStrategy: all) did not find any beans (OnBeanCondition)

       SpringDocConfigProperties matched:
          - @ConditionalOnProperty (springdoc.api-docs.enabled) matched (OnPropertyCondition)
          - @ConditionalOnBean (types: org.springdoc.core.configuration.SpringDocConfiguration; SearchStrategy: all) found bean 'org.springdoc.core.configuration.SpringDocConfiguration' (OnBeanCondition)

       SpringDocConfiguration matched:
          - @ConditionalOnWebApplication (required) found 'session' scope (OnWebApplicationCondition)
          - @ConditionalOnProperty (springdoc.api-docs.enabled) matched (OnPropertyCondition)

       SpringDocConfiguration#fileSupportConverter matched:
          - @ConditionalOnMissingBean (types: org.springdoc.core.converters.FileSupportConverter; SearchStrategy: all) did not find any beans (OnBeanCondition)

       SpringDocConfiguration#openAPIBuilder matched:
          - @ConditionalOnMissingBean (types: org.springdoc.core.service.OpenAPIService; SearchStrategy: all) did not find any beans (OnBeanCondition)

       SpringDocConfiguration#operationBuilder matched:
          - @ConditionalOnMissingBean (types: org.springdoc.core.service.OperationService; SearchStrategy: all) did not find any beans (OnBeanCondition)

       SpringDocConfiguration#parameterBuilder matched:
          - @ConditionalOnMissingBean (types: org.springdoc.core.service.GenericParameterService; SearchStrategy: all) did not find any beans (OnBeanCondition)

       SpringDocConfiguration#polymorphicModelConverter matched:
          - @ConditionalOnProperty (springdoc.model-converters.polymorphic-converter.enabled) matched (OnPropertyCondition)
          - @ConditionalOnMissingBean (types: org.springdoc.core.converters.PolymorphicModelConverter; SearchStrategy: all) did not find any beans (OnBeanCondition)

       SpringDocConfiguration#requestBodyBuilder matched:
          - @ConditionalOnMissingBean (types: org.springdoc.core.service.RequestBodyService; SearchStrategy: all) did not find any beans (OnBeanCondition)

       SpringDocConfiguration#responseSupportConverter matched:
          - @ConditionalOnMissingBean (types: org.springdoc.core.converters.ResponseSupportConverter; SearchStrategy: all) did not find any beans (OnBeanCondition)

       SpringDocConfiguration#schemaPropertyDeprecatingConverter matched:
          - @ConditionalOnProperty (springdoc.model-converters.deprecating-converter.enabled) matched (OnPropertyCondition)
          - @ConditionalOnMissingBean (types: org.springdoc.core.converters.SchemaPropertyDeprecatingConverter; SearchStrategy: all) did not find any beans (OnBeanCondition)

       SpringDocConfiguration#securityParser matched:
          - @ConditionalOnMissingBean (types: org.springdoc.core.service.SecurityService; SearchStrategy: all) did not find any beans (OnBeanCondition)

       SpringDocConfiguration#springDocCustomizers matched:
          - @ConditionalOnMissingBean (types: org.springdoc.core.customizers.SpringDocCustomizers; SearchStrategy: all) did not find any beans (OnBeanCondition)

       SpringDocConfiguration#springDocProviders matched:
          - @ConditionalOnMissingBean (types: org.springdoc.core.providers.SpringDocProviders; SearchStrategy: all) did not find any beans (OnBeanCondition)

       SpringDocConfiguration#springdocObjectMapperProvider matched:
          - @ConditionalOnMissingBean (types: org.springdoc.core.providers.ObjectMapperProvider; SearchStrategy: all) did not find any beans (OnBeanCondition)

       SpringDocConfiguration.QuerydslProvider matched:
          - @ConditionalOnClass found required class 'org.springframework.data.querydsl.binding.QuerydslBindingsFactory' (OnClassCondition)

       SpringDocConfiguration.QuerydslProvider#queryDslQuerydslPredicateOperationCustomizer matched:
          - @ConditionalOnMissingBean (types: org.springdoc.core.customizers.QuerydslPredicateOperationCustomizer; SearchStrategy: all) did not find any beans (OnBeanCondition)

       SpringDocConfiguration.SpringDocSpringDataWebPropertiesProvider matched:
          - @ConditionalOnClass found required class 'org.springframework.boot.autoconfigure.data.web.SpringDataWebProperties' (OnClassCondition)

       SpringDocConfiguration.SpringDocSpringDataWebPropertiesProvider#springDataWebPropertiesProvider matched:
          - @ConditionalOnMissingBean (types: org.springdoc.core.providers.SpringDataWebPropertiesProvider; SearchStrategy: all) did not find any beans (OnBeanCondition)

       SpringDocConfiguration.SpringDocWebFluxSupportConfiguration matched:
          - @ConditionalOnClass found required class 'reactor.core.publisher.Flux' (OnClassCondition)

       SpringDocConfiguration.SpringDocWebFluxSupportConfiguration#webFluxSupportConverter matched:
          - @ConditionalOnMissingBean (types: org.springdoc.core.converters.WebFluxSupportConverter; SearchStrategy: all) did not find any beans (OnBeanCondition)

       SpringDocConfiguration.WebConversionServiceConfiguration matched:
          - @ConditionalOnClass found required class 'org.springframework.boot.autoconfigure.web.format.WebConversionService' (OnClassCondition)

       SpringDocPageableConfiguration matched:
          - @ConditionalOnClass found required class 'org.springframework.data.domain.Pageable' (OnClassCondition)
          - @ConditionalOnWebApplication (required) found 'session' scope (OnWebApplicationCondition)
          - @ConditionalOnProperty (springdoc.api-docs.enabled) matched (OnPropertyCondition)
          - @ConditionalOnBean (types: org.springdoc.core.configuration.SpringDocConfiguration; SearchStrategy: all) found bean 'org.springdoc.core.configuration.SpringDocConfiguration' (OnBeanCondition)

       SpringDocPageableConfiguration#delegatingMethodParameterCustomizer matched:
          - @ConditionalOnMissingBean (types: org.springdoc.core.customizers.DelegatingMethodParameterCustomizer; SearchStrategy: all) did not find any beans (OnBeanCondition)

       SpringDocPageableConfiguration#pageOpenAPIConverter matched:
          - @ConditionalOnClass found required classes 'org.springframework.data.web.PagedModel', 'org.springframework.data.web.config.SpringDataWebSettings' (OnClassCondition)
          - @ConditionalOnMissingBean (types: org.springdoc.core.converters.PageOpenAPIConverter; SearchStrategy: all) did not find any beans (OnBeanCondition)

       SpringDocPageableConfiguration#pageableOpenAPIConverter matched:
          - @ConditionalOnProperty (springdoc.model-converters.pageable-converter.enabled) matched (OnPropertyCondition)
          - @ConditionalOnMissingBean (types: org.springdoc.core.converters.PageableOpenAPIConverter; SearchStrategy: all) did not find any beans (OnBeanCondition)

       SpringDocSecurityConfiguration matched:
          - @ConditionalOnClass found required class 'org.springframework.security.web.SecurityFilterChain' (OnClassCondition)
          - @ConditionalOnWebApplication (required) found 'session' scope (OnWebApplicationCondition)
          - @ConditionalOnExpression (#{${springdoc.api-docs.enabled:true} and ${springdoc.enable-spring-security:true}}) resulted in true (OnExpressionCondition)
          - @ConditionalOnBean (types: org.springdoc.core.configuration.SpringDocConfiguration; SearchStrategy: all) found bean 'org.springdoc.core.configuration.SpringDocConfiguration' (OnBeanCondition)

       SpringDocSecurityConfiguration.SpringSecurityLoginEndpointConfiguration matched:
          - @ConditionalOnClass found required class 'jakarta.servlet.Filter' (OnClassCondition)

       SpringDocSortConfiguration matched:
          - @ConditionalOnClass found required class 'org.springframework.data.domain.Sort' (OnClassCondition)
          - @ConditionalOnWebApplication (required) found 'session' scope (OnWebApplicationCondition)
          - @ConditionalOnProperty (springdoc.api-docs.enabled) matched (OnPropertyCondition)
          - @ConditionalOnBean (types: org.springdoc.core.configuration.SpringDocConfiguration; SearchStrategy: all) found bean 'org.springdoc.core.configuration.SpringDocConfiguration' (OnBeanCondition)

       SpringDocSortConfiguration#sortOpenAPIConverter matched:
          - @ConditionalOnProperty (springdoc.sort-converter.enabled) matched (OnPropertyCondition)
          - @ConditionalOnMissingBean (types: org.springdoc.core.converters.SortOpenAPIConverter; SearchStrategy: all) did not find any beans (OnBeanCondition)

       SpringDocUIConfiguration matched:
          - @ConditionalOnWebApplication (required) found 'session' scope (OnWebApplicationCondition)
          - @ConditionalOnBean (types: org.springdoc.core.configuration.SpringDocConfiguration; SearchStrategy: all) found bean 'org.springdoc.core.configuration.SpringDocConfiguration' (OnBeanCondition)

       SpringDocWebMvcConfiguration matched:
          - found 'session' scope (OnWebApplicationCondition)
          - @ConditionalOnProperty (springdoc.api-docs.enabled) matched (OnPropertyCondition)
          - @ConditionalOnBean (types: org.springdoc.core.configuration.SpringDocConfiguration; SearchStrategy: all) found bean 'org.springdoc.core.configuration.SpringDocConfiguration' (OnBeanCondition)

       SpringDocWebMvcConfiguration#openApiResource matched:
          - @ConditionalOnExpression (#{(${springdoc.use-management-port:false} == false ) and ${springdoc.enable-default-api-docs:true}}) resulted in true (OnExpressionCondition)
          - @ConditionalOnMissingBean (types: org.springdoc.webmvc.api.OpenApiWebMvcResource; SearchStrategy: all) did not find any beans (OnBeanCondition)

       SpringDocWebMvcConfiguration#requestBuilder matched:
          - @ConditionalOnMissingBean (types: org.springdoc.webmvc.core.service.RequestService; SearchStrategy: all) did not find any beans (OnBeanCondition)

       SpringDocWebMvcConfiguration#responseBuilder matched:
          - @ConditionalOnMissingBean (types: org.springdoc.core.service.GenericResponseService; SearchStrategy: all) did not find any beans (OnBeanCondition)

       SpringDocWebMvcConfiguration#springWebProvider matched:
          - @ConditionalOnMissingBean (types: org.springdoc.core.providers.SpringWebProvider; SearchStrategy: all) did not find any beans (OnBeanCondition)

       SpringDocWebMvcConfiguration.SpringDocWebMvcRouterConfiguration matched:
          - @ConditionalOnClass found required class 'org.springframework.web.servlet.function.RouterFunction' (OnClassCondition)

       SpringDocWebMvcConfiguration.SpringDocWebMvcRouterConfiguration#routerFunctionProvider matched:
          - @ConditionalOnMissingBean (types: org.springdoc.webmvc.core.providers.RouterFunctionWebMvcProvider; SearchStrategy: all) did not find any beans (OnBeanCondition)

       SqlInitializationAutoConfiguration matched:
          - @ConditionalOnProperty (spring.sql.init.enabled) matched (OnPropertyCondition)
          - NoneNestedConditions 0 matched 1 did not; NestedCondition on SqlInitializationAutoConfiguration.SqlInitializationModeCondition.ModeIsNever @ConditionalOnProperty (spring.sql.init.mode=never) did not find property 'mode' (SqlInitializationAutoConfiguration.SqlInitializationModeCondition)

       SslAutoConfiguration#sslBundleRegistry matched:
          - @ConditionalOnMissingBean (types: org.springframework.boot.ssl.SslBundleRegistry,org.springframework.boot.ssl.SslBundles; SearchStrategy: all) did not find any beans (OnBeanCondition)

       SwaggerConfig matched:
          - found 'session' scope (OnWebApplicationCondition)
          - @ConditionalOnProperty (springdoc.swagger-ui.enabled) matched (OnPropertyCondition)
          - @ConditionalOnBean (types: org.springdoc.core.configuration.SpringDocConfiguration; SearchStrategy: all) found bean 'org.springdoc.core.configuration.SpringDocConfiguration' (OnBeanCondition)

       SwaggerConfig#indexPageTransformer matched:
          - @ConditionalOnMissingBean (types: org.springdoc.webmvc.ui.SwaggerIndexTransformer; SearchStrategy: all) did not find any beans (OnBeanCondition)

       SwaggerConfig#swaggerConfigResource matched:
          - @ConditionalOnProperty (springdoc.use-management-port=false) matched (OnPropertyCondition)
          - @ConditionalOnMissingBean (types: org.springdoc.webmvc.ui.SwaggerConfigResource; SearchStrategy: all) did not find any beans (OnBeanCondition)

       SwaggerConfig#swaggerResourceResolver matched:
          - @ConditionalOnMissingBean (types: org.springdoc.webmvc.ui.SwaggerResourceResolver; SearchStrategy: all) did not find any beans (OnBeanCondition)

       SwaggerConfig#swaggerWebMvcConfigurer matched:
          - @ConditionalOnMissingBean (types: org.springdoc.webmvc.ui.SwaggerWebMvcConfigurer; SearchStrategy: all) did not find any beans (OnBeanCondition)

       SwaggerConfig#swaggerWelcome matched:
          - @ConditionalOnProperty (springdoc.use-management-port=false) matched (OnPropertyCondition)
          - @ConditionalOnMissingBean (types: org.springdoc.webmvc.ui.SwaggerWelcomeWebMvc; SearchStrategy: all) did not find any beans (OnBeanCondition)

       SwaggerUiConfigParameters matched:
          - @ConditionalOnProperty (springdoc.swagger-ui.enabled) matched (OnPropertyCondition)
          - @ConditionalOnBean (types: org.springdoc.core.configuration.SpringDocConfiguration; SearchStrategy: all) found bean 'org.springdoc.core.configuration.SpringDocConfiguration' (OnBeanCondition)

       SwaggerUiConfigProperties matched:
          - @ConditionalOnProperty (springdoc.swagger-ui.enabled) matched (OnPropertyCondition)
          - @ConditionalOnBean (types: org.springdoc.core.configuration.SpringDocConfiguration; SearchStrategy: all) found bean 'org.springdoc.core.configuration.SpringDocConfiguration' (OnBeanCondition)

       SwaggerUiOAuthProperties matched:
          - @ConditionalOnProperty (springdoc.swagger-ui.enabled) matched (OnPropertyCondition)
          - @ConditionalOnBean (types: org.springdoc.core.configuration.SpringDocConfiguration; SearchStrategy: all) found bean 'org.springdoc.core.configuration.SpringDocConfiguration' (OnBeanCondition)

       TaskExecutionAutoConfiguration matched:
          - @ConditionalOnClass found required class 'org.springframework.scheduling.concurrent.ThreadPoolTaskExecutor' (OnClassCondition)

       TaskExecutorConfigurations.SimpleAsyncTaskExecutorBuilderConfiguration#simpleAsyncTaskExecutorBuilder matched:
          - @ConditionalOnMissingBean (types: org.springframework.boot.task.SimpleAsyncTaskExecutorBuilder; SearchStrategy: all) did not find any beans (OnBeanCondition)
          - @ConditionalOnThreading found PLATFORM (OnThreadingCondition)

       TaskExecutorConfigurations.TaskExecutorBuilderConfiguration#taskExecutorBuilder matched:
          - @ConditionalOnMissingBean (types: org.springframework.boot.task.TaskExecutorBuilder; SearchStrategy: all) did not find any beans (OnBeanCondition)

       TaskExecutorConfigurations.ThreadPoolTaskExecutorBuilderConfiguration#threadPoolTaskExecutorBuilder matched:
          - @ConditionalOnMissingBean (types: org.springframework.boot.task.TaskExecutorBuilder,org.springframework.boot.task.ThreadPoolTaskExecutorBuilder; SearchStrategy: all) did not find any beans (OnBeanCondition)

       TaskSchedulingAutoConfiguration matched:
          - @ConditionalOnClass found required class 'org.springframework.scheduling.concurrent.ThreadPoolTaskScheduler' (OnClassCondition)

       TaskSchedulingAutoConfiguration#scheduledBeanLazyInitializationExcludeFilter matched:
          - @ConditionalOnBean (names: org.springframework.context.annotation.internalScheduledAnnotationProcessor; SearchStrategy: all) found bean 'org.springframework.context.annotation.internalScheduledAnnotationProcessor' (OnBeanCondition)

       TaskSchedulingConfigurations.SimpleAsyncTaskSchedulerBuilderConfiguration#simpleAsyncTaskSchedulerBuilder matched:
          - @ConditionalOnMissingBean (types: org.springframework.boot.task.SimpleAsyncTaskSchedulerBuilder; SearchStrategy: all) did not find any beans (OnBeanCondition)
          - @ConditionalOnThreading found PLATFORM (OnThreadingCondition)

       TaskSchedulingConfigurations.TaskSchedulerBuilderConfiguration#taskSchedulerBuilder matched:
          - @ConditionalOnMissingBean (types: org.springframework.boot.task.TaskSchedulerBuilder; SearchStrategy: all) did not find any beans (OnBeanCondition)

       TaskSchedulingConfigurations.TaskSchedulerConfiguration matched:
          - @ConditionalOnBean (names: org.springframework.context.annotation.internalScheduledAnnotationProcessor; SearchStrategy: all) found bean 'org.springframework.context.annotation.internalScheduledAnnotationProcessor'; @ConditionalOnMissingBean (types: org.springframework.scheduling.TaskScheduler,java.util.concurrent.ScheduledExecutorService; SearchStrategy: all) did not find any beans (OnBeanCondition)

       TaskSchedulingConfigurations.TaskSchedulerConfiguration#taskScheduler matched:
          - @ConditionalOnThreading found PLATFORM (OnThreadingCondition)

       TaskSchedulingConfigurations.ThreadPoolTaskSchedulerBuilderConfiguration#threadPoolTaskSchedulerBuilder matched:
          - @ConditionalOnMissingBean (types: org.springframework.boot.task.TaskSchedulerBuilder,org.springframework.boot.task.ThreadPoolTaskSchedulerBuilder; SearchStrategy: all) did not find any beans (OnBeanCondition)

       TransactionAutoConfiguration matched:
          - @ConditionalOnClass found required class 'org.springframework.transaction.PlatformTransactionManager' (OnClassCondition)

       TransactionAutoConfiguration.EnableTransactionManagementConfiguration matched:
          - @ConditionalOnBean (types: org.springframework.transaction.TransactionManager; SearchStrategy: all) found bean 'transactionManager'; @ConditionalOnMissingBean (types: org.springframework.transaction.annotation.AbstractTransactionManagementConfiguration; SearchStrategy: all) did not find any beans (OnBeanCondition)

       TransactionAutoConfiguration.EnableTransactionManagementConfiguration.CglibAutoProxyConfiguration matched:
          - @ConditionalOnProperty (spring.aop.proxy-target-class=true) matched (OnPropertyCondition)

       TransactionAutoConfiguration.TransactionTemplateConfiguration matched:
          - @ConditionalOnSingleCandidate (types: org.springframework.transaction.PlatformTransactionManager; SearchStrategy: all) found a single bean 'transactionManager' (OnBeanCondition)

       TransactionAutoConfiguration.TransactionTemplateConfiguration#transactionTemplate matched:
          - @ConditionalOnMissingBean (types: org.springframework.transaction.support.TransactionOperations; SearchStrategy: all) did not find any beans (OnBeanCondition)

       TransactionManagerCustomizationAutoConfiguration matched:
          - @ConditionalOnClass found required class 'org.springframework.transaction.PlatformTransactionManager' (OnClassCondition)

       TransactionManagerCustomizationAutoConfiguration#platformTransactionManagerCustomizers matched:
          - @ConditionalOnMissingBean (types: org.springframework.boot.autoconfigure.transaction.TransactionManagerCustomizers; SearchStrategy: all) did not find any beans (OnBeanCondition)

       ValidationAutoConfiguration matched:
          - @ConditionalOnClass found required class 'jakarta.validation.executable.ExecutableValidator' (OnClassCondition)
          - @ConditionalOnResource found location classpath:META-INF/services/jakarta.validation.spi.ValidationProvider (OnResourceCondition)

       ValidationAutoConfiguration#defaultValidator matched:
          - @ConditionalOnMissingBean (types: jakarta.validation.Validator; SearchStrategy: all) did not find any beans (OnBeanCondition)

       ValidationAutoConfiguration#methodValidationPostProcessor matched:
          - @ConditionalOnMissingBean (types: org.springframework.validation.beanvalidation.MethodValidationPostProcessor; SearchStrategy: current) did not find any beans (OnBeanCondition)

       WebClientAutoConfiguration matched:
          - @ConditionalOnClass found required class 'org.springframework.web.reactive.function.client.WebClient' (OnClassCondition)

       WebClientAutoConfiguration#webClientBuilder matched:
          - @ConditionalOnMissingBean (types: org.springframework.web.reactive.function.client.WebClient$Builder; SearchStrategy: all) did not find any beans (OnBeanCondition)

       WebClientAutoConfiguration#webClientSsl matched:
          - @ConditionalOnBean (types: org.springframework.boot.ssl.SslBundles; SearchStrategy: all) found bean 'sslBundleRegistry'; @ConditionalOnMissingBean (types: org.springframework.boot.autoconfigure.web.reactive.function.client.WebClientSsl; SearchStrategy: all) did not find any beans (OnBeanCondition)

       WebClientAutoConfiguration.WebClientCodecsConfiguration matched:
          - @ConditionalOnBean (types: org.springframework.boot.web.codec.CodecCustomizer; SearchStrategy: all) found beans 'jacksonCodecCustomizer', 'defaultCodecCustomizer' (OnBeanCondition)

       WebClientAutoConfiguration.WebClientCodecsConfiguration#exchangeStrategiesCustomizer matched:
          - @ConditionalOnMissingBean (types: org.springframework.boot.autoconfigure.web.reactive.function.client.WebClientCodecCustomizer; SearchStrategy: all) did not find any beans (OnBeanCondition)

       WebMvcAutoConfiguration matched:
          - @ConditionalOnClass found required classes 'jakarta.servlet.Servlet', 'org.springframework.web.servlet.DispatcherServlet', 'org.springframework.web.servlet.config.annotation.WebMvcConfigurer' (OnClassCondition)
          - found 'session' scope (OnWebApplicationCondition)
          - @ConditionalOnMissingBean (types: org.springframework.web.servlet.config.annotation.WebMvcConfigurationSupport; SearchStrategy: all) did not find any beans (OnBeanCondition)

       WebMvcAutoConfiguration#formContentFilter matched:
          - @ConditionalOnProperty (spring.mvc.formcontent.filter.enabled) matched (OnPropertyCondition)
          - @ConditionalOnMissingBean (types: org.springframework.web.filter.FormContentFilter; SearchStrategy: all) did not find any beans (OnBeanCondition)

       WebMvcAutoConfiguration.EnableWebMvcConfiguration#flashMapManager matched:
          - @ConditionalOnMissingBean (names: flashMapManager; SearchStrategy: all) did not find any beans (OnBeanCondition)

       WebMvcAutoConfiguration.EnableWebMvcConfiguration#localeResolver matched:
          - @ConditionalOnMissingBean (names: localeResolver; SearchStrategy: all) did not find any beans (OnBeanCondition)

       WebMvcAutoConfiguration.EnableWebMvcConfiguration#themeResolver matched:
          - @ConditionalOnMissingBean (names: themeResolver; SearchStrategy: all) did not find any beans (OnBeanCondition)

       WebMvcAutoConfiguration.WebMvcAutoConfigurationAdapter#defaultViewResolver matched:
          - @ConditionalOnMissingBean (types: org.springframework.web.servlet.view.InternalResourceViewResolver; SearchStrategy: all) did not find any beans (OnBeanCondition)

       WebMvcAutoConfiguration.WebMvcAutoConfigurationAdapter#requestContextFilter matched:
          - @ConditionalOnMissingBean (types: org.springframework.web.context.request.RequestContextListener,org.springframework.web.filter.RequestContextFilter; SearchStrategy: all) did not find any beans (OnBeanCondition)

       WebMvcAutoConfiguration.WebMvcAutoConfigurationAdapter#viewResolver matched:
          - @ConditionalOnBean (types: org.springframework.web.servlet.ViewResolver; SearchStrategy: all) found beans 'defaultViewResolver', 'beanNameViewResolver', 'mvcViewResolver'; @ConditionalOnMissingBean (names: viewResolver types: org.springframework.web.servlet.view.ContentNegotiatingViewResolver; SearchStrategy: all) did not find any beans (OnBeanCondition)

       WebSocketServletAutoConfiguration matched:
          - @ConditionalOnClass found required classes 'jakarta.servlet.Servlet', 'jakarta.websocket.server.ServerContainer' (OnClassCondition)
          - found 'session' scope (OnWebApplicationCondition)

       WebSocketServletAutoConfiguration.TomcatWebSocketConfiguration matched:
          - @ConditionalOnClass found required classes 'org.apache.catalina.startup.Tomcat', 'org.apache.tomcat.websocket.server.WsSci' (OnClassCondition)

       WebSocketServletAutoConfiguration.TomcatWebSocketConfiguration#websocketServletWebServerCustomizer matched:
          - @ConditionalOnMissingBean (names: websocketServletWebServerCustomizer; SearchStrategy: all) did not find any beans (OnBeanCondition)


    Negative matches:
    -----------------

       ActiveMQAutoConfiguration:
          Did not match:
             - @ConditionalOnClass did not find required class 'jakarta.jms.ConnectionFactory' (OnClassCondition)

       AopAutoConfiguration.AspectJAutoProxyingConfiguration.JdkDynamicAutoProxyConfiguration:
          Did not match:
             - @ConditionalOnProperty (spring.aop.proxy-target-class=false) did not find property 'proxy-target-class' (OnPropertyCondition)

       AopAutoConfiguration.ClassProxyingConfiguration:
          Did not match:
             - @ConditionalOnMissingClass found unwanted class 'org.aspectj.weaver.Advice' (OnClassCondition)

       ArtemisAutoConfiguration:
          Did not match:
             - @ConditionalOnClass did not find required class 'jakarta.jms.ConnectionFactory' (OnClassCondition)

       BatchAutoConfiguration:
          Did not match:
             - @ConditionalOnClass did not find required class 'org.springframework.batch.core.launch.JobLauncher' (OnClassCondition)

       Cache2kCacheConfiguration:
          Did not match:
             - @ConditionalOnClass did not find required class 'org.cache2k.Cache2kBuilder' (OnClassCondition)

       CacheAutoConfiguration:
          Did not match:
             - @ConditionalOnBean (types: org.springframework.cache.interceptor.CacheAspectSupport; SearchStrategy: all) did not find any beans of type org.springframework.cache.interceptor.CacheAspectSupport (OnBeanCondition)
          Matched:
             - @ConditionalOnClass found required class 'org.springframework.cache.CacheManager' (OnClassCondition)

       CacheAutoConfiguration.CacheManagerEntityManagerFactoryDependsOnPostProcessor:
          Did not match:
             - Ancestor org.springframework.boot.autoconfigure.cache.CacheAutoConfiguration did not match (ConditionEvaluationReport.AncestorsMatchedCondition)
          Matched:
             - @ConditionalOnClass found required class 'org.springframework.orm.jpa.LocalContainerEntityManagerFactoryBean' (OnClassCondition)

       CaffeineCacheConfiguration:
          Did not match:
             - @ConditionalOnClass did not find required class 'com.github.benmanes.caffeine.cache.Caffeine' (OnClassCondition)

       CassandraAutoConfiguration:
          Did not match:
             - @ConditionalOnClass did not find required class 'com.datastax.oss.driver.api.core.CqlSession' (OnClassCondition)

       CassandraDataAutoConfiguration:
          Did not match:
             - @ConditionalOnClass did not find required class 'com.datastax.oss.driver.api.core.CqlSession' (OnClassCondition)

       CassandraReactiveDataAutoConfiguration:
          Did not match:
             - @ConditionalOnClass did not find required class 'com.datastax.oss.driver.api.core.CqlSession' (OnClassCondition)

       CassandraReactiveRepositoriesAutoConfiguration:
          Did not match:
             - @ConditionalOnClass did not find required class 'org.springframework.data.cassandra.ReactiveSession' (OnClassCondition)

       CassandraRepositoriesAutoConfiguration:
          Did not match:
             - @ConditionalOnClass did not find required class 'com.datastax.oss.driver.api.core.CqlSession' (OnClassCondition)

       ClientHttpConnectorFactoryConfiguration.HttpClient5:
          Did not match:
             - @ConditionalOnClass did not find required classes 'org.apache.hc.client5.http.impl.async.HttpAsyncClients', 'org.apache.hc.core5.http.nio.AsyncRequestProducer', 'org.apache.hc.core5.reactive.ReactiveResponseConsumer' (OnClassCondition)

       ClientHttpConnectorFactoryConfiguration.JdkClient:
          Did not match:
             - @ConditionalOnMissingBean (types: org.springframework.boot.autoconfigure.web.reactive.function.client.ClientHttpConnectorFactory; SearchStrategy: all) found beans of type 'org.springframework.boot.autoconfigure.web.reactive.function.client.ClientHttpConnectorFactory' reactorClientHttpConnectorFactory (OnBeanCondition)
          Matched:
             - @ConditionalOnClass found required class 'java.net.http.HttpClient' (OnClassCondition)

       CouchbaseAutoConfiguration:
          Did not match:
             - @ConditionalOnClass did not find required class 'com.couchbase.client.java.Cluster' (OnClassCondition)

       CouchbaseCacheConfiguration:
          Did not match:
             - @ConditionalOnClass did not find required class 'com.couchbase.client.java.Cluster' (OnClassCondition)

       CouchbaseDataAutoConfiguration:
          Did not match:
             - @ConditionalOnClass did not find required class 'com.couchbase.client.java.Bucket' (OnClassCondition)

       CouchbaseReactiveDataAutoConfiguration:
          Did not match:
             - @ConditionalOnClass did not find required class 'com.couchbase.client.java.Cluster' (OnClassCondition)

       CouchbaseReactiveRepositoriesAutoConfiguration:
          Did not match:
             - @ConditionalOnClass did not find required class 'com.couchbase.client.java.Cluster' (OnClassCondition)

       CouchbaseRepositoriesAutoConfiguration:
          Did not match:
             - @ConditionalOnClass did not find required class 'com.couchbase.client.java.Bucket' (OnClassCondition)

       DataInitializer:
          Did not match:
             - @ConditionalOnProperty (app.demo-data.enabled=true) did not find property 'app.demo-data.enabled' (OnPropertyCondition)

       DataSourceAutoConfiguration.EmbeddedDatabaseConfiguration:
          Did not match:
             - EmbeddedDataSource spring.datasource.url is set (DataSourceAutoConfiguration.EmbeddedDatabaseCondition)

       DataSourceCheckpointRestoreConfiguration:
          Did not match:
             - @ConditionalOnClass did not find required class 'org.crac.Resource' (OnClassCondition)

       DataSourceConfiguration.Dbcp2:
          Did not match:
             - @ConditionalOnClass did not find required class 'org.apache.commons.dbcp2.BasicDataSource' (OnClassCondition)

       DataSourceConfiguration.Generic:
          Did not match:
             - @ConditionalOnProperty (spring.datasource.type) did not find property 'spring.datasource.type' (OnPropertyCondition)

       DataSourceConfiguration.OracleUcp:
          Did not match:
             - @ConditionalOnClass did not find required classes 'oracle.ucp.jdbc.PoolDataSourceImpl', 'oracle.jdbc.OracleConnection' (OnClassCondition)

       DataSourceConfiguration.Tomcat:
          Did not match:
             - @ConditionalOnClass did not find required class 'org.apache.tomcat.jdbc.pool.DataSource' (OnClassCondition)

       DataSourceJmxConfiguration:
          Did not match:
             - @ConditionalOnProperty (spring.jmx.enabled=true) found different value in property 'enabled' (OnPropertyCondition)

       DataSourcePoolMetadataProvidersConfiguration.CommonsDbcp2PoolDataSourceMetadataProviderConfiguration:
          Did not match:
             - @ConditionalOnClass did not find required class 'org.apache.commons.dbcp2.BasicDataSource' (OnClassCondition)

       DataSourcePoolMetadataProvidersConfiguration.OracleUcpPoolDataSourceMetadataProviderConfiguration:
          Did not match:
             - @ConditionalOnClass did not find required classes 'oracle.ucp.jdbc.PoolDataSource', 'oracle.jdbc.OracleConnection' (OnClassCondition)

       DataSourcePoolMetadataProvidersConfiguration.TomcatDataSourcePoolMetadataProviderConfiguration:
          Did not match:
             - @ConditionalOnClass did not find required class 'org.apache.tomcat.jdbc.pool.DataSource' (OnClassCondition)

       DataSourceTransactionManagerAutoConfiguration.JdbcTransactionManagerConfiguration#transactionManager:
          Did not match:
             - @ConditionalOnMissingBean (types: org.springframework.transaction.TransactionManager; SearchStrategy: all) found beans of type 'org.springframework.transaction.TransactionManager' transactionManager (OnBeanCondition)

       DispatcherServletAutoConfiguration.DispatcherServletConfiguration#multipartResolver:
          Did not match:
             - @ConditionalOnBean (types: org.springframework.web.multipart.MultipartResolver; SearchStrategy: all) did not find any beans of type org.springframework.web.multipart.MultipartResolver (OnBeanCondition)

       ElasticsearchClientAutoConfiguration:
          Did not match:
             - @ConditionalOnClass did not find required class 'co.elastic.clients.elasticsearch.ElasticsearchClient' (OnClassCondition)

       ElasticsearchDataAutoConfiguration:
          Did not match:
             - @ConditionalOnClass did not find required class 'org.springframework.data.elasticsearch.client.elc.ElasticsearchTemplate' (OnClassCondition)

       ElasticsearchRepositoriesAutoConfiguration:
          Did not match:
             - @ConditionalOnClass did not find required class 'org.springframework.data.elasticsearch.repository.ElasticsearchRepository' (OnClassCondition)

       ElasticsearchRestClientAutoConfiguration:
          Did not match:
             - @ConditionalOnClass did not find required class 'org.elasticsearch.client.RestClientBuilder' (OnClassCondition)

       EmbeddedLdapAutoConfiguration:
          Did not match:
             - @ConditionalOnClass did not find required class 'com.unboundid.ldap.listener.InMemoryDirectoryServer' (OnClassCondition)

       EmbeddedWebServerFactoryCustomizerAutoConfiguration:
          Did not match:
             - Application is deployed as a WAR file. (OnWarDeploymentCondition)
          Matched:
             - @ConditionalOnWebApplication (required) found 'session' scope (OnWebApplicationCondition)

       ErrorWebFluxAutoConfiguration:
          Did not match:
             - not a reactive web application (OnWebApplicationCondition)
          Matched:
             - @ConditionalOnClass found required class 'org.springframework.web.reactive.config.WebFluxConfigurer' (OnClassCondition)

       FlywayAutoConfiguration:
          Did not match:
             - @ConditionalOnClass did not find required class 'org.flywaydb.core.Flyway' (OnClassCondition)

       FreeMarkerAutoConfiguration:
          Did not match:
             - @ConditionalOnClass did not find required class 'freemarker.template.Configuration' (OnClassCondition)

       GraphQlAutoConfiguration:
          Did not match:
             - @ConditionalOnClass did not find required class 'graphql.GraphQL' (OnClassCondition)

       GraphQlQueryByExampleAutoConfiguration:
          Did not match:
             - @ConditionalOnClass did not find required class 'graphql.GraphQL' (OnClassCondition)

       GraphQlQuerydslAutoConfiguration:
          Did not match:
             - @ConditionalOnClass did not find required class 'com.querydsl.core.Query' (OnClassCondition)

       GraphQlRSocketAutoConfiguration:
          Did not match:
             - @ConditionalOnClass did not find required class 'graphql.GraphQL' (OnClassCondition)

       GraphQlReactiveQueryByExampleAutoConfiguration:
          Did not match:
             - @ConditionalOnClass did not find required class 'graphql.GraphQL' (OnClassCondition)

       GraphQlReactiveQuerydslAutoConfiguration:
          Did not match:
             - @ConditionalOnClass did not find required class 'com.querydsl.core.Query' (OnClassCondition)

       GraphQlWebFluxAutoConfiguration:
          Did not match:
             - @ConditionalOnClass did not find required class 'graphql.GraphQL' (OnClassCondition)

       GraphQlWebFluxSecurityAutoConfiguration:
          Did not match:
             - @ConditionalOnClass did not find required class 'graphql.GraphQL' (OnClassCondition)

       GraphQlWebMvcAutoConfiguration:
          Did not match:
             - @ConditionalOnClass did not find required class 'graphql.GraphQL' (OnClassCondition)

       GraphQlWebMvcSecurityAutoConfiguration:
          Did not match:
             - @ConditionalOnClass did not find required class 'graphql.GraphQL' (OnClassCondition)

       GroovyTemplateAutoConfiguration:
          Did not match:
             - @ConditionalOnClass did not find required class 'groovy.text.markup.MarkupTemplateEngine' (OnClassCondition)

       GsonAutoConfiguration:
          Did not match:
             - @ConditionalOnClass did not find required class 'com.google.gson.Gson' (OnClassCondition)

       GsonHttpMessageConvertersConfiguration:
          Did not match:
             - @ConditionalOnClass did not find required class 'com.google.gson.Gson' (OnClassCondition)

       H2ConsoleAutoConfiguration:
          Did not match:
             - @ConditionalOnProperty (spring.h2.console.enabled=true) did not find property 'enabled' (OnPropertyCondition)
          Matched:
             - @ConditionalOnClass found required class 'org.h2.server.web.JakartaWebServlet' (OnClassCondition)
             - found 'session' scope (OnWebApplicationCondition)

       HazelcastAutoConfiguration:
          Did not match:
             - @ConditionalOnClass did not find required class 'com.hazelcast.core.HazelcastInstance' (OnClassCondition)

       HazelcastCacheConfiguration:
          Did not match:
             - @ConditionalOnClass did not find required class 'com.hazelcast.core.HazelcastInstance' (OnClassCondition)

       HazelcastJpaDependencyAutoConfiguration:
          Did not match:
             - @ConditionalOnClass did not find required class 'com.hazelcast.core.HazelcastInstance' (OnClassCondition)

       HttpHandlerAutoConfiguration:
          Did not match:
             - not a reactive web application (OnWebApplicationCondition)
          Matched:
             - @ConditionalOnClass found required classes 'org.springframework.web.reactive.DispatcherHandler', 'org.springframework.http.server.reactive.HttpHandler' (OnClassCondition)

       HypermediaAutoConfiguration:
          Did not match:
             - @ConditionalOnClass did not find required class 'org.springframework.hateoas.EntityModel' (OnClassCondition)

       InfinispanCacheConfiguration:
          Did not match:
             - @ConditionalOnClass did not find required class 'org.infinispan.spring.embedded.provider.SpringEmbeddedCacheManager' (OnClassCondition)

       InfluxDbAutoConfiguration:
          Did not match:
             - @ConditionalOnClass did not find required class 'org.influxdb.InfluxDB' (OnClassCondition)

       IntegrationAutoConfiguration:
          Did not match:
             - @ConditionalOnClass did not find required class 'org.springframework.integration.config.EnableIntegration' (OnClassCondition)

       JCacheCacheConfiguration:
          Did not match:
             - @ConditionalOnClass did not find required class 'javax.cache.Caching' (OnClassCondition)

       JacksonAutoConfiguration.JacksonObjectMapperConfiguration#jacksonObjectMapper:
          Did not match:
             - @ConditionalOnMissingBean (types: com.fasterxml.jackson.databind.ObjectMapper; SearchStrategy: all) found beans of type 'com.fasterxml.jackson.databind.ObjectMapper' objectMapper (OnBeanCondition)

       JacksonHttpMessageConvertersConfiguration.MappingJackson2XmlHttpMessageConverterConfiguration:
          Did not match:
             - @ConditionalOnClass did not find required class 'com.fasterxml.jackson.dataformat.xml.XmlMapper' (OnClassCondition)

       JdbcRepositoriesAutoConfiguration:
          Did not match:
             - @ConditionalOnClass did not find required class 'org.springframework.data.jdbc.repository.config.AbstractJdbcConfiguration' (OnClassCondition)

       JedisConnectionConfiguration:
          Did not match:
             - @ConditionalOnClass did not find required classes 'org.apache.commons.pool2.impl.GenericObjectPool', 'redis.clients.jedis.Jedis' (OnClassCondition)

       JerseyAutoConfiguration:
          Did not match:
             - @ConditionalOnClass did not find required class 'org.glassfish.jersey.server.spring.SpringComponentProvider' (OnClassCondition)

       JmsAutoConfiguration:
          Did not match:
             - @ConditionalOnClass did not find required class 'jakarta.jms.Message' (OnClassCondition)

       JmxAutoConfiguration:
          Did not match:
             - @ConditionalOnProperty (spring.jmx.enabled=true) found different value in property 'enabled' (OnPropertyCondition)
          Matched:
             - @ConditionalOnClass found required class 'org.springframework.jmx.export.MBeanExporter' (OnClassCondition)

       JndiConnectionFactoryAutoConfiguration:
          Did not match:
             - @ConditionalOnClass did not find required class 'org.springframework.jms.core.JmsTemplate' (OnClassCondition)

       JndiDataSourceAutoConfiguration:
          Did not match:
             - @ConditionalOnProperty (spring.datasource.jndi-name) did not find property 'jndi-name' (OnPropertyCondition)
          Matched:
             - @ConditionalOnClass found required classes 'javax.sql.DataSource', 'org.springframework.jdbc.datasource.embedded.EmbeddedDatabaseType' (OnClassCondition)

       JndiJtaConfiguration:
          Did not match:
             - @ConditionalOnJndi JNDI environment is not available (OnJndiCondition)
          Matched:
             - @ConditionalOnClass found required class 'org.springframework.transaction.jta.JtaTransactionManager' (OnClassCondition)

       JooqAutoConfiguration:
          Did not match:
             - @ConditionalOnClass did not find required class 'org.jooq.DSLContext' (OnClassCondition)

       JpaBaseConfiguration.JpaWebConfiguration:
          Did not match:
             - @ConditionalOnProperty (spring.jpa.open-in-view=true) found different value in property 'open-in-view' (OnPropertyCondition)
          Matched:
             - @ConditionalOnClass found required class 'org.springframework.web.servlet.config.annotation.WebMvcConfigurer' (OnClassCondition)
             - found 'session' scope (OnWebApplicationCondition)

       JpaRepositoriesAutoConfiguration#entityManagerFactoryBootstrapExecutorCustomizer:
          Did not match:
             - AnyNestedCondition 0 matched 2 did not; NestedCondition on JpaRepositoriesAutoConfiguration.BootstrapExecutorCondition.LazyBootstrapMode @ConditionalOnProperty (spring.data.jpa.repositories.bootstrap-mode=lazy) did not find property 'bootstrap-mode'; NestedCondition on JpaRepositoriesAutoConfiguration.BootstrapExecutorCondition.DeferredBootstrapMode @ConditionalOnProperty (spring.data.jpa.repositories.bootstrap-mode=deferred) did not find property 'bootstrap-mode' (JpaRepositoriesAutoConfiguration.BootstrapExecutorCondition)

       JsonbAutoConfiguration:
          Did not match:
             - @ConditionalOnClass did not find required class 'jakarta.json.bind.Jsonb' (OnClassCondition)

       JsonbHttpMessageConvertersConfiguration:
          Did not match:
             - @ConditionalOnClass did not find required class 'jakarta.json.bind.Jsonb' (OnClassCondition)

       KafkaAutoConfiguration:
          Did not match:
             - @ConditionalOnClass did not find required class 'org.springframework.kafka.core.KafkaTemplate' (OnClassCondition)

       LdapAutoConfiguration:
          Did not match:
             - @ConditionalOnClass did not find required class 'org.springframework.ldap.core.ContextSource' (OnClassCondition)

       LdapRepositoriesAutoConfiguration:
          Did not match:
             - @ConditionalOnClass did not find required class 'org.springframework.data.ldap.repository.LdapRepository' (OnClassCondition)

       LettuceConnectionConfiguration#redisConnectionFactoryVirtualThreads:
          Did not match:
             - @ConditionalOnMissingBean (types: org.springframework.data.redis.connection.RedisConnectionFactory; SearchStrategy: all) found beans of type 'org.springframework.data.redis.connection.RedisConnectionFactory' redisConnectionFactory (OnBeanCondition)

       LiquibaseAutoConfiguration:
          Did not match:
             - @ConditionalOnClass did not find required class 'liquibase.change.DatabaseChange' (OnClassCondition)

       MailSenderAutoConfiguration:
          Did not match:
             - @ConditionalOnClass did not find required class 'jakarta.mail.internet.MimeMessage' (OnClassCondition)

       MailSenderValidatorAutoConfiguration:
          Did not match:
             - @ConditionalOnProperty (spring.mail.test-connection) did not find property 'test-connection' (OnPropertyCondition)

       MessageSourceAutoConfiguration:
          Did not match:
             - ResourceBundle did not find bundle with basename messages (MessageSourceAutoConfiguration.ResourceBundleCondition)

       MongoAutoConfiguration:
          Did not match:
             - @ConditionalOnClass did not find required class 'com.mongodb.client.MongoClient' (OnClassCondition)

       MongoDataAutoConfiguration:
          Did not match:
             - @ConditionalOnClass did not find required class 'com.mongodb.client.MongoClient' (OnClassCondition)

       MongoReactiveAutoConfiguration:
          Did not match:
             - @ConditionalOnClass did not find required class 'com.mongodb.reactivestreams.client.MongoClient' (OnClassCondition)

       MongoReactiveDataAutoConfiguration:
          Did not match:
             - @ConditionalOnClass did not find required class 'com.mongodb.reactivestreams.client.MongoClient' (OnClassCondition)

       MongoReactiveRepositoriesAutoConfiguration:
          Did not match:
             - @ConditionalOnClass did not find required class 'com.mongodb.reactivestreams.client.MongoClient' (OnClassCondition)

       MongoRepositoriesAutoConfiguration:
          Did not match:
             - @ConditionalOnClass did not find required class 'com.mongodb.client.MongoClient' (OnClassCondition)

       MultipleOpenApiSupportConfiguration:
          Did not match:
             - AnyNestedCondition 0 matched 2 did not; NestedCondition on MultipleOpenApiSupportCondition.OnActuatorDifferentPort @ConditionalOnProperty (springdoc.show-actuator) did not find property 'springdoc.show-actuator'; NestedCondition on MultipleOpenApiSupportCondition.OnMultipleOpenApiSupportCondition AnyNestedCondition 0 matched 3 did not; NestedCondition on MultipleOpenApiGroupsCondition.OnListGroupedOpenApiBean @ConditionalOnBean (types: org.springdoc.core.models.GroupedOpenApi; SearchStrategy: all) did not find any beans of type org.springdoc.core.models.GroupedOpenApi; NestedCondition on MultipleOpenApiGroupsCondition.OnGroupConfigProperty @ConditionalOnProperty (springdoc.group-configs[0].group) did not find property 'springdoc.group-configs[0].group'; NestedCondition on MultipleOpenApiGroupsCondition.OnGroupedOpenApiBean @ConditionalOnBean (types: org.springdoc.core.models.GroupedOpenApi; SearchStrategy: all) did not find any beans of type org.springdoc.core.models.GroupedOpenApi (MultipleOpenApiSupportCondition)
          Matched:
             - found 'session' scope (OnWebApplicationCondition)
             - @ConditionalOnProperty (springdoc.api-docs.enabled) matched (OnPropertyCondition)

       MultipleOpenApiSupportConfiguration.SpringDocWebMvcActuatorDifferentConfiguration:
          Did not match:
             - @ConditionalOnClass did not find required class 'org.springframework.boot.actuate.endpoint.web.servlet.WebMvcEndpointHandlerMapping' (OnClassCondition)
             - Ancestor org.springdoc.webmvc.core.configuration.MultipleOpenApiSupportConfiguration did not match (ConditionEvaluationReport.AncestorsMatchedCondition)

       MustacheAutoConfiguration:
          Did not match:
             - @ConditionalOnClass did not find required class 'com.samskivert.mustache.Mustache' (OnClassCondition)

       Neo4jAutoConfiguration:
          Did not match:
             - @ConditionalOnClass did not find required class 'org.neo4j.driver.Driver' (OnClassCondition)

       Neo4jDataAutoConfiguration:
          Did not match:
             - @ConditionalOnClass did not find required class 'org.neo4j.driver.Driver' (OnClassCondition)

       Neo4jReactiveDataAutoConfiguration:
          Did not match:
             - @ConditionalOnClass did not find required class 'org.neo4j.driver.Driver' (OnClassCondition)

       Neo4jReactiveRepositoriesAutoConfiguration:
          Did not match:
             - @ConditionalOnClass did not find required class 'org.neo4j.driver.Driver' (OnClassCondition)

       Neo4jRepositoriesAutoConfiguration:
          Did not match:
             - @ConditionalOnClass did not find required class 'org.neo4j.driver.Driver' (OnClassCondition)

       OAuth2AuthorizationServerAutoConfiguration:
          Did not match:
             - @ConditionalOnClass did not find required class 'org.springframework.security.oauth2.server.authorization.OAuth2Authorization' (OnClassCondition)

       OAuth2AuthorizationServerJwtAutoConfiguration:
          Did not match:
             - @ConditionalOnClass did not find required class 'org.springframework.security.oauth2.server.authorization.OAuth2Authorization' (OnClassCondition)

       OAuth2ClientAutoConfiguration:
          Did not match:
             - @ConditionalOnClass did not find required class 'org.springframework.security.oauth2.client.registration.ClientRegistration' (OnClassCondition)

       OAuth2ResourceServerAutoConfiguration:
          Did not match:
             - @ConditionalOnClass did not find required class 'org.springframework.security.oauth2.server.resource.authentication.BearerTokenAuthenticationToken' (OnClassCondition)

       ProjectInfoAutoConfiguration#buildProperties:
          Did not match:
             - @ConditionalOnResource did not find resource '${spring.info.build.location:classpath:META-INF/build-info.properties}' (OnResourceCondition)

       ProjectInfoAutoConfiguration#gitProperties:
          Did not match:
             - GitResource did not find git info at classpath:git.properties (ProjectInfoAutoConfiguration.GitResourceAvailableCondition)

       PulsarAutoConfiguration:
          Did not match:
             - @ConditionalOnClass did not find required class 'org.apache.pulsar.client.api.PulsarClient' (OnClassCondition)

       PulsarReactiveAutoConfiguration:
          Did not match:
             - @ConditionalOnClass did not find required class 'org.apache.pulsar.client.api.PulsarClient' (OnClassCondition)

       QuartzAutoConfiguration:
          Did not match:
             - @ConditionalOnClass did not find required class 'org.quartz.Scheduler' (OnClassCondition)

       R2dbcAutoConfiguration:
          Did not match:
             - @ConditionalOnClass did not find required class 'io.r2dbc.spi.ConnectionFactory' (OnClassCondition)

       R2dbcDataAutoConfiguration:
          Did not match:
             - @ConditionalOnClass did not find required class 'org.springframework.data.r2dbc.core.R2dbcEntityTemplate' (OnClassCondition)

       R2dbcInitializationConfiguration:
          Did not match:
             - @ConditionalOnClass did not find required classes 'io.r2dbc.spi.ConnectionFactory', 'org.springframework.r2dbc.connection.init.DatabasePopulator' (OnClassCondition)

       R2dbcRepositoriesAutoConfiguration:
          Did not match:
             - @ConditionalOnClass did not find required class 'io.r2dbc.spi.ConnectionFactory' (OnClassCondition)

       R2dbcTransactionManagerAutoConfiguration:
          Did not match:
             - @ConditionalOnClass did not find required class 'org.springframework.r2dbc.connection.R2dbcTransactionManager' (OnClassCondition)

       RSocketGraphQlClientAutoConfiguration:
          Did not match:
             - @ConditionalOnClass did not find required class 'graphql.GraphQL' (OnClassCondition)

       RSocketMessagingAutoConfiguration:
          Did not match:
             - @ConditionalOnClass did not find required class 'io.rsocket.RSocket' (OnClassCondition)

       RSocketRequesterAutoConfiguration:
          Did not match:
             - @ConditionalOnClass did not find required class 'io.rsocket.RSocket' (OnClassCondition)

       RSocketSecurityAutoConfiguration:
          Did not match:
             - @ConditionalOnClass did not find required class 'org.springframework.security.rsocket.core.SecuritySocketAcceptorInterceptor' (OnClassCondition)

       RSocketServerAutoConfiguration:
          Did not match:
             - @ConditionalOnClass did not find required class 'io.rsocket.core.RSocketServer' (OnClassCondition)

       RSocketStrategiesAutoConfiguration:
          Did not match:
             - @ConditionalOnClass did not find required class 'io.rsocket.RSocket' (OnClassCondition)

       RabbitAutoConfiguration:
          Did not match:
             - @ConditionalOnClass did not find required class 'com.rabbitmq.client.Channel' (OnClassCondition)

       ReactiveElasticsearchClientAutoConfiguration:
          Did not match:
             - @ConditionalOnClass did not find required class 'co.elastic.clients.transport.ElasticsearchTransport' (OnClassCondition)

       ReactiveElasticsearchRepositoriesAutoConfiguration:
          Did not match:
             - @ConditionalOnClass did not find required class 'org.springframework.data.elasticsearch.client.elc.ReactiveElasticsearchClient' (OnClassCondition)

       ReactiveMultipartAutoConfiguration:
          Did not match:
             - not a reactive web application (OnWebApplicationCondition)
          Matched:
             - @ConditionalOnClass found required classes 'org.springframework.http.codec.multipart.DefaultPartHttpMessageReader', 'org.springframework.web.reactive.config.WebFluxConfigurer' (OnClassCondition)

       ReactiveOAuth2ClientAutoConfiguration:
          Did not match:
             - @ConditionalOnClass did not find required class 'org.springframework.security.oauth2.client.registration.ClientRegistration' (OnClassCondition)

       ReactiveOAuth2ResourceServerAutoConfiguration:
          Did not match:
             - not a reactive web application (OnWebApplicationCondition)
          Matched:
             - @ConditionalOnClass found required class 'org.springframework.security.config.annotation.web.reactive.EnableWebFluxSecurity' (OnClassCondition)

       ReactiveSecurityAutoConfiguration.SpringBootWebFluxSecurityConfiguration:
          Did not match:
             - not a reactive web application (OnWebApplicationCondition)

       ReactiveUserDetailsServiceAutoConfiguration:
          Did not match:
             - AnyNestedCondition 0 matched 2 did not; NestedCondition on ReactiveUserDetailsServiceAutoConfiguration.RSocketEnabledOrReactiveWebApplication.ReactiveWebApplicationCondition not a reactive web application; NestedCondition on ReactiveUserDetailsServiceAutoConfiguration.RSocketEnabledOrReactiveWebApplication.RSocketSecurityEnabledCondition @ConditionalOnBean (types: org.springframework.messaging.rsocket.annotation.support.RSocketMessageHandler; SearchStrategy: all) did not find any beans of type org.springframework.messaging.rsocket.annotation.support.RSocketMessageHandler (ReactiveUserDetailsServiceAutoConfiguration.RSocketEnabledOrReactiveWebApplication)
          Matched:
             - @ConditionalOnClass found required class 'org.springframework.security.authentication.ReactiveAuthenticationManager' (OnClassCondition)
             - AnyNestedCondition 1 matched 2 did not; NestedCondition on ReactiveUserDetailsServiceAutoConfiguration.MissingAlternativeOrUserPropertiesConfigured.PasswordConfigured @ConditionalOnProperty (spring.security.user.password) did not find property 'password'; NestedCondition on ReactiveUserDetailsServiceAutoConfiguration.MissingAlternativeOrUserPropertiesConfigured.NameConfigured @ConditionalOnProperty (spring.security.user.name) did not find property 'name'; NestedCondition on ReactiveUserDetailsServiceAutoConfiguration.MissingAlternativeOrUserPropertiesConfigured.MissingAlternative @ConditionalOnMissingClass did not find unwanted classes 'org.springframework.security.oauth2.client.registration.ClientRegistrationRepository', 'org.springframework.security.oauth2.server.resource.introspection.ReactiveOpaqueTokenIntrospector' (ReactiveUserDetailsServiceAutoConfiguration.MissingAlternativeOrUserPropertiesConfigured)

       ReactiveWebServerFactoryAutoConfiguration:
          Did not match:
             - not a reactive web application (OnWebApplicationCondition)
          Matched:
             - @ConditionalOnClass found required class 'org.springframework.http.ReactiveHttpInputMessage' (OnClassCondition)

       RepositoryRestMvcAutoConfiguration:
          Did not match:
             - @ConditionalOnClass did not find required class 'org.springframework.data.rest.webmvc.config.RepositoryRestMvcConfiguration' (OnClassCondition)

       Saml2RelyingPartyAutoConfiguration:
          Did not match:
             - @ConditionalOnClass did not find required class 'org.springframework.security.saml2.provider.service.registration.RelyingPartyRegistrationRepository' (OnClassCondition)

       SecurityDataConfiguration:
          Did not match:
             - @ConditionalOnClass did not find required class 'org.springframework.security.data.repository.query.SecurityEvaluationContextExtension' (OnClassCondition)

       SendGridAutoConfiguration:
          Did not match:
             - @ConditionalOnClass did not find required class 'com.sendgrid.SendGrid' (OnClassCondition)

       ServletWebServerFactoryAutoConfiguration.ForwardedHeaderFilterConfiguration:
          Did not match:
             - @ConditionalOnProperty (server.forward-headers-strategy=framework) did not find property 'server.forward-headers-strategy' (OnPropertyCondition)

       ServletWebServerFactoryConfiguration.EmbeddedJetty:
          Did not match:
             - @ConditionalOnClass did not find required classes 'org.eclipse.jetty.server.Server', 'org.eclipse.jetty.util.Loader', 'org.eclipse.jetty.ee10.webapp.WebAppContext' (OnClassCondition)

       ServletWebServerFactoryConfiguration.EmbeddedUndertow:
          Did not match:
             - @ConditionalOnClass did not find required classes 'io.undertow.Undertow', 'org.xnio.SslClientAuthMode' (OnClassCondition)

       SessionAutoConfiguration:
          Did not match:
             - @ConditionalOnClass did not find required class 'org.springframework.session.Session' (OnClassCondition)

       SpringApplicationAdminJmxAutoConfiguration:
          Did not match:
             - @ConditionalOnProperty (spring.application.admin.enabled=true) did not find property 'enabled' (OnPropertyCondition)

       SpringBootWebSecurityConfiguration.SecurityFilterChainConfiguration:
          Did not match:
             - AllNestedConditions 1 matched 1 did not; NestedCondition on DefaultWebSecurityCondition.Beans @ConditionalOnMissingBean (types: org.springframework.security.web.SecurityFilterChain; SearchStrategy: all) found beans of type 'org.springframework.security.web.SecurityFilterChain' filterChain; NestedCondition on DefaultWebSecurityCondition.Classes @ConditionalOnClass found required classes 'org.springframework.security.web.SecurityFilterChain', 'org.springframework.security.config.annotation.web.builders.HttpSecurity' (DefaultWebSecurityCondition)

       SpringBootWebSecurityConfiguration.WebSecurityEnablerConfiguration:
          Did not match:
             - @ConditionalOnMissingBean (names: springSecurityFilterChain; SearchStrategy: all) found beans named springSecurityFilterChain (OnBeanCondition)
          Matched:
             - @ConditionalOnClass found required class 'org.springframework.security.config.annotation.web.configuration.EnableWebSecurity' (OnClassCondition)

       SpringDocConfiguration#propertiesResolverForSchema:
          Did not match:
             - @ConditionalOnProperty (springdoc.api-docs.resolve-schema-properties) did not find property 'springdoc.api-docs.resolve-schema-properties' (OnPropertyCondition)

       SpringDocConfiguration#propertyCustomizingConverter:
          Did not match:
             - @ConditionalOnBean (types: org.springdoc.core.customizers.PropertyCustomizer; SearchStrategy: all) did not find any beans of type org.springdoc.core.customizers.PropertyCustomizer (OnBeanCondition)

       SpringDocConfiguration#springdocBeanFactoryPostProcessor:
          Did not match:
             - AnyNestedCondition 0 matched 2 did not; NestedCondition on CacheOrGroupedOpenApiCondition.OnCacheDisabled found non-matching nested conditions @ConditionalOnProperty (springdoc.cache.disabled) did not find property 'springdoc.cache.disabled'; NestedCondition on CacheOrGroupedOpenApiCondition.OnMultipleOpenApiSupportCondition AnyNestedCondition 0 matched 2 did not; NestedCondition on MultipleOpenApiSupportCondition.OnActuatorDifferentPort @ConditionalOnProperty (springdoc.show-actuator) did not find property 'springdoc.show-actuator'; NestedCondition on MultipleOpenApiSupportCondition.OnMultipleOpenApiSupportCondition AnyNestedCondition 0 matched 3 did not; NestedCondition on MultipleOpenApiGroupsCondition.OnListGroupedOpenApiBean @ConditionalOnBean (types: org.springdoc.core.models.GroupedOpenApi; SearchStrategy: all) did not find any beans of type org.springdoc.core.models.GroupedOpenApi; NestedCondition on MultipleOpenApiGroupsCondition.OnGroupConfigProperty @ConditionalOnProperty (springdoc.group-configs[0].group) did not find property 'springdoc.group-configs[0].group'; NestedCondition on MultipleOpenApiGroupsCondition.OnGroupedOpenApiBean @ConditionalOnBean (types: org.springdoc.core.models.GroupedOpenApi; SearchStrategy: all) did not find any beans of type org.springdoc.core.models.GroupedOpenApi (CacheOrGroupedOpenApiCondition)
          Matched:
             - @ConditionalOnClass found required class 'org.springframework.boot.context.properties.bind.BindResult' (OnClassCondition)

       SpringDocConfiguration#springdocBeanFactoryPostProcessor2:
          Did not match:
             - @ConditionalOnMissingClass found unwanted class 'org.springframework.boot.context.properties.bind.BindResult' (OnClassCondition)

       SpringDocConfiguration.SpringDocActuatorConfiguration:
          Did not match:
             - @ConditionalOnClass did not find required class 'org.springframework.boot.actuate.autoconfigure.endpoint.web.WebEndpointProperties' (OnClassCondition)

       SpringDocConfiguration.SpringDocRepositoryRestConfiguration:
          Did not match:
             - @ConditionalOnClass did not find required class 'org.springframework.data.rest.core.config.RepositoryRestConfiguration' (OnClassCondition)

       SpringDocDataRestConfiguration:
          Did not match:
             - @ConditionalOnClass did not find required class 'org.springframework.data.rest.core.config.RepositoryRestConfiguration' (OnClassCondition)

       SpringDocFunctionCatalogConfiguration:
          Did not match:
             - @ConditionalOnClass did not find required class 'org.springframework.cloud.function.web.function.FunctionEndpointInitializer' (OnClassCondition)

       SpringDocGroovyConfiguration:
          Did not match:
             - @ConditionalOnClass did not find required class 'groovy.lang.MetaClass' (OnClassCondition)

       SpringDocHateoasConfiguration:
          Did not match:
             - @ConditionalOnClass did not find required class 'org.springframework.hateoas.server.LinkRelationProvider' (OnClassCondition)

       SpringDocJacksonKotlinModuleConfiguration:
          Did not match:
             - @ConditionalOnClass did not find required class 'com.fasterxml.jackson.module.kotlin.KotlinModule' (OnClassCondition)

       SpringDocJavadocConfiguration:
          Did not match:
             - @ConditionalOnClass did not find required class 'com.github.therapi.runtimejavadoc.CommentFormatter' (OnClassCondition)

       SpringDocKotlinConfiguration:
          Did not match:
             - @ConditionalOnClass did not find required class 'kotlin.coroutines.Continuation' (OnClassCondition)

       SpringDocKotlinxConfiguration:
          Did not match:
             - @ConditionalOnClass did not find required class 'kotlinx.coroutines.flow.Flow' (OnClassCondition)

       SpringDocSecurityConfiguration.SpringDocSecurityOAuth2ClientConfiguration:
          Did not match:
             - @ConditionalOnClass did not find required class 'org.springframework.security.oauth2.client.annotation.RegisteredOAuth2AuthorizedClient' (OnClassCondition)

       SpringDocSecurityConfiguration.SpringDocSecurityOAuth2Configuration:
          Did not match:
             - @ConditionalOnClass did not find required class 'org.springframework.security.oauth2.server.authorization.OAuth2AuthorizationService' (OnClassCondition)

       SpringDocSecurityConfiguration.SpringSecurityLoginEndpointConfiguration#springSecurityLoginEndpointCustomiser:
          Did not match:
             - @ConditionalOnProperty (springdoc.show-login-endpoint) did not find property 'springdoc.show-login-endpoint' (OnPropertyCondition)

       SpringDocSortConfiguration#delegatingMethodParameterCustomizer:
          Did not match:
             - @ConditionalOnMissingBean (types: org.springdoc.core.customizers.DelegatingMethodParameterCustomizer; SearchStrategy: all) found beans of type 'org.springdoc.core.customizers.DelegatingMethodParameterCustomizer' delegatingMethodParameterCustomizer (OnBeanCondition)

       SpringDocWebMvcConfiguration.SpringDocWebMvcActuatorConfiguration:
          Did not match:
             - @ConditionalOnClass did not find required class 'org.springframework.boot.actuate.endpoint.web.servlet.WebMvcEndpointHandlerMapping' (OnClassCondition)

       SwaggerConfig#springWebProvider:
          Did not match:
             - @ConditionalOnMissingBean (types: org.springdoc.core.providers.SpringWebProvider; SearchStrategy: all) found beans of type 'org.springdoc.core.providers.SpringWebProvider' springWebProvider (OnBeanCondition)

       SwaggerConfig#swaggerUiConfigParameters:
          Did not match:
             - @ConditionalOnMissingBean (types: org.springdoc.core.properties.SwaggerUiConfigParameters; SearchStrategy: all) found beans of type 'org.springdoc.core.properties.SwaggerUiConfigParameters' org.springdoc.core.properties.SwaggerUiConfigParameters (OnBeanCondition)

       SwaggerConfig#swaggerUiHome:
          Did not match:
             - @ConditionalOnProperty (springdoc.swagger-ui.use-root-path=true) did not find property 'springdoc.swagger-ui.use-root-path' (OnPropertyCondition)

       SwaggerConfig.SwaggerActuatorWelcomeConfiguration:
          Did not match:
             - @ConditionalOnClass did not find required class 'org.springframework.boot.actuate.endpoint.web.servlet.WebMvcEndpointHandlerMapping' (OnClassCondition)

       TaskExecutorConfigurations.SimpleAsyncTaskExecutorBuilderConfiguration#simpleAsyncTaskExecutorBuilderVirtualThreads:
          Did not match:
             - @ConditionalOnMissingBean (types: org.springframework.boot.task.SimpleAsyncTaskExecutorBuilder; SearchStrategy: all) found beans of type 'org.springframework.boot.task.SimpleAsyncTaskExecutorBuilder' simpleAsyncTaskExecutorBuilder (OnBeanCondition)

       TaskExecutorConfigurations.TaskExecutorConfiguration:
          Did not match:
             - @ConditionalOnMissingBean (types: java.util.concurrent.Executor; SearchStrategy: all) found beans of type 'java.util.concurrent.Executor' notificationExecutor, iotTaskExecutor (OnBeanCondition)

       TaskSchedulingConfigurations.SimpleAsyncTaskSchedulerBuilderConfiguration#simpleAsyncTaskSchedulerBuilderVirtualThreads:
          Did not match:
             - @ConditionalOnMissingBean (types: org.springframework.boot.task.SimpleAsyncTaskSchedulerBuilder; SearchStrategy: all) found beans of type 'org.springframework.boot.task.SimpleAsyncTaskSchedulerBuilder' simpleAsyncTaskSchedulerBuilder (OnBeanCondition)

       TaskSchedulingConfigurations.TaskSchedulerConfiguration#taskSchedulerVirtualThreads:
          Did not match:
             - @ConditionalOnThreading did not find VIRTUAL (OnThreadingCondition)

       ThymeleafAutoConfiguration:
          Did not match:
             - @ConditionalOnClass did not find required class 'org.thymeleaf.spring6.SpringTemplateEngine' (OnClassCondition)

       TransactionAutoConfiguration#transactionalOperator:
          Did not match:
             - @ConditionalOnSingleCandidate (types: org.springframework.transaction.ReactiveTransactionManager; SearchStrategy: all) did not find any beans (OnBeanCondition)

       TransactionAutoConfiguration.AspectJTransactionManagementConfiguration:
          Did not match:
             - @ConditionalOnBean (types: org.springframework.transaction.aspectj.AbstractTransactionAspect; SearchStrategy: all) did not find any beans of type org.springframework.transaction.aspectj.AbstractTransactionAspect (OnBeanCondition)

       TransactionAutoConfiguration.EnableTransactionManagementConfiguration.JdkDynamicAutoProxyConfiguration:
          Did not match:
             - @ConditionalOnProperty (spring.aop.proxy-target-class=false) did not find property 'proxy-target-class' (OnPropertyCondition)

       UserDetailsServiceAutoConfiguration:
          Did not match:
             - @ConditionalOnMissingBean (types: org.springframework.security.authentication.AuthenticationManager,org.springframework.security.authentication.AuthenticationProvider,org.springframework.security.core.userdetails.UserDetailsService,org.springframework.security.authentication.AuthenticationManagerResolver,org.springframework.security.oauth2.jwt.JwtDecoder; SearchStrategy: all) found beans of type 'org.springframework.security.authentication.AuthenticationManager' authenticationManager and found beans of type 'org.springframework.security.core.userdetails.UserDetailsService' customUserDetailsService (OnBeanCondition)
          Matched:
             - @ConditionalOnClass found required class 'org.springframework.security.authentication.AuthenticationManager' (OnClassCondition)
             - AnyNestedCondition 1 matched 2 did not; NestedCondition on UserDetailsServiceAutoConfiguration.MissingAlternativeOrUserPropertiesConfigured.PasswordConfigured @ConditionalOnProperty (spring.security.user.password) did not find property 'password'; NestedCondition on UserDetailsServiceAutoConfiguration.MissingAlternativeOrUserPropertiesConfigured.NameConfigured @ConditionalOnProperty (spring.security.user.name) did not find property 'name'; NestedCondition on UserDetailsServiceAutoConfiguration.MissingAlternativeOrUserPropertiesConfigured.MissingAlternative @ConditionalOnMissingClass did not find unwanted classes 'org.springframework.security.oauth2.client.registration.ClientRegistrationRepository', 'org.springframework.security.oauth2.server.resource.introspection.OpaqueTokenIntrospector', 'org.springframework.security.saml2.provider.service.registration.RelyingPartyRegistrationRepository' (UserDetailsServiceAutoConfiguration.MissingAlternativeOrUserPropertiesConfigured)

       WebFluxAutoConfiguration:
          Did not match:
             - not a reactive web application (OnWebApplicationCondition)
          Matched:
             - @ConditionalOnClass found required class 'org.springframework.web.reactive.config.WebFluxConfigurer' (OnClassCondition)

       WebMvcAutoConfiguration#hiddenHttpMethodFilter:
          Did not match:
             - @ConditionalOnProperty (spring.mvc.hiddenmethod.filter.enabled) did not find property 'enabled' (OnPropertyCondition)

       WebMvcAutoConfiguration.ProblemDetailsErrorHandlingConfiguration:
          Did not match:
             - @ConditionalOnProperty (spring.mvc.problemdetails.enabled=true) did not find property 'enabled' (OnPropertyCondition)

       WebMvcAutoConfiguration.ResourceChainCustomizerConfiguration:
          Did not match:
             - @ConditionalOnEnabledResourceChain did not find class org.webjars.WebJarAssetLocator (OnEnabledResourceChainCondition)

       WebMvcAutoConfiguration.WebMvcAutoConfigurationAdapter#beanNameViewResolver:
          Did not match:
             - @ConditionalOnMissingBean (types: org.springframework.web.servlet.view.BeanNameViewResolver; SearchStrategy: all) found beans of type 'org.springframework.web.servlet.view.BeanNameViewResolver' beanNameViewResolver (OnBeanCondition)

       WebServiceTemplateAutoConfiguration:
          Did not match:
             - @ConditionalOnClass did not find required class 'org.springframework.ws.client.core.WebServiceTemplate' (OnClassCondition)

       WebServicesAutoConfiguration:
          Did not match:
             - @ConditionalOnClass did not find required class 'org.springframework.ws.transport.http.MessageDispatcherServlet' (OnClassCondition)

       WebSessionIdResolverAutoConfiguration:
          Did not match:
             - not a reactive web application (OnWebApplicationCondition)
          Matched:
             - @ConditionalOnClass found required classes 'org.springframework.web.server.session.WebSessionManager', 'reactor.core.publisher.Mono' (OnClassCondition)

       WebSocketMessagingAutoConfiguration:
          Did not match:
             - @ConditionalOnClass did not find required class 'org.springframework.web.socket.config.annotation.WebSocketMessageBrokerConfigurer' (OnClassCondition)

       WebSocketReactiveAutoConfiguration:
          Did not match:
             - not a reactive web application (OnWebApplicationCondition)
          Matched:
             - @ConditionalOnClass found required classes 'jakarta.servlet.Servlet', 'jakarta.websocket.server.ServerContainer' (OnClassCondition)

       WebSocketServletAutoConfiguration.JettyWebSocketConfiguration:
          Did not match:
             - @ConditionalOnClass did not find required class 'org.eclipse.jetty.ee10.websocket.jakarta.server.config.JakartaWebSocketServletContainerInitializer' (OnClassCondition)

       WebSocketServletAutoConfiguration.UndertowWebSocketConfiguration:
          Did not match:
             - @ConditionalOnClass did not find required class 'io.undertow.websockets.jsr.Bootstrap' (OnClassCondition)

       XADataSourceAutoConfiguration:
          Did not match:
             - @ConditionalOnBean (types: org.springframework.boot.jdbc.XADataSourceWrapper; SearchStrategy: all) did not find any beans of type org.springframework.boot.jdbc.XADataSourceWrapper (OnBeanCondition)
          Matched:
             - @ConditionalOnClass found required classes 'javax.sql.DataSource', 'jakarta.transaction.TransactionManager', 'org.springframework.jdbc.datasource.embedded.EmbeddedDatabaseType' (OnClassCondition)


    Exclusions:
    -----------

        None


    Unconditional classes:
    ----------------------

        org.springframework.boot.autoconfigure.context.ConfigurationPropertiesAutoConfiguration

        org.springframework.boot.autoconfigure.ssl.SslAutoConfiguration

        org.springframework.boot.autoconfigure.context.PropertyPlaceholderAutoConfiguration

        org.springframework.boot.autoconfigure.context.LifecycleAutoConfiguration

        org.springdoc.core.configuration.SpringDocSpecPropertiesConfiguration

        org.springframework.boot.autoconfigure.availability.ApplicationAvailabilityAutoConfiguration

        org.springframework.boot.autoconfigure.info.ProjectInfoAutoConfiguration




CoLivingApplicationTest STANDARD_OUT
    2026-04-13T12:41:29.533+09:00  INFO 4752 --- [    Test worker] .s.b.a.l.ConditionEvaluationReportLogger : 

    Error starting ApplicationContext. To display the condition evaluation report re-run your application with 'debug' enabled.
    2026-04-13T12:41:29.584+09:00 ERROR 4752 --- [    Test worker] o.s.boot.SpringApplication               : Application run failed

    org.springframework.context.ApplicationContextException: Failed to start bean 'notificationRedisMessageListenerContainer'
    	at org.springframework.context.support.DefaultLifecycleProcessor.doStart(DefaultLifecycleProcessor.java:288) ~[spring-context-6.1.18.jar:6.1.18]
    	at org.springframework.context.support.DefaultLifecycleProcessor$LifecycleGroup.start(DefaultLifecycleProcessor.java:472) ~[spring-context-6.1.18.jar:6.1.18]
    	at java.base/java.lang.Iterable.forEach(Iterable.java:75) ~[na:na]
    	at org.springframework.context.support.DefaultLifecycleProcessor.startBeans(DefaultLifecycleProcessor.java:257) ~[spring-context-6.1.18.jar:6.1.18]
    	at org.springframework.context.support.DefaultLifecycleProcessor.onRefresh(DefaultLifecycleProcessor.java:202) ~[spring-context-6.1.18.jar:6.1.18]
    	at org.springframework.context.support.AbstractApplicationContext.finishRefresh(AbstractApplicationContext.java:990) ~[spring-context-6.1.18.jar:6.1.18]
    	at org.springframework.context.support.AbstractApplicationContext.refresh(AbstractApplicationContext.java:628) ~[spring-context-6.1.18.jar:6.1.18]
    	at org.springframework.boot.SpringApplication.refresh(SpringApplication.java:754) ~[spring-boot-3.3.10.jar:3.3.10]
    	at org.springframework.boot.SpringApplication.refreshContext(SpringApplication.java:456) ~[spring-boot-3.3.10.jar:3.3.10]
    	at org.springframework.boot.SpringApplication.run(SpringApplication.java:335) ~[spring-boot-3.3.10.jar:3.3.10]
    	at org.springframework.boot.test.context.SpringBootContextLoader.lambda$loadContext$3(SpringBootContextLoader.java:145) ~[spring-boot-test-3.3.10.jar:3.3.10]
    	at org.springframework.util.function.ThrowingSupplier.get(ThrowingSupplier.java:58) ~[spring-core-6.1.18.jar:6.1.18]
    	at org.springframework.util.function.ThrowingSupplier.get(ThrowingSupplier.java:46) ~[spring-core-6.1.18.jar:6.1.18]
    	at org.springframework.boot.SpringApplication.withHook(SpringApplication.java:1463) ~[spring-boot-3.3.10.jar:3.3.10]
    	at org.springframework.boot.test.context.SpringBootContextLoader$ContextLoaderHook.run(SpringBootContextLoader.java:564) ~[spring-boot-test-3.3.10.jar:3.3.10]
    	at org.springframework.boot.test.context.SpringBootContextLoader.loadContext(SpringBootContextLoader.java:145) ~[spring-boot-test-3.3.10.jar:3.3.10]
    	at org.springframework.boot.test.context.SpringBootContextLoader.loadContext(SpringBootContextLoader.java:116) ~[spring-boot-test-3.3.10.jar:3.3.10]
    	at org.springframework.test.context.cache.DefaultCacheAwareContextLoaderDelegate.loadContextInternal(DefaultCacheAwareContextLoaderDelegate.java:225) ~[spring-test-6.1.18.jar:6.1.18]
    	at org.springframework.test.context.cache.DefaultCacheAwareContextLoaderDelegate.loadContext(DefaultCacheAwareContextLoaderDelegate.java:152) ~[spring-test-6.1.18.jar:6.1.18]
    	at org.springframework.test.context.support.DefaultTestContext.getApplicationContext(DefaultTestContext.java:130) ~[spring-test-6.1.18.jar:6.1.18]
    	at org.springframework.test.context.web.ServletTestExecutionListener.setUpRequestContextIfNecessary(ServletTestExecutionListener.java:191) ~[spring-test-6.1.18.jar:6.1.18]
    	at org.springframework.test.context.web.ServletTestExecutionListener.prepareTestInstance(ServletTestExecutionListener.java:130) ~[spring-test-6.1.18.jar:6.1.18]
    	at org.springframework.test.context.TestContextManager.prepareTestInstance(TestContextManager.java:260) ~[spring-test-6.1.18.jar:6.1.18]
    	at org.springframework.test.context.junit.jupiter.SpringExtension.postProcessTestInstance(SpringExtension.java:163) ~[spring-test-6.1.18.jar:6.1.18]
    	at org.junit.jupiter.engine.descriptor.ClassBasedTestDescriptor.lambda$invokeTestInstancePostProcessors$10(ClassBasedTestDescriptor.java:378) ~[junit-jupiter-engine-5.10.5.jar:5.10.5]
    	at org.junit.jupiter.engine.descriptor.ClassBasedTestDescriptor.executeAndMaskThrowable(ClassBasedTestDescriptor.java:383) ~[junit-jupiter-engine-5.10.5.jar:5.10.5]
    	at org.junit.jupiter.engine.descriptor.ClassBasedTestDescriptor.lambda$invokeTestInstancePostProcessors$11(ClassBasedTestDescriptor.java:378) ~[junit-jupiter-engine-5.10.5.jar:5.10.5]
    	at java.base/java.util.stream.ReferencePipeline$3$1.accept(ReferencePipeline.java:197) ~[na:na]
    	at java.base/java.util.stream.ReferencePipeline$2$1.accept(ReferencePipeline.java:179) ~[na:na]
    	at java.base/java.util.ArrayList$ArrayListSpliterator.forEachRemaining(ArrayList.java:1708) ~[na:na]
    	at java.base/java.util.stream.AbstractPipeline.copyInto(AbstractPipeline.java:509) ~[na:na]
    	at java.base/java.util.stream.AbstractPipeline.wrapAndCopyInto(AbstractPipeline.java:499) ~[na:na]
    	at java.base/java.util.stream.StreamSpliterators$WrappingSpliterator.forEachRemaining(StreamSpliterators.java:310) ~[na:na]
    	at java.base/java.util.stream.Streams$ConcatSpliterator.forEachRemaining(Streams.java:735) ~[na:na]
    	at java.base/java.util.stream.Streams$ConcatSpliterator.forEachRemaining(Streams.java:734) ~[na:na]
    	at java.base/java.util.stream.ReferencePipeline$Head.forEach(ReferencePipeline.java:762) ~[na:na]
    	at org.junit.jupiter.engine.descriptor.ClassBasedTestDescriptor.invokeTestInstancePostProcessors(ClassBasedTestDescriptor.java:377) ~[junit-jupiter-engine-5.10.5.jar:5.10.5]
    	at org.junit.jupiter.engine.descriptor.ClassBasedTestDescriptor.lambda$instantiateAndPostProcessTestInstance$6(ClassBasedTestDescriptor.java:290) ~[junit-jupiter-engine-5.10.5.jar:5.10.5]
    	at org.junit.platform.engine.support.hierarchical.ThrowableCollector.execute(ThrowableCollector.java:73) ~[junit-platform-engine-1.10.5.jar:1.10.5]
    	at org.junit.jupiter.engine.descriptor.ClassBasedTestDescriptor.instantiateAndPostProcessTestInstance(ClassBasedTestDescriptor.java:289) ~[junit-jupiter-engine-5.10.5.jar:5.10.5]
    	at org.junit.jupiter.engine.descriptor.ClassBasedTestDescriptor.lambda$testInstancesProvider$4(ClassBasedTestDescriptor.java:279) ~[junit-jupiter-engine-5.10.5.jar:5.10.5]
    	at java.base/java.util.Optional.orElseGet(Optional.java:364) ~[na:na]
    	at org.junit.jupiter.engine.descriptor.ClassBasedTestDescriptor.lambda$testInstancesProvider$5(ClassBasedTestDescriptor.java:278) ~[junit-jupiter-engine-5.10.5.jar:5.10.5]
    	at org.junit.jupiter.engine.execution.TestInstancesProvider.getTestInstances(TestInstancesProvider.java:31) ~[junit-jupiter-engine-5.10.5.jar:5.10.5]
    	at org.junit.jupiter.engine.descriptor.TestMethodTestDescriptor.lambda$prepare$0(TestMethodTestDescriptor.java:106) ~[junit-jupiter-engine-5.10.5.jar:5.10.5]
    	at org.junit.platform.engine.support.hierarchical.ThrowableCollector.execute(ThrowableCollector.java:73) ~[junit-platform-engine-1.10.5.jar:1.10.5]
    	at org.junit.jupiter.engine.descriptor.TestMethodTestDescriptor.prepare(TestMethodTestDescriptor.java:105) ~[junit-jupiter-engine-5.10.5.jar:5.10.5]
    	at org.junit.jupiter.engine.descriptor.TestMethodTestDescriptor.prepare(TestMethodTestDescriptor.java:69) ~[junit-jupiter-engine-5.10.5.jar:5.10.5]
    	at org.junit.platform.engine.support.hierarchical.NodeTestTask.lambda$prepare$2(NodeTestTask.java:128) ~[junit-platform-engine-1.10.5.jar:1.10.5]
    	at org.junit.platform.engine.support.hierarchical.ThrowableCollector.execute(ThrowableCollector.java:73) ~[junit-platform-engine-1.10.5.jar:1.10.5]
    	at org.junit.platform.engine.support.hierarchical.NodeTestTask.prepare(NodeTestTask.java:128) ~[junit-platform-engine-1.10.5.jar:1.10.5]
    	at org.junit.platform.engine.support.hierarchical.NodeTestTask.execute(NodeTestTask.java:95) ~[junit-platform-engine-1.10.5.jar:1.10.5]
    	at java.base/java.util.ArrayList.forEach(ArrayList.java:1596) ~[na:na]
    	at org.junit.platform.engine.support.hierarchical.SameThreadHierarchicalTestExecutorService.invokeAll(SameThreadHierarchicalTestExecutorService.java:41) ~[junit-platform-engine-1.10.5.jar:1.10.5]
    	at org.junit.platform.engine.support.hierarchical.NodeTestTask.lambda$executeRecursively$6(NodeTestTask.java:160) ~[junit-platform-engine-1.10.5.jar:1.10.5]
    	at org.junit.platform.engine.support.hierarchical.ThrowableCollector.execute(ThrowableCollector.java:73) ~[junit-platform-engine-1.10.5.jar:1.10.5]
    	at org.junit.platform.engine.support.hierarchical.NodeTestTask.lambda$executeRecursively$8(NodeTestTask.java:146) ~[junit-platform-engine-1.10.5.jar:1.10.5]
    	at org.junit.platform.engine.support.hierarchical.Node.around(Node.java:137) ~[junit-platform-engine-1.10.5.jar:1.10.5]
    	at org.junit.platform.engine.support.hierarchical.NodeTestTask.lambda$executeRecursively$9(NodeTestTask.java:144) ~[junit-platform-engine-1.10.5.jar:1.10.5]
    	at org.junit.platform.engine.support.hierarchical.ThrowableCollector.execute(ThrowableCollector.java:73) ~[junit-platform-engine-1.10.5.jar:1.10.5]
    	at org.junit.platform.engine.support.hierarchical.NodeTestTask.executeRecursively(NodeTestTask.java:143) ~[junit-platform-engine-1.10.5.jar:1.10.5]
    	at org.junit.platform.engine.support.hierarchical.NodeTestTask.execute(NodeTestTask.java:100) ~[junit-platform-engine-1.10.5.jar:1.10.5]
    	at java.base/java.util.ArrayList.forEach(ArrayList.java:1596) ~[na:na]
    	at org.junit.platform.engine.support.hierarchical.SameThreadHierarchicalTestExecutorService.invokeAll(SameThreadHierarchicalTestExecutorService.java:41) ~[junit-platform-engine-1.10.5.jar:1.10.5]
    	at org.junit.platform.engine.support.hierarchical.NodeTestTask.lambda$executeRecursively$6(NodeTestTask.java:160) ~[junit-platform-engine-1.10.5.jar:1.10.5]
    	at org.junit.platform.engine.support.hierarchical.ThrowableCollector.execute(ThrowableCollector.java:73) ~[junit-platform-engine-1.10.5.jar:1.10.5]
    	at org.junit.platform.engine.support.hierarchical.NodeTestTask.lambda$executeRecursively$8(NodeTestTask.java:146) ~[junit-platform-engine-1.10.5.jar:1.10.5]
    	at org.junit.platform.engine.support.hierarchical.Node.around(Node.java:137) ~[junit-platform-engine-1.10.5.jar:1.10.5]
    	at org.junit.platform.engine.support.hierarchical.NodeTestTask.lambda$executeRecursively$9(NodeTestTask.java:144) ~[junit-platform-engine-1.10.5.jar:1.10.5]
    	at org.junit.platform.engine.support.hierarchical.ThrowableCollector.execute(ThrowableCollector.java:73) ~[junit-platform-engine-1.10.5.jar:1.10.5]
    	at org.junit.platform.engine.support.hierarchical.NodeTestTask.executeRecursively(NodeTestTask.java:143) ~[junit-platform-engine-1.10.5.jar:1.10.5]
    	at org.junit.platform.engine.support.hierarchical.NodeTestTask.execute(NodeTestTask.java:100) ~[junit-platform-engine-1.10.5.jar:1.10.5]
    	at org.junit.platform.engine.support.hierarchical.SameThreadHierarchicalTestExecutorService.submit(SameThreadHierarchicalTestExecutorService.java:35) ~[junit-platform-engine-1.10.5.jar:1.10.5]
    	at org.junit.platform.engine.support.hierarchical.HierarchicalTestExecutor.execute(HierarchicalTestExecutor.java:57) ~[junit-platform-engine-1.10.5.jar:1.10.5]
    	at org.junit.platform.engine.support.hierarchical.HierarchicalTestEngine.execute(HierarchicalTestEngine.java:54) ~[junit-platform-engine-1.10.5.jar:1.10.5]
    	at org.junit.platform.launcher.core.EngineExecutionOrchestrator.execute(EngineExecutionOrchestrator.java:198) ~[junit-platform-launcher-1.10.5.jar:1.10.5]
    	at org.junit.platform.launcher.core.EngineExecutionOrchestrator.execute(EngineExecutionOrchestrator.java:169) ~[junit-platform-launcher-1.10.5.jar:1.10.5]
    	at org.junit.platform.launcher.core.EngineExecutionOrchestrator.execute(EngineExecutionOrchestrator.java:93) ~[junit-platform-launcher-1.10.5.jar:1.10.5]
    	at org.junit.platform.launcher.core.EngineExecutionOrchestrator.lambda$execute$0(EngineExecutionOrchestrator.java:58) ~[junit-platform-launcher-1.10.5.jar:1.10.5]
    	at org.junit.platform.launcher.core.EngineExecutionOrchestrator.withInterceptedStreams(EngineExecutionOrchestrator.java:141) ~[junit-platform-launcher-1.10.5.jar:1.10.5]
    	at org.junit.platform.launcher.core.EngineExecutionOrchestrator.execute(EngineExecutionOrchestrator.java:57) ~[junit-platform-launcher-1.10.5.jar:1.10.5]
    	at org.junit.platform.launcher.core.DefaultLauncher.execute(DefaultLauncher.java:103) ~[junit-platform-launcher-1.10.5.jar:1.10.5]
    	at org.junit.platform.launcher.core.DefaultLauncher.execute(DefaultLauncher.java:85) ~[junit-platform-launcher-1.10.5.jar:1.10.5]
    	at org.junit.platform.launcher.core.DelegatingLauncher.execute(DelegatingLauncher.java:47) ~[junit-platform-launcher-1.10.5.jar:1.10.5]
    	at org.gradle.api.internal.tasks.testing.junitplatform.JUnitPlatformTestClassProcessor$CollectAllTestClassesExecutor.processAllTestClasses(JUnitPlatformTestClassProcessor.java:124) ~[na:na]
    	at org.gradle.api.internal.tasks.testing.junitplatform.JUnitPlatformTestClassProcessor$CollectAllTestClassesExecutor.access$000(JUnitPlatformTestClassProcessor.java:99) ~[na:na]
    	at org.gradle.api.internal.tasks.testing.junitplatform.JUnitPlatformTestClassProcessor.stop(JUnitPlatformTestClassProcessor.java:94) ~[na:na]
    	at org.gradle.api.internal.tasks.testing.SuiteTestClassProcessor.stop(SuiteTestClassProcessor.java:63) ~[na:na]
    	at java.base/jdk.internal.reflect.DirectMethodHandleAccessor.invoke(DirectMethodHandleAccessor.java:103) ~[na:na]
    	at java.base/java.lang.reflect.Method.invoke(Method.java:580) ~[na:na]
    	at org.gradle.internal.dispatch.ReflectionDispatch.dispatch(ReflectionDispatch.java:36) ~[na:na]
    	at org.gradle.internal.dispatch.ReflectionDispatch.dispatch(ReflectionDispatch.java:24) ~[na:na]
    	at org.gradle.internal.dispatch.ContextClassLoaderDispatch.dispatch(ContextClassLoaderDispatch.java:33) ~[na:na]
    	at org.gradle.internal.dispatch.ProxyDispatchAdapter$DispatchingInvocationHandler.invoke(ProxyDispatchAdapter.java:92) ~[na:na]
    	at jdk.proxy1/jdk.proxy1.$Proxy4.stop(Unknown Source) ~[na:na]
    	at org.gradle.api.internal.tasks.testing.worker.TestWorker$3.run(TestWorker.java:200) ~[na:na]
    	at org.gradle.api.internal.tasks.testing.worker.TestWorker.executeAndMaintainThreadName(TestWorker.java:132) ~[na:na]
    	at org.gradle.api.internal.tasks.testing.worker.TestWorker.execute(TestWorker.java:103) ~[na:na]
    	at org.gradle.api.internal.tasks.testing.worker.TestWorker.execute(TestWorker.java:63) ~[na:na]
    	at org.gradle.process.internal.worker.child.ActionExecutionWorker.execute(ActionExecutionWorker.java:56) ~[na:na]
    	at org.gradle.process.internal.worker.child.SystemApplicationClassLoaderWorker.call(SystemApplicationClassLoaderWorker.java:121) ~[na:na]
    	at org.gradle.process.internal.worker.child.SystemApplicationClassLoaderWorker.call(SystemApplicationClassLoaderWorker.java:71) ~[na:na]
    	at worker.org.gradle.process.internal.worker.GradleWorkerMain.run(GradleWorkerMain.java:69) ~[gradle-worker.jar:na]
    	at worker.org.gradle.process.internal.worker.GradleWorkerMain.main(GradleWorkerMain.java:74) ~[gradle-worker.jar:na]
    Caused by: org.springframework.data.redis.listener.adapter.RedisListenerExecutionFailedException: org.springframework.data.redis.RedisConnectionFailureException: Unable to connect to Redis
    	at org.springframework.data.redis.listener.RedisMessageListenerContainer.lazyListen(RedisMessageListenerContainer.java:383) ~[spring-data-redis-3.3.10.jar:3.3.10]
    	at org.springframework.data.redis.listener.RedisMessageListenerContainer.start(RedisMessageListenerContainer.java:361) ~[spring-data-redis-3.3.10.jar:3.3.10]
    	at org.springframework.context.support.DefaultLifecycleProcessor.doStart(DefaultLifecycleProcessor.java:285) ~[spring-context-6.1.18.jar:6.1.18]
    	... 103 common frames omitted
    Caused by: org.springframework.data.redis.RedisConnectionFailureException: Unable to connect to Redis
    	at org.springframework.data.redis.connection.lettuce.LettuceConnectionFactory$ExceptionTranslatingConnectionProvider.translateException(LettuceConnectionFactory.java:1849) ~[spring-data-redis-3.3.10.jar:3.3.10]
    	at org.springframework.data.redis.connection.lettuce.LettuceConnectionFactory$ExceptionTranslatingConnectionProvider.getConnection(LettuceConnectionFactory.java:1780) ~[spring-data-redis-3.3.10.jar:3.3.10]
    	at org.springframework.data.redis.connection.lettuce.LettuceConnectionFactory$SharedConnection.getNativeConnection(LettuceConnectionFactory.java:1582) ~[spring-data-redis-3.3.10.jar:3.3.10]
    	at org.springframework.data.redis.connection.lettuce.LettuceConnectionFactory$SharedConnection.lambda$getConnection$0(LettuceConnectionFactory.java:1562) ~[spring-data-redis-3.3.10.jar:3.3.10]
    	at org.springframework.data.redis.connection.lettuce.LettuceConnectionFactory.doInLock(LettuceConnectionFactory.java:1523) ~[spring-data-redis-3.3.10.jar:3.3.10]
    	at org.springframework.data.redis.connection.lettuce.LettuceConnectionFactory$SharedConnection.getConnection(LettuceConnectionFactory.java:1559) ~[spring-data-redis-3.3.10.jar:3.3.10]
    	at org.springframework.data.redis.connection.lettuce.LettuceConnectionFactory.getSharedConnection(LettuceConnectionFactory.java:1245) ~[spring-data-redis-3.3.10.jar:3.3.10]
    	at org.springframework.data.redis.connection.lettuce.LettuceConnectionFactory.getConnection(LettuceConnectionFactory.java:1051) ~[spring-data-redis-3.3.10.jar:3.3.10]
    	at org.springframework.data.redis.listener.RedisMessageListenerContainer$Subscriber.lambda$initialize$0(RedisMessageListenerContainer.java:1241) ~[spring-data-redis-3.3.10.jar:3.3.10]
    	at org.springframework.data.redis.listener.RedisMessageListenerContainer$Subscriber.doInLock(RedisMessageListenerContainer.java:1455) ~[spring-data-redis-3.3.10.jar:3.3.10]
    	at org.springframework.data.redis.listener.RedisMessageListenerContainer$Subscriber.initialize(RedisMessageListenerContainer.java:1235) ~[spring-data-redis-3.3.10.jar:3.3.10]
    	at org.springframework.data.redis.listener.RedisMessageListenerContainer.doSubscribe(RedisMessageListenerContainer.java:428) ~[spring-data-redis-3.3.10.jar:3.3.10]
    	at org.springframework.data.redis.listener.RedisMessageListenerContainer.lazyListen(RedisMessageListenerContainer.java:404) ~[spring-data-redis-3.3.10.jar:3.3.10]
    	at org.springframework.data.redis.listener.RedisMessageListenerContainer.lazyListen(RedisMessageListenerContainer.java:374) ~[spring-data-redis-3.3.10.jar:3.3.10]
    	... 105 common frames omitted
    Caused by: io.lettuce.core.RedisConnectionException: Unable to connect to localhost/<unresolved>:6379
    	at io.lettuce.core.RedisConnectionException.create(RedisConnectionException.java:78) ~[lettuce-core-6.3.2.RELEASE.jar:6.3.2.RELEASE/8941aea]
    	at io.lettuce.core.RedisConnectionException.create(RedisConnectionException.java:56) ~[lettuce-core-6.3.2.RELEASE.jar:6.3.2.RELEASE/8941aea]
    	at io.lettuce.core.AbstractRedisClient.getConnection(AbstractRedisClient.java:350) ~[lettuce-core-6.3.2.RELEASE.jar:6.3.2.RELEASE/8941aea]
    	at io.lettuce.core.RedisClient.connect(RedisClient.java:215) ~[lettuce-core-6.3.2.RELEASE.jar:6.3.2.RELEASE/8941aea]
    	at org.springframework.data.redis.connection.lettuce.StandaloneConnectionProvider.lambda$getConnection$1(StandaloneConnectionProvider.java:112) ~[spring-data-redis-3.3.10.jar:3.3.10]
    	at java.base/java.util.Optional.orElseGet(Optional.java:364) ~[na:na]
    	at org.springframework.data.redis.connection.lettuce.StandaloneConnectionProvider.getConnection(StandaloneConnectionProvider.java:112) ~[spring-data-redis-3.3.10.jar:3.3.10]
    	at org.springframework.data.redis.connection.lettuce.LettuceConnectionFactory$ExceptionTranslatingConnectionProvider.getConnection(LettuceConnectionFactory.java:1778) ~[spring-data-redis-3.3.10.jar:3.3.10]
    	... 117 common frames omitted
    Caused by: io.netty.channel.AbstractChannel$AnnotatedConnectException: Connection refused: getsockopt: localhost/127.0.0.1:6379
    Caused by: java.net.ConnectException: Connection refused: getsockopt
    	at java.base/sun.nio.ch.Net.pollConnect(Native Method) ~[na:na]
    	at java.base/sun.nio.ch.Net.pollConnectNow(Net.java:694) ~[na:na]
    	at java.base/sun.nio.ch.SocketChannelImpl.finishConnect(SocketChannelImpl.java:973) ~[na:na]
    	at io.netty.channel.socket.nio.NioSocketChannel.doFinishConnect(NioSocketChannel.java:336) ~[netty-transport-4.1.119.Final.jar:4.1.119.Final]
    	at io.netty.channel.nio.AbstractNioChannel$AbstractNioUnsafe.finishConnect(AbstractNioChannel.java:339) ~[netty-transport-4.1.119.Final.jar:4.1.119.Final]
    	at io.netty.channel.nio.NioEventLoop.processSelectedKey(NioEventLoop.java:784) ~[netty-transport-4.1.119.Final.jar:4.1.119.Final]
    	at io.netty.channel.nio.NioEventLoop.processSelectedKeysOptimized(NioEventLoop.java:732) ~[netty-transport-4.1.119.Final.jar:4.1.119.Final]
    	at io.netty.channel.nio.NioEventLoop.processSelectedKeys(NioEventLoop.java:658) ~[netty-transport-4.1.119.Final.jar:4.1.119.Final]
    	at io.netty.channel.nio.NioEventLoop.run(NioEventLoop.java:562) ~[netty-transport-4.1.119.Final.jar:4.1.119.Final]
    	at io.netty.util.concurrent.SingleThreadEventExecutor$4.run(SingleThreadEventExecutor.java:998) ~[netty-common-4.1.119.Final.jar:4.1.119.Final]
    	at io.netty.util.internal.ThreadExecutorMap$2.run(ThreadExecutorMap.java:74) ~[netty-common-4.1.119.Final.jar:4.1.119.Final]
    	at io.netty.util.concurrent.FastThreadLocalRunnable.run(FastThreadLocalRunnable.java:30) ~[netty-common-4.1.119.Final.jar:4.1.119.Final]
    	at java.base/java.lang.Thread.run(Thread.java:1583) ~[na:na]

    2026-04-13T12:41:29.616+09:00  WARN 4752 --- [    Test worker] o.s.test.context.TestContextManager      : Caught exception while allowing TestExecutionListener [org.springframework.test.context.web.ServletTestExecutionListener] to prepare test instance [com.coliving.CoLivingApplicationTest@50599a7e]

    java.lang.IllegalStateException: Failed to load ApplicationContext for [WebMergedContextConfiguration@2ffa1f25 testClass = com.coliving.CoLivingApplicationTest, locations = [], classes = [com.coliving.CoLivingApplication], contextInitializerClasses = [], activeProfiles = ["test"], propertySourceDescriptors = [], propertySourceProperties = ["org.springframework.boot.test.context.SpringBootTestContextBootstrapper=true"], contextCustomizers = [org.springframework.boot.test.autoconfigure.OnFailureConditionReportContextCustomizerFactory$OnFailureConditionReportContextCustomizer@5b7ea70d, org.springframework.boot.test.autoconfigure.actuate.observability.ObservabilityContextCustomizerFactory$DisableObservabilityContextCustomizer@1f, org.springframework.boot.test.autoconfigure.properties.PropertyMappingContextCustomizer@0, org.springframework.boot.test.autoconfigure.web.servlet.WebDriverContextCustomizer@15eebbff, org.springframework.boot.test.context.filter.ExcludeFilterContextCustomizer@2453f95d, org.springframework.boot.test.json.DuplicateJsonObjectContextCustomizerFactory$DuplicateJsonObjectContextCustomizer@3e34ace1, org.springframework.boot.test.mock.mockito.MockitoContextCustomizer@0, org.springframework.boot.test.web.client.TestRestTemplateContextCustomizer@21aa6d6c, org.springframework.boot.test.web.reactive.server.WebTestClientContextCustomizer@3f446bef, org.springframework.boot.test.web.reactor.netty.DisableReactorResourceFactoryGlobalResourcesContextCustomizerFactory$DisableReactorResourceFactoryGlobalResourcesContextCustomizerCustomizer@4d098f9b, org.springframework.boot.test.context.SpringBootTestAnnotation@3a75cc75], resourceBasePath = "src/main/webapp", contextLoader = org.springframework.boot.test.context.SpringBootContextLoader, parent = null]
    	at org.springframework.test.context.cache.DefaultCacheAwareContextLoaderDelegate.loadContext(DefaultCacheAwareContextLoaderDelegate.java:180) ~[spring-test-6.1.18.jar:6.1.18]
    	at org.springframework.test.context.support.DefaultTestContext.getApplicationContext(DefaultTestContext.java:130) ~[spring-test-6.1.18.jar:6.1.18]
    	at org.springframework.test.context.web.ServletTestExecutionListener.setUpRequestContextIfNecessary(ServletTestExecutionListener.java:191) ~[spring-test-6.1.18.jar:6.1.18]
    	at org.springframework.test.context.web.ServletTestExecutionListener.prepareTestInstance(ServletTestExecutionListener.java:130) ~[spring-test-6.1.18.jar:6.1.18]
    	at org.springframework.test.context.TestContextManager.prepareTestInstance(TestContextManager.java:260) ~[spring-test-6.1.18.jar:6.1.18]
    	at org.springframework.test.context.junit.jupiter.SpringExtension.postProcessTestInstance(SpringExtension.java:163) ~[spring-test-6.1.18.jar:6.1.18]
    	at org.junit.jupiter.engine.descriptor.ClassBasedTestDescriptor.lambda$invokeTestInstancePostProcessors$10(ClassBasedTestDescriptor.java:378) ~[junit-jupiter-engine-5.10.5.jar:5.10.5]
    	at org.junit.jupiter.engine.descriptor.ClassBasedTestDescriptor.executeAndMaskThrowable(ClassBasedTestDescriptor.java:383) ~[junit-jupiter-engine-5.10.5.jar:5.10.5]
    	at org.junit.jupiter.engine.descriptor.ClassBasedTestDescriptor.lambda$invokeTestInstancePostProcessors$11(ClassBasedTestDescriptor.java:378) ~[junit-jupiter-engine-5.10.5.jar:5.10.5]
    	at java.base/java.util.stream.ReferencePipeline$3$1.accept(ReferencePipeline.java:197) ~[na:na]
    	at java.base/java.util.stream.ReferencePipeline$2$1.accept(ReferencePipeline.java:179) ~[na:na]
    	at java.base/java.util.ArrayList$ArrayListSpliterator.forEachRemaining(ArrayList.java:1708) ~[na:na]
    	at java.base/java.util.stream.AbstractPipeline.copyInto(AbstractPipeline.java:509) ~[na:na]
    	at java.base/java.util.stream.AbstractPipeline.wrapAndCopyInto(AbstractPipeline.java:499) ~[na:na]
    	at java.base/java.util.stream.StreamSpliterators$WrappingSpliterator.forEachRemaining(StreamSpliterators.java:310) ~[na:na]
    	at java.base/java.util.stream.Streams$ConcatSpliterator.forEachRemaining(Streams.java:735) ~[na:na]
    	at java.base/java.util.stream.Streams$ConcatSpliterator.forEachRemaining(Streams.java:734) ~[na:na]
    	at java.base/java.util.stream.ReferencePipeline$Head.forEach(ReferencePipeline.java:762) ~[na:na]
    	at org.junit.jupiter.engine.descriptor.ClassBasedTestDescriptor.invokeTestInstancePostProcessors(ClassBasedTestDescriptor.java:377) ~[junit-jupiter-engine-5.10.5.jar:5.10.5]
    	at org.junit.jupiter.engine.descriptor.ClassBasedTestDescriptor.lambda$instantiateAndPostProcessTestInstance$6(ClassBasedTestDescriptor.java:290) ~[junit-jupiter-engine-5.10.5.jar:5.10.5]
    	at org.junit.platform.engine.support.hierarchical.ThrowableCollector.execute(ThrowableCollector.java:73) ~[junit-platform-engine-1.10.5.jar:1.10.5]
    	at org.junit.jupiter.engine.descriptor.ClassBasedTestDescriptor.instantiateAndPostProcessTestInstance(ClassBasedTestDescriptor.java:289) ~[junit-jupiter-engine-5.10.5.jar:5.10.5]
    	at org.junit.jupiter.engine.descriptor.ClassBasedTestDescriptor.lambda$testInstancesProvider$4(ClassBasedTestDescriptor.java:279) ~[junit-jupiter-engine-5.10.5.jar:5.10.5]
    	at java.base/java.util.Optional.orElseGet(Optional.java:364) ~[na:na]
    	at org.junit.jupiter.engine.descriptor.ClassBasedTestDescriptor.lambda$testInstancesProvider$5(ClassBasedTestDescriptor.java:278) ~[junit-jupiter-engine-5.10.5.jar:5.10.5]
    	at org.junit.jupiter.engine.execution.TestInstancesProvider.getTestInstances(TestInstancesProvider.java:31) ~[junit-jupiter-engine-5.10.5.jar:5.10.5]
    	at org.junit.jupiter.engine.descriptor.TestMethodTestDescriptor.lambda$prepare$0(TestMethodTestDescriptor.java:106) ~[junit-jupiter-engine-5.10.5.jar:5.10.5]
    	at org.junit.platform.engine.support.hierarchical.ThrowableCollector.execute(ThrowableCollector.java:73) ~[junit-platform-engine-1.10.5.jar:1.10.5]
    	at org.junit.jupiter.engine.descriptor.TestMethodTestDescriptor.prepare(TestMethodTestDescriptor.java:105) ~[junit-jupiter-engine-5.10.5.jar:5.10.5]
    	at org.junit.jupiter.engine.descriptor.TestMethodTestDescriptor.prepare(TestMethodTestDescriptor.java:69) ~[junit-jupiter-engine-5.10.5.jar:5.10.5]
    	at org.junit.platform.engine.support.hierarchical.NodeTestTask.lambda$prepare$2(NodeTestTask.java:128) ~[junit-platform-engine-1.10.5.jar:1.10.5]
    	at org.junit.platform.engine.support.hierarchical.ThrowableCollector.execute(ThrowableCollector.java:73) ~[junit-platform-engine-1.10.5.jar:1.10.5]
    	at org.junit.platform.engine.support.hierarchical.NodeTestTask.prepare(NodeTestTask.java:128) ~[junit-platform-engine-1.10.5.jar:1.10.5]
    	at org.junit.platform.engine.support.hierarchical.NodeTestTask.execute(NodeTestTask.java:95) ~[junit-platform-engine-1.10.5.jar:1.10.5]
    	at java.base/java.util.ArrayList.forEach(ArrayList.java:1596) ~[na:na]
    	at org.junit.platform.engine.support.hierarchical.SameThreadHierarchicalTestExecutorService.invokeAll(SameThreadHierarchicalTestExecutorService.java:41) ~[junit-platform-engine-1.10.5.jar:1.10.5]
    	at org.junit.platform.engine.support.hierarchical.NodeTestTask.lambda$executeRecursively$6(NodeTestTask.java:160) ~[junit-platform-engine-1.10.5.jar:1.10.5]
    	at org.junit.platform.engine.support.hierarchical.ThrowableCollector.execute(ThrowableCollector.java:73) ~[junit-platform-engine-1.10.5.jar:1.10.5]
    	at org.junit.platform.engine.support.hierarchical.NodeTestTask.lambda$executeRecursively$8(NodeTestTask.java:146) ~[junit-platform-engine-1.10.5.jar:1.10.5]
    	at org.junit.platform.engine.support.hierarchical.Node.around(Node.java:137) ~[junit-platform-engine-1.10.5.jar:1.10.5]
    	at org.junit.platform.engine.support.hierarchical.NodeTestTask.lambda$executeRecursively$9(NodeTestTask.java:144) ~[junit-platform-engine-1.10.5.jar:1.10.5]
    	at org.junit.platform.engine.support.hierarchical.ThrowableCollector.execute(ThrowableCollector.java:73) ~[junit-platform-engine-1.10.5.jar:1.10.5]
    	at org.junit.platform.engine.support.hierarchical.NodeTestTask.executeRecursively(NodeTestTask.java:143) ~[junit-platform-engine-1.10.5.jar:1.10.5]
    	at org.junit.platform.engine.support.hierarchical.NodeTestTask.execute(NodeTestTask.java:100) ~[junit-platform-engine-1.10.5.jar:1.10.5]
    	at java.base/java.util.ArrayList.forEach(ArrayList.java:1596) ~[na:na]
    	at org.junit.platform.engine.support.hierarchical.SameThreadHierarchicalTestExecutorService.invokeAll(SameThreadHierarchicalTestExecutorService.java:41) ~[junit-platform-engine-1.10.5.jar:1.10.5]
    	at org.junit.platform.engine.support.hierarchical.NodeTestTask.lambda$executeRecursively$6(NodeTestTask.java:160) ~[junit-platform-engine-1.10.5.jar:1.10.5]
    	at org.junit.platform.engine.support.hierarchical.ThrowableCollector.execute(ThrowableCollector.java:73) ~[junit-platform-engine-1.10.5.jar:1.10.5]
    	at org.junit.platform.engine.support.hierarchical.NodeTestTask.lambda$executeRecursively$8(NodeTestTask.java:146) ~[junit-platform-engine-1.10.5.jar:1.10.5]
    	at org.junit.platform.engine.support.hierarchical.Node.around(Node.java:137) ~[junit-platform-engine-1.10.5.jar:1.10.5]
    	at org.junit.platform.engine.support.hierarchical.NodeTestTask.lambda$executeRecursively$9(NodeTestTask.java:144) ~[junit-platform-engine-1.10.5.jar:1.10.5]
    	at org.junit.platform.engine.support.hierarchical.ThrowableCollector.execute(ThrowableCollector.java:73) ~[junit-platform-engine-1.10.5.jar:1.10.5]
    	at org.junit.platform.engine.support.hierarchical.NodeTestTask.executeRecursively(NodeTestTask.java:143) ~[junit-platform-engine-1.10.5.jar:1.10.5]
    	at org.junit.platform.engine.support.hierarchical.NodeTestTask.execute(NodeTestTask.java:100) ~[junit-platform-engine-1.10.5.jar:1.10.5]
    	at org.junit.platform.engine.support.hierarchical.SameThreadHierarchicalTestExecutorService.submit(SameThreadHierarchicalTestExecutorService.java:35) ~[junit-platform-engine-1.10.5.jar:1.10.5]
    	at org.junit.platform.engine.support.hierarchical.HierarchicalTestExecutor.execute(HierarchicalTestExecutor.java:57) ~[junit-platform-engine-1.10.5.jar:1.10.5]
    	at org.junit.platform.engine.support.hierarchical.HierarchicalTestEngine.execute(HierarchicalTestEngine.java:54) ~[junit-platform-engine-1.10.5.jar:1.10.5]
    	at org.junit.platform.launcher.core.EngineExecutionOrchestrator.execute(EngineExecutionOrchestrator.java:198) ~[junit-platform-launcher-1.10.5.jar:1.10.5]
    	at org.junit.platform.launcher.core.EngineExecutionOrchestrator.execute(EngineExecutionOrchestrator.java:169) ~[junit-platform-launcher-1.10.5.jar:1.10.5]
    	at org.junit.platform.launcher.core.EngineExecutionOrchestrator.execute(EngineExecutionOrchestrator.java:93) ~[junit-platform-launcher-1.10.5.jar:1.10.5]
    	at org.junit.platform.launcher.core.EngineExecutionOrchestrator.lambda$execute$0(EngineExecutionOrchestrator.java:58) ~[junit-platform-launcher-1.10.5.jar:1.10.5]
    	at org.junit.platform.launcher.core.EngineExecutionOrchestrator.withInterceptedStreams(EngineExecutionOrchestrator.java:141) ~[junit-platform-launcher-1.10.5.jar:1.10.5]
    	at org.junit.platform.launcher.core.EngineExecutionOrchestrator.execute(EngineExecutionOrchestrator.java:57) ~[junit-platform-launcher-1.10.5.jar:1.10.5]
    	at org.junit.platform.launcher.core.DefaultLauncher.execute(DefaultLauncher.java:103) ~[junit-platform-launcher-1.10.5.jar:1.10.5]
    	at org.junit.platform.launcher.core.DefaultLauncher.execute(DefaultLauncher.java:85) ~[junit-platform-launcher-1.10.5.jar:1.10.5]
    	at org.junit.platform.launcher.core.DelegatingLauncher.execute(DelegatingLauncher.java:47) ~[junit-platform-launcher-1.10.5.jar:1.10.5]
    	at org.gradle.api.internal.tasks.testing.junitplatform.JUnitPlatformTestClassProcessor$CollectAllTestClassesExecutor.processAllTestClasses(JUnitPlatformTestClassProcessor.java:124) ~[na:na]
    	at org.gradle.api.internal.tasks.testing.junitplatform.JUnitPlatformTestClassProcessor$CollectAllTestClassesExecutor.access$000(JUnitPlatformTestClassProcessor.java:99) ~[na:na]
    	at org.gradle.api.internal.tasks.testing.junitplatform.JUnitPlatformTestClassProcessor.stop(JUnitPlatformTestClassProcessor.java:94) ~[na:na]
    	at org.gradle.api.internal.tasks.testing.SuiteTestClassProcessor.stop(SuiteTestClassProcessor.java:63) ~[na:na]
    	at java.base/jdk.internal.reflect.DirectMethodHandleAccessor.invoke(DirectMethodHandleAccessor.java:103) ~[na:na]
    	at java.base/java.lang.reflect.Method.invoke(Method.java:580) ~[na:na]
    	at org.gradle.internal.dispatch.ReflectionDispatch.dispatch(ReflectionDispatch.java:36) ~[na:na]
    	at org.gradle.internal.dispatch.ReflectionDispatch.dispatch(ReflectionDispatch.java:24) ~[na:na]
    	at org.gradle.internal.dispatch.ContextClassLoaderDispatch.dispatch(ContextClassLoaderDispatch.java:33) ~[na:na]
    	at org.gradle.internal.dispatch.ProxyDispatchAdapter$DispatchingInvocationHandler.invoke(ProxyDispatchAdapter.java:92) ~[na:na]
    	at jdk.proxy1/jdk.proxy1.$Proxy4.stop(Unknown Source) ~[na:na]
    	at org.gradle.api.internal.tasks.testing.worker.TestWorker$3.run(TestWorker.java:200) ~[na:na]
    	at org.gradle.api.internal.tasks.testing.worker.TestWorker.executeAndMaintainThreadName(TestWorker.java:132) ~[na:na]
    	at org.gradle.api.internal.tasks.testing.worker.TestWorker.execute(TestWorker.java:103) ~[na:na]
    	at org.gradle.api.internal.tasks.testing.worker.TestWorker.execute(TestWorker.java:63) ~[na:na]
    	at org.gradle.process.internal.worker.child.ActionExecutionWorker.execute(ActionExecutionWorker.java:56) ~[na:na]
    	at org.gradle.process.internal.worker.child.SystemApplicationClassLoaderWorker.call(SystemApplicationClassLoaderWorker.java:121) ~[na:na]
    	at org.gradle.process.internal.worker.child.SystemApplicationClassLoaderWorker.call(SystemApplicationClassLoaderWorker.java:71) ~[na:na]
    	at worker.org.gradle.process.internal.worker.GradleWorkerMain.run(GradleWorkerMain.java:69) ~[gradle-worker.jar:na]
    	at worker.org.gradle.process.internal.worker.GradleWorkerMain.main(GradleWorkerMain.java:74) ~[gradle-worker.jar:na]
    Caused by: org.springframework.context.ApplicationContextException: Failed to start bean 'notificationRedisMessageListenerContainer'
    	at org.springframework.context.support.DefaultLifecycleProcessor.doStart(DefaultLifecycleProcessor.java:288) ~[spring-context-6.1.18.jar:6.1.18]
    	at org.springframework.context.support.DefaultLifecycleProcessor$LifecycleGroup.start(DefaultLifecycleProcessor.java:472) ~[spring-context-6.1.18.jar:6.1.18]
    	at java.base/java.lang.Iterable.forEach(Iterable.java:75) ~[na:na]
    	at org.springframework.context.support.DefaultLifecycleProcessor.startBeans(DefaultLifecycleProcessor.java:257) ~[spring-context-6.1.18.jar:6.1.18]
    	at org.springframework.context.support.DefaultLifecycleProcessor.onRefresh(DefaultLifecycleProcessor.java:202) ~[spring-context-6.1.18.jar:6.1.18]
    	at org.springframework.context.support.AbstractApplicationContext.finishRefresh(AbstractApplicationContext.java:990) ~[spring-context-6.1.18.jar:6.1.18]
    	at org.springframework.context.support.AbstractApplicationContext.refresh(AbstractApplicationContext.java:628) ~[spring-context-6.1.18.jar:6.1.18]
    	at org.springframework.boot.SpringApplication.refresh(SpringApplication.java:754) ~[spring-boot-3.3.10.jar:3.3.10]
    	at org.springframework.boot.SpringApplication.refreshContext(SpringApplication.java:456) ~[spring-boot-3.3.10.jar:3.3.10]
    	at org.springframework.boot.SpringApplication.run(SpringApplication.java:335) ~[spring-boot-3.3.10.jar:3.3.10]
    	at org.springframework.boot.test.context.SpringBootContextLoader.lambda$loadContext$3(SpringBootContextLoader.java:145) ~[spring-boot-test-3.3.10.jar:3.3.10]
    	at org.springframework.util.function.ThrowingSupplier.get(ThrowingSupplier.java:58) ~[spring-core-6.1.18.jar:6.1.18]
    	at org.springframework.util.function.ThrowingSupplier.get(ThrowingSupplier.java:46) ~[spring-core-6.1.18.jar:6.1.18]
    	at org.springframework.boot.SpringApplication.withHook(SpringApplication.java:1463) ~[spring-boot-3.3.10.jar:3.3.10]
    	at org.springframework.boot.test.context.SpringBootContextLoader$ContextLoaderHook.run(SpringBootContextLoader.java:564) ~[spring-boot-test-3.3.10.jar:3.3.10]
    	at org.springframework.boot.test.context.SpringBootContextLoader.loadContext(SpringBootContextLoader.java:145) ~[spring-boot-test-3.3.10.jar:3.3.10]
    	at org.springframework.boot.test.context.SpringBootContextLoader.loadContext(SpringBootContextLoader.java:116) ~[spring-boot-test-3.3.10.jar:3.3.10]
    	at org.springframework.test.context.cache.DefaultCacheAwareContextLoaderDelegate.loadContextInternal(DefaultCacheAwareContextLoaderDelegate.java:225) ~[spring-test-6.1.18.jar:6.1.18]
    	at org.springframework.test.context.cache.DefaultCacheAwareContextLoaderDelegate.loadContext(DefaultCacheAwareContextLoaderDelegate.java:152) ~[spring-test-6.1.18.jar:6.1.18]
    	... 85 common frames omitted
    Caused by: org.springframework.data.redis.listener.adapter.RedisListenerExecutionFailedException: org.springframework.data.redis.RedisConnectionFailureException: Unable to connect to Redis
    	at org.springframework.data.redis.listener.RedisMessageListenerContainer.lazyListen(RedisMessageListenerContainer.java:383) ~[spring-data-redis-3.3.10.jar:3.3.10]
    	at org.springframework.data.redis.listener.RedisMessageListenerContainer.start(RedisMessageListenerContainer.java:361) ~[spring-data-redis-3.3.10.jar:3.3.10]
    	at org.springframework.context.support.DefaultLifecycleProcessor.doStart(DefaultLifecycleProcessor.java:285) ~[spring-context-6.1.18.jar:6.1.18]
    	... 103 common frames omitted
    Caused by: org.springframework.data.redis.RedisConnectionFailureException: Unable to connect to Redis
    	at org.springframework.data.redis.connection.lettuce.LettuceConnectionFactory$ExceptionTranslatingConnectionProvider.translateException(LettuceConnectionFactory.java:1849) ~[spring-data-redis-3.3.10.jar:3.3.10]
    	at org.springframework.data.redis.connection.lettuce.LettuceConnectionFactory$ExceptionTranslatingConnectionProvider.getConnection(LettuceConnectionFactory.java:1780) ~[spring-data-redis-3.3.10.jar:3.3.10]
    	at org.springframework.data.redis.connection.lettuce.LettuceConnectionFactory$SharedConnection.getNativeConnection(LettuceConnectionFactory.java:1582) ~[spring-data-redis-3.3.10.jar:3.3.10]
    	at org.springframework.data.redis.connection.lettuce.LettuceConnectionFactory$SharedConnection.lambda$getConnection$0(LettuceConnectionFactory.java:1562) ~[spring-data-redis-3.3.10.jar:3.3.10]
    	at org.springframework.data.redis.connection.lettuce.LettuceConnectionFactory.doInLock(LettuceConnectionFactory.java:1523) ~[spring-data-redis-3.3.10.jar:3.3.10]
    	at org.springframework.data.redis.connection.lettuce.LettuceConnectionFactory$SharedConnection.getConnection(LettuceConnectionFactory.java:1559) ~[spring-data-redis-3.3.10.jar:3.3.10]
    	at org.springframework.data.redis.connection.lettuce.LettuceConnectionFactory.getSharedConnection(LettuceConnectionFactory.java:1245) ~[spring-data-redis-3.3.10.jar:3.3.10]
    	at org.springframework.data.redis.connection.lettuce.LettuceConnectionFactory.getConnection(LettuceConnectionFactory.java:1051) ~[spring-data-redis-3.3.10.jar:3.3.10]
    	at org.springframework.data.redis.listener.RedisMessageListenerContainer$Subscriber.lambda$initialize$0(RedisMessageListenerContainer.java:1241) ~[spring-data-redis-3.3.10.jar:3.3.10]
    	at org.springframework.data.redis.listener.RedisMessageListenerContainer$Subscriber.doInLock(RedisMessageListenerContainer.java:1455) ~[spring-data-redis-3.3.10.jar:3.3.10]
    	at org.springframework.data.redis.listener.RedisMessageListenerContainer$Subscriber.initialize(RedisMessageListenerContainer.java:1235) ~[spring-data-redis-3.3.10.jar:3.3.10]
    	at org.springframework.data.redis.listener.RedisMessageListenerContainer.doSubscribe(RedisMessageListenerContainer.java:428) ~[spring-data-redis-3.3.10.jar:3.3.10]
    	at org.springframework.data.redis.listener.RedisMessageListenerContainer.lazyListen(RedisMessageListenerContainer.java:404) ~[spring-data-redis-3.3.10.jar:3.3.10]
    	at org.springframework.data.redis.listener.RedisMessageListenerContainer.lazyListen(RedisMessageListenerContainer.java:374) ~[spring-data-redis-3.3.10.jar:3.3.10]
    	... 105 common frames omitted
    Caused by: io.lettuce.core.RedisConnectionException: Unable to connect to localhost/<unresolved>:6379
    	at io.lettuce.core.RedisConnectionException.create(RedisConnectionException.java:78) ~[lettuce-core-6.3.2.RELEASE.jar:6.3.2.RELEASE/8941aea]
    	at io.lettuce.core.RedisConnectionException.create(RedisConnectionException.java:56) ~[lettuce-core-6.3.2.RELEASE.jar:6.3.2.RELEASE/8941aea]
    	at io.lettuce.core.AbstractRedisClient.getConnection(AbstractRedisClient.java:350) ~[lettuce-core-6.3.2.RELEASE.jar:6.3.2.RELEASE/8941aea]
    	at io.lettuce.core.RedisClient.connect(RedisClient.java:215) ~[lettuce-core-6.3.2.RELEASE.jar:6.3.2.RELEASE/8941aea]
    	at org.springframework.data.redis.connection.lettuce.StandaloneConnectionProvider.lambda$getConnection$1(StandaloneConnectionProvider.java:112) ~[spring-data-redis-3.3.10.jar:3.3.10]
    	at java.base/java.util.Optional.orElseGet(Optional.java:364) ~[na:na]
    	at org.springframework.data.redis.connection.lettuce.StandaloneConnectionProvider.getConnection(StandaloneConnectionProvider.java:112) ~[spring-data-redis-3.3.10.jar:3.3.10]
    	at org.springframework.data.redis.connection.lettuce.LettuceConnectionFactory$ExceptionTranslatingConnectionProvider.getConnection(LettuceConnectionFactory.java:1778) ~[spring-data-redis-3.3.10.jar:3.3.10]
    	... 117 common frames omitted
    Caused by: io.netty.channel.AbstractChannel$AnnotatedConnectException: Connection refused: getsockopt: localhost/127.0.0.1:6379
    Caused by: java.net.ConnectException: Connection refused: getsockopt
    	at java.base/sun.nio.ch.Net.pollConnect(Native Method) ~[na:na]
    	at java.base/sun.nio.ch.Net.pollConnectNow(Net.java:694) ~[na:na]
    	at java.base/sun.nio.ch.SocketChannelImpl.finishConnect(SocketChannelImpl.java:973) ~[na:na]
    	at io.netty.channel.socket.nio.NioSocketChannel.doFinishConnect(NioSocketChannel.java:336) ~[netty-transport-4.1.119.Final.jar:4.1.119.Final]
    	at io.netty.channel.nio.AbstractNioChannel$AbstractNioUnsafe.finishConnect(AbstractNioChannel.java:339) ~[netty-transport-4.1.119.Final.jar:4.1.119.Final]
    	at io.netty.channel.nio.NioEventLoop.processSelectedKey(NioEventLoop.java:784) ~[netty-transport-4.1.119.Final.jar:4.1.119.Final]
    	at io.netty.channel.nio.NioEventLoop.processSelectedKeysOptimized(NioEventLoop.java:732) ~[netty-transport-4.1.119.Final.jar:4.1.119.Final]
    	at io.netty.channel.nio.NioEventLoop.processSelectedKeys(NioEventLoop.java:658) ~[netty-transport-4.1.119.Final.jar:4.1.119.Final]
    	at io.netty.channel.nio.NioEventLoop.run(NioEventLoop.java:562) ~[netty-transport-4.1.119.Final.jar:4.1.119.Final]
    	at io.netty.util.concurrent.SingleThreadEventExecutor$4.run(SingleThreadEventExecutor.java:998) ~[netty-common-4.1.119.Final.jar:4.1.119.Final]
    	at io.netty.util.internal.ThreadExecutorMap$2.run(ThreadExecutorMap.java:74) ~[netty-common-4.1.119.Final.jar:4.1.119.Final]
    	at io.netty.util.concurrent.FastThreadLocalRunnable.run(FastThreadLocalRunnable.java:30) ~[netty-common-4.1.119.Final.jar:4.1.119.Final]
    	at java.base/java.lang.Thread.run(Thread.java:1583) ~[na:na]


CoLivingApplicationTest > contextLoads() FAILED
    java.lang.IllegalStateException: Failed to load ApplicationContext for [WebMergedContextConfiguration@2ffa1f25 testClass = com.coliving.CoLivingApplicationTest, locations = [], classes = [com.coliving.CoLivingApplication], contextInitializerClasses = [], activeProfiles = ["test"], propertySourceDescriptors = [], propertySourceProperties = ["org.springframework.boot.test.context.SpringBootTestContextBootstrapper=true"], contextCustomizers = [org.springframework.boot.test.autoconfigure.OnFailureConditionReportContextCustomizerFactory$OnFailureConditionReportContextCustomizer@5b7ea70d, org.springframework.boot.test.autoconfigure.actuate.observability.ObservabilityContextCustomizerFactory$DisableObservabilityContextCustomizer@1f, org.springframework.boot.test.autoconfigure.properties.PropertyMappingContextCustomizer@0, org.springframework.boot.test.autoconfigure.web.servlet.WebDriverContextCustomizer@15eebbff, org.springframework.boot.test.context.filter.ExcludeFilterContextCustomizer@2453f95d, org.springframework.boot.test.json.DuplicateJsonObjectContextCustomizerFactory$DuplicateJsonObjectContextCustomizer@3e34ace1, org.springframework.boot.test.mock.mockito.MockitoContextCustomizer@0, org.springframework.boot.test.web.client.TestRestTemplateContextCustomizer@21aa6d6c, org.springframework.boot.test.web.reactive.server.WebTestClientContextCustomizer@3f446bef, org.springframework.boot.test.web.reactor.netty.DisableReactorResourceFactoryGlobalResourcesContextCustomizerFactory$DisableReactorResourceFactoryGlobalResourcesContextCustomizerCustomizer@4d098f9b, org.springframework.boot.test.context.SpringBootTestAnnotation@3a75cc75], resourceBasePath = "src/main/webapp", contextLoader = org.springframework.boot.test.context.SpringBootContextLoader, parent = null]
        at org.springframework.test.context.cache.DefaultCacheAwareContextLoaderDelegate.loadContext(DefaultCacheAwareContextLoaderDelegate.java:180)
        at org.springframework.test.context.support.DefaultTestContext.getApplicationContext(DefaultTestContext.java:130)
        at org.springframework.test.context.web.ServletTestExecutionListener.setUpRequestContextIfNecessary(ServletTestExecutionListener.java:191)
        at org.springframework.test.context.web.ServletTestExecutionListener.prepareTestInstance(ServletTestExecutionListener.java:130)
        at org.springframework.test.context.TestContextManager.prepareTestInstance(TestContextManager.java:260)
        at org.springframework.test.context.junit.jupiter.SpringExtension.postProcessTestInstance(SpringExtension.java:163)
        at java.base/java.util.stream.ReferencePipeline$3$1.accept(ReferencePipeline.java:197)
        at java.base/java.util.stream.ReferencePipeline$2$1.accept(ReferencePipeline.java:179)
        at java.base/java.util.ArrayList$ArrayListSpliterator.forEachRemaining(ArrayList.java:1708)
        at java.base/java.util.stream.AbstractPipeline.copyInto(AbstractPipeline.java:509)
        at java.base/java.util.stream.AbstractPipeline.wrapAndCopyInto(AbstractPipeline.java:499)
        at java.base/java.util.stream.StreamSpliterators$WrappingSpliterator.forEachRemaining(StreamSpliterators.java:310)
        at java.base/java.util.stream.Streams$ConcatSpliterator.forEachRemaining(Streams.java:735)
        at java.base/java.util.stream.Streams$ConcatSpliterator.forEachRemaining(Streams.java:734)
        at java.base/java.util.stream.ReferencePipeline$Head.forEach(ReferencePipeline.java:762)
        at java.base/java.util.Optional.orElseGet(Optional.java:364)
        at java.base/java.util.ArrayList.forEach(ArrayList.java:1596)
        at java.base/java.util.ArrayList.forEach(ArrayList.java:1596)

        Caused by:
        org.springframework.context.ApplicationContextException: Failed to start bean 'notificationRedisMessageListenerContainer'
            at app//org.springframework.context.support.DefaultLifecycleProcessor.doStart(DefaultLifecycleProcessor.java:288)
            at app//org.springframework.context.support.DefaultLifecycleProcessor$LifecycleGroup.start(DefaultLifecycleProcessor.java:472)
            at java.base@21.0.10/java.lang.Iterable.forEach(Iterable.java:75)
            at app//org.springframework.context.support.DefaultLifecycleProcessor.startBeans(DefaultLifecycleProcessor.java:257)
            at app//org.springframework.context.support.DefaultLifecycleProcessor.onRefresh(DefaultLifecycleProcessor.java:202)
            at app//org.springframework.context.support.AbstractApplicationContext.finishRefresh(AbstractApplicationContext.java:990)
            at app//org.springframework.context.support.AbstractApplicationContext.refresh(AbstractApplicationContext.java:628)
            at app//org.springframework.boot.SpringApplication.refresh(SpringApplication.java:754)
            at app//org.springframework.boot.SpringApplication.refreshContext(SpringApplication.java:456)
            at app//org.springframework.boot.SpringApplication.run(SpringApplication.java:335)
            at app//org.springframework.boot.test.context.SpringBootContextLoader.lambda$loadContext$3(SpringBootContextLoader.java:145)
            at app//org.springframework.util.function.ThrowingSupplier.get(ThrowingSupplier.java:58)
            at app//org.springframework.util.function.ThrowingSupplier.get(ThrowingSupplier.java:46)
            at app//org.springframework.boot.SpringApplication.withHook(SpringApplication.java:1463)
            at app//org.springframework.boot.test.context.SpringBootContextLoader$ContextLoaderHook.run(SpringBootContextLoader.java:564)
            at app//org.springframework.boot.test.context.SpringBootContextLoader.loadContext(SpringBootContextLoader.java:145)
            at app//org.springframework.boot.test.context.SpringBootContextLoader.loadContext(SpringBootContextLoader.java:116)
            at app//org.springframework.test.context.cache.DefaultCacheAwareContextLoaderDelegate.loadContextInternal(DefaultCacheAwareContextLoaderDelegate.java:225)
            at app//org.springframework.test.context.cache.DefaultCacheAwareContextLoaderDelegate.loadContext(DefaultCacheAwareContextLoaderDelegate.java:152)
            ... 17 more

            Caused by:
            org.springframework.data.redis.listener.adapter.RedisListenerExecutionFailedException: org.springframework.data.redis.RedisConnectionFailureException: Unable to connect to Redis
                at app//org.springframework.data.redis.listener.RedisMessageListenerContainer.lazyListen(RedisMessageListenerContainer.java:383)
                at app//org.springframework.data.redis.listener.RedisMessageListenerContainer.start(RedisMessageListenerContainer.java:361)
                at app//org.springframework.context.support.DefaultLifecycleProcessor.doStart(DefaultLifecycleProcessor.java:285)
                ... 35 more

                Caused by:
                org.springframework.data.redis.RedisConnectionFailureException: Unable to connect to Redis
                    at app//org.springframework.data.redis.connection.lettuce.LettuceConnectionFactory$ExceptionTranslatingConnectionProvider.translateException(LettuceConnectionFactory.java:1849)
                    at app//org.springframework.data.redis.connection.lettuce.LettuceConnectionFactory$ExceptionTranslatingConnectionProvider.getConnection(LettuceConnectionFactory.java:1780)
                    at app//org.springframework.data.redis.connection.lettuce.LettuceConnectionFactory$SharedConnection.getNativeConnection(LettuceConnectionFactory.java:1582)
                    at app//org.springframework.data.redis.connection.lettuce.LettuceConnectionFactory$SharedConnection.lambda$getConnection$0(LettuceConnectionFactory.java:1562)
                    at app//org.springframework.data.redis.connection.lettuce.LettuceConnectionFactory.doInLock(LettuceConnectionFactory.java:1523)
                    at app//org.springframework.data.redis.connection.lettuce.LettuceConnectionFactory$SharedConnection.getConnection(LettuceConnectionFactory.java:1559)
                    at app//org.springframework.data.redis.connection.lettuce.LettuceConnectionFactory.getSharedConnection(LettuceConnectionFactory.java:1245)
                    at app//org.springframework.data.redis.connection.lettuce.LettuceConnectionFactory.getConnection(LettuceConnectionFactory.java:1051)
                    at app//org.springframework.data.redis.listener.RedisMessageListenerContainer$Subscriber.lambda$initialize$0(RedisMessageListenerContainer.java:1241)
                    at app//org.springframework.data.redis.listener.RedisMessageListenerContainer$Subscriber.doInLock(RedisMessageListenerContainer.java:1455)
                    at app//org.springframework.data.redis.listener.RedisMessageListenerContainer$Subscriber.initialize(RedisMessageListenerContainer.java:1235)
                    at app//org.springframework.data.redis.listener.RedisMessageListenerContainer.doSubscribe(RedisMessageListenerContainer.java:428)
                    at app//org.springframework.data.redis.listener.RedisMessageListenerContainer.lazyListen(RedisMessageListenerContainer.java:404)
                    at app//org.springframework.data.redis.listener.RedisMessageListenerContainer.lazyListen(RedisMessageListenerContainer.java:374)
                    ... 37 more

                    Caused by:
                    io.lettuce.core.RedisConnectionException: Unable to connect to localhost/<unresolved>:6379
                        at app//io.lettuce.core.RedisConnectionException.create(RedisConnectionException.java:78)
                        at app//io.lettuce.core.RedisConnectionException.create(RedisConnectionException.java:56)
                        at app//io.lettuce.core.AbstractRedisClient.getConnection(AbstractRedisClient.java:350)
                        at app//io.lettuce.core.RedisClient.connect(RedisClient.java:215)
                        at app//org.springframework.data.redis.connection.lettuce.StandaloneConnectionProvider.lambda$getConnection$1(StandaloneConnectionProvider.java:112)
                        at java.base@21.0.10/java.util.Optional.orElseGet(Optional.java:364)
                        at app//org.springframework.data.redis.connection.lettuce.StandaloneConnectionProvider.getConnection(StandaloneConnectionProvider.java:112)
                        at app//org.springframework.data.redis.connection.lettuce.LettuceConnectionFactory$ExceptionTranslatingConnectionProvider.getConnection(LettuceConnectionFactory.java:1778)
                        ... 49 more

                        Caused by:
                        io.netty.channel.AbstractChannel$AnnotatedConnectException: Connection refused: getsockopt: localhost/127.0.0.1:6379

                            Caused by:
                            java.net.ConnectException: Connection refused: getsockopt
                                at java.base/sun.nio.ch.Net.pollConnect(Native Method)
                                at java.base/sun.nio.ch.Net.pollConnectNow(Net.java:694)
                                at java.base/sun.nio.ch.SocketChannelImpl.finishConnect(SocketChannelImpl.java:973)
                                at io.netty.channel.socket.nio.NioSocketChannel.doFinishConnect(NioSocketChannel.java:336)
                                at io.netty.channel.nio.AbstractNioChannel$AbstractNioUnsafe.finishConnect(AbstractNioChannel.java:339)
                                at io.netty.channel.nio.NioEventLoop.processSelectedKey(NioEventLoop.java:784)
                                at io.netty.channel.nio.NioEventLoop.processSelectedKeysOptimized(NioEventLoop.java:732)
                                at io.netty.channel.nio.NioEventLoop.processSelectedKeys(NioEventLoop.java:658)
                                at io.netty.channel.nio.NioEventLoop.run(NioEventLoop.java:562)
                                at io.netty.util.concurrent.SingleThreadEventExecutor$4.run(SingleThreadEventExecutor.java:998)
                                at io.netty.util.internal.ThreadExecutorMap$2.run(ThreadExecutorMap.java:74)
                                at io.netty.util.concurrent.FastThreadLocalRunnable.run(FastThreadLocalRunnable.java:30)
                                at java.base/java.lang.Thread.run(Thread.java:1583)

AdminReservationControllerTest STANDARD_OUT
    2026-04-13T12:41:29.649+09:00  INFO 4752 --- [    Test worker] t.c.s.AnnotationConfigContextLoaderUtils : Could not detect default configuration classes for test class [com.coliving.admin.reservation.adapter.in.web.AdminReservationControllerTest]: AdminReservationControllerTest does not declare any static, non-private, non-final, nested classes annotated with @Configuration.
    2026-04-13T12:41:29.813+09:00  INFO 4752 --- [    Test worker] .b.t.c.SpringBootTestContextBootstrapper : Found @SpringBootConfiguration com.coliving.CoLivingApplication for test class com.coliving.admin.reservation.adapter.in.web.AdminReservationControllerTest

      .   ____          _            __ _ _
     /\\ / ___'_ __ _ _(_)_ __  __ _ \ \ \ \
    ( ( )\___ | '_ | '_| | '_ \/ _` | \ \ \ \
     \\/  ___)| |_)| | | | | || (_| |  ) ) ) )
      '  |____| .__|_| |_|_| |_\__, | / / / /
     =========|_|==============|___/=/_/_/_/

     :: Spring Boot ::               (v3.3.10)

    2026-04-13T12:41:29.842+09:00  INFO 4752 --- [    Test worker] a.r.a.i.w.AdminReservationControllerTest : Starting AdminReservationControllerTest using Java 21.0.10 with PID 4752 (started by hi in C:\team1_cokkiri\backend)
    2026-04-13T12:41:29.842+09:00  INFO 4752 --- [    Test worker] a.r.a.i.w.AdminReservationControllerTest : No active profile set, falling back to 1 default profile: "default"

AdminReservationControllerTest STANDARD_ERROR
    WARNING: A Java agent has been loaded dynamically (C:\Users\hi\.gradle\caches\modules-2\files-2.1\net.bytebuddy\byte-buddy-agent\1.14.19\154da3a65b4f4a909d3e5bdec55d1b2b4cbb6ce1\byte-buddy-agent-1.14.19.jar)
    WARNING: If a serviceability tool is in use, please run with -XX:+EnableDynamicAgentLoading to hide this warning
    WARNING: If a serviceability tool is not in use, please run with -Djdk.instrument.traceUsage for more information
    WARNING: Dynamic loading of agents will be disallowed by default in a future release


> Task :test

AdminReservationControllerTest STANDARD_OUT
    2026-04-13T12:41:30.870+09:00  WARN 4752 --- [    Test worker] o.s.w.c.s.GenericWebApplicationContext   : Exception encountered during context initialization - cancelling refresh attempt: org.springframework.beans.factory.UnsatisfiedDependencyException: Error creating bean with name 'adminReservationController' defined in file [C:\team1_cokkiri\backend\build\classes\java\main\com\coliving\admin\reservation\adapter\in\web\AdminReservationController.class]: Unsatisfied dependency expressed through constructor parameter 0: No qualifying bean of type 'com.coliving.admin.reservation.application.port.in.AdminReservationQueryUseCase' available: expected at least 1 bean which qualifies as autowire candidate. Dependency annotations: {}

AdminReservationControllerTest STANDARD_ERROR



    ============================
    CONDITIONS EVALUATION REPORT
    ============================


    Positive matches:
    -----------------

       ErrorMvcAutoConfiguration matched:
          - @ConditionalOnClass found required classes 'jakarta.servlet.Servlet', 'org.springframework.web.servlet.DispatcherServlet' (OnClassCondition)
          - found 'session' scope (OnWebApplicationCondition)

       ErrorMvcAutoConfiguration#basicErrorController matched:
          - @ConditionalOnMissingBean (types: org.springframework.boot.web.servlet.error.ErrorController; SearchStrategy: current) did not find any beans (OnBeanCondition)

       ErrorMvcAutoConfiguration#errorAttributes matched:
          - @ConditionalOnMissingBean (types: org.springframework.boot.web.servlet.error.ErrorAttributes; SearchStrategy: current) did not find any beans (OnBeanCondition)

       ErrorMvcAutoConfiguration.WhitelabelErrorViewConfiguration matched:
          - @ConditionalOnProperty (server.error.whitelabel.enabled) matched (OnPropertyCondition)
          - ErrorTemplate Missing did not find error template view (ErrorMvcAutoConfiguration.ErrorTemplateMissingCondition)

       ErrorMvcAutoConfiguration.WhitelabelErrorViewConfiguration#beanNameViewResolver matched:
          - @ConditionalOnMissingBean (types: org.springframework.web.servlet.view.BeanNameViewResolver; SearchStrategy: all) did not find any beans (OnBeanCondition)

       ErrorMvcAutoConfiguration.WhitelabelErrorViewConfiguration#defaultErrorView matched:
          - @ConditionalOnMissingBean (names: error; SearchStrategy: all) did not find any beans (OnBeanCondition)

       HttpEncodingAutoConfiguration matched:
          - @ConditionalOnClass found required class 'org.springframework.web.filter.CharacterEncodingFilter' (OnClassCondition)
          - found 'session' scope (OnWebApplicationCondition)
          - @ConditionalOnProperty (server.servlet.encoding.enabled) matched (OnPropertyCondition)

       HttpEncodingAutoConfiguration#characterEncodingFilter matched:
          - @ConditionalOnMissingBean (types: org.springframework.web.filter.CharacterEncodingFilter; SearchStrategy: all) did not find any beans (OnBeanCondition)

       HttpMessageConvertersAutoConfiguration matched:
          - @ConditionalOnClass found required class 'org.springframework.http.converter.HttpMessageConverter' (OnClassCondition)
          - NoneNestedConditions 0 matched 1 did not; NestedCondition on HttpMessageConvertersAutoConfiguration.NotReactiveWebApplicationCondition.ReactiveWebApplication not a reactive web application (HttpMessageConvertersAutoConfiguration.NotReactiveWebApplicationCondition)

       HttpMessageConvertersAutoConfiguration#messageConverters matched:
          - @ConditionalOnMissingBean (types: org.springframework.boot.autoconfigure.http.HttpMessageConverters; SearchStrategy: all) did not find any beans (OnBeanCondition)

       HttpMessageConvertersAutoConfiguration.StringHttpMessageConverterConfiguration matched:
          - @ConditionalOnClass found required class 'org.springframework.http.converter.StringHttpMessageConverter' (OnClassCondition)

       HttpMessageConvertersAutoConfiguration.StringHttpMessageConverterConfiguration#stringHttpMessageConverter matched:
          - @ConditionalOnMissingBean (types: org.springframework.http.converter.StringHttpMessageConverter; SearchStrategy: all) did not find any beans (OnBeanCondition)

       JacksonAutoConfiguration matched:
          - @ConditionalOnClass found required class 'com.fasterxml.jackson.databind.ObjectMapper' (OnClassCondition)

       JacksonAutoConfiguration.Jackson2ObjectMapperBuilderCustomizerConfiguration matched:
          - @ConditionalOnClass found required class 'org.springframework.http.converter.json.Jackson2ObjectMapperBuilder' (OnClassCondition)

       JacksonAutoConfiguration.JacksonObjectMapperBuilderConfiguration matched:
          - @ConditionalOnClass found required class 'org.springframework.http.converter.json.Jackson2ObjectMapperBuilder' (OnClassCondition)

       JacksonAutoConfiguration.JacksonObjectMapperBuilderConfiguration#jacksonObjectMapperBuilder matched:
          - @ConditionalOnMissingBean (types: org.springframework.http.converter.json.Jackson2ObjectMapperBuilder; SearchStrategy: all) did not find any beans (OnBeanCondition)

       JacksonAutoConfiguration.JacksonObjectMapperConfiguration matched:
          - @ConditionalOnClass found required class 'org.springframework.http.converter.json.Jackson2ObjectMapperBuilder' (OnClassCondition)

       JacksonAutoConfiguration.JacksonObjectMapperConfiguration#jacksonObjectMapper matched:
          - @ConditionalOnMissingBean (types: com.fasterxml.jackson.databind.ObjectMapper; SearchStrategy: all) did not find any beans (OnBeanCondition)

       JacksonAutoConfiguration.ParameterNamesModuleConfiguration matched:
          - @ConditionalOnClass found required class 'com.fasterxml.jackson.module.paramnames.ParameterNamesModule' (OnClassCondition)

       JacksonAutoConfiguration.ParameterNamesModuleConfiguration#parameterNamesModule matched:
          - @ConditionalOnMissingBean (types: com.fasterxml.jackson.module.paramnames.ParameterNamesModule; SearchStrategy: all) did not find any beans (OnBeanCondition)

       JacksonHttpMessageConvertersConfiguration.MappingJackson2HttpMessageConverterConfiguration matched:
          - @ConditionalOnClass found required class 'com.fasterxml.jackson.databind.ObjectMapper' (OnClassCondition)
          - @ConditionalOnProperty (spring.mvc.converters.preferred-json-mapper=jackson) matched (OnPropertyCondition)
          - @ConditionalOnBean (types: com.fasterxml.jackson.databind.ObjectMapper; SearchStrategy: all) found bean 'jacksonObjectMapper' (OnBeanCondition)

       JacksonHttpMessageConvertersConfiguration.MappingJackson2HttpMessageConverterConfiguration#mappingJackson2HttpMessageConverter matched:
          - @ConditionalOnMissingBean (types: org.springframework.http.converter.json.MappingJackson2HttpMessageConverter ignored: org.springframework.hateoas.server.mvc.TypeConstrainedMappingJackson2HttpMessageConverter,org.springframework.data.rest.webmvc.alps.AlpsJsonHttpMessageConverter; SearchStrategy: all) did not find any beans (OnBeanCondition)

       MockMvcAutoConfiguration matched:
          - found 'session' scope (OnWebApplicationCondition)

       MockMvcAutoConfiguration#dispatcherServlet matched:
          - @ConditionalOnMissingBean (types: org.springframework.web.servlet.DispatcherServlet; SearchStrategy: all) did not find any beans (OnBeanCondition)

       MockMvcAutoConfiguration#dispatcherServletPath matched:
          - @ConditionalOnMissingBean (types: org.springframework.boot.autoconfigure.web.servlet.DispatcherServletPath; SearchStrategy: all) did not find any beans (OnBeanCondition)

       MockMvcAutoConfiguration#mockMvc matched:
          - @ConditionalOnMissingBean (types: org.springframework.test.web.servlet.MockMvc; SearchStrategy: all) did not find any beans (OnBeanCondition)

       MockMvcAutoConfiguration#mockMvcBuilder matched:
          - @ConditionalOnMissingBean (types: org.springframework.test.web.servlet.MockMvcBuilder; SearchStrategy: all) did not find any beans (OnBeanCondition)

       MockMvcAutoConfiguration.WebTestClientMockMvcConfiguration matched:
          - @ConditionalOnClass found required classes 'org.springframework.web.reactive.function.client.WebClient', 'org.springframework.test.web.reactive.server.WebTestClient' (OnClassCondition)

       MockMvcAutoConfiguration.WebTestClientMockMvcConfiguration#webTestClient matched:
          - @ConditionalOnMissingBean (types: org.springframework.test.web.reactive.server.WebTestClient; SearchStrategy: all) did not find any beans (OnBeanCondition)

       MockMvcSecurityConfiguration matched:
          - @ConditionalOnClass found required class 'org.springframework.security.test.web.servlet.request.SecurityMockMvcRequestPostProcessors' (OnClassCondition)

       MockMvcSecurityConfiguration#securityMockMvcBuilderCustomizer matched:
          - @ConditionalOnBean (names: springSecurityFilterChain; SearchStrategy: all) found bean 'springSecurityFilterChain' (OnBeanCondition)

       NoOpCacheConfiguration matched:
          - Cache org.springframework.boot.autoconfigure.cache.NoOpCacheConfiguration NONE cache type (CacheCondition)

       SecurityAutoConfiguration matched:
          - @ConditionalOnClass found required class 'org.springframework.security.authentication.DefaultAuthenticationEventPublisher' (OnClassCondition)

       SecurityAutoConfiguration#authenticationEventPublisher matched:
          - @ConditionalOnMissingBean (types: org.springframework.security.authentication.AuthenticationEventPublisher; SearchStrategy: all) did not find any beans (OnBeanCondition)

       SecurityFilterAutoConfiguration matched:
          - @ConditionalOnClass found required classes 'org.springframework.security.web.context.AbstractSecurityWebApplicationInitializer', 'org.springframework.security.config.http.SessionCreationPolicy' (OnClassCondition)
          - found 'session' scope (OnWebApplicationCondition)

       SecurityFilterAutoConfiguration#securityFilterChainRegistration matched:
          - @ConditionalOnBean (names: springSecurityFilterChain; SearchStrategy: all) found bean 'springSecurityFilterChain' (OnBeanCondition)

       SpringBootWebSecurityConfiguration matched:
          - found 'session' scope (OnWebApplicationCondition)

       SpringBootWebSecurityConfiguration.SecurityFilterChainConfiguration matched:
          - AllNestedConditions 2 matched 0 did not; NestedCondition on DefaultWebSecurityCondition.Beans @ConditionalOnMissingBean (types: org.springframework.security.web.SecurityFilterChain; SearchStrategy: all) did not find any beans; NestedCondition on DefaultWebSecurityCondition.Classes @ConditionalOnClass found required classes 'org.springframework.security.web.SecurityFilterChain', 'org.springframework.security.config.annotation.web.builders.HttpSecurity' (DefaultWebSecurityCondition)

       SpringBootWebSecurityConfiguration.WebSecurityEnablerConfiguration matched:
          - @ConditionalOnClass found required class 'org.springframework.security.config.annotation.web.configuration.EnableWebSecurity' (OnClassCondition)
          - @ConditionalOnMissingBean (names: springSecurityFilterChain; SearchStrategy: all) did not find any beans (OnBeanCondition)

       SpringDataWebAutoConfiguration matched:
          - @ConditionalOnClass found required classes 'org.springframework.data.web.PageableHandlerMethodArgumentResolver', 'org.springframework.web.servlet.config.annotation.WebMvcConfigurer' (OnClassCondition)
          - found 'session' scope (OnWebApplicationCondition)
          - @ConditionalOnMissingBean (types: org.springframework.data.web.PageableHandlerMethodArgumentResolver; SearchStrategy: all) did not find any beans (OnBeanCondition)

       SpringDataWebAutoConfiguration#pageableCustomizer matched:
          - @ConditionalOnMissingBean (types: org.springframework.data.web.config.PageableHandlerMethodArgumentResolverCustomizer; SearchStrategy: all) did not find any beans (OnBeanCondition)

       SpringDataWebAutoConfiguration#sortCustomizer matched:
          - @ConditionalOnMissingBean (types: org.springframework.data.web.config.SortHandlerMethodArgumentResolverCustomizer; SearchStrategy: all) did not find any beans (OnBeanCondition)

       TaskExecutionAutoConfiguration matched:
          - @ConditionalOnClass found required class 'org.springframework.scheduling.concurrent.ThreadPoolTaskExecutor' (OnClassCondition)

       TaskExecutorConfigurations.SimpleAsyncTaskExecutorBuilderConfiguration#simpleAsyncTaskExecutorBuilder matched:
          - @ConditionalOnMissingBean (types: org.springframework.boot.task.SimpleAsyncTaskExecutorBuilder; SearchStrategy: all) did not find any beans (OnBeanCondition)
          - @ConditionalOnThreading found PLATFORM (OnThreadingCondition)

       TaskExecutorConfigurations.TaskExecutorBuilderConfiguration#taskExecutorBuilder matched:
          - @ConditionalOnMissingBean (types: org.springframework.boot.task.TaskExecutorBuilder; SearchStrategy: all) did not find any beans (OnBeanCondition)

       TaskExecutorConfigurations.TaskExecutorConfiguration matched:
          - @ConditionalOnMissingBean (types: java.util.concurrent.Executor; SearchStrategy: all) did not find any beans (OnBeanCondition)

       TaskExecutorConfigurations.TaskExecutorConfiguration#applicationTaskExecutor matched:
          - @ConditionalOnThreading found PLATFORM (OnThreadingCondition)

       TaskExecutorConfigurations.ThreadPoolTaskExecutorBuilderConfiguration#threadPoolTaskExecutorBuilder matched:
          - @ConditionalOnMissingBean (types: org.springframework.boot.task.TaskExecutorBuilder,org.springframework.boot.task.ThreadPoolTaskExecutorBuilder; SearchStrategy: all) did not find any beans (OnBeanCondition)

       UserDetailsServiceAutoConfiguration matched:
          - @ConditionalOnClass found required class 'org.springframework.security.authentication.AuthenticationManager' (OnClassCondition)
          - AnyNestedCondition 1 matched 2 did not; NestedCondition on UserDetailsServiceAutoConfiguration.MissingAlternativeOrUserPropertiesConfigured.PasswordConfigured @ConditionalOnProperty (spring.security.user.password) did not find property 'password'; NestedCondition on UserDetailsServiceAutoConfiguration.MissingAlternativeOrUserPropertiesConfigured.NameConfigured @ConditionalOnProperty (spring.security.user.name) did not find property 'name'; NestedCondition on UserDetailsServiceAutoConfiguration.MissingAlternativeOrUserPropertiesConfigured.MissingAlternative @ConditionalOnMissingClass did not find unwanted classes 'org.springframework.security.oauth2.client.registration.ClientRegistrationRepository', 'org.springframework.security.oauth2.server.resource.introspection.OpaqueTokenIntrospector', 'org.springframework.security.saml2.provider.service.registration.RelyingPartyRegistrationRepository' (UserDetailsServiceAutoConfiguration.MissingAlternativeOrUserPropertiesConfigured)
          - @ConditionalOnBean (types: org.springframework.security.config.annotation.ObjectPostProcessor; SearchStrategy: all) found bean 'objectPostProcessor'; @ConditionalOnMissingBean (types: org.springframework.security.authentication.AuthenticationManager,org.springframework.security.authentication.AuthenticationProvider,org.springframework.security.core.userdetails.UserDetailsService,org.springframework.security.authentication.AuthenticationManagerResolver,org.springframework.security.oauth2.jwt.JwtDecoder; SearchStrategy: all) did not find any beans (OnBeanCondition)

       ValidationAutoConfiguration matched:
          - @ConditionalOnClass found required class 'jakarta.validation.executable.ExecutableValidator' (OnClassCondition)
          - @ConditionalOnResource found location classpath:META-INF/services/jakarta.validation.spi.ValidationProvider (OnResourceCondition)

       ValidationAutoConfiguration#defaultValidator matched:
          - @ConditionalOnMissingBean (types: jakarta.validation.Validator; SearchStrategy: all) did not find any beans (OnBeanCondition)

       ValidationAutoConfiguration#methodValidationPostProcessor matched:
          - @ConditionalOnMissingBean (types: org.springframework.validation.beanvalidation.MethodValidationPostProcessor; SearchStrategy: current) did not find any beans (OnBeanCondition)

       WebMvcAutoConfiguration matched:
          - @ConditionalOnClass found required classes 'jakarta.servlet.Servlet', 'org.springframework.web.servlet.DispatcherServlet', 'org.springframework.web.servlet.config.annotation.WebMvcConfigurer' (OnClassCondition)
          - found 'session' scope (OnWebApplicationCondition)
          - @ConditionalOnMissingBean (types: org.springframework.web.servlet.config.annotation.WebMvcConfigurationSupport; SearchStrategy: all) did not find any beans (OnBeanCondition)

       WebMvcAutoConfiguration#formContentFilter matched:
          - @ConditionalOnProperty (spring.mvc.formcontent.filter.enabled) matched (OnPropertyCondition)
          - @ConditionalOnMissingBean (types: org.springframework.web.filter.FormContentFilter; SearchStrategy: all) did not find any beans (OnBeanCondition)

       WebMvcAutoConfiguration.EnableWebMvcConfiguration#flashMapManager matched:
          - @ConditionalOnMissingBean (names: flashMapManager; SearchStrategy: all) did not find any beans (OnBeanCondition)

       WebMvcAutoConfiguration.EnableWebMvcConfiguration#localeResolver matched:
          - @ConditionalOnMissingBean (names: localeResolver; SearchStrategy: all) did not find any beans (OnBeanCondition)

       WebMvcAutoConfiguration.EnableWebMvcConfiguration#themeResolver matched:
          - @ConditionalOnMissingBean (names: themeResolver; SearchStrategy: all) did not find any beans (OnBeanCondition)

       WebMvcAutoConfiguration.WebMvcAutoConfigurationAdapter#defaultViewResolver matched:
          - @ConditionalOnMissingBean (types: org.springframework.web.servlet.view.InternalResourceViewResolver; SearchStrategy: all) did not find any beans (OnBeanCondition)

       WebMvcAutoConfiguration.WebMvcAutoConfigurationAdapter#requestContextFilter matched:
          - @ConditionalOnMissingBean (types: org.springframework.web.context.request.RequestContextListener,org.springframework.web.filter.RequestContextFilter; SearchStrategy: all) did not find any beans (OnBeanCondition)

       WebMvcAutoConfiguration.WebMvcAutoConfigurationAdapter#viewResolver matched:
          - @ConditionalOnBean (types: org.springframework.web.servlet.ViewResolver; SearchStrategy: all) found beans 'defaultViewResolver', 'beanNameViewResolver', 'mvcViewResolver'; @ConditionalOnMissingBean (names: viewResolver types: org.springframework.web.servlet.view.ContentNegotiatingViewResolver; SearchStrategy: all) did not find any beans (OnBeanCondition)

       WebTestClientAutoConfiguration matched:
          - @ConditionalOnClass found required classes 'org.springframework.web.reactive.function.client.WebClient', 'org.springframework.test.web.reactive.server.WebTestClient' (OnClassCondition)

       WebTestClientSecurityConfiguration matched:
          - @ConditionalOnClass found required class 'org.springframework.security.test.web.reactive.server.SecurityMockServerConfigurers' (OnClassCondition)


    Negative matches:
    -----------------

       Cache2kCacheConfiguration:
          Did not match:
             - @ConditionalOnClass did not find required class 'org.cache2k.Cache2kBuilder' (OnClassCondition)

       CacheAutoConfiguration:
          Did not match:
             - @ConditionalOnBean (types: org.springframework.cache.interceptor.CacheAspectSupport; SearchStrategy: all) did not find any beans of type org.springframework.cache.interceptor.CacheAspectSupport (OnBeanCondition)
          Matched:
             - @ConditionalOnClass found required class 'org.springframework.cache.CacheManager' (OnClassCondition)

       CacheAutoConfiguration.CacheManagerEntityManagerFactoryDependsOnPostProcessor:
          Did not match:
             - Ancestor org.springframework.boot.autoconfigure.cache.CacheAutoConfiguration did not match (ConditionEvaluationReport.AncestorsMatchedCondition)
          Matched:
             - @ConditionalOnClass found required class 'org.springframework.orm.jpa.LocalContainerEntityManagerFactoryBean' (OnClassCondition)

       CaffeineCacheConfiguration:
          Did not match:
             - @ConditionalOnClass did not find required class 'com.github.benmanes.caffeine.cache.Caffeine' (OnClassCondition)

       CouchbaseCacheConfiguration:
          Did not match:
             - @ConditionalOnClass did not find required class 'com.couchbase.client.java.Cluster' (OnClassCondition)

       ErrorMvcAutoConfiguration.DefaultErrorViewResolverConfiguration#conventionErrorViewResolver:
          Did not match:
             - @ConditionalOnBean (types: org.springframework.web.servlet.DispatcherServlet; SearchStrategy: all) did not find any beans of type org.springframework.web.servlet.DispatcherServlet (OnBeanCondition)

       FreeMarkerAutoConfiguration:
          Did not match:
             - @ConditionalOnClass did not find required class 'freemarker.template.Configuration' (OnClassCondition)

       GenericCacheConfiguration:
          Did not match:
             - Cache org.springframework.boot.autoconfigure.cache.GenericCacheConfiguration unknown cache type (CacheCondition)

       GroovyTemplateAutoConfiguration:
          Did not match:
             - @ConditionalOnClass did not find required class 'groovy.text.markup.MarkupTemplateEngine' (OnClassCondition)

       GsonAutoConfiguration:
          Did not match:
             - @ConditionalOnClass did not find required class 'com.google.gson.Gson' (OnClassCondition)

       GsonHttpMessageConvertersConfiguration:
          Did not match:
             - @ConditionalOnClass did not find required class 'com.google.gson.Gson' (OnClassCondition)

       HazelcastCacheConfiguration:
          Did not match:
             - @ConditionalOnClass did not find required class 'com.hazelcast.core.HazelcastInstance' (OnClassCondition)

       HypermediaAutoConfiguration:
          Did not match:
             - @ConditionalOnClass did not find required class 'org.springframework.hateoas.EntityModel' (OnClassCondition)

       InfinispanCacheConfiguration:
          Did not match:
             - @ConditionalOnClass did not find required class 'org.infinispan.spring.embedded.provider.SpringEmbeddedCacheManager' (OnClassCondition)

       JCacheCacheConfiguration:
          Did not match:
             - @ConditionalOnClass did not find required class 'javax.cache.Caching' (OnClassCondition)

       JacksonHttpMessageConvertersConfiguration.MappingJackson2XmlHttpMessageConverterConfiguration:
          Did not match:
             - @ConditionalOnClass did not find required class 'com.fasterxml.jackson.dataformat.xml.XmlMapper' (OnClassCondition)

       JsonbAutoConfiguration:
          Did not match:
             - @ConditionalOnClass did not find required class 'jakarta.json.bind.Jsonb' (OnClassCondition)

       JsonbHttpMessageConvertersConfiguration:
          Did not match:
             - @ConditionalOnClass did not find required class 'jakarta.json.bind.Jsonb' (OnClassCondition)

       MessageSourceAutoConfiguration:
          Did not match:
             - ResourceBundle did not find bundle with basename messages (MessageSourceAutoConfiguration.ResourceBundleCondition)

       MockMvcWebClientAutoConfiguration:
          Did not match:
             - @ConditionalOnClass did not find required class 'com.gargoylesoftware.htmlunit.WebClient' (OnClassCondition)

       MockMvcWebDriverAutoConfiguration:
          Did not match:
             - @ConditionalOnClass did not find required class 'org.openqa.selenium.htmlunit.HtmlUnitDriver' (OnClassCondition)

       MustacheAutoConfiguration:
          Did not match:
             - @ConditionalOnClass did not find required class 'com.samskivert.mustache.Mustache' (OnClassCondition)

       OAuth2ClientAutoConfiguration:
          Did not match:
             - @ConditionalOnClass did not find required class 'org.springframework.security.oauth2.client.registration.ClientRegistration' (OnClassCondition)

       OAuth2ResourceServerAutoConfiguration:
          Did not match:
             - @ConditionalOnClass did not find required class 'org.springframework.security.oauth2.server.resource.authentication.BearerTokenAuthenticationToken' (OnClassCondition)

       RedisCacheConfiguration:
          Did not match:
             - Cache org.springframework.boot.autoconfigure.cache.RedisCacheConfiguration unknown cache type (CacheCondition)
          Matched:
             - @ConditionalOnClass found required class 'org.springframework.data.redis.connection.RedisConnectionFactory' (OnClassCondition)

       SecurityDataConfiguration:
          Did not match:
             - @ConditionalOnClass did not find required class 'org.springframework.security.data.repository.query.SecurityEvaluationContextExtension' (OnClassCondition)

       SimpleCacheConfiguration:
          Did not match:
             - Cache org.springframework.boot.autoconfigure.cache.SimpleCacheConfiguration unknown cache type (CacheCondition)

       TaskExecutorConfigurations.SimpleAsyncTaskExecutorBuilderConfiguration#simpleAsyncTaskExecutorBuilderVirtualThreads:
          Did not match:
             - @ConditionalOnMissingBean (types: org.springframework.boot.task.SimpleAsyncTaskExecutorBuilder; SearchStrategy: all) found beans of type 'org.springframework.boot.task.SimpleAsyncTaskExecutorBuilder' simpleAsyncTaskExecutorBuilder (OnBeanCondition)

       TaskExecutorConfigurations.TaskExecutorConfiguration#applicationTaskExecutorVirtualThreads:
          Did not match:
             - @ConditionalOnThreading did not find VIRTUAL (OnThreadingCondition)

       ThymeleafAutoConfiguration:
          Did not match:
             - @ConditionalOnClass did not find required class 'org.thymeleaf.spring6.SpringTemplateEngine' (OnClassCondition)

       WebMvcAutoConfiguration#hiddenHttpMethodFilter:
          Did not match:
             - @ConditionalOnProperty (spring.mvc.hiddenmethod.filter.enabled) did not find property 'enabled' (OnPropertyCondition)

       WebMvcAutoConfiguration.ProblemDetailsErrorHandlingConfiguration:
          Did not match:
             - @ConditionalOnProperty (spring.mvc.problemdetails.enabled=true) did not find property 'enabled' (OnPropertyCondition)

       WebMvcAutoConfiguration.ResourceChainCustomizerConfiguration:
          Did not match:
             - @ConditionalOnEnabledResourceChain did not find class org.webjars.WebJarAssetLocator (OnEnabledResourceChainCondition)

       WebMvcAutoConfiguration.WebMvcAutoConfigurationAdapter#beanNameViewResolver:
          Did not match:
             - @ConditionalOnMissingBean (types: org.springframework.web.servlet.view.BeanNameViewResolver; SearchStrategy: all) found beans of type 'org.springframework.web.servlet.view.BeanNameViewResolver' beanNameViewResolver (OnBeanCondition)

       WebTestClientAutoConfiguration#webTestClient:
          Did not match:
             - @ConditionalOnBean (types: org.springframework.web.server.WebHandler; SearchStrategy: all) did not find any beans of type org.springframework.web.server.WebHandler (OnBeanCondition)


    Exclusions:
    -----------

        None


    Unconditional classes:
    ----------------------

        None




AdminReservationControllerTest STANDARD_OUT
    2026-04-13T12:41:30.888+09:00  INFO 4752 --- [    Test worker] .s.b.a.l.ConditionEvaluationReportLogger : 

    Error starting ApplicationContext. To display the condition evaluation report re-run your application with 'debug' enabled.
    2026-04-13T12:41:30.896+09:00 ERROR 4752 --- [    Test worker] o.s.b.d.LoggingFailureAnalysisReporter   : 

    ***************************
    APPLICATION FAILED TO START
    ***************************

    Description:

    Parameter 0 of constructor in com.coliving.admin.reservation.adapter.in.web.AdminReservationController required a bean of type 'com.coliving.admin.reservation.application.port.in.AdminReservationQueryUseCase' that could not be found.


    Action:

    Consider defining a bean of type 'com.coliving.admin.reservation.application.port.in.AdminReservationQueryUseCase' in your configuration.

    2026-04-13T12:41:30.896+09:00  WARN 4752 --- [    Test worker] o.s.test.context.TestContextManager      : Caught exception while allowing TestExecutionListener [org.springframework.boot.test.mock.mockito.MockitoTestExecutionListener] to prepare test instance [com.coliving.admin.reservation.adapter.in.web.AdminReservationControllerTest@1dfda1c4]

    java.lang.IllegalStateException: Failed to load ApplicationContext for [WebMergedContextConfiguration@6d7a772e testClass = com.coliving.admin.reservation.adapter.in.web.AdminReservationControllerTest, locations = [], classes = [com.coliving.CoLivingApplication], contextInitializerClasses = [], activeProfiles = [], propertySourceDescriptors = [], propertySourceProperties = ["org.springframework.boot.test.autoconfigure.web.servlet.WebMvcTestContextBootstrapper=true"], contextCustomizers = [org.springframework.boot.test.autoconfigure.OnFailureConditionReportContextCustomizerFactory$OnFailureConditionReportContextCustomizer@5b7ea70d, org.springframework.boot.test.autoconfigure.OverrideAutoConfigurationContextCustomizerFactory$DisableAutoConfigurationContextCustomizer@7ace0b5d, org.springframework.boot.test.autoconfigure.actuate.observability.ObservabilityContextCustomizerFactory$DisableObservabilityContextCustomizer@1f, org.springframework.boot.test.autoconfigure.filter.TypeExcludeFiltersContextCustomizer@3b44b124, org.springframework.boot.test.autoconfigure.properties.PropertyMappingContextCustomizer@d2e10b5c, org.springframework.boot.test.autoconfigure.web.servlet.WebDriverContextCustomizer@15eebbff, [ImportsContextCustomizer@1047924 key = [org.springframework.boot.autoconfigure.task.TaskExecutionAutoConfiguration, org.springframework.boot.autoconfigure.cache.CacheAutoConfiguration, org.springframework.boot.autoconfigure.web.servlet.HttpEncodingAutoConfiguration, org.springframework.boot.autoconfigure.validation.ValidationAutoConfiguration, org.springframework.boot.autoconfigure.context.MessageSourceAutoConfiguration, org.springframework.boot.autoconfigure.hateoas.HypermediaAutoConfiguration, org.springframework.boot.autoconfigure.jackson.JacksonAutoConfiguration, org.springframework.boot.autoconfigure.data.web.SpringDataWebAutoConfiguration, org.springframework.boot.test.autoconfigure.web.reactive.WebTestClientAutoConfiguration, org.springframework.boot.autoconfigure.web.servlet.error.ErrorMvcAutoConfiguration, org.springframework.boot.test.autoconfigure.web.servlet.MockMvcAutoConfiguration, org.springframework.boot.autoconfigure.security.servlet.SecurityAutoConfiguration, org.springframework.boot.autoconfigure.security.servlet.SecurityFilterAutoConfiguration, org.springframework.boot.autoconfigure.http.HttpMessageConvertersAutoConfiguration, org.springframework.boot.autoconfigure.security.oauth2.client.servlet.OAuth2ClientAutoConfiguration, org.springframework.boot.test.autoconfigure.web.servlet.MockMvcSecurityConfiguration, org.springframework.boot.test.autoconfigure.web.servlet.MockMvcWebClientAutoConfiguration, org.springframework.boot.test.autoconfigure.web.servlet.MockMvcWebDriverAutoConfiguration, org.springframework.boot.autoconfigure.thymeleaf.ThymeleafAutoConfiguration, org.springframework.boot.autoconfigure.gson.GsonAutoConfiguration, org.springframework.boot.autoconfigure.jsonb.JsonbAutoConfiguration, org.springframework.boot.autoconfigure.freemarker.FreeMarkerAutoConfiguration, org.springframework.boot.autoconfigure.web.servlet.WebMvcAutoConfiguration, org.springframework.boot.autoconfigure.security.servlet.UserDetailsServiceAutoConfiguration, org.springframework.boot.autoconfigure.security.oauth2.resource.servlet.OAuth2ResourceServerAutoConfiguration, org.springframework.boot.autoconfigure.groovy.template.GroovyTemplateAutoConfiguration, org.springframework.boot.autoconfigure.mustache.MustacheAutoConfiguration]], org.springframework.boot.test.context.filter.ExcludeFilterContextCustomizer@2453f95d, org.springframework.boot.test.json.DuplicateJsonObjectContextCustomizerFactory$DuplicateJsonObjectContextCustomizer@3e34ace1, org.springframework.boot.test.mock.mockito.MockitoContextCustomizer@635af456, org.springframework.boot.test.web.reactor.netty.DisableReactorResourceFactoryGlobalResourcesContextCustomizerFactory$DisableReactorResourceFactoryGlobalResourcesContextCustomizerCustomizer@4d098f9b, org.springframework.boot.test.context.SpringBootTestAnnotation@520345f4], resourceBasePath = "src/main/webapp", contextLoader = org.springframework.boot.test.context.SpringBootContextLoader, parent = null]
    	at org.springframework.test.context.cache.DefaultCacheAwareContextLoaderDelegate.loadContext(DefaultCacheAwareContextLoaderDelegate.java:180) ~[spring-test-6.1.18.jar:6.1.18]
    	at org.springframework.test.context.support.DefaultTestContext.getApplicationContext(DefaultTestContext.java:130) ~[spring-test-6.1.18.jar:6.1.18]
    	at org.springframework.boot.test.mock.mockito.MockitoTestExecutionListener.postProcessFields(MockitoTestExecutionListener.java:122) ~[spring-boot-test-3.3.10.jar:3.3.10]
    	at org.springframework.boot.test.mock.mockito.MockitoTestExecutionListener.injectFields(MockitoTestExecutionListener.java:106) ~[spring-boot-test-3.3.10.jar:3.3.10]
    	at org.springframework.boot.test.mock.mockito.MockitoTestExecutionListener.prepareTestInstance(MockitoTestExecutionListener.java:63) ~[spring-boot-test-3.3.10.jar:3.3.10]
    	at org.springframework.test.context.TestContextManager.prepareTestInstance(TestContextManager.java:260) ~[spring-test-6.1.18.jar:6.1.18]
    	at org.springframework.test.context.junit.jupiter.SpringExtension.postProcessTestInstance(SpringExtension.java:163) ~[spring-test-6.1.18.jar:6.1.18]
    	at org.junit.jupiter.engine.descriptor.ClassBasedTestDescriptor.lambda$invokeTestInstancePostProcessors$10(ClassBasedTestDescriptor.java:378) ~[junit-jupiter-engine-5.10.5.jar:5.10.5]
    	at org.junit.jupiter.engine.descriptor.ClassBasedTestDescriptor.executeAndMaskThrowable(ClassBasedTestDescriptor.java:383) ~[junit-jupiter-engine-5.10.5.jar:5.10.5]
    	at org.junit.jupiter.engine.descriptor.ClassBasedTestDescriptor.lambda$invokeTestInstancePostProcessors$11(ClassBasedTestDescriptor.java:378) ~[junit-jupiter-engine-5.10.5.jar:5.10.5]
    	at java.base/java.util.stream.ReferencePipeline$3$1.accept(ReferencePipeline.java:197) ~[na:na]
    	at java.base/java.util.stream.ReferencePipeline$2$1.accept(ReferencePipeline.java:179) ~[na:na]
    	at java.base/java.util.ArrayList$ArrayListSpliterator.forEachRemaining(ArrayList.java:1708) ~[na:na]
    	at java.base/java.util.stream.AbstractPipeline.copyInto(AbstractPipeline.java:509) ~[na:na]
    	at java.base/java.util.stream.AbstractPipeline.wrapAndCopyInto(AbstractPipeline.java:499) ~[na:na]
    	at java.base/java.util.stream.StreamSpliterators$WrappingSpliterator.forEachRemaining(StreamSpliterators.java:310) ~[na:na]
    	at java.base/java.util.stream.Streams$ConcatSpliterator.forEachRemaining(Streams.java:735) ~[na:na]
    	at java.base/java.util.stream.Streams$ConcatSpliterator.forEachRemaining(Streams.java:734) ~[na:na]
    	at java.base/java.util.stream.ReferencePipeline$Head.forEach(ReferencePipeline.java:762) ~[na:na]
    	at org.junit.jupiter.engine.descriptor.ClassBasedTestDescriptor.invokeTestInstancePostProcessors(ClassBasedTestDescriptor.java:377) ~[junit-jupiter-engine-5.10.5.jar:5.10.5]
    	at org.junit.jupiter.engine.descriptor.ClassBasedTestDescriptor.lambda$instantiateAndPostProcessTestInstance$6(ClassBasedTestDescriptor.java:290) ~[junit-jupiter-engine-5.10.5.jar:5.10.5]
    	at org.junit.platform.engine.support.hierarchical.ThrowableCollector.execute(ThrowableCollector.java:73) ~[junit-platform-engine-1.10.5.jar:1.10.5]
    	at org.junit.jupiter.engine.descriptor.ClassBasedTestDescriptor.instantiateAndPostProcessTestInstance(ClassBasedTestDescriptor.java:289) ~[junit-jupiter-engine-5.10.5.jar:5.10.5]
    	at org.junit.jupiter.engine.descriptor.ClassBasedTestDescriptor.lambda$testInstancesProvider$4(ClassBasedTestDescriptor.java:279) ~[junit-jupiter-engine-5.10.5.jar:5.10.5]
    	at java.base/java.util.Optional.orElseGet(Optional.java:364) ~[na:na]
    	at org.junit.jupiter.engine.descriptor.ClassBasedTestDescriptor.lambda$testInstancesProvider$5(ClassBasedTestDescriptor.java:278) ~[junit-jupiter-engine-5.10.5.jar:5.10.5]
    	at org.junit.jupiter.engine.execution.TestInstancesProvider.getTestInstances(TestInstancesProvider.java:31) ~[junit-jupiter-engine-5.10.5.jar:5.10.5]
    	at org.junit.jupiter.engine.descriptor.TestMethodTestDescriptor.lambda$prepare$0(TestMethodTestDescriptor.java:106) ~[junit-jupiter-engine-5.10.5.jar:5.10.5]
    	at org.junit.platform.engine.support.hierarchical.ThrowableCollector.execute(ThrowableCollector.java:73) ~[junit-platform-engine-1.10.5.jar:1.10.5]
    	at org.junit.jupiter.engine.descriptor.TestMethodTestDescriptor.prepare(TestMethodTestDescriptor.java:105) ~[junit-jupiter-engine-5.10.5.jar:5.10.5]
    	at org.junit.jupiter.engine.descriptor.TestMethodTestDescriptor.prepare(TestMethodTestDescriptor.java:69) ~[junit-jupiter-engine-5.10.5.jar:5.10.5]
    	at org.junit.platform.engine.support.hierarchical.NodeTestTask.lambda$prepare$2(NodeTestTask.java:128) ~[junit-platform-engine-1.10.5.jar:1.10.5]
    	at org.junit.platform.engine.support.hierarchical.ThrowableCollector.execute(ThrowableCollector.java:73) ~[junit-platform-engine-1.10.5.jar:1.10.5]
    	at org.junit.platform.engine.support.hierarchical.NodeTestTask.prepare(NodeTestTask.java:128) ~[junit-platform-engine-1.10.5.jar:1.10.5]
    	at org.junit.platform.engine.support.hierarchical.NodeTestTask.execute(NodeTestTask.java:95) ~[junit-platform-engine-1.10.5.jar:1.10.5]
    	at java.base/java.util.ArrayList.forEach(ArrayList.java:1596) ~[na:na]
    	at org.junit.platform.engine.support.hierarchical.SameThreadHierarchicalTestExecutorService.invokeAll(SameThreadHierarchicalTestExecutorService.java:41) ~[junit-platform-engine-1.10.5.jar:1.10.5]
    	at org.junit.platform.engine.support.hierarchical.NodeTestTask.lambda$executeRecursively$6(NodeTestTask.java:160) ~[junit-platform-engine-1.10.5.jar:1.10.5]
    	at org.junit.platform.engine.support.hierarchical.ThrowableCollector.execute(ThrowableCollector.java:73) ~[junit-platform-engine-1.10.5.jar:1.10.5]
    	at org.junit.platform.engine.support.hierarchical.NodeTestTask.lambda$executeRecursively$8(NodeTestTask.java:146) ~[junit-platform-engine-1.10.5.jar:1.10.5]
    	at org.junit.platform.engine.support.hierarchical.Node.around(Node.java:137) ~[junit-platform-engine-1.10.5.jar:1.10.5]
    	at org.junit.platform.engine.support.hierarchical.NodeTestTask.lambda$executeRecursively$9(NodeTestTask.java:144) ~[junit-platform-engine-1.10.5.jar:1.10.5]
    	at org.junit.platform.engine.support.hierarchical.ThrowableCollector.execute(ThrowableCollector.java:73) ~[junit-platform-engine-1.10.5.jar:1.10.5]
    	at org.junit.platform.engine.support.hierarchical.NodeTestTask.executeRecursively(NodeTestTask.java:143) ~[junit-platform-engine-1.10.5.jar:1.10.5]
    	at org.junit.platform.engine.support.hierarchical.NodeTestTask.execute(NodeTestTask.java:100) ~[junit-platform-engine-1.10.5.jar:1.10.5]
    	at java.base/java.util.ArrayList.forEach(ArrayList.java:1596) ~[na:na]
    	at org.junit.platform.engine.support.hierarchical.SameThreadHierarchicalTestExecutorService.invokeAll(SameThreadHierarchicalTestExecutorService.java:41) ~[junit-platform-engine-1.10.5.jar:1.10.5]
    	at org.junit.platform.engine.support.hierarchical.NodeTestTask.lambda$executeRecursively$6(NodeTestTask.java:160) ~[junit-platform-engine-1.10.5.jar:1.10.5]
    	at org.junit.platform.engine.support.hierarchical.ThrowableCollector.execute(ThrowableCollector.java:73) ~[junit-platform-engine-1.10.5.jar:1.10.5]
    	at org.junit.platform.engine.support.hierarchical.NodeTestTask.lambda$executeRecursively$8(NodeTestTask.java:146) ~[junit-platform-engine-1.10.5.jar:1.10.5]
    	at org.junit.platform.engine.support.hierarchical.Node.around(Node.java:137) ~[junit-platform-engine-1.10.5.jar:1.10.5]
    	at org.junit.platform.engine.support.hierarchical.NodeTestTask.lambda$executeRecursively$9(NodeTestTask.java:144) ~[junit-platform-engine-1.10.5.jar:1.10.5]
    	at org.junit.platform.engine.support.hierarchical.ThrowableCollector.execute(ThrowableCollector.java:73) ~[junit-platform-engine-1.10.5.jar:1.10.5]
    	at org.junit.platform.engine.support.hierarchical.NodeTestTask.executeRecursively(NodeTestTask.java:143) ~[junit-platform-engine-1.10.5.jar:1.10.5]
    	at org.junit.platform.engine.support.hierarchical.NodeTestTask.execute(NodeTestTask.java:100) ~[junit-platform-engine-1.10.5.jar:1.10.5]
    	at org.junit.platform.engine.support.hierarchical.SameThreadHierarchicalTestExecutorService.submit(SameThreadHierarchicalTestExecutorService.java:35) ~[junit-platform-engine-1.10.5.jar:1.10.5]
    	at org.junit.platform.engine.support.hierarchical.HierarchicalTestExecutor.execute(HierarchicalTestExecutor.java:57) ~[junit-platform-engine-1.10.5.jar:1.10.5]
    	at org.junit.platform.engine.support.hierarchical.HierarchicalTestEngine.execute(HierarchicalTestEngine.java:54) ~[junit-platform-engine-1.10.5.jar:1.10.5]
    	at org.junit.platform.launcher.core.EngineExecutionOrchestrator.execute(EngineExecutionOrchestrator.java:198) ~[junit-platform-launcher-1.10.5.jar:1.10.5]
    	at org.junit.platform.launcher.core.EngineExecutionOrchestrator.execute(EngineExecutionOrchestrator.java:169) ~[junit-platform-launcher-1.10.5.jar:1.10.5]
    	at org.junit.platform.launcher.core.EngineExecutionOrchestrator.execute(EngineExecutionOrchestrator.java:93) ~[junit-platform-launcher-1.10.5.jar:1.10.5]
    	at org.junit.platform.launcher.core.EngineExecutionOrchestrator.lambda$execute$0(EngineExecutionOrchestrator.java:58) ~[junit-platform-launcher-1.10.5.jar:1.10.5]
    	at org.junit.platform.launcher.core.EngineExecutionOrchestrator.withInterceptedStreams(EngineExecutionOrchestrator.java:141) ~[junit-platform-launcher-1.10.5.jar:1.10.5]
    	at org.junit.platform.launcher.core.EngineExecutionOrchestrator.execute(EngineExecutionOrchestrator.java:57) ~[junit-platform-launcher-1.10.5.jar:1.10.5]
    	at org.junit.platform.launcher.core.DefaultLauncher.execute(DefaultLauncher.java:103) ~[junit-platform-launcher-1.10.5.jar:1.10.5]
    	at org.junit.platform.launcher.core.DefaultLauncher.execute(DefaultLauncher.java:85) ~[junit-platform-launcher-1.10.5.jar:1.10.5]
    	at org.junit.platform.launcher.core.DelegatingLauncher.execute(DelegatingLauncher.java:47) ~[junit-platform-launcher-1.10.5.jar:1.10.5]
    	at org.gradle.api.internal.tasks.testing.junitplatform.JUnitPlatformTestClassProcessor$CollectAllTestClassesExecutor.processAllTestClasses(JUnitPlatformTestClassProcessor.java:124) ~[na:na]
    	at org.gradle.api.internal.tasks.testing.junitplatform.JUnitPlatformTestClassProcessor$CollectAllTestClassesExecutor.access$000(JUnitPlatformTestClassProcessor.java:99) ~[na:na]
    	at org.gradle.api.internal.tasks.testing.junitplatform.JUnitPlatformTestClassProcessor.stop(JUnitPlatformTestClassProcessor.java:94) ~[na:na]
    	at org.gradle.api.internal.tasks.testing.SuiteTestClassProcessor.stop(SuiteTestClassProcessor.java:63) ~[na:na]
    	at java.base/jdk.internal.reflect.DirectMethodHandleAccessor.invoke(DirectMethodHandleAccessor.java:103) ~[na:na]
    	at java.base/java.lang.reflect.Method.invoke(Method.java:580) ~[na:na]
    	at org.gradle.internal.dispatch.ReflectionDispatch.dispatch(ReflectionDispatch.java:36) ~[na:na]
    	at org.gradle.internal.dispatch.ReflectionDispatch.dispatch(ReflectionDispatch.java:24) ~[na:na]
    	at org.gradle.internal.dispatch.ContextClassLoaderDispatch.dispatch(ContextClassLoaderDispatch.java:33) ~[na:na]
    	at org.gradle.internal.dispatch.ProxyDispatchAdapter$DispatchingInvocationHandler.invoke(ProxyDispatchAdapter.java:92) ~[na:na]
    	at jdk.proxy1/jdk.proxy1.$Proxy4.stop(Unknown Source) ~[na:na]
    	at org.gradle.api.internal.tasks.testing.worker.TestWorker$3.run(TestWorker.java:200) ~[na:na]
    	at org.gradle.api.internal.tasks.testing.worker.TestWorker.executeAndMaintainThreadName(TestWorker.java:132) ~[na:na]
    	at org.gradle.api.internal.tasks.testing.worker.TestWorker.execute(TestWorker.java:103) ~[na:na]
    	at org.gradle.api.internal.tasks.testing.worker.TestWorker.execute(TestWorker.java:63) ~[na:na]
    	at org.gradle.process.internal.worker.child.ActionExecutionWorker.execute(ActionExecutionWorker.java:56) ~[na:na]
    	at org.gradle.process.internal.worker.child.SystemApplicationClassLoaderWorker.call(SystemApplicationClassLoaderWorker.java:121) ~[na:na]
    	at org.gradle.process.internal.worker.child.SystemApplicationClassLoaderWorker.call(SystemApplicationClassLoaderWorker.java:71) ~[na:na]
    	at worker.org.gradle.process.internal.worker.GradleWorkerMain.run(GradleWorkerMain.java:69) ~[gradle-worker.jar:na]
    	at worker.org.gradle.process.internal.worker.GradleWorkerMain.main(GradleWorkerMain.java:74) ~[gradle-worker.jar:na]
    Caused by: org.springframework.beans.factory.UnsatisfiedDependencyException: Error creating bean with name 'adminReservationController' defined in file [C:\team1_cokkiri\backend\build\classes\java\main\com\coliving\admin\reservation\adapter\in\web\AdminReservationController.class]: Unsatisfied dependency expressed through constructor parameter 0: No qualifying bean of type 'com.coliving.admin.reservation.application.port.in.AdminReservationQueryUseCase' available: expected at least 1 bean which qualifies as autowire candidate. Dependency annotations: {}
    	at org.springframework.beans.factory.support.ConstructorResolver.createArgumentArray(ConstructorResolver.java:795) ~[spring-beans-6.1.18.jar:6.1.18]
    	at org.springframework.beans.factory.support.ConstructorResolver.autowireConstructor(ConstructorResolver.java:237) ~[spring-beans-6.1.18.jar:6.1.18]
    	at org.springframework.beans.factory.support.AbstractAutowireCapableBeanFactory.autowireConstructor(AbstractAutowireCapableBeanFactory.java:1375) ~[spring-beans-6.1.18.jar:6.1.18]
    	at org.springframework.beans.factory.support.AbstractAutowireCapableBeanFactory.createBeanInstance(AbstractAutowireCapableBeanFactory.java:1212) ~[spring-beans-6.1.18.jar:6.1.18]
    	at org.springframework.beans.factory.support.AbstractAutowireCapableBeanFactory.doCreateBean(AbstractAutowireCapableBeanFactory.java:562) ~[spring-beans-6.1.18.jar:6.1.18]
    	at org.springframework.beans.factory.support.AbstractAutowireCapableBeanFactory.createBean(AbstractAutowireCapableBeanFactory.java:522) ~[spring-beans-6.1.18.jar:6.1.18]
    	at org.springframework.beans.factory.support.AbstractBeanFactory.lambda$doGetBean$0(AbstractBeanFactory.java:337) ~[spring-beans-6.1.18.jar:6.1.18]
    	at org.springframework.beans.factory.support.DefaultSingletonBeanRegistry.getSingleton(DefaultSingletonBeanRegistry.java:234) ~[spring-beans-6.1.18.jar:6.1.18]
    	at org.springframework.beans.factory.support.AbstractBeanFactory.doGetBean(AbstractBeanFactory.java:335) ~[spring-beans-6.1.18.jar:6.1.18]
    	at org.springframework.beans.factory.support.AbstractBeanFactory.getBean(AbstractBeanFactory.java:200) ~[spring-beans-6.1.18.jar:6.1.18]
    	at org.springframework.beans.factory.support.DefaultListableBeanFactory.preInstantiateSingletons(DefaultListableBeanFactory.java:975) ~[spring-beans-6.1.18.jar:6.1.18]
    	at org.springframework.context.support.AbstractApplicationContext.finishBeanFactoryInitialization(AbstractApplicationContext.java:971) ~[spring-context-6.1.18.jar:6.1.18]
    	at org.springframework.context.support.AbstractApplicationContext.refresh(AbstractApplicationContext.java:625) ~[spring-context-6.1.18.jar:6.1.18]
    	at org.springframework.boot.SpringApplication.refresh(SpringApplication.java:754) ~[spring-boot-3.3.10.jar:3.3.10]
    	at org.springframework.boot.SpringApplication.refreshContext(SpringApplication.java:456) ~[spring-boot-3.3.10.jar:3.3.10]
    	at org.springframework.boot.SpringApplication.run(SpringApplication.java:335) ~[spring-boot-3.3.10.jar:3.3.10]
    	at org.springframework.boot.test.context.SpringBootContextLoader.lambda$loadContext$3(SpringBootContextLoader.java:145) ~[spring-boot-test-3.3.10.jar:3.3.10]
    	at org.springframework.util.function.ThrowingSupplier.get(ThrowingSupplier.java:58) ~[spring-core-6.1.18.jar:6.1.18]
    	at org.springframework.util.function.ThrowingSupplier.get(ThrowingSupplier.java:46) ~[spring-core-6.1.18.jar:6.1.18]
    	at org.springframework.boot.SpringApplication.withHook(SpringApplication.java:1463) ~[spring-boot-3.3.10.jar:3.3.10]
    	at org.springframework.boot.test.context.SpringBootContextLoader$ContextLoaderHook.run(SpringBootContextLoader.java:564) ~[spring-boot-test-3.3.10.jar:3.3.10]
    	at org.springframework.boot.test.context.SpringBootContextLoader.loadContext(SpringBootContextLoader.java:145) ~[spring-boot-test-3.3.10.jar:3.3.10]
    	at org.springframework.boot.test.context.SpringBootContextLoader.loadContext(SpringBootContextLoader.java:116) ~[spring-boot-test-3.3.10.jar:3.3.10]
    	at org.springframework.test.context.cache.DefaultCacheAwareContextLoaderDelegate.loadContextInternal(DefaultCacheAwareContextLoaderDelegate.java:225) ~[spring-test-6.1.18.jar:6.1.18]
    	at org.springframework.test.context.cache.DefaultCacheAwareContextLoaderDelegate.loadContext(DefaultCacheAwareContextLoaderDelegate.java:152) ~[spring-test-6.1.18.jar:6.1.18]
    	... 86 common frames omitted
    Caused by: org.springframework.beans.factory.NoSuchBeanDefinitionException: No qualifying bean of type 'com.coliving.admin.reservation.application.port.in.AdminReservationQueryUseCase' available: expected at least 1 bean which qualifies as autowire candidate. Dependency annotations: {}
    	at org.springframework.beans.factory.support.DefaultListableBeanFactory.raiseNoMatchingBeanFound(DefaultListableBeanFactory.java:1894) ~[spring-beans-6.1.18.jar:6.1.18]
    	at org.springframework.beans.factory.support.DefaultListableBeanFactory.doResolveDependency(DefaultListableBeanFactory.java:1411) ~[spring-beans-6.1.18.jar:6.1.18]
    	at org.springframework.beans.factory.support.DefaultListableBeanFactory.resolveDependency(DefaultListableBeanFactory.java:1358) ~[spring-beans-6.1.18.jar:6.1.18]
    	at org.springframework.beans.factory.support.ConstructorResolver.resolveAutowiredArgument(ConstructorResolver.java:904) ~[spring-beans-6.1.18.jar:6.1.18]
    	at org.springframework.beans.factory.support.ConstructorResolver.createArgumentArray(ConstructorResolver.java:782) ~[spring-beans-6.1.18.jar:6.1.18]
    	... 110 common frames omitted


AdminReservationControllerTest > ?덉빟??諛섎젮 泥섎━?????덈떎 FAILED
    java.lang.IllegalStateException: Failed to load ApplicationContext for [WebMergedContextConfiguration@6d7a772e testClass = com.coliving.admin.reservation.adapter.in.web.AdminReservationControllerTest, locations = [], classes = [com.coliving.CoLivingApplication], contextInitializerClasses = [], activeProfiles = [], propertySourceDescriptors = [], propertySourceProperties = ["org.springframework.boot.test.autoconfigure.web.servlet.WebMvcTestContextBootstrapper=true"], contextCustomizers = [org.springframework.boot.test.autoconfigure.OnFailureConditionReportContextCustomizerFactory$OnFailureConditionReportContextCustomizer@5b7ea70d, org.springframework.boot.test.autoconfigure.OverrideAutoConfigurationContextCustomizerFactory$DisableAutoConfigurationContextCustomizer@7ace0b5d, org.springframework.boot.test.autoconfigure.actuate.observability.ObservabilityContextCustomizerFactory$DisableObservabilityContextCustomizer@1f, org.springframework.boot.test.autoconfigure.filter.TypeExcludeFiltersContextCustomizer@3b44b124, org.springframework.boot.test.autoconfigure.properties.PropertyMappingContextCustomizer@d2e10b5c, org.springframework.boot.test.autoconfigure.web.servlet.WebDriverContextCustomizer@15eebbff, [ImportsContextCustomizer@1047924 key = [org.springframework.boot.autoconfigure.task.TaskExecutionAutoConfiguration, org.springframework.boot.autoconfigure.cache.CacheAutoConfiguration, org.springframework.boot.autoconfigure.web.servlet.HttpEncodingAutoConfiguration, org.springframework.boot.autoconfigure.validation.ValidationAutoConfiguration, org.springframework.boot.autoconfigure.context.MessageSourceAutoConfiguration, org.springframework.boot.autoconfigure.hateoas.HypermediaAutoConfiguration, org.springframework.boot.autoconfigure.jackson.JacksonAutoConfiguration, org.springframework.boot.autoconfigure.data.web.SpringDataWebAutoConfiguration, org.springframework.boot.test.autoconfigure.web.reactive.WebTestClientAutoConfiguration, org.springframework.boot.autoconfigure.web.servlet.error.ErrorMvcAutoConfiguration, org.springframework.boot.test.autoconfigure.web.servlet.MockMvcAutoConfiguration, org.springframework.boot.autoconfigure.security.servlet.SecurityAutoConfiguration, org.springframework.boot.autoconfigure.security.servlet.SecurityFilterAutoConfiguration, org.springframework.boot.autoconfigure.http.HttpMessageConvertersAutoConfiguration, org.springframework.boot.autoconfigure.security.oauth2.client.servlet.OAuth2ClientAutoConfiguration, org.springframework.boot.test.autoconfigure.web.servlet.MockMvcSecurityConfiguration, org.springframework.boot.test.autoconfigure.web.servlet.MockMvcWebClientAutoConfiguration, org.springframework.boot.test.autoconfigure.web.servlet.MockMvcWebDriverAutoConfiguration, org.springframework.boot.autoconfigure.thymeleaf.ThymeleafAutoConfiguration, org.springframework.boot.autoconfigure.gson.GsonAutoConfiguration, org.springframework.boot.autoconfigure.jsonb.JsonbAutoConfiguration, org.springframework.boot.autoconfigure.freemarker.FreeMarkerAutoConfiguration, org.springframework.boot.autoconfigure.web.servlet.WebMvcAutoConfiguration, org.springframework.boot.autoconfigure.security.servlet.UserDetailsServiceAutoConfiguration, org.springframework.boot.autoconfigure.security.oauth2.resource.servlet.OAuth2ResourceServerAutoConfiguration, org.springframework.boot.autoconfigure.groovy.template.GroovyTemplateAutoConfiguration, org.springframework.boot.autoconfigure.mustache.MustacheAutoConfiguration]], org.springframework.boot.test.context.filter.ExcludeFilterContextCustomizer@2453f95d, org.springframework.boot.test.json.DuplicateJsonObjectContextCustomizerFactory$DuplicateJsonObjectContextCustomizer@3e34ace1, org.springframework.boot.test.mock.mockito.MockitoContextCustomizer@635af456, org.springframework.boot.test.web.reactor.netty.DisableReactorResourceFactoryGlobalResourcesContextCustomizerFactory$DisableReactorResourceFactoryGlobalResourcesContextCustomizerCustomizer@4d098f9b, org.springframework.boot.test.context.SpringBootTestAnnotation@520345f4], resourceBasePath = "src/main/webapp", contextLoader = org.springframework.boot.test.context.SpringBootContextLoader, parent = null]
        at org.springframework.test.context.cache.DefaultCacheAwareContextLoaderDelegate.loadContext(DefaultCacheAwareContextLoaderDelegate.java:180)
        at org.springframework.test.context.support.DefaultTestContext.getApplicationContext(DefaultTestContext.java:130)
        at org.springframework.boot.test.mock.mockito.MockitoTestExecutionListener.postProcessFields(MockitoTestExecutionListener.java:122)
        at org.springframework.boot.test.mock.mockito.MockitoTestExecutionListener.injectFields(MockitoTestExecutionListener.java:106)
        at org.springframework.boot.test.mock.mockito.MockitoTestExecutionListener.prepareTestInstance(MockitoTestExecutionListener.java:63)
        at org.springframework.test.context.TestContextManager.prepareTestInstance(TestContextManager.java:260)
        at org.springframework.test.context.junit.jupiter.SpringExtension.postProcessTestInstance(SpringExtension.java:163)
        at java.base/java.util.stream.ReferencePipeline$3$1.accept(ReferencePipeline.java:197)
        at java.base/java.util.stream.ReferencePipeline$2$1.accept(ReferencePipeline.java:179)
        at java.base/java.util.ArrayList$ArrayListSpliterator.forEachRemaining(ArrayList.java:1708)
        at java.base/java.util.stream.AbstractPipeline.copyInto(AbstractPipeline.java:509)
        at java.base/java.util.stream.AbstractPipeline.wrapAndCopyInto(AbstractPipeline.java:499)
        at java.base/java.util.stream.StreamSpliterators$WrappingSpliterator.forEachRemaining(StreamSpliterators.java:310)
        at java.base/java.util.stream.Streams$ConcatSpliterator.forEachRemaining(Streams.java:735)
        at java.base/java.util.stream.Streams$ConcatSpliterator.forEachRemaining(Streams.java:734)
        at java.base/java.util.stream.ReferencePipeline$Head.forEach(ReferencePipeline.java:762)
        at java.base/java.util.Optional.orElseGet(Optional.java:364)
        at java.base/java.util.ArrayList.forEach(ArrayList.java:1596)
        at java.base/java.util.ArrayList.forEach(ArrayList.java:1596)

        Caused by:
        org.springframework.beans.factory.UnsatisfiedDependencyException: Error creating bean with name 'adminReservationController' defined in file [C:\team1_cokkiri\backend\build\classes\java\main\com\coliving\admin\reservation\adapter\in\web\AdminReservationController.class]: Unsatisfied dependency expressed through constructor parameter 0: No qualifying bean of type 'com.coliving.admin.reservation.application.port.in.AdminReservationQueryUseCase' available: expected at least 1 bean which qualifies as autowire candidate. Dependency annotations: {}
            at app//org.springframework.beans.factory.support.ConstructorResolver.createArgumentArray(ConstructorResolver.java:795)
            at app//org.springframework.beans.factory.support.ConstructorResolver.autowireConstructor(ConstructorResolver.java:237)
            at app//org.springframework.beans.factory.support.AbstractAutowireCapableBeanFactory.autowireConstructor(AbstractAutowireCapableBeanFactory.java:1375)
            at app//org.springframework.beans.factory.support.AbstractAutowireCapableBeanFactory.createBeanInstance(AbstractAutowireCapableBeanFactory.java:1212)
            at app//org.springframework.beans.factory.support.AbstractAutowireCapableBeanFactory.doCreateBean(AbstractAutowireCapableBeanFactory.java:562)
            at app//org.springframework.beans.factory.support.AbstractAutowireCapableBeanFactory.createBean(AbstractAutowireCapableBeanFactory.java:522)
            at app//org.springframework.beans.factory.support.AbstractBeanFactory.lambda$doGetBean$0(AbstractBeanFactory.java:337)
            at app//org.springframework.beans.factory.support.DefaultSingletonBeanRegistry.getSingleton(DefaultSingletonBeanRegistry.java:234)
            at app//org.springframework.beans.factory.support.AbstractBeanFactory.doGetBean(AbstractBeanFactory.java:335)
            at app//org.springframework.beans.factory.support.AbstractBeanFactory.getBean(AbstractBeanFactory.java:200)
            at app//org.springframework.beans.factory.support.DefaultListableBeanFactory.preInstantiateSingletons(DefaultListableBeanFactory.java:975)
            at app//org.springframework.context.support.AbstractApplicationContext.finishBeanFactoryInitialization(AbstractApplicationContext.java:971)
            at app//org.springframework.context.support.AbstractApplicationContext.refresh(AbstractApplicationContext.java:625)
            at app//org.springframework.boot.SpringApplication.refresh(SpringApplication.java:754)
            at app//org.springframework.boot.SpringApplication.refreshContext(SpringApplication.java:456)
            at app//org.springframework.boot.SpringApplication.run(SpringApplication.java:335)
            at app//org.springframework.boot.test.context.SpringBootContextLoader.lambda$loadContext$3(SpringBootContextLoader.java:145)
            at app//org.springframework.util.function.ThrowingSupplier.get(ThrowingSupplier.java:58)
            at app//org.springframework.util.function.ThrowingSupplier.get(ThrowingSupplier.java:46)
            at app//org.springframework.boot.SpringApplication.withHook(SpringApplication.java:1463)
            at app//org.springframework.boot.test.context.SpringBootContextLoader$ContextLoaderHook.run(SpringBootContextLoader.java:564)
            at app//org.springframework.boot.test.context.SpringBootContextLoader.loadContext(SpringBootContextLoader.java:145)
            at app//org.springframework.boot.test.context.SpringBootContextLoader.loadContext(SpringBootContextLoader.java:116)
            at app//org.springframework.test.context.cache.DefaultCacheAwareContextLoaderDelegate.loadContextInternal(DefaultCacheAwareContextLoaderDelegate.java:225)
            at app//org.springframework.test.context.cache.DefaultCacheAwareContextLoaderDelegate.loadContext(DefaultCacheAwareContextLoaderDelegate.java:152)
            ... 18 more

            Caused by:
            org.springframework.beans.factory.NoSuchBeanDefinitionException: No qualifying bean of type 'com.coliving.admin.reservation.application.port.in.AdminReservationQueryUseCase' available: expected at least 1 bean which qualifies as autowire candidate. Dependency annotations: {}
                at app//org.springframework.beans.factory.support.DefaultListableBeanFactory.raiseNoMatchingBeanFound(DefaultListableBeanFactory.java:1894)
                at app//org.springframework.beans.factory.support.DefaultListableBeanFactory.doResolveDependency(DefaultListableBeanFactory.java:1411)
                at app//org.springframework.beans.factory.support.DefaultListableBeanFactory.resolveDependency(DefaultListableBeanFactory.java:1358)
                at app//org.springframework.beans.factory.support.ConstructorResolver.resolveAutowiredArgument(ConstructorResolver.java:904)
                at app//org.springframework.beans.factory.support.ConstructorResolver.createArgumentArray(ConstructorResolver.java:782)
                ... 42 more

AdminReservationControllerTest STANDARD_OUT
    2026-04-13T12:41:30.919+09:00  WARN 4752 --- [    Test worker] o.s.test.context.TestContextManager      : Caught exception while allowing TestExecutionListener [org.springframework.boot.test.mock.mockito.MockitoTestExecutionListener] to prepare test instance [com.coliving.admin.reservation.adapter.in.web.AdminReservationControllerTest@faef38e]

    java.lang.IllegalStateException: ApplicationContext failure threshold (1) exceeded: skipping repeated attempt to load context for [WebMergedContextConfiguration@6d7a772e testClass = com.coliving.admin.reservation.adapter.in.web.AdminReservationControllerTest, locations = [], classes = [com.coliving.CoLivingApplication], contextInitializerClasses = [], activeProfiles = [], propertySourceDescriptors = [], propertySourceProperties = ["org.springframework.boot.test.autoconfigure.web.servlet.WebMvcTestContextBootstrapper=true"], contextCustomizers = [org.springframework.boot.test.autoconfigure.OnFailureConditionReportContextCustomizerFactory$OnFailureConditionReportContextCustomizer@5b7ea70d, org.springframework.boot.test.autoconfigure.OverrideAutoConfigurationContextCustomizerFactory$DisableAutoConfigurationContextCustomizer@7ace0b5d, org.springframework.boot.test.autoconfigure.actuate.observability.ObservabilityContextCustomizerFactory$DisableObservabilityContextCustomizer@1f, org.springframework.boot.test.autoconfigure.filter.TypeExcludeFiltersContextCustomizer@3b44b124, org.springframework.boot.test.autoconfigure.properties.PropertyMappingContextCustomizer@d2e10b5c, org.springframework.boot.test.autoconfigure.web.servlet.WebDriverContextCustomizer@15eebbff, [ImportsContextCustomizer@1047924 key = [org.springframework.boot.autoconfigure.task.TaskExecutionAutoConfiguration, org.springframework.boot.autoconfigure.cache.CacheAutoConfiguration, org.springframework.boot.autoconfigure.web.servlet.HttpEncodingAutoConfiguration, org.springframework.boot.autoconfigure.validation.ValidationAutoConfiguration, org.springframework.boot.autoconfigure.context.MessageSourceAutoConfiguration, org.springframework.boot.autoconfigure.hateoas.HypermediaAutoConfiguration, org.springframework.boot.autoconfigure.jackson.JacksonAutoConfiguration, org.springframework.boot.autoconfigure.data.web.SpringDataWebAutoConfiguration, org.springframework.boot.test.autoconfigure.web.reactive.WebTestClientAutoConfiguration, org.springframework.boot.autoconfigure.web.servlet.error.ErrorMvcAutoConfiguration, org.springframework.boot.test.autoconfigure.web.servlet.MockMvcAutoConfiguration, org.springframework.boot.autoconfigure.security.servlet.SecurityAutoConfiguration, org.springframework.boot.autoconfigure.security.servlet.SecurityFilterAutoConfiguration, org.springframework.boot.autoconfigure.http.HttpMessageConvertersAutoConfiguration, org.springframework.boot.autoconfigure.security.oauth2.client.servlet.OAuth2ClientAutoConfiguration, org.springframework.boot.test.autoconfigure.web.servlet.MockMvcSecurityConfiguration, org.springframework.boot.test.autoconfigure.web.servlet.MockMvcWebClientAutoConfiguration, org.springframework.boot.test.autoconfigure.web.servlet.MockMvcWebDriverAutoConfiguration, org.springframework.boot.autoconfigure.thymeleaf.ThymeleafAutoConfiguration, org.springframework.boot.autoconfigure.gson.GsonAutoConfiguration, org.springframework.boot.autoconfigure.jsonb.JsonbAutoConfiguration, org.springframework.boot.autoconfigure.freemarker.FreeMarkerAutoConfiguration, org.springframework.boot.autoconfigure.web.servlet.WebMvcAutoConfiguration, org.springframework.boot.autoconfigure.security.servlet.UserDetailsServiceAutoConfiguration, org.springframework.boot.autoconfigure.security.oauth2.resource.servlet.OAuth2ResourceServerAutoConfiguration, org.springframework.boot.autoconfigure.groovy.template.GroovyTemplateAutoConfiguration, org.springframework.boot.autoconfigure.mustache.MustacheAutoConfiguration]], org.springframework.boot.test.context.filter.ExcludeFilterContextCustomizer@2453f95d, org.springframework.boot.test.json.DuplicateJsonObjectContextCustomizerFactory$DuplicateJsonObjectContextCustomizer@3e34ace1, org.springframework.boot.test.mock.mockito.MockitoContextCustomizer@635af456, org.springframework.boot.test.web.reactor.netty.DisableReactorResourceFactoryGlobalResourcesContextCustomizerFactory$DisableReactorResourceFactoryGlobalResourcesContextCustomizerCustomizer@4d098f9b, org.springframework.boot.test.context.SpringBootTestAnnotation@520345f4], resourceBasePath = "src/main/webapp", contextLoader = org.springframework.boot.test.context.SpringBootContextLoader, parent = null]
    	at org.springframework.test.context.cache.DefaultCacheAwareContextLoaderDelegate.loadContext(DefaultCacheAwareContextLoaderDelegate.java:145) ~[spring-test-6.1.18.jar:6.1.18]
    	at org.springframework.test.context.support.DefaultTestContext.getApplicationContext(DefaultTestContext.java:130) ~[spring-test-6.1.18.jar:6.1.18]
    	at org.springframework.boot.test.mock.mockito.MockitoTestExecutionListener.postProcessFields(MockitoTestExecutionListener.java:122) ~[spring-boot-test-3.3.10.jar:3.3.10]
    	at org.springframework.boot.test.mock.mockito.MockitoTestExecutionListener.injectFields(MockitoTestExecutionListener.java:106) ~[spring-boot-test-3.3.10.jar:3.3.10]
    	at org.springframework.boot.test.mock.mockito.MockitoTestExecutionListener.prepareTestInstance(MockitoTestExecutionListener.java:63) ~[spring-boot-test-3.3.10.jar:3.3.10]
    	at org.springframework.test.context.TestContextManager.prepareTestInstance(TestContextManager.java:260) ~[spring-test-6.1.18.jar:6.1.18]
    	at org.springframework.test.context.junit.jupiter.SpringExtension.postProcessTestInstance(SpringExtension.java:163) ~[spring-test-6.1.18.jar:6.1.18]
    	at org.junit.jupiter.engine.descriptor.ClassBasedTestDescriptor.lambda$invokeTestInstancePostProcessors$10(ClassBasedTestDescriptor.java:378) ~[junit-jupiter-engine-5.10.5.jar:5.10.5]
    	at org.junit.jupiter.engine.descriptor.ClassBasedTestDescriptor.executeAndMaskThrowable(ClassBasedTestDescriptor.java:383) ~[junit-jupiter-engine-5.10.5.jar:5.10.5]
    	at org.junit.jupiter.engine.descriptor.ClassBasedTestDescriptor.lambda$invokeTestInstancePostProcessors$11(ClassBasedTestDescriptor.java:378) ~[junit-jupiter-engine-5.10.5.jar:5.10.5]
    	at java.base/java.util.stream.ReferencePipeline$3$1.accept(ReferencePipeline.java:197) ~[na:na]
    	at java.base/java.util.stream.ReferencePipeline$2$1.accept(ReferencePipeline.java:179) ~[na:na]
    	at java.base/java.util.ArrayList$ArrayListSpliterator.forEachRemaining(ArrayList.java:1708) ~[na:na]
    	at java.base/java.util.stream.AbstractPipeline.copyInto(AbstractPipeline.java:509) ~[na:na]
    	at java.base/java.util.stream.AbstractPipeline.wrapAndCopyInto(AbstractPipeline.java:499) ~[na:na]
    	at java.base/java.util.stream.StreamSpliterators$WrappingSpliterator.forEachRemaining(StreamSpliterators.java:310) ~[na:na]
    	at java.base/java.util.stream.Streams$ConcatSpliterator.forEachRemaining(Streams.java:735) ~[na:na]
    	at java.base/java.util.stream.Streams$ConcatSpliterator.forEachRemaining(Streams.java:734) ~[na:na]
    	at java.base/java.util.stream.ReferencePipeline$Head.forEach(ReferencePipeline.java:762) ~[na:na]
    	at org.junit.jupiter.engine.descriptor.ClassBasedTestDescriptor.invokeTestInstancePostProcessors(ClassBasedTestDescriptor.java:377) ~[junit-jupiter-engine-5.10.5.jar:5.10.5]
    	at org.junit.jupiter.engine.descriptor.ClassBasedTestDescriptor.lambda$instantiateAndPostProcessTestInstance$6(ClassBasedTestDescriptor.java:290) ~[junit-jupiter-engine-5.10.5.jar:5.10.5]
    	at org.junit.platform.engine.support.hierarchical.ThrowableCollector.execute(ThrowableCollector.java:73) ~[junit-platform-engine-1.10.5.jar:1.10.5]
    	at org.junit.jupiter.engine.descriptor.ClassBasedTestDescriptor.instantiateAndPostProcessTestInstance(ClassBasedTestDescriptor.java:289) ~[junit-jupiter-engine-5.10.5.jar:5.10.5]
    	at org.junit.jupiter.engine.descriptor.ClassBasedTestDescriptor.lambda$testInstancesProvider$4(ClassBasedTestDescriptor.java:279) ~[junit-jupiter-engine-5.10.5.jar:5.10.5]
    	at java.base/java.util.Optional.orElseGet(Optional.java:364) ~[na:na]
    	at org.junit.jupiter.engine.descriptor.ClassBasedTestDescriptor.lambda$testInstancesProvider$5(ClassBasedTestDescriptor.java:278) ~[junit-jupiter-engine-5.10.5.jar:5.10.5]
    	at org.junit.jupiter.engine.execution.TestInstancesProvider.getTestInstances(TestInstancesProvider.java:31) ~[junit-jupiter-engine-5.10.5.jar:5.10.5]
    	at org.junit.jupiter.engine.descriptor.TestMethodTestDescriptor.lambda$prepare$0(TestMethodTestDescriptor.java:106) ~[junit-jupiter-engine-5.10.5.jar:5.10.5]
    	at org.junit.platform.engine.support.hierarchical.ThrowableCollector.execute(ThrowableCollector.java:73) ~[junit-platform-engine-1.10.5.jar:1.10.5]
    	at org.junit.jupiter.engine.descriptor.TestMethodTestDescriptor.prepare(TestMethodTestDescriptor.java:105) ~[junit-jupiter-engine-5.10.5.jar:5.10.5]
    	at org.junit.jupiter.engine.descriptor.TestMethodTestDescriptor.prepare(TestMethodTestDescriptor.java:69) ~[junit-jupiter-engine-5.10.5.jar:5.10.5]
    	at org.junit.platform.engine.support.hierarchical.NodeTestTask.lambda$prepare$2(NodeTestTask.java:128) ~[junit-platform-engine-1.10.5.jar:1.10.5]
    	at org.junit.platform.engine.support.hierarchical.ThrowableCollector.execute(ThrowableCollector.java:73) ~[junit-platform-engine-1.10.5.jar:1.10.5]
    	at org.junit.platform.engine.support.hierarchical.NodeTestTask.prepare(NodeTestTask.java:128) ~[junit-platform-engine-1.10.5.jar:1.10.5]
    	at org.junit.platform.engine.support.hierarchical.NodeTestTask.execute(NodeTestTask.java:95) ~[junit-platform-engine-1.10.5.jar:1.10.5]
    	at java.base/java.util.ArrayList.forEach(ArrayList.java:1596) ~[na:na]
    	at org.junit.platform.engine.support.hierarchical.SameThreadHierarchicalTestExecutorService.invokeAll(SameThreadHierarchicalTestExecutorService.java:41) ~[junit-platform-engine-1.10.5.jar:1.10.5]
    	at org.junit.platform.engine.support.hierarchical.NodeTestTask.lambda$executeRecursively$6(NodeTestTask.java:160) ~[junit-platform-engine-1.10.5.jar:1.10.5]
    	at org.junit.platform.engine.support.hierarchical.ThrowableCollector.execute(ThrowableCollector.java:73) ~[junit-platform-engine-1.10.5.jar:1.10.5]
    	at org.junit.platform.engine.support.hierarchical.NodeTestTask.lambda$executeRecursively$8(NodeTestTask.java:146) ~[junit-platform-engine-1.10.5.jar:1.10.5]
    	at org.junit.platform.engine.support.hierarchical.Node.around(Node.java:137) ~[junit-platform-engine-1.10.5.jar:1.10.5]
    	at org.junit.platform.engine.support.hierarchical.NodeTestTask.lambda$executeRecursively$9(NodeTestTask.java:144) ~[junit-platform-engine-1.10.5.jar:1.10.5]
    	at org.junit.platform.engine.support.hierarchical.ThrowableCollector.execute(ThrowableCollector.java:73) ~[junit-platform-engine-1.10.5.jar:1.10.5]
    	at org.junit.platform.engine.support.hierarchical.NodeTestTask.executeRecursively(NodeTestTask.java:143) ~[junit-platform-engine-1.10.5.jar:1.10.5]
    	at org.junit.platform.engine.support.hierarchical.NodeTestTask.execute(NodeTestTask.java:100) ~[junit-platform-engine-1.10.5.jar:1.10.5]
    	at java.base/java.util.ArrayList.forEach(ArrayList.java:1596) ~[na:na]
    	at org.junit.platform.engine.support.hierarchical.SameThreadHierarchicalTestExecutorService.invokeAll(SameThreadHierarchicalTestExecutorService.java:41) ~[junit-platform-engine-1.10.5.jar:1.10.5]
    	at org.junit.platform.engine.support.hierarchical.NodeTestTask.lambda$executeRecursively$6(NodeTestTask.java:160) ~[junit-platform-engine-1.10.5.jar:1.10.5]
    	at org.junit.platform.engine.support.hierarchical.ThrowableCollector.execute(ThrowableCollector.java:73) ~[junit-platform-engine-1.10.5.jar:1.10.5]
    	at org.junit.platform.engine.support.hierarchical.NodeTestTask.lambda$executeRecursively$8(NodeTestTask.java:146) ~[junit-platform-engine-1.10.5.jar:1.10.5]
    	at org.junit.platform.engine.support.hierarchical.Node.around(Node.java:137) ~[junit-platform-engine-1.10.5.jar:1.10.5]
    	at org.junit.platform.engine.support.hierarchical.NodeTestTask.lambda$executeRecursively$9(NodeTestTask.java:144) ~[junit-platform-engine-1.10.5.jar:1.10.5]
    	at org.junit.platform.engine.support.hierarchical.ThrowableCollector.execute(ThrowableCollector.java:73) ~[junit-platform-engine-1.10.5.jar:1.10.5]
    	at org.junit.platform.engine.support.hierarchical.NodeTestTask.executeRecursively(NodeTestTask.java:143) ~[junit-platform-engine-1.10.5.jar:1.10.5]
    	at org.junit.platform.engine.support.hierarchical.NodeTestTask.execute(NodeTestTask.java:100) ~[junit-platform-engine-1.10.5.jar:1.10.5]
    	at org.junit.platform.engine.support.hierarchical.SameThreadHierarchicalTestExecutorService.submit(SameThreadHierarchicalTestExecutorService.java:35) ~[junit-platform-engine-1.10.5.jar:1.10.5]
    	at org.junit.platform.engine.support.hierarchical.HierarchicalTestExecutor.execute(HierarchicalTestExecutor.java:57) ~[junit-platform-engine-1.10.5.jar:1.10.5]
    	at org.junit.platform.engine.support.hierarchical.HierarchicalTestEngine.execute(HierarchicalTestEngine.java:54) ~[junit-platform-engine-1.10.5.jar:1.10.5]
    	at org.junit.platform.launcher.core.EngineExecutionOrchestrator.execute(EngineExecutionOrchestrator.java:198) ~[junit-platform-launcher-1.10.5.jar:1.10.5]
    	at org.junit.platform.launcher.core.EngineExecutionOrchestrator.execute(EngineExecutionOrchestrator.java:169) ~[junit-platform-launcher-1.10.5.jar:1.10.5]
    	at org.junit.platform.launcher.core.EngineExecutionOrchestrator.execute(EngineExecutionOrchestrator.java:93) ~[junit-platform-launcher-1.10.5.jar:1.10.5]
    	at org.junit.platform.launcher.core.EngineExecutionOrchestrator.lambda$execute$0(EngineExecutionOrchestrator.java:58) ~[junit-platform-launcher-1.10.5.jar:1.10.5]
    	at org.junit.platform.launcher.core.EngineExecutionOrchestrator.withInterceptedStreams(EngineExecutionOrchestrator.java:141) ~[junit-platform-launcher-1.10.5.jar:1.10.5]
    	at org.junit.platform.launcher.core.EngineExecutionOrchestrator.execute(EngineExecutionOrchestrator.java:57) ~[junit-platform-launcher-1.10.5.jar:1.10.5]
    	at org.junit.platform.launcher.core.DefaultLauncher.execute(DefaultLauncher.java:103) ~[junit-platform-launcher-1.10.5.jar:1.10.5]
    	at org.junit.platform.launcher.core.DefaultLauncher.execute(DefaultLauncher.java:85) ~[junit-platform-launcher-1.10.5.jar:1.10.5]
    	at org.junit.platform.launcher.core.DelegatingLauncher.execute(DelegatingLauncher.java:47) ~[junit-platform-launcher-1.10.5.jar:1.10.5]
    	at org.gradle.api.internal.tasks.testing.junitplatform.JUnitPlatformTestClassProcessor$CollectAllTestClassesExecutor.processAllTestClasses(JUnitPlatformTestClassProcessor.java:124) ~[na:na]
    	at org.gradle.api.internal.tasks.testing.junitplatform.JUnitPlatformTestClassProcessor$CollectAllTestClassesExecutor.access$000(JUnitPlatformTestClassProcessor.java:99) ~[na:na]
    	at org.gradle.api.internal.tasks.testing.junitplatform.JUnitPlatformTestClassProcessor.stop(JUnitPlatformTestClassProcessor.java:94) ~[na:na]
    	at org.gradle.api.internal.tasks.testing.SuiteTestClassProcessor.stop(SuiteTestClassProcessor.java:63) ~[na:na]
    	at java.base/jdk.internal.reflect.DirectMethodHandleAccessor.invoke(DirectMethodHandleAccessor.java:103) ~[na:na]
    	at java.base/java.lang.reflect.Method.invoke(Method.java:580) ~[na:na]
    	at org.gradle.internal.dispatch.ReflectionDispatch.dispatch(ReflectionDispatch.java:36) ~[na:na]
    	at org.gradle.internal.dispatch.ReflectionDispatch.dispatch(ReflectionDispatch.java:24) ~[na:na]
    	at org.gradle.internal.dispatch.ContextClassLoaderDispatch.dispatch(ContextClassLoaderDispatch.java:33) ~[na:na]
    	at org.gradle.internal.dispatch.ProxyDispatchAdapter$DispatchingInvocationHandler.invoke(ProxyDispatchAdapter.java:92) ~[na:na]
    	at jdk.proxy1/jdk.proxy1.$Proxy4.stop(Unknown Source) ~[na:na]
    	at org.gradle.api.internal.tasks.testing.worker.TestWorker$3.run(TestWorker.java:200) ~[na:na]
    	at org.gradle.api.internal.tasks.testing.worker.TestWorker.executeAndMaintainThreadName(TestWorker.java:132) ~[na:na]
    	at org.gradle.api.internal.tasks.testing.worker.TestWorker.execute(TestWorker.java:103) ~[na:na]
    	at org.gradle.api.internal.tasks.testing.worker.TestWorker.execute(TestWorker.java:63) ~[na:na]
    	at org.gradle.process.internal.worker.child.ActionExecutionWorker.execute(ActionExecutionWorker.java:56) ~[na:na]
    	at org.gradle.process.internal.worker.child.SystemApplicationClassLoaderWorker.call(SystemApplicationClassLoaderWorker.java:121) ~[na:na]
    	at org.gradle.process.internal.worker.child.SystemApplicationClassLoaderWorker.call(SystemApplicationClassLoaderWorker.java:71) ~[na:na]
    	at worker.org.gradle.process.internal.worker.GradleWorkerMain.run(GradleWorkerMain.java:69) ~[gradle-worker.jar:na]
    	at worker.org.gradle.process.internal.worker.GradleWorkerMain.main(GradleWorkerMain.java:74) ~[gradle-worker.jar:na]


AdminReservationControllerTest > 愿由ъ옄媛 紐⑤뱺 ?덉빟 ?댁뿭??議고쉶?????덈떎 FAILED
    java.lang.IllegalStateException: ApplicationContext failure threshold (1) exceeded: skipping repeated attempt to load context for [WebMergedContextConfiguration@6d7a772e testClass = com.coliving.admin.reservation.adapter.in.web.AdminReservationControllerTest, locations = [], classes = [com.coliving.CoLivingApplication], contextInitializerClasses = [], activeProfiles = [], propertySourceDescriptors = [], propertySourceProperties = ["org.springframework.boot.test.autoconfigure.web.servlet.WebMvcTestContextBootstrapper=true"], contextCustomizers = [org.springframework.boot.test.autoconfigure.OnFailureConditionReportContextCustomizerFactory$OnFailureConditionReportContextCustomizer@5b7ea70d, org.springframework.boot.test.autoconfigure.OverrideAutoConfigurationContextCustomizerFactory$DisableAutoConfigurationContextCustomizer@7ace0b5d, org.springframework.boot.test.autoconfigure.actuate.observability.ObservabilityContextCustomizerFactory$DisableObservabilityContextCustomizer@1f, org.springframework.boot.test.autoconfigure.filter.TypeExcludeFiltersContextCustomizer@3b44b124, org.springframework.boot.test.autoconfigure.properties.PropertyMappingContextCustomizer@d2e10b5c, org.springframework.boot.test.autoconfigure.web.servlet.WebDriverContextCustomizer@15eebbff, [ImportsContextCustomizer@1047924 key = [org.springframework.boot.autoconfigure.task.TaskExecutionAutoConfiguration, org.springframework.boot.autoconfigure.cache.CacheAutoConfiguration, org.springframework.boot.autoconfigure.web.servlet.HttpEncodingAutoConfiguration, org.springframework.boot.autoconfigure.validation.ValidationAutoConfiguration, org.springframework.boot.autoconfigure.context.MessageSourceAutoConfiguration, org.springframework.boot.autoconfigure.hateoas.HypermediaAutoConfiguration, org.springframework.boot.autoconfigure.jackson.JacksonAutoConfiguration, org.springframework.boot.autoconfigure.data.web.SpringDataWebAutoConfiguration, org.springframework.boot.test.autoconfigure.web.reactive.WebTestClientAutoConfiguration, org.springframework.boot.autoconfigure.web.servlet.error.ErrorMvcAutoConfiguration, org.springframework.boot.test.autoconfigure.web.servlet.MockMvcAutoConfiguration, org.springframework.boot.autoconfigure.security.servlet.SecurityAutoConfiguration, org.springframework.boot.autoconfigure.security.servlet.SecurityFilterAutoConfiguration, org.springframework.boot.autoconfigure.http.HttpMessageConvertersAutoConfiguration, org.springframework.boot.autoconfigure.security.oauth2.client.servlet.OAuth2ClientAutoConfiguration, org.springframework.boot.test.autoconfigure.web.servlet.MockMvcSecurityConfiguration, org.springframework.boot.test.autoconfigure.web.servlet.MockMvcWebClientAutoConfiguration, org.springframework.boot.test.autoconfigure.web.servlet.MockMvcWebDriverAutoConfiguration, org.springframework.boot.autoconfigure.thymeleaf.ThymeleafAutoConfiguration, org.springframework.boot.autoconfigure.gson.GsonAutoConfiguration, org.springframework.boot.autoconfigure.jsonb.JsonbAutoConfiguration, org.springframework.boot.autoconfigure.freemarker.FreeMarkerAutoConfiguration, org.springframework.boot.autoconfigure.web.servlet.WebMvcAutoConfiguration, org.springframework.boot.autoconfigure.security.servlet.UserDetailsServiceAutoConfiguration, org.springframework.boot.autoconfigure.security.oauth2.resource.servlet.OAuth2ResourceServerAutoConfiguration, org.springframework.boot.autoconfigure.groovy.template.GroovyTemplateAutoConfiguration, org.springframework.boot.autoconfigure.mustache.MustacheAutoConfiguration]], org.springframework.boot.test.context.filter.ExcludeFilterContextCustomizer@2453f95d, org.springframework.boot.test.json.DuplicateJsonObjectContextCustomizerFactory$DuplicateJsonObjectContextCustomizer@3e34ace1, org.springframework.boot.test.mock.mockito.MockitoContextCustomizer@635af456, org.springframework.boot.test.web.reactor.netty.DisableReactorResourceFactoryGlobalResourcesContextCustomizerFactory$DisableReactorResourceFactoryGlobalResourcesContextCustomizerCustomizer@4d098f9b, org.springframework.boot.test.context.SpringBootTestAnnotation@520345f4], resourceBasePath = "src/main/webapp", contextLoader = org.springframework.boot.test.context.SpringBootContextLoader, parent = null]
        at org.springframework.test.context.cache.DefaultCacheAwareContextLoaderDelegate.loadContext(DefaultCacheAwareContextLoaderDelegate.java:145)
        at org.springframework.test.context.support.DefaultTestContext.getApplicationContext(DefaultTestContext.java:130)
        at org.springframework.boot.test.mock.mockito.MockitoTestExecutionListener.postProcessFields(MockitoTestExecutionListener.java:122)
        at org.springframework.boot.test.mock.mockito.MockitoTestExecutionListener.injectFields(MockitoTestExecutionListener.java:106)
        at org.springframework.boot.test.mock.mockito.MockitoTestExecutionListener.prepareTestInstance(MockitoTestExecutionListener.java:63)
        at org.springframework.test.context.TestContextManager.prepareTestInstance(TestContextManager.java:260)
        at org.springframework.test.context.junit.jupiter.SpringExtension.postProcessTestInstance(SpringExtension.java:163)
        at java.base/java.util.stream.ReferencePipeline$3$1.accept(ReferencePipeline.java:197)
        at java.base/java.util.stream.ReferencePipeline$2$1.accept(ReferencePipeline.java:179)
        at java.base/java.util.ArrayList$ArrayListSpliterator.forEachRemaining(ArrayList.java:1708)
        at java.base/java.util.stream.AbstractPipeline.copyInto(AbstractPipeline.java:509)
        at java.base/java.util.stream.AbstractPipeline.wrapAndCopyInto(AbstractPipeline.java:499)
        at java.base/java.util.stream.StreamSpliterators$WrappingSpliterator.forEachRemaining(StreamSpliterators.java:310)
        at java.base/java.util.stream.Streams$ConcatSpliterator.forEachRemaining(Streams.java:735)
        at java.base/java.util.stream.Streams$ConcatSpliterator.forEachRemaining(Streams.java:734)
        at java.base/java.util.stream.ReferencePipeline$Head.forEach(ReferencePipeline.java:762)
        at java.base/java.util.Optional.orElseGet(Optional.java:364)
        at java.base/java.util.ArrayList.forEach(ArrayList.java:1596)
        at java.base/java.util.ArrayList.forEach(ArrayList.java:1596)

AdminReservationControllerTest STANDARD_OUT
    2026-04-13T12:41:30.929+09:00  WARN 4752 --- [    Test worker] o.s.test.context.TestContextManager      : Caught exception while allowing TestExecutionListener [org.springframework.boot.test.mock.mockito.MockitoTestExecutionListener] to prepare test instance [com.coliving.admin.reservation.adapter.in.web.AdminReservationControllerTest@57e7a218]

    java.lang.IllegalStateException: ApplicationContext failure threshold (1) exceeded: skipping repeated attempt to load context for [WebMergedContextConfiguration@6d7a772e testClass = com.coliving.admin.reservation.adapter.in.web.AdminReservationControllerTest, locations = [], classes = [com.coliving.CoLivingApplication], contextInitializerClasses = [], activeProfiles = [], propertySourceDescriptors = [], propertySourceProperties = ["org.springframework.boot.test.autoconfigure.web.servlet.WebMvcTestContextBootstrapper=true"], contextCustomizers = [org.springframework.boot.test.autoconfigure.OnFailureConditionReportContextCustomizerFactory$OnFailureConditionReportContextCustomizer@5b7ea70d, org.springframework.boot.test.autoconfigure.OverrideAutoConfigurationContextCustomizerFactory$DisableAutoConfigurationContextCustomizer@7ace0b5d, org.springframework.boot.test.autoconfigure.actuate.observability.ObservabilityContextCustomizerFactory$DisableObservabilityContextCustomizer@1f, org.springframework.boot.test.autoconfigure.filter.TypeExcludeFiltersContextCustomizer@3b44b124, org.springframework.boot.test.autoconfigure.properties.PropertyMappingContextCustomizer@d2e10b5c, org.springframework.boot.test.autoconfigure.web.servlet.WebDriverContextCustomizer@15eebbff, [ImportsContextCustomizer@1047924 key = [org.springframework.boot.autoconfigure.task.TaskExecutionAutoConfiguration, org.springframework.boot.autoconfigure.cache.CacheAutoConfiguration, org.springframework.boot.autoconfigure.web.servlet.HttpEncodingAutoConfiguration, org.springframework.boot.autoconfigure.validation.ValidationAutoConfiguration, org.springframework.boot.autoconfigure.context.MessageSourceAutoConfiguration, org.springframework.boot.autoconfigure.hateoas.HypermediaAutoConfiguration, org.springframework.boot.autoconfigure.jackson.JacksonAutoConfiguration, org.springframework.boot.autoconfigure.data.web.SpringDataWebAutoConfiguration, org.springframework.boot.test.autoconfigure.web.reactive.WebTestClientAutoConfiguration, org.springframework.boot.autoconfigure.web.servlet.error.ErrorMvcAutoConfiguration, org.springframework.boot.test.autoconfigure.web.servlet.MockMvcAutoConfiguration, org.springframework.boot.autoconfigure.security.servlet.SecurityAutoConfiguration, org.springframework.boot.autoconfigure.security.servlet.SecurityFilterAutoConfiguration, org.springframework.boot.autoconfigure.http.HttpMessageConvertersAutoConfiguration, org.springframework.boot.autoconfigure.security.oauth2.client.servlet.OAuth2ClientAutoConfiguration, org.springframework.boot.test.autoconfigure.web.servlet.MockMvcSecurityConfiguration, org.springframework.boot.test.autoconfigure.web.servlet.MockMvcWebClientAutoConfiguration, org.springframework.boot.test.autoconfigure.web.servlet.MockMvcWebDriverAutoConfiguration, org.springframework.boot.autoconfigure.thymeleaf.ThymeleafAutoConfiguration, org.springframework.boot.autoconfigure.gson.GsonAutoConfiguration, org.springframework.boot.autoconfigure.jsonb.JsonbAutoConfiguration, org.springframework.boot.autoconfigure.freemarker.FreeMarkerAutoConfiguration, org.springframework.boot.autoconfigure.web.servlet.WebMvcAutoConfiguration, org.springframework.boot.autoconfigure.security.servlet.UserDetailsServiceAutoConfiguration, org.springframework.boot.autoconfigure.security.oauth2.resource.servlet.OAuth2ResourceServerAutoConfiguration, org.springframework.boot.autoconfigure.groovy.template.GroovyTemplateAutoConfiguration, org.springframework.boot.autoconfigure.mustache.MustacheAutoConfiguration]], org.springframework.boot.test.context.filter.ExcludeFilterContextCustomizer@2453f95d, org.springframework.boot.test.json.DuplicateJsonObjectContextCustomizerFactory$DuplicateJsonObjectContextCustomizer@3e34ace1, org.springframework.boot.test.mock.mockito.MockitoContextCustomizer@635af456, org.springframework.boot.test.web.reactor.netty.DisableReactorResourceFactoryGlobalResourcesContextCustomizerFactory$DisableReactorResourceFactoryGlobalResourcesContextCustomizerCustomizer@4d098f9b, org.springframework.boot.test.context.SpringBootTestAnnotation@520345f4], resourceBasePath = "src/main/webapp", contextLoader = org.springframework.boot.test.context.SpringBootContextLoader, parent = null]
    	at org.springframework.test.context.cache.DefaultCacheAwareContextLoaderDelegate.loadContext(DefaultCacheAwareContextLoaderDelegate.java:145) ~[spring-test-6.1.18.jar:6.1.18]
    	at org.springframework.test.context.support.DefaultTestContext.getApplicationContext(DefaultTestContext.java:130) ~[spring-test-6.1.18.jar:6.1.18]
    	at org.springframework.boot.test.mock.mockito.MockitoTestExecutionListener.postProcessFields(MockitoTestExecutionListener.java:122) ~[spring-boot-test-3.3.10.jar:3.3.10]
    	at org.springframework.boot.test.mock.mockito.MockitoTestExecutionListener.injectFields(MockitoTestExecutionListener.java:106) ~[spring-boot-test-3.3.10.jar:3.3.10]
    	at org.springframework.boot.test.mock.mockito.MockitoTestExecutionListener.prepareTestInstance(MockitoTestExecutionListener.java:63) ~[spring-boot-test-3.3.10.jar:3.3.10]
    	at org.springframework.test.context.TestContextManager.prepareTestInstance(TestContextManager.java:260) ~[spring-test-6.1.18.jar:6.1.18]
    	at org.springframework.test.context.junit.jupiter.SpringExtension.postProcessTestInstance(SpringExtension.java:163) ~[spring-test-6.1.18.jar:6.1.18]
    	at org.junit.jupiter.engine.descriptor.ClassBasedTestDescriptor.lambda$invokeTestInstancePostProcessors$10(ClassBasedTestDescriptor.java:378) ~[junit-jupiter-engine-5.10.5.jar:5.10.5]
    	at org.junit.jupiter.engine.descriptor.ClassBasedTestDescriptor.executeAndMaskThrowable(ClassBasedTestDescriptor.java:383) ~[junit-jupiter-engine-5.10.5.jar:5.10.5]
    	at org.junit.jupiter.engine.descriptor.ClassBasedTestDescriptor.lambda$invokeTestInstancePostProcessors$11(ClassBasedTestDescriptor.java:378) ~[junit-jupiter-engine-5.10.5.jar:5.10.5]
    	at java.base/java.util.stream.ReferencePipeline$3$1.accept(ReferencePipeline.java:197) ~[na:na]
    	at java.base/java.util.stream.ReferencePipeline$2$1.accept(ReferencePipeline.java:179) ~[na:na]
    	at java.base/java.util.ArrayList$ArrayListSpliterator.forEachRemaining(ArrayList.java:1708) ~[na:na]
    	at java.base/java.util.stream.AbstractPipeline.copyInto(AbstractPipeline.java:509) ~[na:na]
    	at java.base/java.util.stream.AbstractPipeline.wrapAndCopyInto(AbstractPipeline.java:499) ~[na:na]
    	at java.base/java.util.stream.StreamSpliterators$WrappingSpliterator.forEachRemaining(StreamSpliterators.java:310) ~[na:na]
    	at java.base/java.util.stream.Streams$ConcatSpliterator.forEachRemaining(Streams.java:735) ~[na:na]
    	at java.base/java.util.stream.Streams$ConcatSpliterator.forEachRemaining(Streams.java:734) ~[na:na]
    	at java.base/java.util.stream.ReferencePipeline$Head.forEach(ReferencePipeline.java:762) ~[na:na]
    	at org.junit.jupiter.engine.descriptor.ClassBasedTestDescriptor.invokeTestInstancePostProcessors(ClassBasedTestDescriptor.java:377) ~[junit-jupiter-engine-5.10.5.jar:5.10.5]
    	at org.junit.jupiter.engine.descriptor.ClassBasedTestDescriptor.lambda$instantiateAndPostProcessTestInstance$6(ClassBasedTestDescriptor.java:290) ~[junit-jupiter-engine-5.10.5.jar:5.10.5]
    	at org.junit.platform.engine.support.hierarchical.ThrowableCollector.execute(ThrowableCollector.java:73) ~[junit-platform-engine-1.10.5.jar:1.10.5]
    	at org.junit.jupiter.engine.descriptor.ClassBasedTestDescriptor.instantiateAndPostProcessTestInstance(ClassBasedTestDescriptor.java:289) ~[junit-jupiter-engine-5.10.5.jar:5.10.5]
    	at org.junit.jupiter.engine.descriptor.ClassBasedTestDescriptor.lambda$testInstancesProvider$4(ClassBasedTestDescriptor.java:279) ~[junit-jupiter-engine-5.10.5.jar:5.10.5]
    	at java.base/java.util.Optional.orElseGet(Optional.java:364) ~[na:na]
    	at org.junit.jupiter.engine.descriptor.ClassBasedTestDescriptor.lambda$testInstancesProvider$5(ClassBasedTestDescriptor.java:278) ~[junit-jupiter-engine-5.10.5.jar:5.10.5]
    	at org.junit.jupiter.engine.execution.TestInstancesProvider.getTestInstances(TestInstancesProvider.java:31) ~[junit-jupiter-engine-5.10.5.jar:5.10.5]
    	at org.junit.jupiter.engine.descriptor.TestMethodTestDescriptor.lambda$prepare$0(TestMethodTestDescriptor.java:106) ~[junit-jupiter-engine-5.10.5.jar:5.10.5]
    	at org.junit.platform.engine.support.hierarchical.ThrowableCollector.execute(ThrowableCollector.java:73) ~[junit-platform-engine-1.10.5.jar:1.10.5]
    	at org.junit.jupiter.engine.descriptor.TestMethodTestDescriptor.prepare(TestMethodTestDescriptor.java:105) ~[junit-jupiter-engine-5.10.5.jar:5.10.5]
    	at org.junit.jupiter.engine.descriptor.TestMethodTestDescriptor.prepare(TestMethodTestDescriptor.java:69) ~[junit-jupiter-engine-5.10.5.jar:5.10.5]
    	at org.junit.platform.engine.support.hierarchical.NodeTestTask.lambda$prepare$2(NodeTestTask.java:128) ~[junit-platform-engine-1.10.5.jar:1.10.5]
    	at org.junit.platform.engine.support.hierarchical.ThrowableCollector.execute(ThrowableCollector.java:73) ~[junit-platform-engine-1.10.5.jar:1.10.5]
    	at org.junit.platform.engine.support.hierarchical.NodeTestTask.prepare(NodeTestTask.java:128) ~[junit-platform-engine-1.10.5.jar:1.10.5]
    	at org.junit.platform.engine.support.hierarchical.NodeTestTask.execute(NodeTestTask.java:95) ~[junit-platform-engine-1.10.5.jar:1.10.5]
    	at java.base/java.util.ArrayList.forEach(ArrayList.java:1596) ~[na:na]
    	at org.junit.platform.engine.support.hierarchical.SameThreadHierarchicalTestExecutorService.invokeAll(SameThreadHierarchicalTestExecutorService.java:41) ~[junit-platform-engine-1.10.5.jar:1.10.5]
    	at org.junit.platform.engine.support.hierarchical.NodeTestTask.lambda$executeRecursively$6(NodeTestTask.java:160) ~[junit-platform-engine-1.10.5.jar:1.10.5]
    	at org.junit.platform.engine.support.hierarchical.ThrowableCollector.execute(ThrowableCollector.java:73) ~[junit-platform-engine-1.10.5.jar:1.10.5]
    	at org.junit.platform.engine.support.hierarchical.NodeTestTask.lambda$executeRecursively$8(NodeTestTask.java:146) ~[junit-platform-engine-1.10.5.jar:1.10.5]
    	at org.junit.platform.engine.support.hierarchical.Node.around(Node.java:137) ~[junit-platform-engine-1.10.5.jar:1.10.5]
    	at org.junit.platform.engine.support.hierarchical.NodeTestTask.lambda$executeRecursively$9(NodeTestTask.java:144) ~[junit-platform-engine-1.10.5.jar:1.10.5]
    	at org.junit.platform.engine.support.hierarchical.ThrowableCollector.execute(ThrowableCollector.java:73) ~[junit-platform-engine-1.10.5.jar:1.10.5]
    	at org.junit.platform.engine.support.hierarchical.NodeTestTask.executeRecursively(NodeTestTask.java:143) ~[junit-platform-engine-1.10.5.jar:1.10.5]
    	at org.junit.platform.engine.support.hierarchical.NodeTestTask.execute(NodeTestTask.java:100) ~[junit-platform-engine-1.10.5.jar:1.10.5]
    	at java.base/java.util.ArrayList.forEach(ArrayList.java:1596) ~[na:na]
    	at org.junit.platform.engine.support.hierarchical.SameThreadHierarchicalTestExecutorService.invokeAll(SameThreadHierarchicalTestExecutorService.java:41) ~[junit-platform-engine-1.10.5.jar:1.10.5]
    	at org.junit.platform.engine.support.hierarchical.NodeTestTask.lambda$executeRecursively$6(NodeTestTask.java:160) ~[junit-platform-engine-1.10.5.jar:1.10.5]
    	at org.junit.platform.engine.support.hierarchical.ThrowableCollector.execute(ThrowableCollector.java:73) ~[junit-platform-engine-1.10.5.jar:1.10.5]
    	at org.junit.platform.engine.support.hierarchical.NodeTestTask.lambda$executeRecursively$8(NodeTestTask.java:146) ~[junit-platform-engine-1.10.5.jar:1.10.5]
    	at org.junit.platform.engine.support.hierarchical.Node.around(Node.java:137) ~[junit-platform-engine-1.10.5.jar:1.10.5]
    	at org.junit.platform.engine.support.hierarchical.NodeTestTask.lambda$executeRecursively$9(NodeTestTask.java:144) ~[junit-platform-engine-1.10.5.jar:1.10.5]
    	at org.junit.platform.engine.support.hierarchical.ThrowableCollector.execute(ThrowableCollector.java:73) ~[junit-platform-engine-1.10.5.jar:1.10.5]
    	at org.junit.platform.engine.support.hierarchical.NodeTestTask.executeRecursively(NodeTestTask.java:143) ~[junit-platform-engine-1.10.5.jar:1.10.5]
    	at org.junit.platform.engine.support.hierarchical.NodeTestTask.execute(NodeTestTask.java:100) ~[junit-platform-engine-1.10.5.jar:1.10.5]
    	at org.junit.platform.engine.support.hierarchical.SameThreadHierarchicalTestExecutorService.submit(SameThreadHierarchicalTestExecutorService.java:35) ~[junit-platform-engine-1.10.5.jar:1.10.5]
    	at org.junit.platform.engine.support.hierarchical.HierarchicalTestExecutor.execute(HierarchicalTestExecutor.java:57) ~[junit-platform-engine-1.10.5.jar:1.10.5]
    	at org.junit.platform.engine.support.hierarchical.HierarchicalTestEngine.execute(HierarchicalTestEngine.java:54) ~[junit-platform-engine-1.10.5.jar:1.10.5]
    	at org.junit.platform.launcher.core.EngineExecutionOrchestrator.execute(EngineExecutionOrchestrator.java:198) ~[junit-platform-launcher-1.10.5.jar:1.10.5]
    	at org.junit.platform.launcher.core.EngineExecutionOrchestrator.execute(EngineExecutionOrchestrator.java:169) ~[junit-platform-launcher-1.10.5.jar:1.10.5]
    	at org.junit.platform.launcher.core.EngineExecutionOrchestrator.execute(EngineExecutionOrchestrator.java:93) ~[junit-platform-launcher-1.10.5.jar:1.10.5]
    	at org.junit.platform.launcher.core.EngineExecutionOrchestrator.lambda$execute$0(EngineExecutionOrchestrator.java:58) ~[junit-platform-launcher-1.10.5.jar:1.10.5]
    	at org.junit.platform.launcher.core.EngineExecutionOrchestrator.withInterceptedStreams(EngineExecutionOrchestrator.java:141) ~[junit-platform-launcher-1.10.5.jar:1.10.5]
    	at org.junit.platform.launcher.core.EngineExecutionOrchestrator.execute(EngineExecutionOrchestrator.java:57) ~[junit-platform-launcher-1.10.5.jar:1.10.5]
    	at org.junit.platform.launcher.core.DefaultLauncher.execute(DefaultLauncher.java:103) ~[junit-platform-launcher-1.10.5.jar:1.10.5]
    	at org.junit.platform.launcher.core.DefaultLauncher.execute(DefaultLauncher.java:85) ~[junit-platform-launcher-1.10.5.jar:1.10.5]
    	at org.junit.platform.launcher.core.DelegatingLauncher.execute(DelegatingLauncher.java:47) ~[junit-platform-launcher-1.10.5.jar:1.10.5]
    	at org.gradle.api.internal.tasks.testing.junitplatform.JUnitPlatformTestClassProcessor$CollectAllTestClassesExecutor.processAllTestClasses(JUnitPlatformTestClassProcessor.java:124) ~[na:na]
    	at org.gradle.api.internal.tasks.testing.junitplatform.JUnitPlatformTestClassProcessor$CollectAllTestClassesExecutor.access$000(JUnitPlatformTestClassProcessor.java:99) ~[na:na]
    	at org.gradle.api.internal.tasks.testing.junitplatform.JUnitPlatformTestClassProcessor.stop(JUnitPlatformTestClassProcessor.java:94) ~[na:na]
    	at org.gradle.api.internal.tasks.testing.SuiteTestClassProcessor.stop(SuiteTestClassProcessor.java:63) ~[na:na]
    	at java.base/jdk.internal.reflect.DirectMethodHandleAccessor.invoke(DirectMethodHandleAccessor.java:103) ~[na:na]
    	at java.base/java.lang.reflect.Method.invoke(Method.java:580) ~[na:na]
    	at org.gradle.internal.dispatch.ReflectionDispatch.dispatch(ReflectionDispatch.java:36) ~[na:na]
    	at org.gradle.internal.dispatch.ReflectionDispatch.dispatch(ReflectionDispatch.java:24) ~[na:na]
    	at org.gradle.internal.dispatch.ContextClassLoaderDispatch.dispatch(ContextClassLoaderDispatch.java:33) ~[na:na]
    	at org.gradle.internal.dispatch.ProxyDispatchAdapter$DispatchingInvocationHandler.invoke(ProxyDispatchAdapter.java:92) ~[na:na]
    	at jdk.proxy1/jdk.proxy1.$Proxy4.stop(Unknown Source) ~[na:na]
    	at org.gradle.api.internal.tasks.testing.worker.TestWorker$3.run(TestWorker.java:200) ~[na:na]
    	at org.gradle.api.internal.tasks.testing.worker.TestWorker.executeAndMaintainThreadName(TestWorker.java:132) ~[na:na]
    	at org.gradle.api.internal.tasks.testing.worker.TestWorker.execute(TestWorker.java:103) ~[na:na]
    	at org.gradle.api.internal.tasks.testing.worker.TestWorker.execute(TestWorker.java:63) ~[na:na]
    	at org.gradle.process.internal.worker.child.ActionExecutionWorker.execute(ActionExecutionWorker.java:56) ~[na:na]
    	at org.gradle.process.internal.worker.child.SystemApplicationClassLoaderWorker.call(SystemApplicationClassLoaderWorker.java:121) ~[na:na]
    	at org.gradle.process.internal.worker.child.SystemApplicationClassLoaderWorker.call(SystemApplicationClassLoaderWorker.java:71) ~[na:na]
    	at worker.org.gradle.process.internal.worker.GradleWorkerMain.run(GradleWorkerMain.java:69) ~[gradle-worker.jar:na]
    	at worker.org.gradle.process.internal.worker.GradleWorkerMain.main(GradleWorkerMain.java:74) ~[gradle-worker.jar:na]


AdminReservationControllerTest > ?덈줈???덉빟???뱀씤 ?곹깭濡?蹂寃쏀븷 ???덈떎 FAILED
    java.lang.IllegalStateException: ApplicationContext failure threshold (1) exceeded: skipping repeated attempt to load context for [WebMergedContextConfiguration@6d7a772e testClass = com.coliving.admin.reservation.adapter.in.web.AdminReservationControllerTest, locations = [], classes = [com.coliving.CoLivingApplication], contextInitializerClasses = [], activeProfiles = [], propertySourceDescriptors = [], propertySourceProperties = ["org.springframework.boot.test.autoconfigure.web.servlet.WebMvcTestContextBootstrapper=true"], contextCustomizers = [org.springframework.boot.test.autoconfigure.OnFailureConditionReportContextCustomizerFactory$OnFailureConditionReportContextCustomizer@5b7ea70d, org.springframework.boot.test.autoconfigure.OverrideAutoConfigurationContextCustomizerFactory$DisableAutoConfigurationContextCustomizer@7ace0b5d, org.springframework.boot.test.autoconfigure.actuate.observability.ObservabilityContextCustomizerFactory$DisableObservabilityContextCustomizer@1f, org.springframework.boot.test.autoconfigure.filter.TypeExcludeFiltersContextCustomizer@3b44b124, org.springframework.boot.test.autoconfigure.properties.PropertyMappingContextCustomizer@d2e10b5c, org.springframework.boot.test.autoconfigure.web.servlet.WebDriverContextCustomizer@15eebbff, [ImportsContextCustomizer@1047924 key = [org.springframework.boot.autoconfigure.task.TaskExecutionAutoConfiguration, org.springframework.boot.autoconfigure.cache.CacheAutoConfiguration, org.springframework.boot.autoconfigure.web.servlet.HttpEncodingAutoConfiguration, org.springframework.boot.autoconfigure.validation.ValidationAutoConfiguration, org.springframework.boot.autoconfigure.context.MessageSourceAutoConfiguration, org.springframework.boot.autoconfigure.hateoas.HypermediaAutoConfiguration, org.springframework.boot.autoconfigure.jackson.JacksonAutoConfiguration, org.springframework.boot.autoconfigure.data.web.SpringDataWebAutoConfiguration, org.springframework.boot.test.autoconfigure.web.reactive.WebTestClientAutoConfiguration, org.springframework.boot.autoconfigure.web.servlet.error.ErrorMvcAutoConfiguration, org.springframework.boot.test.autoconfigure.web.servlet.MockMvcAutoConfiguration, org.springframework.boot.autoconfigure.security.servlet.SecurityAutoConfiguration, org.springframework.boot.autoconfigure.security.servlet.SecurityFilterAutoConfiguration, org.springframework.boot.autoconfigure.http.HttpMessageConvertersAutoConfiguration, org.springframework.boot.autoconfigure.security.oauth2.client.servlet.OAuth2ClientAutoConfiguration, org.springframework.boot.test.autoconfigure.web.servlet.MockMvcSecurityConfiguration, org.springframework.boot.test.autoconfigure.web.servlet.MockMvcWebClientAutoConfiguration, org.springframework.boot.test.autoconfigure.web.servlet.MockMvcWebDriverAutoConfiguration, org.springframework.boot.autoconfigure.thymeleaf.ThymeleafAutoConfiguration, org.springframework.boot.autoconfigure.gson.GsonAutoConfiguration, org.springframework.boot.autoconfigure.jsonb.JsonbAutoConfiguration, org.springframework.boot.autoconfigure.freemarker.FreeMarkerAutoConfiguration, org.springframework.boot.autoconfigure.web.servlet.WebMvcAutoConfiguration, org.springframework.boot.autoconfigure.security.servlet.UserDetailsServiceAutoConfiguration, org.springframework.boot.autoconfigure.security.oauth2.resource.servlet.OAuth2ResourceServerAutoConfiguration, org.springframework.boot.autoconfigure.groovy.template.GroovyTemplateAutoConfiguration, org.springframework.boot.autoconfigure.mustache.MustacheAutoConfiguration]], org.springframework.boot.test.context.filter.ExcludeFilterContextCustomizer@2453f95d, org.springframework.boot.test.json.DuplicateJsonObjectContextCustomizerFactory$DuplicateJsonObjectContextCustomizer@3e34ace1, org.springframework.boot.test.mock.mockito.MockitoContextCustomizer@635af456, org.springframework.boot.test.web.reactor.netty.DisableReactorResourceFactoryGlobalResourcesContextCustomizerFactory$DisableReactorResourceFactoryGlobalResourcesContextCustomizerCustomizer@4d098f9b, org.springframework.boot.test.context.SpringBootTestAnnotation@520345f4], resourceBasePath = "src/main/webapp", contextLoader = org.springframework.boot.test.context.SpringBootContextLoader, parent = null]
        at org.springframework.test.context.cache.DefaultCacheAwareContextLoaderDelegate.loadContext(DefaultCacheAwareContextLoaderDelegate.java:145)
        at org.springframework.test.context.support.DefaultTestContext.getApplicationContext(DefaultTestContext.java:130)
        at org.springframework.boot.test.mock.mockito.MockitoTestExecutionListener.postProcessFields(MockitoTestExecutionListener.java:122)
        at org.springframework.boot.test.mock.mockito.MockitoTestExecutionListener.injectFields(MockitoTestExecutionListener.java:106)
        at org.springframework.boot.test.mock.mockito.MockitoTestExecutionListener.prepareTestInstance(MockitoTestExecutionListener.java:63)
        at org.springframework.test.context.TestContextManager.prepareTestInstance(TestContextManager.java:260)
        at org.springframework.test.context.junit.jupiter.SpringExtension.postProcessTestInstance(SpringExtension.java:163)
        at java.base/java.util.stream.ReferencePipeline$3$1.accept(ReferencePipeline.java:197)
        at java.base/java.util.stream.ReferencePipeline$2$1.accept(ReferencePipeline.java:179)
        at java.base/java.util.ArrayList$ArrayListSpliterator.forEachRemaining(ArrayList.java:1708)
        at java.base/java.util.stream.AbstractPipeline.copyInto(AbstractPipeline.java:509)
        at java.base/java.util.stream.AbstractPipeline.wrapAndCopyInto(AbstractPipeline.java:499)
        at java.base/java.util.stream.StreamSpliterators$WrappingSpliterator.forEachRemaining(StreamSpliterators.java:310)
        at java.base/java.util.stream.Streams$ConcatSpliterator.forEachRemaining(Streams.java:735)
        at java.base/java.util.stream.Streams$ConcatSpliterator.forEachRemaining(Streams.java:734)
        at java.base/java.util.stream.ReferencePipeline$Head.forEach(ReferencePipeline.java:762)
        at java.base/java.util.Optional.orElseGet(Optional.java:364)
        at java.base/java.util.ArrayList.forEach(ArrayList.java:1596)
        at java.base/java.util.ArrayList.forEach(ArrayList.java:1596)

SecurityRoleCoverageTest STANDARD_OUT
    2026-04-13T12:41:30.953+09:00  INFO 4752 --- [    Test worker] t.c.s.AnnotationConfigContextLoaderUtils : Could not detect default configuration classes for test class [com.coliving.global.config.SecurityRoleCoverageTest]: SecurityRoleCoverageTest does not declare any static, non-private, non-final, nested classes annotated with @Configuration.
    2026-04-13T12:41:31.108+09:00  INFO 4752 --- [    Test worker] .b.t.c.SpringBootTestContextBootstrapper : Found @SpringBootConfiguration com.coliving.CoLivingApplication for test class com.coliving.global.config.SecurityRoleCoverageTest

      .   ____          _            __ _ _
     /\\ / ___'_ __ _ _(_)_ __  __ _ \ \ \ \
    ( ( )\___ | '_ | '_| | '_ \/ _` | \ \ \ \
     \\/  ___)| |_)| | | | | || (_| |  ) ) ) )
      '  |____| .__|_| |_|_| |_\__, | / / / /
     =========|_|==============|___/=/_/_/_/

     :: Spring Boot ::               (v3.3.10)

    2026-04-13T12:41:31.168+09:00  INFO 4752 --- [    Test worker] c.c.g.config.SecurityRoleCoverageTest    : Starting SecurityRoleCoverageTest using Java 21.0.10 with PID 4752 (started by hi in C:\team1_cokkiri\backend)
    2026-04-13T12:41:31.169+09:00  INFO 4752 --- [    Test worker] c.c.g.config.SecurityRoleCoverageTest    : The following 1 profile is active: "test"
    2026-04-13T12:41:32.198+09:00  INFO 4752 --- [    Test worker] .s.d.r.c.RepositoryConfigurationDelegate : Multiple Spring Data modules found, entering strict repository configuration mode
    2026-04-13T12:41:32.198+09:00  INFO 4752 --- [    Test worker] .s.d.r.c.RepositoryConfigurationDelegate : Bootstrapping Spring Data JPA repositories in DEFAULT mode.
    2026-04-13T12:41:32.479+09:00  INFO 4752 --- [    Test worker] .s.d.r.c.RepositoryConfigurationDelegate : Finished Spring Data repository scanning in 278 ms. Found 22 JPA repository interfaces.
    2026-04-13T12:41:32.485+09:00  INFO 4752 --- [    Test worker] .s.d.r.c.RepositoryConfigurationDelegate : Multiple Spring Data modules found, entering strict repository configuration mode
    2026-04-13T12:41:32.485+09:00  INFO 4752 --- [    Test worker] .s.d.r.c.RepositoryConfigurationDelegate : Bootstrapping Spring Data Redis repositories in DEFAULT mode.
    2026-04-13T12:41:32.598+09:00  INFO 4752 --- [    Test worker] .RepositoryConfigurationExtensionSupport : Spring Data Redis - Could not safely identify store assignment for repository candidate interface com.coliving.admin.device.adapter.out.jpa.DeviceJpaRepository; If you want this repository to be a Redis repository, consider annotating your entities with one of these annotations: org.springframework.data.redis.core.RedisHash (preferred), or consider extending one of the following types with your repository: org.springframework.data.keyvalue.repository.KeyValueRepository
    2026-04-13T12:41:32.598+09:00  INFO 4752 --- [    Test worker] .RepositoryConfigurationExtensionSupport : Spring Data Redis - Could not safely identify store assignment for repository candidate interface com.coliving.admin.device.adapter.out.jpa.DeviceTypeJpaRepository; If you want this repository to be a Redis repository, consider annotating your entities with one of these annotations: org.springframework.data.redis.core.RedisHash (preferred), or consider extending one of the following types with your repository: org.springframework.data.keyvalue.repository.KeyValueRepository
    2026-04-13T12:41:32.598+09:00  INFO 4752 --- [    Test worker] .RepositoryConfigurationExtensionSupport : Spring Data Redis - Could not safely identify store assignment for repository candidate interface com.coliving.admin.payment.adapter.out.jpa.PaymentJpaRepository; If you want this repository to be a Redis repository, consider annotating your entities with one of these annotations: org.springframework.data.redis.core.RedisHash (preferred), or consider extending one of the following types with your repository: org.springframework.data.keyvalue.repository.KeyValueRepository
    2026-04-13T12:41:32.598+09:00  INFO 4752 --- [    Test worker] .RepositoryConfigurationExtensionSupport : Spring Data Redis - Could not safely identify store assignment for repository candidate interface com.coliving.admin.space.adapter.out.jpa.AnnotationTypeJpaRepository; If you want this repository to be a Redis repository, consider annotating your entities with one of these annotations: org.springframework.data.redis.core.RedisHash (preferred), or consider extending one of the following types with your repository: org.springframework.data.keyvalue.repository.KeyValueRepository
    2026-04-13T12:41:32.598+09:00  INFO 4752 --- [    Test worker] .RepositoryConfigurationExtensionSupport : Spring Data Redis - Could not safely identify store assignment for repository candidate interface com.coliving.admin.space.adapter.out.jpa.CommonSpaceDetailJpaRepository; If you want this repository to be a Redis repository, consider annotating your entities with one of these annotations: org.springframework.data.redis.core.RedisHash (preferred), or consider extending one of the following types with your repository: org.springframework.data.keyvalue.repository.KeyValueRepository
    2026-04-13T12:41:32.598+09:00  INFO 4752 --- [    Test worker] .RepositoryConfigurationExtensionSupport : Spring Data Redis - Could not safely identify store assignment for repository candidate interface com.coliving.admin.space.adapter.out.jpa.FloorPlanJpaRepository; If you want this repository to be a Redis repository, consider annotating your entities with one of these annotations: org.springframework.data.redis.core.RedisHash (preferred), or consider extending one of the following types with your repository: org.springframework.data.keyvalue.repository.KeyValueRepository
    2026-04-13T12:41:32.598+09:00  INFO 4752 --- [    Test worker] .RepositoryConfigurationExtensionSupport : Spring Data Redis - Could not safely identify store assignment for repository candidate interface com.coliving.admin.space.adapter.out.jpa.PrivateSpaceDetailJpaRepository; If you want this repository to be a Redis repository, consider annotating your entities with one of these annotations: org.springframework.data.redis.core.RedisHash (preferred), or consider extending one of the following types with your repository: org.springframework.data.keyvalue.repository.KeyValueRepository
    2026-04-13T12:41:32.598+09:00  INFO 4752 --- [    Test worker] .RepositoryConfigurationExtensionSupport : Spring Data Redis - Could not safely identify store assignment for repository candidate interface com.coliving.admin.space.adapter.out.jpa.RoomTypeJpaRepository; If you want this repository to be a Redis repository, consider annotating your entities with one of these annotations: org.springframework.data.redis.core.RedisHash (preferred), or consider extending one of the following types with your repository: org.springframework.data.keyvalue.repository.KeyValueRepository
    2026-04-13T12:41:32.598+09:00  INFO 4752 --- [    Test worker] .RepositoryConfigurationExtensionSupport : Spring Data Redis - Could not safely identify store assignment for repository candidate interface com.coliving.admin.space.adapter.out.jpa.SpaceImageJpaRepository; If you want this repository to be a Redis repository, consider annotating your entities with one of these annotations: org.springframework.data.redis.core.RedisHash (preferred), or consider extending one of the following types with your repository: org.springframework.data.keyvalue.repository.KeyValueRepository
    2026-04-13T12:41:32.609+09:00  INFO 4752 --- [    Test worker] .RepositoryConfigurationExtensionSupport : Spring Data Redis - Could not safely identify store assignment for repository candidate interface com.coliving.admin.space.adapter.out.jpa.SpaceJpaRepository; If you want this repository to be a Redis repository, consider annotating your entities with one of these annotations: org.springframework.data.redis.core.RedisHash (preferred), or consider extending one of the following types with your repository: org.springframework.data.keyvalue.repository.KeyValueRepository
    2026-04-13T12:41:32.611+09:00  INFO 4752 --- [    Test worker] .RepositoryConfigurationExtensionSupport : Spring Data Redis - Could not safely identify store assignment for repository candidate interface com.coliving.common.auth.adapter.out.jpa.RefreshTokenJpaRepository; If you want this repository to be a Redis repository, consider annotating your entities with one of these annotations: org.springframework.data.redis.core.RedisHash (preferred), or consider extending one of the following types with your repository: org.springframework.data.keyvalue.repository.KeyValueRepository
    2026-04-13T12:41:32.611+09:00  INFO 4752 --- [    Test worker] .RepositoryConfigurationExtensionSupport : Spring Data Redis - Could not safely identify store assignment for repository candidate interface com.coliving.common.auth.adapter.out.jpa.RoleChangeLogJpaRepository; If you want this repository to be a Redis repository, consider annotating your entities with one of these annotations: org.springframework.data.redis.core.RedisHash (preferred), or consider extending one of the following types with your repository: org.springframework.data.keyvalue.repository.KeyValueRepository
    2026-04-13T12:41:32.611+09:00  INFO 4752 --- [    Test worker] .RepositoryConfigurationExtensionSupport : Spring Data Redis - Could not safely identify store assignment for repository candidate interface com.coliving.common.auth.adapter.out.jpa.TokenBlacklistJpaRepository; If you want this repository to be a Redis repository, consider annotating your entities with one of these annotations: org.springframework.data.redis.core.RedisHash (preferred), or consider extending one of the following types with your repository: org.springframework.data.keyvalue.repository.KeyValueRepository
    2026-04-13T12:41:32.611+09:00  INFO 4752 --- [    Test worker] .RepositoryConfigurationExtensionSupport : Spring Data Redis - Could not safely identify store assignment for repository candidate interface com.coliving.common.auth.adapter.out.jpa.UserJpaRepository; If you want this repository to be a Redis repository, consider annotating your entities with one of these annotations: org.springframework.data.redis.core.RedisHash (preferred), or consider extending one of the following types with your repository: org.springframework.data.keyvalue.repository.KeyValueRepository
    2026-04-13T12:41:32.611+09:00  INFO 4752 --- [    Test worker] .RepositoryConfigurationExtensionSupport : Spring Data Redis - Could not safely identify store assignment for repository candidate interface com.coliving.common.comment.adapter.out.jpa.CommentJpaRepository; If you want this repository to be a Redis repository, consider annotating your entities with one of these annotations: org.springframework.data.redis.core.RedisHash (preferred), or consider extending one of the following types with your repository: org.springframework.data.keyvalue.repository.KeyValueRepository
    2026-04-13T12:41:32.611+09:00  INFO 4752 --- [    Test worker] .RepositoryConfigurationExtensionSupport : Spring Data Redis - Could not safely identify store assignment for repository candidate interface com.coliving.common.community.adapter.out.jpa.PostJpaRepository; If you want this repository to be a Redis repository, consider annotating your entities with one of these annotations: org.springframework.data.redis.core.RedisHash (preferred), or consider extending one of the following types with your repository: org.springframework.data.keyvalue.repository.KeyValueRepository
    2026-04-13T12:41:32.611+09:00  INFO 4752 --- [    Test worker] .RepositoryConfigurationExtensionSupport : Spring Data Redis - Could not safely identify store assignment for repository candidate interface com.coliving.common.community.adapter.out.jpa.PostLikeJpaRepository; If you want this repository to be a Redis repository, consider annotating your entities with one of these annotations: org.springframework.data.redis.core.RedisHash (preferred), or consider extending one of the following types with your repository: org.springframework.data.keyvalue.repository.KeyValueRepository
    2026-04-13T12:41:32.611+09:00  INFO 4752 --- [    Test worker] .RepositoryConfigurationExtensionSupport : Spring Data Redis - Could not safely identify store assignment for repository candidate interface com.coliving.common.notification.adapter.out.jpa.NotificationJpaRepository; If you want this repository to be a Redis repository, consider annotating your entities with one of these annotations: org.springframework.data.redis.core.RedisHash (preferred), or consider extending one of the following types with your repository: org.springframework.data.keyvalue.repository.KeyValueRepository
    2026-04-13T12:41:32.611+09:00  INFO 4752 --- [    Test worker] .RepositoryConfigurationExtensionSupport : Spring Data Redis - Could not safely identify store assignment for repository candidate interface com.coliving.common.voc.adapter.out.jpa.VocJpaRepository; If you want this repository to be a Redis repository, consider annotating your entities with one of these annotations: org.springframework.data.redis.core.RedisHash (preferred), or consider extending one of the following types with your repository: org.springframework.data.keyvalue.repository.KeyValueRepository
    2026-04-13T12:41:32.611+09:00  INFO 4752 --- [    Test worker] .RepositoryConfigurationExtensionSupport : Spring Data Redis - Could not safely identify store assignment for repository candidate interface com.coliving.reservation.adapter.out.jpa.ReservationJpaRepository; If you want this repository to be a Redis repository, consider annotating your entities with one of these annotations: org.springframework.data.redis.core.RedisHash (preferred), or consider extending one of the following types with your repository: org.springframework.data.keyvalue.repository.KeyValueRepository
    2026-04-13T12:41:32.611+09:00  INFO 4752 --- [    Test worker] .RepositoryConfigurationExtensionSupport : Spring Data Redis - Could not safely identify store assignment for repository candidate interface com.coliving.resident.log.adapter.out.jpa.ControlLogJpaRepository; If you want this repository to be a Redis repository, consider annotating your entities with one of these annotations: org.springframework.data.redis.core.RedisHash (preferred), or consider extending one of the following types with your repository: org.springframework.data.keyvalue.repository.KeyValueRepository
    2026-04-13T12:41:32.611+09:00  INFO 4752 --- [    Test worker] .RepositoryConfigurationExtensionSupport : Spring Data Redis - Could not safely identify store assignment for repository candidate interface com.coliving.user.contract.adapter.out.jpa.ContractJpaRepository; If you want this repository to be a Redis repository, consider annotating your entities with one of these annotations: org.springframework.data.redis.core.RedisHash (preferred), or consider extending one of the following types with your repository: org.springframework.data.keyvalue.repository.KeyValueRepository
    2026-04-13T12:41:32.611+09:00  INFO 4752 --- [    Test worker] .s.d.r.c.RepositoryConfigurationDelegate : Finished Spring Data repository scanning in 125 ms. Found 0 Redis repository interfaces.
    2026-04-13T12:41:32.921+09:00  INFO 4752 --- [    Test worker] o.hibernate.jpa.internal.util.LogHelper  : HHH000204: Processing PersistenceUnitInfo [name: default]
    2026-04-13T12:41:32.928+09:00  INFO 4752 --- [    Test worker] o.h.c.internal.RegionFactoryInitiator    : HHH000026: Second-level cache disabled
    2026-04-13T12:41:32.946+09:00  INFO 4752 --- [    Test worker] o.s.o.j.p.SpringPersistenceUnitInfo      : No LoadTimeWeaver setup: ignoring JPA class transformer
    2026-04-13T12:41:32.946+09:00  INFO 4752 --- [    Test worker] com.zaxxer.hikari.HikariDataSource       : HikariPool-2 - Starting...
    2026-04-13T12:41:32.946+09:00  INFO 4752 --- [    Test worker] com.zaxxer.hikari.pool.HikariPool        : HikariPool-2 - Added connection conn10: url=jdbc:h2:mem:coliving_test user=SA
    2026-04-13T12:41:32.946+09:00  INFO 4752 --- [    Test worker] com.zaxxer.hikari.HikariDataSource       : HikariPool-2 - Start completed.
    2026-04-13T12:41:32.946+09:00  WARN 4752 --- [    Test worker] org.hibernate.orm.deprecation            : HHH90000025: H2Dialect does not need to be specified explicitly using 'hibernate.dialect' (remove the property setting and it will be selected by default)
    2026-04-13T12:41:33.466+09:00  INFO 4752 --- [    Test worker] o.h.e.t.j.p.i.JtaPlatformInitiator       : HHH000489: No JTA platform available (set 'hibernate.transaction.jta.platform' to enable JTA platform integration)
    2026-04-13T12:41:33.467+09:00 DEBUG 4752 --- [    Test worker] org.hibernate.SQL                        : 
        drop table if exists annotation_types cascade 
    Hibernate: 
        drop table if exists annotation_types cascade 
    2026-04-13T12:41:33.467+09:00 DEBUG 4752 --- [    Test worker] org.hibernate.SQL                        : 
        drop table if exists comments cascade 
    Hibernate: 
        drop table if exists comments cascade 
    2026-04-13T12:41:33.468+09:00 DEBUG 4752 --- [    Test worker] org.hibernate.SQL                        : 
        drop table if exists common_space_details cascade 
    Hibernate: 
        drop table if exists common_space_details cascade 
    2026-04-13T12:41:33.468+09:00 DEBUG 4752 --- [    Test worker] org.hibernate.SQL                        : 
        drop table if exists contracts cascade 
    Hibernate: 
        drop table if exists contracts cascade 
    2026-04-13T12:41:33.468+09:00 DEBUG 4752 --- [    Test worker] org.hibernate.SQL                        : 
        drop table if exists control_logs cascade 
    Hibernate: 
        drop table if exists control_logs cascade 
    2026-04-13T12:41:33.468+09:00 DEBUG 4752 --- [    Test worker] org.hibernate.SQL                        : 
        drop table if exists device_types cascade 
    Hibernate: 
        drop table if exists device_types cascade 
    2026-04-13T12:41:33.469+09:00 DEBUG 4752 --- [    Test worker] org.hibernate.SQL                        : 
        drop table if exists devices cascade 
    Hibernate: 
        drop table if exists devices cascade 
    2026-04-13T12:41:33.469+09:00 DEBUG 4752 --- [    Test worker] org.hibernate.SQL                        : 
        drop table if exists floor_plans cascade 
    Hibernate: 
        drop table if exists floor_plans cascade 
    2026-04-13T12:41:33.469+09:00 DEBUG 4752 --- [    Test worker] org.hibernate.SQL                        : 
        drop table if exists notifications cascade 
    Hibernate: 
        drop table if exists notifications cascade 
    2026-04-13T12:41:33.469+09:00 DEBUG 4752 --- [    Test worker] org.hibernate.SQL                        : 
        drop table if exists payments cascade 
    Hibernate: 
        drop table if exists payments cascade 
    2026-04-13T12:41:33.470+09:00 DEBUG 4752 --- [    Test worker] org.hibernate.SQL                        : 
        drop table if exists post_likes cascade 
    Hibernate: 
        drop table if exists post_likes cascade 
    2026-04-13T12:41:33.470+09:00 DEBUG 4752 --- [    Test worker] org.hibernate.SQL                        : 
        drop table if exists posts cascade 
    Hibernate: 
        drop table if exists posts cascade 
    2026-04-13T12:41:33.470+09:00 DEBUG 4752 --- [    Test worker] org.hibernate.SQL                        : 
        drop table if exists private_space_details cascade 
    Hibernate: 
        drop table if exists private_space_details cascade 
    2026-04-13T12:41:33.470+09:00 DEBUG 4752 --- [    Test worker] org.hibernate.SQL                        : 
        drop table if exists refresh_tokens cascade 
    Hibernate: 
        drop table if exists refresh_tokens cascade 
    2026-04-13T12:41:33.470+09:00 DEBUG 4752 --- [    Test worker] org.hibernate.SQL                        : 
        drop table if exists reservations cascade 
    Hibernate: 
        drop table if exists reservations cascade 
    2026-04-13T12:41:33.471+09:00 DEBUG 4752 --- [    Test worker] org.hibernate.SQL                        : 
        drop table if exists role_change_logs cascade 
    Hibernate: 
        drop table if exists role_change_logs cascade 
    2026-04-13T12:41:33.471+09:00 DEBUG 4752 --- [    Test worker] org.hibernate.SQL                        : 
        drop table if exists room_types cascade 
    Hibernate: 
        drop table if exists room_types cascade 
    2026-04-13T12:41:33.471+09:00 DEBUG 4752 --- [    Test worker] org.hibernate.SQL                        : 
        drop table if exists space_images cascade 
    Hibernate: 
        drop table if exists space_images cascade 
    2026-04-13T12:41:33.472+09:00 DEBUG 4752 --- [    Test worker] org.hibernate.SQL                        : 
        drop table if exists spaces cascade 
    Hibernate: 
        drop table if exists spaces cascade 
    2026-04-13T12:41:33.472+09:00 DEBUG 4752 --- [    Test worker] org.hibernate.SQL                        : 
        drop table if exists token_blacklists cascade 
    Hibernate: 
        drop table if exists token_blacklists cascade 
    2026-04-13T12:41:33.472+09:00 DEBUG 4752 --- [    Test worker] org.hibernate.SQL                        : 
        drop table if exists users cascade 
    Hibernate: 
        drop table if exists users cascade 
    2026-04-13T12:41:33.472+09:00 DEBUG 4752 --- [    Test worker] org.hibernate.SQL                        : 
        drop table if exists vocs cascade 
    Hibernate: 
        drop table if exists vocs cascade 
    2026-04-13T12:41:33.473+09:00 DEBUG 4752 --- [    Test worker] org.hibernate.SQL                        : 
        create table annotation_types (
            is_system_default boolean not null,
            annotation_type_id bigint generated by default as identity,
            created_at timestamp(6) with time zone not null,
            deleted_at timestamp(6) with time zone,
            updated_at timestamp(6) with time zone not null,
            default_color varchar(30) not null,
            code varchar(50) not null unique,
            icon_name varchar(50) not null,
            name varchar(100) not null,
            primary key (annotation_type_id)
        )
    Hibernate: 
        create table annotation_types (
            is_system_default boolean not null,
            annotation_type_id bigint generated by default as identity,
            created_at timestamp(6) with time zone not null,
            deleted_at timestamp(6) with time zone,
            updated_at timestamp(6) with time zone not null,
            default_color varchar(30) not null,
            code varchar(50) not null unique,
            icon_name varchar(50) not null,
            name varchar(100) not null,
            primary key (annotation_type_id)
        )
    2026-04-13T12:41:33.475+09:00 DEBUG 4752 --- [    Test worker] org.hibernate.SQL                        : 
        create table comments (
            comment_id bigint generated by default as identity,
            created_at timestamp(6) with time zone not null,
            deleted_at timestamp(6) with time zone,
            parent_comment_id bigint,
            post_id bigint not null,
            updated_at timestamp(6) with time zone not null,
            user_id bigint not null,
            content varchar(255) not null,
            primary key (comment_id)
        )
    Hibernate: 
        create table comments (
            comment_id bigint generated by default as identity,
            created_at timestamp(6) with time zone not null,
            deleted_at timestamp(6) with time zone,
            parent_comment_id bigint,
            post_id bigint not null,
            updated_at timestamp(6) with time zone not null,
            user_id bigint not null,
            content varchar(255) not null,
            primary key (comment_id)
        )
    2026-04-13T12:41:33.477+09:00 DEBUG 4752 --- [    Test worker] org.hibernate.SQL                        : 
        create table common_space_details (
            is_reservable boolean,
            max_capacity integer,
            usage_fee numeric(15,2),
            created_at timestamp(6) with time zone not null,
            deleted_at timestamp(6) with time zone,
            space_id bigint not null,
            updated_at timestamp(6) with time zone not null,
            operating_hours varchar(50),
            primary key (space_id)
        )
    Hibernate: 
        create table common_space_details (
            is_reservable boolean,
            max_capacity integer,
            usage_fee numeric(15,2),
            created_at timestamp(6) with time zone not null,
            deleted_at timestamp(6) with time zone,
            space_id bigint not null,
            updated_at timestamp(6) with time zone not null,
            operating_hours varchar(50),
            primary key (space_id)
        )
    2026-04-13T12:41:33.480+09:00 DEBUG 4752 --- [    Test worker] org.hibernate.SQL                        : 
        create table contracts (
            deposit numeric(15,0),
            desired_duration_months integer,
            desired_start_date date,
            end_date date,
            monthly_rent numeric(15,0),
            privacy_agreed boolean,
            start_date date,
            approved_by bigint,
            contract_id bigint generated by default as identity,
            contracted_at timestamp(6) with time zone,
            created_at timestamp(6) with time zone not null,
            deleted_at timestamp(6) with time zone,
            space_id bigint not null,
            terms_agreed_at timestamp(6) with time zone,
            updated_at timestamp(6) with time zone not null,
            user_id bigint not null,
            version bigint,
            status varchar(15) not null,
            bank_account varchar(100),
            usage_purpose varchar(200),
            address varchar(500),
            rejected_reason TEXT,
            request_note TEXT,
            signature_data TEXT,
            special_terms TEXT,
            contract_language enum ('EN','KO'),
            origin enum ('ADMIN_INITIATED','USER_INITIATED') not null,
            primary key (contract_id)
        )
    Hibernate: 
        create table contracts (
            deposit numeric(15,0),
            desired_duration_months integer,
            desired_start_date date,
            end_date date,
            monthly_rent numeric(15,0),
            privacy_agreed boolean,
            start_date date,
            approved_by bigint,
            contract_id bigint generated by default as identity,
            contracted_at timestamp(6) with time zone,
            created_at timestamp(6) with time zone not null,
            deleted_at timestamp(6) with time zone,
            space_id bigint not null,
            terms_agreed_at timestamp(6) with time zone,
            updated_at timestamp(6) with time zone not null,
            user_id bigint not null,
            version bigint,
            status varchar(15) not null,
            bank_account varchar(100),
            usage_purpose varchar(200),
            address varchar(500),
            rejected_reason TEXT,
            request_note TEXT,
            signature_data TEXT,
            special_terms TEXT,
            contract_language enum ('EN','KO'),
            origin enum ('ADMIN_INITIATED','USER_INITIATED') not null,
            primary key (contract_id)
        )
    2026-04-13T12:41:33.482+09:00 DEBUG 4752 --- [    Test worker] org.hibernate.SQL                        : 
        create table control_logs (
            control_log_id bigint generated by default as identity,
            created_at timestamp(6) with time zone not null,
            deleted_at timestamp(6) with time zone,
            device_id bigint not null,
            updated_at timestamp(6) with time zone not null,
            user_id bigint not null,
            command varchar(50) not null,
            correlation_id varchar(100),
            error_message TEXT,
            actor_type enum ('ADMIN','RESIDENT') not null,
            command_params jsonb,
            result enum ('FAILURE','SUCCESS') not null,
            primary key (control_log_id)
        )
    Hibernate: 
        create table control_logs (
            control_log_id bigint generated by default as identity,
            created_at timestamp(6) with time zone not null,
            deleted_at timestamp(6) with time zone,
            device_id bigint not null,
            updated_at timestamp(6) with time zone not null,
            user_id bigint not null,
            command varchar(50) not null,
            correlation_id varchar(100),
            error_message TEXT,
            actor_type enum ('ADMIN','RESIDENT') not null,
            command_params jsonb,
            result enum ('FAILURE','SUCCESS') not null,
            primary key (control_log_id)
        )
    2026-04-13T12:41:33.483+09:00 DEBUG 4752 --- [    Test worker] org.hibernate.SQL                        : 
        create table device_types (
            is_system_default boolean not null,
            created_at timestamp(6) with time zone not null,
            deleted_at timestamp(6) with time zone,
            device_type_id bigint generated by default as identity,
            updated_at timestamp(6) with time zone not null,
            ui_type varchar(30),
            code varchar(50) not null,
            name varchar(100) not null,
            commands jsonb,
            primary key (device_type_id),
            unique (code)
        )
    Hibernate: 
        create table device_types (
            is_system_default boolean not null,
            created_at timestamp(6) with time zone not null,
            deleted_at timestamp(6) with time zone,
            device_type_id bigint generated by default as identity,
            updated_at timestamp(6) with time zone not null,
            ui_type varchar(30),
            code varchar(50) not null,
            name varchar(100) not null,
            commands jsonb,
            primary key (device_type_id),
            unique (code)
        )
    2026-04-13T12:41:33.485+09:00 DEBUG 4752 --- [    Test worker] org.hibernate.SQL                        : 
        create table devices (
            is_active boolean not null,
            created_at timestamp(6) with time zone not null,
            deleted_at timestamp(6) with time zone,
            device_id bigint generated by default as identity,
            device_type_id bigint not null,
            installed_at timestamp(6) with time zone,
            last_online_at timestamp(6) with time zone,
            space_id bigint not null,
            updated_at timestamp(6) with time zone not null,
            mac_address varchar(50) unique,
            model_name varchar(100),
            name varchar(100) not null,
            mock_endpoint varchar(255),
            current_state jsonb,
            status enum ('ERROR','OFFLINE','ONLINE') not null,
            primary key (device_id)
        )
    Hibernate: 
        create table devices (
            is_active boolean not null,
            created_at timestamp(6) with time zone not null,
            deleted_at timestamp(6) with time zone,
            device_id bigint generated by default as identity,
            device_type_id bigint not null,
            installed_at timestamp(6) with time zone,
            last_online_at timestamp(6) with time zone,
            space_id bigint not null,
            updated_at timestamp(6) with time zone not null,
            mac_address varchar(50) unique,
            model_name varchar(100),
            name varchar(100) not null,
            mock_endpoint varchar(255),
            current_state jsonb,
            status enum ('ERROR','OFFLINE','ONLINE') not null,
            primary key (device_id)
        )
    2026-04-13T12:41:33.487+09:00 DEBUG 4752 --- [    Test worker] org.hibernate.SQL                        : 
        create table floor_plans (
            blueprint_opacity numeric(3,2),
            floor integer not null unique,
            created_at timestamp(6) with time zone not null,
            deleted_at timestamp(6) with time zone,
            floor_plan_id bigint generated by default as identity,
            updated_at timestamp(6) with time zone not null,
            blueprint_url varchar(255),
            annotations jsonb,
            primary key (floor_plan_id)
        )
    Hibernate: 
        create table floor_plans (
            blueprint_opacity numeric(3,2),
            floor integer not null unique,
            created_at timestamp(6) with time zone not null,
            deleted_at timestamp(6) with time zone,
            floor_plan_id bigint generated by default as identity,
            updated_at timestamp(6) with time zone not null,
            blueprint_url varchar(255),
            annotations jsonb,
            primary key (floor_plan_id)
        )
    2026-04-13T12:41:33.488+09:00 DEBUG 4752 --- [    Test worker] org.hibernate.SQL                        : 
        create table notifications (
            is_read boolean not null,
            created_at timestamp(6) with time zone not null,
            deleted_at timestamp(6) with time zone,
            notification_id bigint generated by default as identity,
            reference_id bigint,
            updated_at timestamp(6) with time zone not null,
            user_id bigint not null,
            title varchar(200) not null,
            message TEXT not null,
            reference_type enum ('COMMUNITY','CONTRACT','PAYMENT','RESERVATION','VOC'),
            type enum ('COMMUNITY_COMMENT','COMMUNITY_NOTICE','CONTRACT_ACTIVATED','CONTRACT_APPROVED','CONTRACT_EXPIRED','CONTRACT_REJECTED','CONTRACT_SUBMITTED','CONTRACT_UPDATED','PAYMENT_SUCCESS','RESERVATION_APPROVED','RESERVATION_PENDING','RESERVATION_REJECTED','VOC_CREATED','VOC_REPLIED','VOC_RESOLVED') not null,
            primary key (notification_id)
        )
    Hibernate: 
        create table notifications (
            is_read boolean not null,
            created_at timestamp(6) with time zone not null,
            deleted_at timestamp(6) with time zone,
            notification_id bigint generated by default as identity,
            reference_id bigint,
            updated_at timestamp(6) with time zone not null,
            user_id bigint not null,
            title varchar(200) not null,
            message TEXT not null,
            reference_type enum ('COMMUNITY','CONTRACT','PAYMENT','RESERVATION','VOC'),
            type enum ('COMMUNITY_COMMENT','COMMUNITY_NOTICE','CONTRACT_ACTIVATED','CONTRACT_APPROVED','CONTRACT_EXPIRED','CONTRACT_REJECTED','CONTRACT_SUBMITTED','CONTRACT_UPDATED','PAYMENT_SUCCESS','RESERVATION_APPROVED','RESERVATION_PENDING','RESERVATION_REJECTED','VOC_CREATED','VOC_REPLIED','VOC_RESOLVED') not null,
            primary key (notification_id)
        )
    2026-04-13T12:41:33.490+09:00 DEBUG 4752 --- [    Test worker] org.hibernate.SQL                        : 
        create table payments (
            amount numeric(15,0) not null,
            billing_date date not null,
            paid_date date,
            contract_id bigint,
            created_at timestamp(6) with time zone not null,
            deleted_at timestamp(6) with time zone,
            payment_id bigint generated by default as identity,
            reservation_id bigint,
            updated_at timestamp(6) with time zone not null,
            user_id bigint not null,
            payment_method enum ('CARD','CASH','TRANSFER'),
            status enum ('PAID','PENDING','UNPAID') not null,
            type enum ('FACILITY','MAINTENANCE','RENT') not null,
            primary key (payment_id)
        )
    Hibernate: 
        create table payments (
            amount numeric(15,0) not null,
            billing_date date not null,
            paid_date date,
            contract_id bigint,
            created_at timestamp(6) with time zone not null,
            deleted_at timestamp(6) with time zone,
            payment_id bigint generated by default as identity,
            reservation_id bigint,
            updated_at timestamp(6) with time zone not null,
            user_id bigint not null,
            payment_method enum ('CARD','CASH','TRANSFER'),
            status enum ('PAID','PENDING','UNPAID') not null,
            type enum ('FACILITY','MAINTENANCE','RENT') not null,
            primary key (payment_id)
        )
    2026-04-13T12:41:33.492+09:00 DEBUG 4752 --- [    Test worker] org.hibernate.SQL                        : 
        create table post_likes (
            created_at timestamp(6) with time zone not null,
            deleted_at timestamp(6) with time zone,
            post_id bigint not null,
            post_like_id bigint generated by default as identity,
            updated_at timestamp(6) with time zone not null,
            user_id bigint not null,
            primary key (post_like_id)
        )
    Hibernate: 
        create table post_likes (
            created_at timestamp(6) with time zone not null,
            deleted_at timestamp(6) with time zone,
            post_id bigint not null,
            post_like_id bigint generated by default as identity,
            updated_at timestamp(6) with time zone not null,
            user_id bigint not null,
            primary key (post_like_id)
        )
    2026-04-13T12:41:33.495+09:00 DEBUG 4752 --- [    Test worker] org.hibernate.SQL                        : 
        create table posts (
            comment_count integer not null,
            like_count integer not null,
            view_count integer not null,
            created_at timestamp(6) with time zone not null,
            deleted_at timestamp(6) with time zone,
            post_id bigint generated by default as identity,
            updated_at timestamp(6) with time zone not null,
            user_id bigint not null,
            category varchar(15) not null,
            title varchar(100) not null,
            content varchar(255) not null,
            attachments json not null,
            links json not null,
            primary key (post_id)
        )
    Hibernate: 
        create table posts (
            comment_count integer not null,
            like_count integer not null,
            view_count integer not null,
            created_at timestamp(6) with time zone not null,
            deleted_at timestamp(6) with time zone,
            post_id bigint generated by default as identity,
            updated_at timestamp(6) with time zone not null,
            user_id bigint not null,
            category varchar(15) not null,
            title varchar(100) not null,
            content varchar(255) not null,
            attachments json not null,
            links json not null,
            primary key (post_id)
        )
    2026-04-13T12:41:33.496+09:00 DEBUG 4752 --- [    Test worker] org.hibernate.SQL                        : 
        create table private_space_details (
            bathroom_count integer,
            deposit numeric(15,2),
            maintenance_fee numeric(15,2),
            monthly_rent numeric(15,2),
            parking_available boolean,
            room_count integer,
            created_at timestamp(6) with time zone not null,
            deleted_at timestamp(6) with time zone,
            room_type_id bigint not null,
            space_id bigint not null,
            updated_at timestamp(6) with time zone not null,
            direction varchar(20),
            primary key (space_id)
        )
    Hibernate: 
        create table private_space_details (
            bathroom_count integer,
            deposit numeric(15,2),
            maintenance_fee numeric(15,2),
            monthly_rent numeric(15,2),
            parking_available boolean,
            room_count integer,
            created_at timestamp(6) with time zone not null,
            deleted_at timestamp(6) with time zone,
            room_type_id bigint not null,
            space_id bigint not null,
            updated_at timestamp(6) with time zone not null,
            direction varchar(20),
            primary key (space_id)
        )
    2026-04-13T12:41:33.498+09:00 DEBUG 4752 --- [    Test worker] org.hibernate.SQL                        : 
        create table refresh_tokens (
            is_revoked boolean not null,
            created_at timestamp(6) with time zone not null,
            deleted_at timestamp(6) with time zone,
            expires_at timestamp(6) with time zone not null,
            refresh_token_id bigint generated by default as identity,
            updated_at timestamp(6) with time zone not null,
            user_id bigint not null,
            token varchar(512) not null unique,
            primary key (refresh_token_id)
        )
    Hibernate: 
        create table refresh_tokens (
            is_revoked boolean not null,
            created_at timestamp(6) with time zone not null,
            deleted_at timestamp(6) with time zone,
            expires_at timestamp(6) with time zone not null,
            refresh_token_id bigint generated by default as identity,
            updated_at timestamp(6) with time zone not null,
            user_id bigint not null,
            token varchar(512) not null unique,
            primary key (refresh_token_id)
        )
    2026-04-13T12:41:33.499+09:00 DEBUG 4752 --- [    Test worker] org.hibernate.SQL                        : 
        create table reservations (
            end_time time(6) not null,
            reservation_date date not null,
            start_time time(6) not null,
            approved_by bigint,
            created_at timestamp(6) with time zone not null,
            deleted_at timestamp(6) with time zone,
            reservation_id bigint generated by default as identity,
            space_id bigint not null,
            updated_at timestamp(6) with time zone not null,
            user_id bigint not null,
            status enum ('APPROVED','CANCELLED','COMPLETED','PENDING') not null,
            primary key (reservation_id)
        )
    Hibernate: 
        create table reservations (
            end_time time(6) not null,
            reservation_date date not null,
            start_time time(6) not null,
            approved_by bigint,
            created_at timestamp(6) with time zone not null,
            deleted_at timestamp(6) with time zone,
            reservation_id bigint generated by default as identity,
            space_id bigint not null,
            updated_at timestamp(6) with time zone not null,
            user_id bigint not null,
            status enum ('APPROVED','CANCELLED','COMPLETED','PENDING') not null,
            primary key (reservation_id)
        )
    2026-04-13T12:41:33.501+09:00 DEBUG 4752 --- [    Test worker] org.hibernate.SQL                        : 
        create table role_change_logs (
            changed_by bigint,
            contract_id bigint,
            created_at timestamp(6) with time zone not null,
            deleted_at timestamp(6) with time zone,
            role_change_log_id bigint generated by default as identity,
            updated_at timestamp(6) with time zone not null,
            user_id bigint not null,
            reason varchar(100),
            new_role enum ('ADMIN','RESIDENT','USER') not null,
            old_role enum ('ADMIN','RESIDENT','USER') not null,
            primary key (role_change_log_id)
        )
    Hibernate: 
        create table role_change_logs (
            changed_by bigint,
            contract_id bigint,
            created_at timestamp(6) with time zone not null,
            deleted_at timestamp(6) with time zone,
            role_change_log_id bigint generated by default as identity,
            updated_at timestamp(6) with time zone not null,
            user_id bigint not null,
            reason varchar(100),
            new_role enum ('ADMIN','RESIDENT','USER') not null,
            old_role enum ('ADMIN','RESIDENT','USER') not null,
            primary key (role_change_log_id)
        )
    2026-04-13T12:41:33.503+09:00 DEBUG 4752 --- [    Test worker] org.hibernate.SQL                        : 
        create table room_types (
            is_system_default boolean not null,
            created_at timestamp(6) with time zone not null,
            deleted_at timestamp(6) with time zone,
            room_type_id bigint generated by default as identity,
            updated_at timestamp(6) with time zone not null,
            code varchar(50) not null unique,
            name varchar(100) not null,
            primary key (room_type_id)
        )
    Hibernate: 
        create table room_types (
            is_system_default boolean not null,
            created_at timestamp(6) with time zone not null,
            deleted_at timestamp(6) with time zone,
            room_type_id bigint generated by default as identity,
            updated_at timestamp(6) with time zone not null,
            code varchar(50) not null unique,
            name varchar(100) not null,
            primary key (room_type_id)
        )
    2026-04-13T12:41:33.504+09:00 DEBUG 4752 --- [    Test worker] org.hibernate.SQL                        : 
        create table space_images (
            is_thumbnail boolean,
            sort_order integer,
            created_at timestamp(6) with time zone not null,
            deleted_at timestamp(6) with time zone,
            space_id bigint not null,
            space_image_id bigint generated by default as identity,
            updated_at timestamp(6) with time zone not null,
            image_url varchar(255) not null,
            image_type enum ('FLOOR_PLAN','PHOTO') not null,
            primary key (space_image_id)
        )
    Hibernate: 
        create table space_images (
            is_thumbnail boolean,
            sort_order integer,
            created_at timestamp(6) with time zone not null,
            deleted_at timestamp(6) with time zone,
            space_id bigint not null,
            space_image_id bigint generated by default as identity,
            updated_at timestamp(6) with time zone not null,
            image_url varchar(255) not null,
            image_type enum ('FLOOR_PLAN','PHOTO') not null,
            primary key (space_image_id)
        )
    2026-04-13T12:41:33.506+09:00 DEBUG 4752 --- [    Test worker] org.hibernate.SQL                        : 
        create table spaces (
            area numeric(10,2),
            floor integer,
            position_h integer,
            position_w integer,
            position_x integer,
            position_y integer,
            created_at timestamp(6) with time zone not null,
            deleted_at timestamp(6) with time zone,
            space_id bigint generated by default as identity,
            updated_at timestamp(6) with time zone not null,
            name varchar(100) not null,
            amenities TEXT,
            description TEXT,
            status enum ('AVAILABLE','MAINTENANCE','OCCUPIED') not null,
            type enum ('COMMON','PRIVATE') not null,
            primary key (space_id)
        )
    Hibernate: 
        create table spaces (
            area numeric(10,2),
            floor integer,
            position_h integer,
            position_w integer,
            position_x integer,
            position_y integer,
            created_at timestamp(6) with time zone not null,
            deleted_at timestamp(6) with time zone,
            space_id bigint generated by default as identity,
            updated_at timestamp(6) with time zone not null,
            name varchar(100) not null,
            amenities TEXT,
            description TEXT,
            status enum ('AVAILABLE','MAINTENANCE','OCCUPIED') not null,
            type enum ('COMMON','PRIVATE') not null,
            primary key (space_id)
        )
    2026-04-13T12:41:33.508+09:00 DEBUG 4752 --- [    Test worker] org.hibernate.SQL                        : 
        create table token_blacklists (
            created_at timestamp(6) with time zone not null,
            deleted_at timestamp(6) with time zone,
            expires_at timestamp(6) with time zone not null,
            token_blacklist_id bigint generated by default as identity,
            updated_at timestamp(6) with time zone not null,
            reason varchar(255),
            token_jti varchar(255) not null unique,
            primary key (token_blacklist_id)
        )
    Hibernate: 
        create table token_blacklists (
            created_at timestamp(6) with time zone not null,
            deleted_at timestamp(6) with time zone,
            expires_at timestamp(6) with time zone not null,
            token_blacklist_id bigint generated by default as identity,
            updated_at timestamp(6) with time zone not null,
            reason varchar(255),
            token_jti varchar(255) not null unique,
            primary key (token_blacklist_id)
        )
    2026-04-13T12:41:33.509+09:00 DEBUG 4752 --- [    Test worker] org.hibernate.SQL                        : 
        create table users (
            birth_date varchar(6),
            created_at timestamp(6) with time zone not null,
            deleted_at timestamp(6) with time zone,
            email_verified_at timestamp(6) with time zone,
            phone_verified_at timestamp(6) with time zone,
            updated_at timestamp(6) with time zone not null,
            user_id bigint generated by default as identity,
            phone varchar(20),
            login_id varchar(50) not null unique,
            name varchar(50) not null,
            nationality varchar(50),
            email varchar(100),
            profile_image varchar(500),
            password_hash varchar(255) not null,
            gender enum ('FEMALE','MALE'),
            role enum ('ADMIN','RESIDENT','USER') not null,
            status enum ('ACTIVE','DEACTIVATED') not null,
            primary key (user_id)
        )
    Hibernate: 
        create table users (
            birth_date varchar(6),
            created_at timestamp(6) with time zone not null,
            deleted_at timestamp(6) with time zone,
            email_verified_at timestamp(6) with time zone,
            phone_verified_at timestamp(6) with time zone,
            updated_at timestamp(6) with time zone not null,
            user_id bigint generated by default as identity,
            phone varchar(20),
            login_id varchar(50) not null unique,
            name varchar(50) not null,
            nationality varchar(50),
            email varchar(100),
            profile_image varchar(500),
            password_hash varchar(255) not null,
            gender enum ('FEMALE','MALE'),
            role enum ('ADMIN','RESIDENT','USER') not null,
            status enum ('ACTIVE','DEACTIVATED') not null,
            primary key (user_id)
        )
    2026-04-13T12:41:33.512+09:00 DEBUG 4752 --- [    Test worker] org.hibernate.SQL                        : 
        create table vocs (
            created_at timestamp(6) with time zone not null,
            deleted_at timestamp(6) with time zone,
            replied_at timestamp(6) with time zone,
            reply_user_id bigint,
            updated_at timestamp(6) with time zone not null,
            user_id bigint not null,
            voc_id bigint generated by default as identity,
            title varchar(200) not null,
            admin_reply TEXT,
            content TEXT not null,
            attachments json,
            category enum ('DEVICE','FACILITY','NOISE','OTHER') not null,
            status enum ('CANCELLED','IN_PROGRESS','OPEN','RESOLVED') not null,
            primary key (voc_id)
        )
    Hibernate: 
        create table vocs (
            created_at timestamp(6) with time zone not null,
            deleted_at timestamp(6) with time zone,
            replied_at timestamp(6) with time zone,
            reply_user_id bigint,
            updated_at timestamp(6) with time zone not null,
            user_id bigint not null,
            voc_id bigint generated by default as identity,
            title varchar(200) not null,
            admin_reply TEXT,
            content TEXT not null,
            attachments json,
            category enum ('DEVICE','FACILITY','NOISE','OTHER') not null,
            status enum ('CANCELLED','IN_PROGRESS','OPEN','RESOLVED') not null,
            primary key (voc_id)
        )
    2026-04-13T12:41:33.514+09:00 DEBUG 4752 --- [    Test worker] org.hibernate.SQL                        : 
        create index idx_refresh_token_user_id 
           on refresh_tokens (user_id)
    Hibernate: 
        create index idx_refresh_token_user_id 
           on refresh_tokens (user_id)
    2026-04-13T12:41:33.514+09:00 DEBUG 4752 --- [    Test worker] org.hibernate.SQL                        : 
        create index idx_role_change_log_user_id 
           on role_change_logs (user_id)
    Hibernate: 
        create index idx_role_change_log_user_id 
           on role_change_logs (user_id)
    2026-04-13T12:41:33.515+09:00 DEBUG 4752 --- [    Test worker] org.hibernate.SQL                        : 
        create index idx_token_blacklist_expires_at 
           on token_blacklists (expires_at)
    Hibernate: 
        create index idx_token_blacklist_expires_at 
           on token_blacklists (expires_at)
    2026-04-13T12:41:33.515+09:00 DEBUG 4752 --- [    Test worker] org.hibernate.SQL                        : 
        create index idx_users_role 
           on users (role)
    Hibernate: 
        create index idx_users_role 
           on users (role)
    2026-04-13T12:41:33.516+09:00 DEBUG 4752 --- [    Test worker] org.hibernate.SQL                        : 
        create index idx_users_email 
           on users (email)
    Hibernate: 
        create index idx_users_email 
           on users (email)
    2026-04-13T12:41:33.517+09:00 DEBUG 4752 --- [    Test worker] org.hibernate.SQL                        : 
        alter table if exists comments 
           add constraint FK7h839m3lkvhbyv3bcdv7sm4fj 
           foreign key (parent_comment_id) 
           references comments
    Hibernate: 
        alter table if exists comments 
           add constraint FK7h839m3lkvhbyv3bcdv7sm4fj 
           foreign key (parent_comment_id) 
           references comments
    2026-04-13T12:41:33.518+09:00 DEBUG 4752 --- [    Test worker] org.hibernate.SQL                        : 
        alter table if exists comments 
           add constraint FKh4c7lvsc298whoyd4w9ta25cr 
           foreign key (post_id) 
           references posts
    Hibernate: 
        alter table if exists comments 
           add constraint FKh4c7lvsc298whoyd4w9ta25cr 
           foreign key (post_id) 
           references posts
    2026-04-13T12:41:33.520+09:00 DEBUG 4752 --- [    Test worker] org.hibernate.SQL                        : 
        alter table if exists common_space_details 
           add constraint FKorjuc8846rh6km5k4h08u492t 
           foreign key (space_id) 
           references spaces
    Hibernate: 
        alter table if exists common_space_details 
           add constraint FKorjuc8846rh6km5k4h08u492t 
           foreign key (space_id) 
           references spaces
    2026-04-13T12:41:33.521+09:00 DEBUG 4752 --- [    Test worker] org.hibernate.SQL                        : 
        alter table if exists devices 
           add constraint FKthsup9yv35eehh6hkt0jj3naw 
           foreign key (device_type_id) 
           references device_types
    Hibernate: 
        alter table if exists devices 
           add constraint FKthsup9yv35eehh6hkt0jj3naw 
           foreign key (device_type_id) 
           references device_types
    2026-04-13T12:41:33.522+09:00 DEBUG 4752 --- [    Test worker] org.hibernate.SQL                        : 
        alter table if exists payments 
           add constraint FKqywegtqyijw241foqfkseq1l6 
           foreign key (contract_id) 
           references contracts
    Hibernate: 
        alter table if exists payments 
           add constraint FKqywegtqyijw241foqfkseq1l6 
           foreign key (contract_id) 
           references contracts
    2026-04-13T12:41:33.524+09:00 DEBUG 4752 --- [    Test worker] org.hibernate.SQL                        : 
        alter table if exists post_likes 
           add constraint FKa5wxsgl4doibhbed9gm7ikie2 
           foreign key (post_id) 
           references posts
    Hibernate: 
        alter table if exists post_likes 
           add constraint FKa5wxsgl4doibhbed9gm7ikie2 
           foreign key (post_id) 
           references posts
    2026-04-13T12:41:33.525+09:00 DEBUG 4752 --- [    Test worker] org.hibernate.SQL                        : 
        alter table if exists private_space_details 
           add constraint FKr7sa1976wkxc4w2k007ydb91h 
           foreign key (room_type_id) 
           references room_types
    Hibernate: 
        alter table if exists private_space_details 
           add constraint FKr7sa1976wkxc4w2k007ydb91h 
           foreign key (room_type_id) 
           references room_types
    2026-04-13T12:41:33.525+09:00 DEBUG 4752 --- [    Test worker] org.hibernate.SQL                        : 
        alter table if exists private_space_details 
           add constraint FK6382cn43x300u3pbrr1dplvea 
           foreign key (space_id) 
           references spaces
    Hibernate: 
        alter table if exists private_space_details 
           add constraint FK6382cn43x300u3pbrr1dplvea 
           foreign key (space_id) 
           references spaces
    2026-04-13T12:41:33.527+09:00 DEBUG 4752 --- [    Test worker] org.hibernate.SQL                        : 
        alter table if exists refresh_tokens 
           add constraint fk_refresh_token_user 
           foreign key (user_id) 
           references users
    Hibernate: 
        alter table if exists refresh_tokens 
           add constraint fk_refresh_token_user 
           foreign key (user_id) 
           references users
    2026-04-13T12:41:33.529+09:00 DEBUG 4752 --- [    Test worker] org.hibernate.SQL                        : 
        alter table if exists reservations 
           add constraint FKn4dmyiu3hojk0dnk9j8lrykkr 
           foreign key (approved_by) 
           references users
    Hibernate: 
        alter table if exists reservations 
           add constraint FKn4dmyiu3hojk0dnk9j8lrykkr 
           foreign key (approved_by) 
           references users
    2026-04-13T12:41:33.529+09:00 DEBUG 4752 --- [    Test worker] org.hibernate.SQL                        : 
        alter table if exists reservations 
           add constraint FKamig3ih2d03a4kb15cuoax1rm 
           foreign key (space_id) 
           references spaces
    Hibernate: 
        alter table if exists reservations 
           add constraint FKamig3ih2d03a4kb15cuoax1rm 
           foreign key (space_id) 
           references spaces
    2026-04-13T12:41:33.529+09:00 DEBUG 4752 --- [    Test worker] org.hibernate.SQL                        : 
        alter table if exists reservations 
           add constraint FKb5g9io5h54iwl2inkno50ppln 
           foreign key (user_id) 
           references users
    Hibernate: 
        alter table if exists reservations 
           add constraint FKb5g9io5h54iwl2inkno50ppln 
           foreign key (user_id) 
           references users
    2026-04-13T12:41:33.529+09:00 DEBUG 4752 --- [    Test worker] org.hibernate.SQL                        : 
        alter table if exists role_change_logs 
           add constraint fk_role_change_log_user 
           foreign key (user_id) 
           references users
    Hibernate: 
        alter table if exists role_change_logs 
           add constraint fk_role_change_log_user 
           foreign key (user_id) 
           references users
    2026-04-13T12:41:33.529+09:00 DEBUG 4752 --- [    Test worker] org.hibernate.SQL                        : 
        alter table if exists space_images 
           add constraint FK9f50voo0hn2hs0nhbkyqfob8a 
           foreign key (space_id) 
           references spaces
    Hibernate: 
        alter table if exists space_images 
           add constraint FK9f50voo0hn2hs0nhbkyqfob8a 
           foreign key (space_id) 
           references spaces
    2026-04-13T12:41:33.535+09:00  INFO 4752 --- [    Test worker] j.LocalContainerEntityManagerFactoryBean : Initialized JPA EntityManagerFactory for persistence unit 'default'
    2026-04-13T12:41:34.121+09:00  INFO 4752 --- [    Test worker] r$InitializeUserDetailsManagerConfigurer : Global AuthenticationManager configured with UserDetailsService bean with name customUserDetailsService
    2026-04-13T12:41:34.535+09:00  INFO 4752 --- [    Test worker] o.s.b.t.m.w.SpringBootMockServletContext : Initializing Spring TestDispatcherServlet ''
    2026-04-13T12:41:34.535+09:00  INFO 4752 --- [    Test worker] o.s.t.web.servlet.TestDispatcherServlet  : Initializing Servlet ''
    2026-04-13T12:41:34.535+09:00  INFO 4752 --- [    Test worker] o.s.t.web.servlet.TestDispatcherServlet  : Completed initialization in 0 ms
    2026-04-13T12:41:34.574+09:00  WARN 4752 --- [    Test worker] o.s.w.c.s.GenericWebApplicationContext   : Exception encountered during context initialization - cancelling refresh attempt: org.springframework.context.ApplicationContextException: Failed to start bean 'notificationRedisMessageListenerContainer'
    2026-04-13T12:41:34.579+09:00  INFO 4752 --- [    Test worker] j.LocalContainerEntityManagerFactoryBean : Closing JPA EntityManagerFactory for persistence unit 'default'
    2026-04-13T12:41:34.579+09:00 DEBUG 4752 --- [    Test worker] org.hibernate.SQL                        : 
        drop table if exists annotation_types cascade 
    Hibernate: 
        drop table if exists annotation_types cascade 
    2026-04-13T12:41:34.579+09:00 DEBUG 4752 --- [    Test worker] org.hibernate.SQL                        : 
        drop table if exists comments cascade 
    Hibernate: 
        drop table if exists comments cascade 
    2026-04-13T12:41:34.579+09:00 DEBUG 4752 --- [    Test worker] org.hibernate.SQL                        : 
        drop table if exists common_space_details cascade 
    Hibernate: 
        drop table if exists common_space_details cascade 
    2026-04-13T12:41:34.579+09:00 DEBUG 4752 --- [    Test worker] org.hibernate.SQL                        : 
        drop table if exists contracts cascade 
    Hibernate: 
        drop table if exists contracts cascade 
    2026-04-13T12:41:34.579+09:00 DEBUG 4752 --- [    Test worker] org.hibernate.SQL                        : 
        drop table if exists control_logs cascade 
    Hibernate: 
        drop table if exists control_logs cascade 
    2026-04-13T12:41:34.579+09:00 DEBUG 4752 --- [    Test worker] org.hibernate.SQL                        : 
        drop table if exists device_types cascade 
    Hibernate: 
        drop table if exists device_types cascade 
    2026-04-13T12:41:34.585+09:00 DEBUG 4752 --- [    Test worker] org.hibernate.SQL                        : 
        drop table if exists devices cascade 
    Hibernate: 
        drop table if exists devices cascade 
    2026-04-13T12:41:34.585+09:00 DEBUG 4752 --- [    Test worker] org.hibernate.SQL                        : 
        drop table if exists floor_plans cascade 
    Hibernate: 
        drop table if exists floor_plans cascade 
    2026-04-13T12:41:34.585+09:00 DEBUG 4752 --- [    Test worker] org.hibernate.SQL                        : 
        drop table if exists notifications cascade 
    Hibernate: 
        drop table if exists notifications cascade 
    2026-04-13T12:41:34.585+09:00 DEBUG 4752 --- [    Test worker] org.hibernate.SQL                        : 
        drop table if exists payments cascade 
    Hibernate: 
        drop table if exists payments cascade 
    2026-04-13T12:41:34.585+09:00 DEBUG 4752 --- [    Test worker] org.hibernate.SQL                        : 
        drop table if exists post_likes cascade 
    Hibernate: 
        drop table if exists post_likes cascade 
    2026-04-13T12:41:34.585+09:00 DEBUG 4752 --- [    Test worker] org.hibernate.SQL                        : 
        drop table if exists posts cascade 
    Hibernate: 
        drop table if exists posts cascade 
    2026-04-13T12:41:34.585+09:00 DEBUG 4752 --- [    Test worker] org.hibernate.SQL                        : 
        drop table if exists private_space_details cascade 
    Hibernate: 
        drop table if exists private_space_details cascade 
    2026-04-13T12:41:34.585+09:00 DEBUG 4752 --- [    Test worker] org.hibernate.SQL                        : 
        drop table if exists refresh_tokens cascade 
    Hibernate: 
        drop table if exists refresh_tokens cascade 
    2026-04-13T12:41:34.585+09:00 DEBUG 4752 --- [    Test worker] org.hibernate.SQL                        : 
        drop table if exists reservations cascade 
    Hibernate: 
        drop table if exists reservations cascade 
    2026-04-13T12:41:34.585+09:00 DEBUG 4752 --- [    Test worker] org.hibernate.SQL                        : 
        drop table if exists role_change_logs cascade 
    Hibernate: 
        drop table if exists role_change_logs cascade 
    2026-04-13T12:41:34.585+09:00 DEBUG 4752 --- [    Test worker] org.hibernate.SQL                        : 
        drop table if exists room_types cascade 
    Hibernate: 
        drop table if exists room_types cascade 
    2026-04-13T12:41:34.585+09:00 DEBUG 4752 --- [    Test worker] org.hibernate.SQL                        : 
        drop table if exists space_images cascade 
    Hibernate: 
        drop table if exists space_images cascade 
    2026-04-13T12:41:34.585+09:00 DEBUG 4752 --- [    Test worker] org.hibernate.SQL                        : 
        drop table if exists spaces cascade 
    Hibernate: 
        drop table if exists spaces cascade 
    2026-04-13T12:41:34.585+09:00 DEBUG 4752 --- [    Test worker] org.hibernate.SQL                        : 
        drop table if exists token_blacklists cascade 
    Hibernate: 
        drop table if exists token_blacklists cascade 
    2026-04-13T12:41:34.585+09:00 DEBUG 4752 --- [    Test worker] org.hibernate.SQL                        : 
        drop table if exists users cascade 
    Hibernate: 
        drop table if exists users cascade 
    2026-04-13T12:41:34.592+09:00 DEBUG 4752 --- [    Test worker] org.hibernate.SQL                        : 
        drop table if exists vocs cascade 
    Hibernate: 
        drop table if exists vocs cascade 
    2026-04-13T12:41:34.592+09:00  INFO 4752 --- [    Test worker] com.zaxxer.hikari.HikariDataSource       : HikariPool-2 - Shutdown initiated...
    2026-04-13T12:41:34.592+09:00  INFO 4752 --- [    Test worker] com.zaxxer.hikari.HikariDataSource       : HikariPool-2 - Shutdown completed.

SecurityRoleCoverageTest STANDARD_ERROR



    ============================
    CONDITIONS EVALUATION REPORT
    ============================


    Positive matches:
    -----------------

       AopAutoConfiguration matched:
          - @ConditionalOnProperty (spring.aop.auto=true) matched (OnPropertyCondition)

       AopAutoConfiguration.AspectJAutoProxyingConfiguration matched:
          - @ConditionalOnClass found required class 'org.aspectj.weaver.Advice' (OnClassCondition)

       AopAutoConfiguration.AspectJAutoProxyingConfiguration.CglibAutoProxyConfiguration matched:
          - @ConditionalOnProperty (spring.aop.proxy-target-class=true) matched (OnPropertyCondition)

       ApplicationAvailabilityAutoConfiguration#applicationAvailability matched:
          - @ConditionalOnMissingBean (types: org.springframework.boot.availability.ApplicationAvailability; SearchStrategy: all) did not find any beans (OnBeanCondition)

       ClientHttpConnectorAutoConfiguration matched:
          - @ConditionalOnClass found required class 'org.springframework.web.reactive.function.client.WebClient' (OnClassCondition)

       ClientHttpConnectorAutoConfiguration#webClientHttpConnector matched:
          - @ConditionalOnMissingBean (types: org.springframework.http.client.reactive.ClientHttpConnector; SearchStrategy: all) did not find any beans (OnBeanCondition)

       ClientHttpConnectorAutoConfiguration#webClientHttpConnectorCustomizer matched:
          - @ConditionalOnBean (types: org.springframework.http.client.reactive.ClientHttpConnector; SearchStrategy: all) found bean 'webClientHttpConnector' (OnBeanCondition)

       ClientHttpConnectorFactoryConfiguration.ReactorNetty matched:
          - @ConditionalOnClass found required class 'reactor.netty.http.client.HttpClient' (OnClassCondition)
          - @ConditionalOnMissingBean (types: org.springframework.boot.autoconfigure.web.reactive.function.client.ClientHttpConnectorFactory; SearchStrategy: all) did not find any beans (OnBeanCondition)

       CodecsAutoConfiguration matched:
          - @ConditionalOnClass found required classes 'org.springframework.http.codec.CodecConfigurer', 'org.springframework.web.reactive.function.client.WebClient' (OnClassCondition)

       CodecsAutoConfiguration.JacksonCodecConfiguration matched:
          - @ConditionalOnClass found required class 'com.fasterxml.jackson.databind.ObjectMapper' (OnClassCondition)

       CodecsAutoConfiguration.JacksonCodecConfiguration#jacksonCodecCustomizer matched:
          - @ConditionalOnBean (types: com.fasterxml.jackson.databind.ObjectMapper; SearchStrategy: all) found bean 'objectMapper' (OnBeanCondition)

       DataSourceAutoConfiguration matched:
          - @ConditionalOnClass found required classes 'javax.sql.DataSource', 'org.springframework.jdbc.datasource.embedded.EmbeddedDatabaseType' (OnClassCondition)
          - @ConditionalOnMissingBean (types: io.r2dbc.spi.ConnectionFactory; SearchStrategy: all) did not find any beans (OnBeanCondition)

       DataSourceAutoConfiguration.PooledDataSourceConfiguration matched:
          - AnyNestedCondition 1 matched 1 did not; NestedCondition on DataSourceAutoConfiguration.PooledDataSourceCondition.PooledDataSourceAvailable PooledDataSource found supported DataSource; NestedCondition on DataSourceAutoConfiguration.PooledDataSourceCondition.ExplicitType @ConditionalOnProperty (spring.datasource.type) did not find property 'type' (DataSourceAutoConfiguration.PooledDataSourceCondition)
          - @ConditionalOnMissingBean (types: javax.sql.DataSource,javax.sql.XADataSource; SearchStrategy: all) did not find any beans (OnBeanCondition)

       DataSourceAutoConfiguration.PooledDataSourceConfiguration#jdbcConnectionDetails matched:
          - @ConditionalOnMissingBean (types: org.springframework.boot.autoconfigure.jdbc.JdbcConnectionDetails; SearchStrategy: all) did not find any beans (OnBeanCondition)

       DataSourceConfiguration.Hikari matched:
          - @ConditionalOnClass found required class 'com.zaxxer.hikari.HikariDataSource' (OnClassCondition)
          - @ConditionalOnProperty (spring.datasource.type=com.zaxxer.hikari.HikariDataSource) matched (OnPropertyCondition)
          - @ConditionalOnMissingBean (types: javax.sql.DataSource; SearchStrategy: all) did not find any beans (OnBeanCondition)

       DataSourceInitializationConfiguration matched:
          - @ConditionalOnClass found required class 'org.springframework.jdbc.datasource.init.DatabasePopulator' (OnClassCondition)
          - @ConditionalOnSingleCandidate (types: javax.sql.DataSource; SearchStrategy: all) found a single bean 'dataSource'; @ConditionalOnMissingBean (types: org.springframework.boot.autoconfigure.sql.init.SqlDataSourceScriptDatabaseInitializer,org.springframework.boot.autoconfigure.sql.init.SqlR2dbcScriptDatabaseInitializer; SearchStrategy: all) did not find any beans (OnBeanCondition)

       DataSourcePoolMetadataProvidersConfiguration.HikariPoolDataSourceMetadataProviderConfiguration matched:
          - @ConditionalOnClass found required class 'com.zaxxer.hikari.HikariDataSource' (OnClassCondition)

       DataSourceTransactionManagerAutoConfiguration matched:
          - @ConditionalOnClass found required classes 'javax.sql.DataSource', 'org.springframework.jdbc.core.JdbcTemplate', 'org.springframework.transaction.TransactionManager' (OnClassCondition)

       DataSourceTransactionManagerAutoConfiguration.JdbcTransactionManagerConfiguration matched:
          - @ConditionalOnSingleCandidate (types: javax.sql.DataSource; SearchStrategy: all) found a single bean 'dataSource' (OnBeanCondition)

       DispatcherServletAutoConfiguration matched:
          - @ConditionalOnClass found required class 'org.springframework.web.servlet.DispatcherServlet' (OnClassCondition)
          - found 'session' scope (OnWebApplicationCondition)

       DispatcherServletAutoConfiguration.DispatcherServletConfiguration matched:
          - @ConditionalOnClass found required class 'jakarta.servlet.ServletRegistration' (OnClassCondition)
          - Default DispatcherServlet did not find dispatcher servlet beans (DispatcherServletAutoConfiguration.DefaultDispatcherServletCondition)

       DispatcherServletAutoConfiguration.DispatcherServletRegistrationConfiguration matched:
          - @ConditionalOnClass found required class 'jakarta.servlet.ServletRegistration' (OnClassCondition)
          - DispatcherServlet Registration did not find servlet registration bean (DispatcherServletAutoConfiguration.DispatcherServletRegistrationCondition)

       DispatcherServletAutoConfiguration.DispatcherServletRegistrationConfiguration#dispatcherServletRegistration matched:
          - @ConditionalOnBean (names: dispatcherServlet types: org.springframework.web.servlet.DispatcherServlet; SearchStrategy: all) found bean 'dispatcherServlet' (OnBeanCondition)

       ErrorMvcAutoConfiguration matched:
          - @ConditionalOnClass found required classes 'jakarta.servlet.Servlet', 'org.springframework.web.servlet.DispatcherServlet' (OnClassCondition)
          - found 'session' scope (OnWebApplicationCondition)

       ErrorMvcAutoConfiguration#basicErrorController matched:
          - @ConditionalOnMissingBean (types: org.springframework.boot.web.servlet.error.ErrorController; SearchStrategy: current) did not find any beans (OnBeanCondition)

       ErrorMvcAutoConfiguration#errorAttributes matched:
          - @ConditionalOnMissingBean (types: org.springframework.boot.web.servlet.error.ErrorAttributes; SearchStrategy: current) did not find any beans (OnBeanCondition)

       ErrorMvcAutoConfiguration.DefaultErrorViewResolverConfiguration#conventionErrorViewResolver matched:
          - @ConditionalOnBean (types: org.springframework.web.servlet.DispatcherServlet; SearchStrategy: all) found bean 'dispatcherServlet'; @ConditionalOnMissingBean (types: org.springframework.boot.autoconfigure.web.servlet.error.ErrorViewResolver; SearchStrategy: all) did not find any beans (OnBeanCondition)

       ErrorMvcAutoConfiguration.WhitelabelErrorViewConfiguration matched:
          - @ConditionalOnProperty (server.error.whitelabel.enabled) matched (OnPropertyCondition)
          - ErrorTemplate Missing did not find error template view (ErrorMvcAutoConfiguration.ErrorTemplateMissingCondition)

       ErrorMvcAutoConfiguration.WhitelabelErrorViewConfiguration#beanNameViewResolver matched:
          - @ConditionalOnMissingBean (types: org.springframework.web.servlet.view.BeanNameViewResolver; SearchStrategy: all) did not find any beans (OnBeanCondition)

       ErrorMvcAutoConfiguration.WhitelabelErrorViewConfiguration#defaultErrorView matched:
          - @ConditionalOnMissingBean (names: error; SearchStrategy: all) did not find any beans (OnBeanCondition)

       GenericCacheConfiguration matched:
          - Cache org.springframework.boot.autoconfigure.cache.GenericCacheConfiguration automatic cache type (CacheCondition)

       HibernateJpaAutoConfiguration matched:
          - @ConditionalOnClass found required classes 'org.springframework.orm.jpa.LocalContainerEntityManagerFactoryBean', 'jakarta.persistence.EntityManager', 'org.hibernate.engine.spi.SessionImplementor' (OnClassCondition)

       HibernateJpaConfiguration matched:
          - @ConditionalOnSingleCandidate (types: javax.sql.DataSource; SearchStrategy: all) found a single bean 'dataSource' (OnBeanCondition)

       HttpEncodingAutoConfiguration matched:
          - @ConditionalOnClass found required class 'org.springframework.web.filter.CharacterEncodingFilter' (OnClassCondition)
          - found 'session' scope (OnWebApplicationCondition)
          - @ConditionalOnProperty (server.servlet.encoding.enabled) matched (OnPropertyCondition)

       HttpEncodingAutoConfiguration#characterEncodingFilter matched:
          - @ConditionalOnMissingBean (types: org.springframework.web.filter.CharacterEncodingFilter; SearchStrategy: all) did not find any beans (OnBeanCondition)

       HttpMessageConvertersAutoConfiguration matched:
          - @ConditionalOnClass found required class 'org.springframework.http.converter.HttpMessageConverter' (OnClassCondition)
          - NoneNestedConditions 0 matched 1 did not; NestedCondition on HttpMessageConvertersAutoConfiguration.NotReactiveWebApplicationCondition.ReactiveWebApplication not a reactive web application (HttpMessageConvertersAutoConfiguration.NotReactiveWebApplicationCondition)

       HttpMessageConvertersAutoConfiguration#messageConverters matched:
          - @ConditionalOnMissingBean (types: org.springframework.boot.autoconfigure.http.HttpMessageConverters; SearchStrategy: all) did not find any beans (OnBeanCondition)

       HttpMessageConvertersAutoConfiguration.StringHttpMessageConverterConfiguration matched:
          - @ConditionalOnClass found required class 'org.springframework.http.converter.StringHttpMessageConverter' (OnClassCondition)

       HttpMessageConvertersAutoConfiguration.StringHttpMessageConverterConfiguration#stringHttpMessageConverter matched:
          - @ConditionalOnMissingBean (types: org.springframework.http.converter.StringHttpMessageConverter; SearchStrategy: all) did not find any beans (OnBeanCondition)

       JacksonAutoConfiguration matched:
          - @ConditionalOnClass found required class 'com.fasterxml.jackson.databind.ObjectMapper' (OnClassCondition)

       JacksonAutoConfiguration.Jackson2ObjectMapperBuilderCustomizerConfiguration matched:
          - @ConditionalOnClass found required class 'org.springframework.http.converter.json.Jackson2ObjectMapperBuilder' (OnClassCondition)

       JacksonAutoConfiguration.JacksonObjectMapperBuilderConfiguration matched:
          - @ConditionalOnClass found required class 'org.springframework.http.converter.json.Jackson2ObjectMapperBuilder' (OnClassCondition)

       JacksonAutoConfiguration.JacksonObjectMapperBuilderConfiguration#jacksonObjectMapperBuilder matched:
          - @ConditionalOnMissingBean (types: org.springframework.http.converter.json.Jackson2ObjectMapperBuilder; SearchStrategy: all) did not find any beans (OnBeanCondition)

       JacksonAutoConfiguration.JacksonObjectMapperConfiguration matched:
          - @ConditionalOnClass found required class 'org.springframework.http.converter.json.Jackson2ObjectMapperBuilder' (OnClassCondition)

       JacksonAutoConfiguration.ParameterNamesModuleConfiguration matched:
          - @ConditionalOnClass found required class 'com.fasterxml.jackson.module.paramnames.ParameterNamesModule' (OnClassCondition)

       JacksonAutoConfiguration.ParameterNamesModuleConfiguration#parameterNamesModule matched:
          - @ConditionalOnMissingBean (types: com.fasterxml.jackson.module.paramnames.ParameterNamesModule; SearchStrategy: all) did not find any beans (OnBeanCondition)

       JacksonHttpMessageConvertersConfiguration.MappingJackson2HttpMessageConverterConfiguration matched:
          - @ConditionalOnClass found required class 'com.fasterxml.jackson.databind.ObjectMapper' (OnClassCondition)
          - @ConditionalOnProperty (spring.mvc.converters.preferred-json-mapper=jackson) matched (OnPropertyCondition)
          - @ConditionalOnBean (types: com.fasterxml.jackson.databind.ObjectMapper; SearchStrategy: all) found bean 'objectMapper' (OnBeanCondition)

       JacksonHttpMessageConvertersConfiguration.MappingJackson2HttpMessageConverterConfiguration#mappingJackson2HttpMessageConverter matched:
          - @ConditionalOnMissingBean (types: org.springframework.http.converter.json.MappingJackson2HttpMessageConverter ignored: org.springframework.hateoas.server.mvc.TypeConstrainedMappingJackson2HttpMessageConverter,org.springframework.data.rest.webmvc.alps.AlpsJsonHttpMessageConverter; SearchStrategy: all) did not find any beans (OnBeanCondition)

       JdbcClientAutoConfiguration matched:
          - @ConditionalOnSingleCandidate (types: org.springframework.jdbc.core.namedparam.NamedParameterJdbcTemplate; SearchStrategy: all) found a single bean 'namedParameterJdbcTemplate'; @ConditionalOnMissingBean (types: org.springframework.jdbc.core.simple.JdbcClient; SearchStrategy: all) did not find any beans (OnBeanCondition)

       JdbcTemplateAutoConfiguration matched:
          - @ConditionalOnClass found required classes 'javax.sql.DataSource', 'org.springframework.jdbc.core.JdbcTemplate' (OnClassCondition)
          - @ConditionalOnSingleCandidate (types: javax.sql.DataSource; SearchStrategy: all) found a single bean 'dataSource' (OnBeanCondition)

       JdbcTemplateConfiguration matched:
          - @ConditionalOnMissingBean (types: org.springframework.jdbc.core.JdbcOperations; SearchStrategy: all) did not find any beans (OnBeanCondition)

       JpaBaseConfiguration#entityManagerFactory matched:
          - @ConditionalOnMissingBean (types: org.springframework.orm.jpa.LocalContainerEntityManagerFactoryBean,jakarta.persistence.EntityManagerFactory; SearchStrategy: all) did not find any beans (OnBeanCondition)

       JpaBaseConfiguration#entityManagerFactoryBuilder matched:
          - @ConditionalOnMissingBean (types: org.springframework.boot.orm.jpa.EntityManagerFactoryBuilder; SearchStrategy: all) did not find any beans (OnBeanCondition)

       JpaBaseConfiguration#jpaVendorAdapter matched:
          - @ConditionalOnMissingBean (types: org.springframework.orm.jpa.JpaVendorAdapter; SearchStrategy: all) did not find any beans (OnBeanCondition)

       JpaBaseConfiguration#transactionManager matched:
          - @ConditionalOnMissingBean (types: org.springframework.transaction.TransactionManager; SearchStrategy: all) did not find any beans (OnBeanCondition)

       JpaBaseConfiguration.PersistenceManagedTypesConfiguration matched:
          - @ConditionalOnMissingBean (types: org.springframework.orm.jpa.LocalContainerEntityManagerFactoryBean,jakarta.persistence.EntityManagerFactory; SearchStrategy: all) did not find any beans (OnBeanCondition)

       JpaBaseConfiguration.PersistenceManagedTypesConfiguration#persistenceManagedTypes matched:
          - @ConditionalOnMissingBean (types: org.springframework.orm.jpa.persistenceunit.PersistenceManagedTypes; SearchStrategy: all) did not find any beans (OnBeanCondition)

       JpaRepositoriesAutoConfiguration matched:
          - @ConditionalOnClass found required class 'org.springframework.data.jpa.repository.JpaRepository' (OnClassCondition)
          - @ConditionalOnProperty (spring.data.jpa.repositories.enabled=true) matched (OnPropertyCondition)
          - @ConditionalOnBean (types: javax.sql.DataSource; SearchStrategy: all) found bean 'dataSource'; @ConditionalOnMissingBean (types: org.springframework.data.jpa.repository.support.JpaRepositoryFactoryBean,org.springframework.data.jpa.repository.config.JpaRepositoryConfigExtension; SearchStrategy: all) did not find any beans (OnBeanCondition)

       JtaAutoConfiguration matched:
          - @ConditionalOnClass found required class 'jakarta.transaction.Transaction' (OnClassCondition)
          - @ConditionalOnProperty (spring.jta.enabled) matched (OnPropertyCondition)

       LettuceConnectionConfiguration matched:
          - @ConditionalOnClass found required class 'io.lettuce.core.RedisClient' (OnClassCondition)
          - @ConditionalOnProperty (spring.data.redis.client-type=lettuce) matched (OnPropertyCondition)

       LettuceConnectionConfiguration#lettuceClientResources matched:
          - @ConditionalOnMissingBean (types: io.lettuce.core.resource.ClientResources; SearchStrategy: all) did not find any beans (OnBeanCondition)

       LettuceConnectionConfiguration#redisConnectionFactory matched:
          - @ConditionalOnMissingBean (types: org.springframework.data.redis.connection.RedisConnectionFactory; SearchStrategy: all) did not find any beans (OnBeanCondition)
          - @ConditionalOnThreading found PLATFORM (OnThreadingCondition)

       LifecycleAutoConfiguration#defaultLifecycleProcessor matched:
          - @ConditionalOnMissingBean (names: lifecycleProcessor; SearchStrategy: current) did not find any beans (OnBeanCondition)

       MockMvcAutoConfiguration matched:
          - found 'session' scope (OnWebApplicationCondition)

       MockMvcAutoConfiguration#mockMvc matched:
          - @ConditionalOnMissingBean (types: org.springframework.test.web.servlet.MockMvc; SearchStrategy: all) did not find any beans (OnBeanCondition)

       MockMvcAutoConfiguration#mockMvcBuilder matched:
          - @ConditionalOnMissingBean (types: org.springframework.test.web.servlet.MockMvcBuilder; SearchStrategy: all) did not find any beans (OnBeanCondition)

       MockMvcAutoConfiguration.WebTestClientMockMvcConfiguration matched:
          - @ConditionalOnClass found required classes 'org.springframework.web.reactive.function.client.WebClient', 'org.springframework.test.web.reactive.server.WebTestClient' (OnClassCondition)

       MockMvcAutoConfiguration.WebTestClientMockMvcConfiguration#webTestClient matched:
          - @ConditionalOnMissingBean (types: org.springframework.test.web.reactive.server.WebTestClient; SearchStrategy: all) did not find any beans (OnBeanCondition)

       MockMvcSecurityConfiguration matched:
          - @ConditionalOnClass found required class 'org.springframework.security.test.web.servlet.request.SecurityMockMvcRequestPostProcessors' (OnClassCondition)

       MockMvcSecurityConfiguration#securityMockMvcBuilderCustomizer matched:
          - @ConditionalOnBean (names: springSecurityFilterChain; SearchStrategy: all) found bean 'springSecurityFilterChain' (OnBeanCondition)

       MultipartAutoConfiguration matched:
          - @ConditionalOnClass found required classes 'jakarta.servlet.Servlet', 'org.springframework.web.multipart.support.StandardServletMultipartResolver', 'jakarta.servlet.MultipartConfigElement' (OnClassCondition)
          - found 'session' scope (OnWebApplicationCondition)
          - @ConditionalOnProperty (spring.servlet.multipart.enabled) matched (OnPropertyCondition)

       MultipartAutoConfiguration#multipartConfigElement matched:
          - @ConditionalOnMissingBean (types: jakarta.servlet.MultipartConfigElement; SearchStrategy: all) did not find any beans (OnBeanCondition)

       MultipartAutoConfiguration#multipartResolver matched:
          - @ConditionalOnMissingBean (types: org.springframework.web.multipart.MultipartResolver; SearchStrategy: all) did not find any beans (OnBeanCondition)

       NamedParameterJdbcTemplateConfiguration matched:
          - @ConditionalOnSingleCandidate (types: org.springframework.jdbc.core.JdbcTemplate; SearchStrategy: all) found a single bean 'jdbcTemplate'; @ConditionalOnMissingBean (types: org.springframework.jdbc.core.namedparam.NamedParameterJdbcOperations; SearchStrategy: all) did not find any beans (OnBeanCondition)

       NettyAutoConfiguration matched:
          - @ConditionalOnClass found required class 'io.netty.util.NettyRuntime' (OnClassCondition)

       NoOpCacheConfiguration matched:
          - Cache org.springframework.boot.autoconfigure.cache.NoOpCacheConfiguration automatic cache type (CacheCondition)

       PersistenceExceptionTranslationAutoConfiguration matched:
          - @ConditionalOnClass found required class 'org.springframework.dao.annotation.PersistenceExceptionTranslationPostProcessor' (OnClassCondition)

       PersistenceExceptionTranslationAutoConfiguration#persistenceExceptionTranslationPostProcessor matched:
          - @ConditionalOnProperty (spring.dao.exceptiontranslation.enabled) matched (OnPropertyCondition)
          - @ConditionalOnMissingBean (types: org.springframework.dao.annotation.PersistenceExceptionTranslationPostProcessor; SearchStrategy: all) did not find any beans (OnBeanCondition)

       PropertyPlaceholderAutoConfiguration#propertySourcesPlaceholderConfigurer matched:
          - @ConditionalOnMissingBean (types: org.springframework.context.support.PropertySourcesPlaceholderConfigurer; SearchStrategy: current) did not find any beans (OnBeanCondition)

       ReactiveSecurityAutoConfiguration matched:
          - @ConditionalOnClass found required classes 'reactor.core.publisher.Flux', 'org.springframework.security.config.annotation.web.reactive.EnableWebFluxSecurity', 'org.springframework.security.web.server.WebFilterChainProxy', 'org.springframework.web.reactive.config.WebFluxConfigurer' (OnClassCondition)

       ReactorAutoConfiguration matched:
          - @ConditionalOnClass found required class 'reactor.core.publisher.Hooks' (OnClassCondition)

       ReactorNettyConfigurations.ReactorResourceFactoryConfiguration#reactorResourceFactory matched:
          - @ConditionalOnMissingBean (types: org.springframework.http.client.ReactorResourceFactory; SearchStrategy: all) did not find any beans (OnBeanCondition)

       RedisAutoConfiguration matched:
          - @ConditionalOnClass found required class 'org.springframework.data.redis.core.RedisOperations' (OnClassCondition)

       RedisAutoConfiguration#redisConnectionDetails matched:
          - @ConditionalOnMissingBean (types: org.springframework.boot.autoconfigure.data.redis.RedisConnectionDetails; SearchStrategy: all) did not find any beans (OnBeanCondition)

       RedisAutoConfiguration#redisTemplate matched:
          - @ConditionalOnSingleCandidate (types: org.springframework.data.redis.connection.RedisConnectionFactory; SearchStrategy: all) found a single bean 'redisConnectionFactory'; @ConditionalOnMissingBean (names: redisTemplate; SearchStrategy: all) did not find any beans (OnBeanCondition)

       RedisAutoConfiguration#stringRedisTemplate matched:
          - @ConditionalOnSingleCandidate (types: org.springframework.data.redis.connection.RedisConnectionFactory; SearchStrategy: all) found a single bean 'redisConnectionFactory'; @ConditionalOnMissingBean (types: org.springframework.data.redis.core.StringRedisTemplate; SearchStrategy: all) did not find any beans (OnBeanCondition)

       RedisCacheConfiguration matched:
          - @ConditionalOnClass found required class 'org.springframework.data.redis.connection.RedisConnectionFactory' (OnClassCondition)
          - Cache org.springframework.boot.autoconfigure.cache.RedisCacheConfiguration automatic cache type (CacheCondition)

       RedisReactiveAutoConfiguration matched:
          - @ConditionalOnClass found required classes 'org.springframework.data.redis.connection.ReactiveRedisConnectionFactory', 'org.springframework.data.redis.core.ReactiveRedisTemplate', 'reactor.core.publisher.Flux' (OnClassCondition)

       RedisReactiveAutoConfiguration#reactiveRedisTemplate matched:
          - @ConditionalOnBean (types: org.springframework.data.redis.connection.ReactiveRedisConnectionFactory; SearchStrategy: all) found bean 'redisConnectionFactory'; @ConditionalOnMissingBean (names: reactiveRedisTemplate; SearchStrategy: all) did not find any beans (OnBeanCondition)

       RedisReactiveAutoConfiguration#reactiveStringRedisTemplate matched:
          - @ConditionalOnBean (types: org.springframework.data.redis.connection.ReactiveRedisConnectionFactory; SearchStrategy: all) found bean 'redisConnectionFactory'; @ConditionalOnMissingBean (names: reactiveStringRedisTemplate; SearchStrategy: all) did not find any beans (OnBeanCondition)

       RedisRepositoriesAutoConfiguration matched:
          - @ConditionalOnClass found required class 'org.springframework.data.redis.repository.configuration.EnableRedisRepositories' (OnClassCondition)
          - @ConditionalOnProperty (spring.data.redis.repositories.enabled=true) matched (OnPropertyCondition)
          - @ConditionalOnBean (types: org.springframework.data.redis.connection.RedisConnectionFactory; SearchStrategy: all) found bean 'redisConnectionFactory'; @ConditionalOnMissingBean (types: org.springframework.data.redis.repository.support.RedisRepositoryFactoryBean; SearchStrategy: all) did not find any beans (OnBeanCondition)

       RestClientAutoConfiguration matched:
          - @ConditionalOnClass found required class 'org.springframework.web.client.RestClient' (OnClassCondition)
          - NoneNestedConditions 0 matched 1 did not; NestedCondition on NotReactiveWebApplicationCondition.ReactiveWebApplication not a reactive web application (NotReactiveWebApplicationCondition)

       RestClientAutoConfiguration#httpMessageConvertersRestClientCustomizer matched:
          - @ConditionalOnMissingBean (types: org.springframework.boot.autoconfigure.web.client.HttpMessageConvertersRestClientCustomizer; SearchStrategy: all) did not find any beans (OnBeanCondition)

       RestClientAutoConfiguration#restClientBuilder matched:
          - @ConditionalOnMissingBean (types: org.springframework.web.client.RestClient$Builder; SearchStrategy: all) did not find any beans (OnBeanCondition)

       RestClientAutoConfiguration#restClientBuilderConfigurer matched:
          - @ConditionalOnMissingBean (types: org.springframework.boot.autoconfigure.web.client.RestClientBuilderConfigurer; SearchStrategy: all) did not find any beans (OnBeanCondition)

       RestClientAutoConfiguration#restClientSsl matched:
          - @ConditionalOnBean (types: org.springframework.boot.ssl.SslBundles; SearchStrategy: all) found bean 'sslBundleRegistry'; @ConditionalOnMissingBean (types: org.springframework.boot.autoconfigure.web.client.RestClientSsl; SearchStrategy: all) did not find any beans (OnBeanCondition)

       RestTemplateAutoConfiguration matched:
          - @ConditionalOnClass found required class 'org.springframework.web.client.RestTemplate' (OnClassCondition)
          - NoneNestedConditions 0 matched 1 did not; NestedCondition on NotReactiveWebApplicationCondition.ReactiveWebApplication not a reactive web application (NotReactiveWebApplicationCondition)

       RestTemplateAutoConfiguration#restTemplateBuilder matched:
          - @ConditionalOnMissingBean (types: org.springframework.boot.web.client.RestTemplateBuilder; SearchStrategy: all) did not find any beans (OnBeanCondition)

       SecurityAutoConfiguration matched:
          - @ConditionalOnClass found required class 'org.springframework.security.authentication.DefaultAuthenticationEventPublisher' (OnClassCondition)

       SecurityAutoConfiguration#authenticationEventPublisher matched:
          - @ConditionalOnMissingBean (types: org.springframework.security.authentication.AuthenticationEventPublisher; SearchStrategy: all) did not find any beans (OnBeanCondition)

       SecurityFilterAutoConfiguration matched:
          - @ConditionalOnClass found required classes 'org.springframework.security.web.context.AbstractSecurityWebApplicationInitializer', 'org.springframework.security.config.http.SessionCreationPolicy' (OnClassCondition)
          - found 'session' scope (OnWebApplicationCondition)

       SecurityFilterAutoConfiguration#securityFilterChainRegistration matched:
          - @ConditionalOnBean (names: springSecurityFilterChain; SearchStrategy: all) found bean 'springSecurityFilterChain' (OnBeanCondition)

       ServletWebServerFactoryAutoConfiguration matched:
          - @ConditionalOnClass found required class 'jakarta.servlet.ServletRequest' (OnClassCondition)
          - found 'session' scope (OnWebApplicationCondition)

       ServletWebServerFactoryAutoConfiguration#tomcatServletWebServerFactoryCustomizer matched:
          - @ConditionalOnClass found required class 'org.apache.catalina.startup.Tomcat' (OnClassCondition)

       ServletWebServerFactoryConfiguration.EmbeddedTomcat matched:
          - @ConditionalOnClass found required classes 'jakarta.servlet.Servlet', 'org.apache.catalina.startup.Tomcat', 'org.apache.coyote.UpgradeProtocol' (OnClassCondition)
          - @ConditionalOnMissingBean (types: org.springframework.boot.web.servlet.server.ServletWebServerFactory; SearchStrategy: current) did not find any beans (OnBeanCondition)

       SimpleCacheConfiguration matched:
          - Cache org.springframework.boot.autoconfigure.cache.SimpleCacheConfiguration automatic cache type (CacheCondition)

       SpringBootWebSecurityConfiguration matched:
          - found 'session' scope (OnWebApplicationCondition)

       SpringDataWebAutoConfiguration matched:
          - @ConditionalOnClass found required classes 'org.springframework.data.web.PageableHandlerMethodArgumentResolver', 'org.springframework.web.servlet.config.annotation.WebMvcConfigurer' (OnClassCondition)
          - found 'session' scope (OnWebApplicationCondition)
          - @ConditionalOnMissingBean (types: org.springframework.data.web.PageableHandlerMethodArgumentResolver; SearchStrategy: all) did not find any beans (OnBeanCondition)

       SpringDataWebAutoConfiguration#pageableCustomizer matched:
          - @ConditionalOnMissingBean (types: org.springframework.data.web.config.PageableHandlerMethodArgumentResolverCustomizer; SearchStrategy: all) did not find any beans (OnBeanCondition)

       SpringDataWebAutoConfiguration#sortCustomizer matched:
          - @ConditionalOnMissingBean (types: org.springframework.data.web.config.SortHandlerMethodArgumentResolverCustomizer; SearchStrategy: all) did not find any beans (OnBeanCondition)

       SpringDocConfigProperties matched:
          - @ConditionalOnProperty (springdoc.api-docs.enabled) matched (OnPropertyCondition)
          - @ConditionalOnBean (types: org.springdoc.core.configuration.SpringDocConfiguration; SearchStrategy: all) found bean 'org.springdoc.core.configuration.SpringDocConfiguration' (OnBeanCondition)

       SpringDocConfiguration matched:
          - @ConditionalOnWebApplication (required) found 'session' scope (OnWebApplicationCondition)
          - @ConditionalOnProperty (springdoc.api-docs.enabled) matched (OnPropertyCondition)

       SpringDocConfiguration#fileSupportConverter matched:
          - @ConditionalOnMissingBean (types: org.springdoc.core.converters.FileSupportConverter; SearchStrategy: all) did not find any beans (OnBeanCondition)

       SpringDocConfiguration#openAPIBuilder matched:
          - @ConditionalOnMissingBean (types: org.springdoc.core.service.OpenAPIService; SearchStrategy: all) did not find any beans (OnBeanCondition)

       SpringDocConfiguration#operationBuilder matched:
          - @ConditionalOnMissingBean (types: org.springdoc.core.service.OperationService; SearchStrategy: all) did not find any beans (OnBeanCondition)

       SpringDocConfiguration#parameterBuilder matched:
          - @ConditionalOnMissingBean (types: org.springdoc.core.service.GenericParameterService; SearchStrategy: all) did not find any beans (OnBeanCondition)

       SpringDocConfiguration#polymorphicModelConverter matched:
          - @ConditionalOnProperty (springdoc.model-converters.polymorphic-converter.enabled) matched (OnPropertyCondition)
          - @ConditionalOnMissingBean (types: org.springdoc.core.converters.PolymorphicModelConverter; SearchStrategy: all) did not find any beans (OnBeanCondition)

       SpringDocConfiguration#requestBodyBuilder matched:
          - @ConditionalOnMissingBean (types: org.springdoc.core.service.RequestBodyService; SearchStrategy: all) did not find any beans (OnBeanCondition)

       SpringDocConfiguration#responseSupportConverter matched:
          - @ConditionalOnMissingBean (types: org.springdoc.core.converters.ResponseSupportConverter; SearchStrategy: all) did not find any beans (OnBeanCondition)

       SpringDocConfiguration#schemaPropertyDeprecatingConverter matched:
          - @ConditionalOnProperty (springdoc.model-converters.deprecating-converter.enabled) matched (OnPropertyCondition)
          - @ConditionalOnMissingBean (types: org.springdoc.core.converters.SchemaPropertyDeprecatingConverter; SearchStrategy: all) did not find any beans (OnBeanCondition)

       SpringDocConfiguration#securityParser matched:
          - @ConditionalOnMissingBean (types: org.springdoc.core.service.SecurityService; SearchStrategy: all) did not find any beans (OnBeanCondition)

       SpringDocConfiguration#springDocCustomizers matched:
          - @ConditionalOnMissingBean (types: org.springdoc.core.customizers.SpringDocCustomizers; SearchStrategy: all) did not find any beans (OnBeanCondition)

       SpringDocConfiguration#springDocProviders matched:
          - @ConditionalOnMissingBean (types: org.springdoc.core.providers.SpringDocProviders; SearchStrategy: all) did not find any beans (OnBeanCondition)

       SpringDocConfiguration#springdocObjectMapperProvider matched:
          - @ConditionalOnMissingBean (types: org.springdoc.core.providers.ObjectMapperProvider; SearchStrategy: all) did not find any beans (OnBeanCondition)

       SpringDocConfiguration.QuerydslProvider matched:
          - @ConditionalOnClass found required class 'org.springframework.data.querydsl.binding.QuerydslBindingsFactory' (OnClassCondition)

       SpringDocConfiguration.QuerydslProvider#queryDslQuerydslPredicateOperationCustomizer matched:
          - @ConditionalOnMissingBean (types: org.springdoc.core.customizers.QuerydslPredicateOperationCustomizer; SearchStrategy: all) did not find any beans (OnBeanCondition)

       SpringDocConfiguration.SpringDocSpringDataWebPropertiesProvider matched:
          - @ConditionalOnClass found required class 'org.springframework.boot.autoconfigure.data.web.SpringDataWebProperties' (OnClassCondition)

       SpringDocConfiguration.SpringDocSpringDataWebPropertiesProvider#springDataWebPropertiesProvider matched:
          - @ConditionalOnMissingBean (types: org.springdoc.core.providers.SpringDataWebPropertiesProvider; SearchStrategy: all) did not find any beans (OnBeanCondition)

       SpringDocConfiguration.SpringDocWebFluxSupportConfiguration matched:
          - @ConditionalOnClass found required class 'reactor.core.publisher.Flux' (OnClassCondition)

       SpringDocConfiguration.SpringDocWebFluxSupportConfiguration#webFluxSupportConverter matched:
          - @ConditionalOnMissingBean (types: org.springdoc.core.converters.WebFluxSupportConverter; SearchStrategy: all) did not find any beans (OnBeanCondition)

       SpringDocConfiguration.WebConversionServiceConfiguration matched:
          - @ConditionalOnClass found required class 'org.springframework.boot.autoconfigure.web.format.WebConversionService' (OnClassCondition)

       SpringDocPageableConfiguration matched:
          - @ConditionalOnClass found required class 'org.springframework.data.domain.Pageable' (OnClassCondition)
          - @ConditionalOnWebApplication (required) found 'session' scope (OnWebApplicationCondition)
          - @ConditionalOnProperty (springdoc.api-docs.enabled) matched (OnPropertyCondition)
          - @ConditionalOnBean (types: org.springdoc.core.configuration.SpringDocConfiguration; SearchStrategy: all) found bean 'org.springdoc.core.configuration.SpringDocConfiguration' (OnBeanCondition)

       SpringDocPageableConfiguration#delegatingMethodParameterCustomizer matched:
          - @ConditionalOnMissingBean (types: org.springdoc.core.customizers.DelegatingMethodParameterCustomizer; SearchStrategy: all) did not find any beans (OnBeanCondition)

       SpringDocPageableConfiguration#pageOpenAPIConverter matched:
          - @ConditionalOnClass found required classes 'org.springframework.data.web.PagedModel', 'org.springframework.data.web.config.SpringDataWebSettings' (OnClassCondition)
          - @ConditionalOnMissingBean (types: org.springdoc.core.converters.PageOpenAPIConverter; SearchStrategy: all) did not find any beans (OnBeanCondition)

       SpringDocPageableConfiguration#pageableOpenAPIConverter matched:
          - @ConditionalOnProperty (springdoc.model-converters.pageable-converter.enabled) matched (OnPropertyCondition)
          - @ConditionalOnMissingBean (types: org.springdoc.core.converters.PageableOpenAPIConverter; SearchStrategy: all) did not find any beans (OnBeanCondition)

       SpringDocSecurityConfiguration matched:
          - @ConditionalOnClass found required class 'org.springframework.security.web.SecurityFilterChain' (OnClassCondition)
          - @ConditionalOnWebApplication (required) found 'session' scope (OnWebApplicationCondition)
          - @ConditionalOnExpression (#{${springdoc.api-docs.enabled:true} and ${springdoc.enable-spring-security:true}}) resulted in true (OnExpressionCondition)
          - @ConditionalOnBean (types: org.springdoc.core.configuration.SpringDocConfiguration; SearchStrategy: all) found bean 'org.springdoc.core.configuration.SpringDocConfiguration' (OnBeanCondition)

       SpringDocSecurityConfiguration.SpringSecurityLoginEndpointConfiguration matched:
          - @ConditionalOnClass found required class 'jakarta.servlet.Filter' (OnClassCondition)

       SpringDocSortConfiguration matched:
          - @ConditionalOnClass found required class 'org.springframework.data.domain.Sort' (OnClassCondition)
          - @ConditionalOnWebApplication (required) found 'session' scope (OnWebApplicationCondition)
          - @ConditionalOnProperty (springdoc.api-docs.enabled) matched (OnPropertyCondition)
          - @ConditionalOnBean (types: org.springdoc.core.configuration.SpringDocConfiguration; SearchStrategy: all) found bean 'org.springdoc.core.configuration.SpringDocConfiguration' (OnBeanCondition)

       SpringDocSortConfiguration#sortOpenAPIConverter matched:
          - @ConditionalOnProperty (springdoc.sort-converter.enabled) matched (OnPropertyCondition)
          - @ConditionalOnMissingBean (types: org.springdoc.core.converters.SortOpenAPIConverter; SearchStrategy: all) did not find any beans (OnBeanCondition)

       SpringDocUIConfiguration matched:
          - @ConditionalOnWebApplication (required) found 'session' scope (OnWebApplicationCondition)
          - @ConditionalOnBean (types: org.springdoc.core.configuration.SpringDocConfiguration; SearchStrategy: all) found bean 'org.springdoc.core.configuration.SpringDocConfiguration' (OnBeanCondition)

       SpringDocWebMvcConfiguration matched:
          - found 'session' scope (OnWebApplicationCondition)
          - @ConditionalOnProperty (springdoc.api-docs.enabled) matched (OnPropertyCondition)
          - @ConditionalOnBean (types: org.springdoc.core.configuration.SpringDocConfiguration; SearchStrategy: all) found bean 'org.springdoc.core.configuration.SpringDocConfiguration' (OnBeanCondition)

       SpringDocWebMvcConfiguration#openApiResource matched:
          - @ConditionalOnExpression (#{(${springdoc.use-management-port:false} == false ) and ${springdoc.enable-default-api-docs:true}}) resulted in true (OnExpressionCondition)
          - @ConditionalOnMissingBean (types: org.springdoc.webmvc.api.OpenApiWebMvcResource; SearchStrategy: all) did not find any beans (OnBeanCondition)

       SpringDocWebMvcConfiguration#requestBuilder matched:
          - @ConditionalOnMissingBean (types: org.springdoc.webmvc.core.service.RequestService; SearchStrategy: all) did not find any beans (OnBeanCondition)

       SpringDocWebMvcConfiguration#responseBuilder matched:
          - @ConditionalOnMissingBean (types: org.springdoc.core.service.GenericResponseService; SearchStrategy: all) did not find any beans (OnBeanCondition)

       SpringDocWebMvcConfiguration#springWebProvider matched:
          - @ConditionalOnMissingBean (types: org.springdoc.core.providers.SpringWebProvider; SearchStrategy: all) did not find any beans (OnBeanCondition)

       SpringDocWebMvcConfiguration.SpringDocWebMvcRouterConfiguration matched:
          - @ConditionalOnClass found required class 'org.springframework.web.servlet.function.RouterFunction' (OnClassCondition)

       SpringDocWebMvcConfiguration.SpringDocWebMvcRouterConfiguration#routerFunctionProvider matched:
          - @ConditionalOnMissingBean (types: org.springdoc.webmvc.core.providers.RouterFunctionWebMvcProvider; SearchStrategy: all) did not find any beans (OnBeanCondition)

       SqlInitializationAutoConfiguration matched:
          - @ConditionalOnProperty (spring.sql.init.enabled) matched (OnPropertyCondition)
          - NoneNestedConditions 0 matched 1 did not; NestedCondition on SqlInitializationAutoConfiguration.SqlInitializationModeCondition.ModeIsNever @ConditionalOnProperty (spring.sql.init.mode=never) did not find property 'mode' (SqlInitializationAutoConfiguration.SqlInitializationModeCondition)

       SslAutoConfiguration#sslBundleRegistry matched:
          - @ConditionalOnMissingBean (types: org.springframework.boot.ssl.SslBundleRegistry,org.springframework.boot.ssl.SslBundles; SearchStrategy: all) did not find any beans (OnBeanCondition)

       SwaggerConfig matched:
          - found 'session' scope (OnWebApplicationCondition)
          - @ConditionalOnProperty (springdoc.swagger-ui.enabled) matched (OnPropertyCondition)
          - @ConditionalOnBean (types: org.springdoc.core.configuration.SpringDocConfiguration; SearchStrategy: all) found bean 'org.springdoc.core.configuration.SpringDocConfiguration' (OnBeanCondition)

       SwaggerConfig#indexPageTransformer matched:
          - @ConditionalOnMissingBean (types: org.springdoc.webmvc.ui.SwaggerIndexTransformer; SearchStrategy: all) did not find any beans (OnBeanCondition)

       SwaggerConfig#swaggerConfigResource matched:
          - @ConditionalOnProperty (springdoc.use-management-port=false) matched (OnPropertyCondition)
          - @ConditionalOnMissingBean (types: org.springdoc.webmvc.ui.SwaggerConfigResource; SearchStrategy: all) did not find any beans (OnBeanCondition)

       SwaggerConfig#swaggerResourceResolver matched:
          - @ConditionalOnMissingBean (types: org.springdoc.webmvc.ui.SwaggerResourceResolver; SearchStrategy: all) did not find any beans (OnBeanCondition)

       SwaggerConfig#swaggerWebMvcConfigurer matched:
          - @ConditionalOnMissingBean (types: org.springdoc.webmvc.ui.SwaggerWebMvcConfigurer; SearchStrategy: all) did not find any beans (OnBeanCondition)

       SwaggerConfig#swaggerWelcome matched:
          - @ConditionalOnProperty (springdoc.use-management-port=false) matched (OnPropertyCondition)
          - @ConditionalOnMissingBean (types: org.springdoc.webmvc.ui.SwaggerWelcomeWebMvc; SearchStrategy: all) did not find any beans (OnBeanCondition)

       SwaggerUiConfigParameters matched:
          - @ConditionalOnProperty (springdoc.swagger-ui.enabled) matched (OnPropertyCondition)
          - @ConditionalOnBean (types: org.springdoc.core.configuration.SpringDocConfiguration; SearchStrategy: all) found bean 'org.springdoc.core.configuration.SpringDocConfiguration' (OnBeanCondition)

       SwaggerUiConfigProperties matched:
          - @ConditionalOnProperty (springdoc.swagger-ui.enabled) matched (OnPropertyCondition)
          - @ConditionalOnBean (types: org.springdoc.core.configuration.SpringDocConfiguration; SearchStrategy: all) found bean 'org.springdoc.core.configuration.SpringDocConfiguration' (OnBeanCondition)

       SwaggerUiOAuthProperties matched:
          - @ConditionalOnProperty (springdoc.swagger-ui.enabled) matched (OnPropertyCondition)
          - @ConditionalOnBean (types: org.springdoc.core.configuration.SpringDocConfiguration; SearchStrategy: all) found bean 'org.springdoc.core.configuration.SpringDocConfiguration' (OnBeanCondition)

       TaskExecutionAutoConfiguration matched:
          - @ConditionalOnClass found required class 'org.springframework.scheduling.concurrent.ThreadPoolTaskExecutor' (OnClassCondition)

       TaskExecutorConfigurations.SimpleAsyncTaskExecutorBuilderConfiguration#simpleAsyncTaskExecutorBuilder matched:
          - @ConditionalOnMissingBean (types: org.springframework.boot.task.SimpleAsyncTaskExecutorBuilder; SearchStrategy: all) did not find any beans (OnBeanCondition)
          - @ConditionalOnThreading found PLATFORM (OnThreadingCondition)

       TaskExecutorConfigurations.TaskExecutorBuilderConfiguration#taskExecutorBuilder matched:
          - @ConditionalOnMissingBean (types: org.springframework.boot.task.TaskExecutorBuilder; SearchStrategy: all) did not find any beans (OnBeanCondition)

       TaskExecutorConfigurations.ThreadPoolTaskExecutorBuilderConfiguration#threadPoolTaskExecutorBuilder matched:
          - @ConditionalOnMissingBean (types: org.springframework.boot.task.TaskExecutorBuilder,org.springframework.boot.task.ThreadPoolTaskExecutorBuilder; SearchStrategy: all) did not find any beans (OnBeanCondition)

       TaskSchedulingAutoConfiguration matched:
          - @ConditionalOnClass found required class 'org.springframework.scheduling.concurrent.ThreadPoolTaskScheduler' (OnClassCondition)

       TaskSchedulingAutoConfiguration#scheduledBeanLazyInitializationExcludeFilter matched:
          - @ConditionalOnBean (names: org.springframework.context.annotation.internalScheduledAnnotationProcessor; SearchStrategy: all) found bean 'org.springframework.context.annotation.internalScheduledAnnotationProcessor' (OnBeanCondition)

       TaskSchedulingConfigurations.SimpleAsyncTaskSchedulerBuilderConfiguration#simpleAsyncTaskSchedulerBuilder matched:
          - @ConditionalOnMissingBean (types: org.springframework.boot.task.SimpleAsyncTaskSchedulerBuilder; SearchStrategy: all) did not find any beans (OnBeanCondition)
          - @ConditionalOnThreading found PLATFORM (OnThreadingCondition)

       TaskSchedulingConfigurations.TaskSchedulerBuilderConfiguration#taskSchedulerBuilder matched:
          - @ConditionalOnMissingBean (types: org.springframework.boot.task.TaskSchedulerBuilder; SearchStrategy: all) did not find any beans (OnBeanCondition)

       TaskSchedulingConfigurations.TaskSchedulerConfiguration matched:
          - @ConditionalOnBean (names: org.springframework.context.annotation.internalScheduledAnnotationProcessor; SearchStrategy: all) found bean 'org.springframework.context.annotation.internalScheduledAnnotationProcessor'; @ConditionalOnMissingBean (types: org.springframework.scheduling.TaskScheduler,java.util.concurrent.ScheduledExecutorService; SearchStrategy: all) did not find any beans (OnBeanCondition)

       TaskSchedulingConfigurations.TaskSchedulerConfiguration#taskScheduler matched:
          - @ConditionalOnThreading found PLATFORM (OnThreadingCondition)

       TaskSchedulingConfigurations.ThreadPoolTaskSchedulerBuilderConfiguration#threadPoolTaskSchedulerBuilder matched:
          - @ConditionalOnMissingBean (types: org.springframework.boot.task.TaskSchedulerBuilder,org.springframework.boot.task.ThreadPoolTaskSchedulerBuilder; SearchStrategy: all) did not find any beans (OnBeanCondition)

       TransactionAutoConfiguration matched:
          - @ConditionalOnClass found required class 'org.springframework.transaction.PlatformTransactionManager' (OnClassCondition)

       TransactionAutoConfiguration.EnableTransactionManagementConfiguration matched:
          - @ConditionalOnBean (types: org.springframework.transaction.TransactionManager; SearchStrategy: all) found bean 'transactionManager'; @ConditionalOnMissingBean (types: org.springframework.transaction.annotation.AbstractTransactionManagementConfiguration; SearchStrategy: all) did not find any beans (OnBeanCondition)

       TransactionAutoConfiguration.EnableTransactionManagementConfiguration.CglibAutoProxyConfiguration matched:
          - @ConditionalOnProperty (spring.aop.proxy-target-class=true) matched (OnPropertyCondition)

       TransactionAutoConfiguration.TransactionTemplateConfiguration matched:
          - @ConditionalOnSingleCandidate (types: org.springframework.transaction.PlatformTransactionManager; SearchStrategy: all) found a single bean 'transactionManager' (OnBeanCondition)

       TransactionAutoConfiguration.TransactionTemplateConfiguration#transactionTemplate matched:
          - @ConditionalOnMissingBean (types: org.springframework.transaction.support.TransactionOperations; SearchStrategy: all) did not find any beans (OnBeanCondition)

       TransactionManagerCustomizationAutoConfiguration matched:
          - @ConditionalOnClass found required class 'org.springframework.transaction.PlatformTransactionManager' (OnClassCondition)

       TransactionManagerCustomizationAutoConfiguration#platformTransactionManagerCustomizers matched:
          - @ConditionalOnMissingBean (types: org.springframework.boot.autoconfigure.transaction.TransactionManagerCustomizers; SearchStrategy: all) did not find any beans (OnBeanCondition)

       ValidationAutoConfiguration matched:
          - @ConditionalOnClass found required class 'jakarta.validation.executable.ExecutableValidator' (OnClassCondition)
          - @ConditionalOnResource found location classpath:META-INF/services/jakarta.validation.spi.ValidationProvider (OnResourceCondition)

       ValidationAutoConfiguration#defaultValidator matched:
          - @ConditionalOnMissingBean (types: jakarta.validation.Validator; SearchStrategy: all) did not find any beans (OnBeanCondition)

       ValidationAutoConfiguration#methodValidationPostProcessor matched:
          - @ConditionalOnMissingBean (types: org.springframework.validation.beanvalidation.MethodValidationPostProcessor; SearchStrategy: current) did not find any beans (OnBeanCondition)

       WebClientAutoConfiguration matched:
          - @ConditionalOnClass found required class 'org.springframework.web.reactive.function.client.WebClient' (OnClassCondition)

       WebClientAutoConfiguration#webClientBuilder matched:
          - @ConditionalOnMissingBean (types: org.springframework.web.reactive.function.client.WebClient$Builder; SearchStrategy: all) did not find any beans (OnBeanCondition)

       WebClientAutoConfiguration#webClientSsl matched:
          - @ConditionalOnBean (types: org.springframework.boot.ssl.SslBundles; SearchStrategy: all) found bean 'sslBundleRegistry'; @ConditionalOnMissingBean (types: org.springframework.boot.autoconfigure.web.reactive.function.client.WebClientSsl; SearchStrategy: all) did not find any beans (OnBeanCondition)

       WebClientAutoConfiguration.WebClientCodecsConfiguration matched:
          - @ConditionalOnBean (types: org.springframework.boot.web.codec.CodecCustomizer; SearchStrategy: all) found beans 'jacksonCodecCustomizer', 'defaultCodecCustomizer' (OnBeanCondition)

       WebClientAutoConfiguration.WebClientCodecsConfiguration#exchangeStrategiesCustomizer matched:
          - @ConditionalOnMissingBean (types: org.springframework.boot.autoconfigure.web.reactive.function.client.WebClientCodecCustomizer; SearchStrategy: all) did not find any beans (OnBeanCondition)

       WebMvcAutoConfiguration matched:
          - @ConditionalOnClass found required classes 'jakarta.servlet.Servlet', 'org.springframework.web.servlet.DispatcherServlet', 'org.springframework.web.servlet.config.annotation.WebMvcConfigurer' (OnClassCondition)
          - found 'session' scope (OnWebApplicationCondition)
          - @ConditionalOnMissingBean (types: org.springframework.web.servlet.config.annotation.WebMvcConfigurationSupport; SearchStrategy: all) did not find any beans (OnBeanCondition)

       WebMvcAutoConfiguration#formContentFilter matched:
          - @ConditionalOnProperty (spring.mvc.formcontent.filter.enabled) matched (OnPropertyCondition)
          - @ConditionalOnMissingBean (types: org.springframework.web.filter.FormContentFilter; SearchStrategy: all) did not find any beans (OnBeanCondition)

       WebMvcAutoConfiguration.EnableWebMvcConfiguration#flashMapManager matched:
          - @ConditionalOnMissingBean (names: flashMapManager; SearchStrategy: all) did not find any beans (OnBeanCondition)

       WebMvcAutoConfiguration.EnableWebMvcConfiguration#localeResolver matched:
          - @ConditionalOnMissingBean (names: localeResolver; SearchStrategy: all) did not find any beans (OnBeanCondition)

       WebMvcAutoConfiguration.EnableWebMvcConfiguration#themeResolver matched:
          - @ConditionalOnMissingBean (names: themeResolver; SearchStrategy: all) did not find any beans (OnBeanCondition)

       WebMvcAutoConfiguration.WebMvcAutoConfigurationAdapter#defaultViewResolver matched:
          - @ConditionalOnMissingBean (types: org.springframework.web.servlet.view.InternalResourceViewResolver; SearchStrategy: all) did not find any beans (OnBeanCondition)

       WebMvcAutoConfiguration.WebMvcAutoConfigurationAdapter#requestContextFilter matched:
          - @ConditionalOnMissingBean (types: org.springframework.web.context.request.RequestContextListener,org.springframework.web.filter.RequestContextFilter; SearchStrategy: all) did not find any beans (OnBeanCondition)

       WebMvcAutoConfiguration.WebMvcAutoConfigurationAdapter#viewResolver matched:
          - @ConditionalOnBean (types: org.springframework.web.servlet.ViewResolver; SearchStrategy: all) found beans 'defaultViewResolver', 'beanNameViewResolver', 'mvcViewResolver'; @ConditionalOnMissingBean (names: viewResolver types: org.springframework.web.servlet.view.ContentNegotiatingViewResolver; SearchStrategy: all) did not find any beans (OnBeanCondition)

       WebSocketServletAutoConfiguration matched:
          - @ConditionalOnClass found required classes 'jakarta.servlet.Servlet', 'jakarta.websocket.server.ServerContainer' (OnClassCondition)
          - found 'session' scope (OnWebApplicationCondition)

       WebSocketServletAutoConfiguration.TomcatWebSocketConfiguration matched:
          - @ConditionalOnClass found required classes 'org.apache.catalina.startup.Tomcat', 'org.apache.tomcat.websocket.server.WsSci' (OnClassCondition)

       WebSocketServletAutoConfiguration.TomcatWebSocketConfiguration#websocketServletWebServerCustomizer matched:
          - @ConditionalOnMissingBean (names: websocketServletWebServerCustomizer; SearchStrategy: all) did not find any beans (OnBeanCondition)

       WebTestClientAutoConfiguration matched:
          - @ConditionalOnClass found required classes 'org.springframework.web.reactive.function.client.WebClient', 'org.springframework.test.web.reactive.server.WebTestClient' (OnClassCondition)

       WebTestClientSecurityConfiguration matched:
          - @ConditionalOnClass found required class 'org.springframework.security.test.web.reactive.server.SecurityMockServerConfigurers' (OnClassCondition)


    Negative matches:
    -----------------

       ActiveMQAutoConfiguration:
          Did not match:
             - @ConditionalOnClass did not find required class 'jakarta.jms.ConnectionFactory' (OnClassCondition)

       AopAutoConfiguration.AspectJAutoProxyingConfiguration.JdkDynamicAutoProxyConfiguration:
          Did not match:
             - @ConditionalOnProperty (spring.aop.proxy-target-class=false) did not find property 'proxy-target-class' (OnPropertyCondition)

       AopAutoConfiguration.ClassProxyingConfiguration:
          Did not match:
             - @ConditionalOnMissingClass found unwanted class 'org.aspectj.weaver.Advice' (OnClassCondition)

       ArtemisAutoConfiguration:
          Did not match:
             - @ConditionalOnClass did not find required class 'jakarta.jms.ConnectionFactory' (OnClassCondition)

       BatchAutoConfiguration:
          Did not match:
             - @ConditionalOnClass did not find required class 'org.springframework.batch.core.launch.JobLauncher' (OnClassCondition)

       Cache2kCacheConfiguration:
          Did not match:
             - @ConditionalOnClass did not find required class 'org.cache2k.Cache2kBuilder' (OnClassCondition)

       CacheAutoConfiguration:
          Did not match:
             - @ConditionalOnBean (types: org.springframework.cache.interceptor.CacheAspectSupport; SearchStrategy: all) did not find any beans of type org.springframework.cache.interceptor.CacheAspectSupport (OnBeanCondition)
          Matched:
             - @ConditionalOnClass found required class 'org.springframework.cache.CacheManager' (OnClassCondition)

       CacheAutoConfiguration.CacheManagerEntityManagerFactoryDependsOnPostProcessor:
          Did not match:
             - Ancestor org.springframework.boot.autoconfigure.cache.CacheAutoConfiguration did not match (ConditionEvaluationReport.AncestorsMatchedCondition)
          Matched:
             - @ConditionalOnClass found required class 'org.springframework.orm.jpa.LocalContainerEntityManagerFactoryBean' (OnClassCondition)

       CaffeineCacheConfiguration:
          Did not match:
             - @ConditionalOnClass did not find required class 'com.github.benmanes.caffeine.cache.Caffeine' (OnClassCondition)

       CassandraAutoConfiguration:
          Did not match:
             - @ConditionalOnClass did not find required class 'com.datastax.oss.driver.api.core.CqlSession' (OnClassCondition)

       CassandraDataAutoConfiguration:
          Did not match:
             - @ConditionalOnClass did not find required class 'com.datastax.oss.driver.api.core.CqlSession' (OnClassCondition)

       CassandraReactiveDataAutoConfiguration:
          Did not match:
             - @ConditionalOnClass did not find required class 'com.datastax.oss.driver.api.core.CqlSession' (OnClassCondition)

       CassandraReactiveRepositoriesAutoConfiguration:
          Did not match:
             - @ConditionalOnClass did not find required class 'org.springframework.data.cassandra.ReactiveSession' (OnClassCondition)

       CassandraRepositoriesAutoConfiguration:
          Did not match:
             - @ConditionalOnClass did not find required class 'com.datastax.oss.driver.api.core.CqlSession' (OnClassCondition)

       ClientHttpConnectorFactoryConfiguration.HttpClient5:
          Did not match:
             - @ConditionalOnClass did not find required classes 'org.apache.hc.client5.http.impl.async.HttpAsyncClients', 'org.apache.hc.core5.http.nio.AsyncRequestProducer', 'org.apache.hc.core5.reactive.ReactiveResponseConsumer' (OnClassCondition)

       ClientHttpConnectorFactoryConfiguration.JdkClient:
          Did not match:
             - @ConditionalOnMissingBean (types: org.springframework.boot.autoconfigure.web.reactive.function.client.ClientHttpConnectorFactory; SearchStrategy: all) found beans of type 'org.springframework.boot.autoconfigure.web.reactive.function.client.ClientHttpConnectorFactory' reactorClientHttpConnectorFactory (OnBeanCondition)
          Matched:
             - @ConditionalOnClass found required class 'java.net.http.HttpClient' (OnClassCondition)

       CouchbaseAutoConfiguration:
          Did not match:
             - @ConditionalOnClass did not find required class 'com.couchbase.client.java.Cluster' (OnClassCondition)

       CouchbaseCacheConfiguration:
          Did not match:
             - @ConditionalOnClass did not find required class 'com.couchbase.client.java.Cluster' (OnClassCondition)

       CouchbaseDataAutoConfiguration:
          Did not match:
             - @ConditionalOnClass did not find required class 'com.couchbase.client.java.Bucket' (OnClassCondition)

       CouchbaseReactiveDataAutoConfiguration:
          Did not match:
             - @ConditionalOnClass did not find required class 'com.couchbase.client.java.Cluster' (OnClassCondition)

       CouchbaseReactiveRepositoriesAutoConfiguration:
          Did not match:
             - @ConditionalOnClass did not find required class 'com.couchbase.client.java.Cluster' (OnClassCondition)

       CouchbaseRepositoriesAutoConfiguration:
          Did not match:
             - @ConditionalOnClass did not find required class 'com.couchbase.client.java.Bucket' (OnClassCondition)

       DataInitializer:
          Did not match:
             - @ConditionalOnProperty (app.demo-data.enabled=true) did not find property 'app.demo-data.enabled' (OnPropertyCondition)

       DataSourceAutoConfiguration.EmbeddedDatabaseConfiguration:
          Did not match:
             - EmbeddedDataSource spring.datasource.url is set (DataSourceAutoConfiguration.EmbeddedDatabaseCondition)

       DataSourceCheckpointRestoreConfiguration:
          Did not match:
             - @ConditionalOnClass did not find required class 'org.crac.Resource' (OnClassCondition)

       DataSourceConfiguration.Dbcp2:
          Did not match:
             - @ConditionalOnClass did not find required class 'org.apache.commons.dbcp2.BasicDataSource' (OnClassCondition)

       DataSourceConfiguration.Generic:
          Did not match:
             - @ConditionalOnProperty (spring.datasource.type) did not find property 'spring.datasource.type' (OnPropertyCondition)

       DataSourceConfiguration.OracleUcp:
          Did not match:
             - @ConditionalOnClass did not find required classes 'oracle.ucp.jdbc.PoolDataSourceImpl', 'oracle.jdbc.OracleConnection' (OnClassCondition)

       DataSourceConfiguration.Tomcat:
          Did not match:
             - @ConditionalOnClass did not find required class 'org.apache.tomcat.jdbc.pool.DataSource' (OnClassCondition)

       DataSourceJmxConfiguration:
          Did not match:
             - @ConditionalOnProperty (spring.jmx.enabled=true) found different value in property 'enabled' (OnPropertyCondition)

       DataSourcePoolMetadataProvidersConfiguration.CommonsDbcp2PoolDataSourceMetadataProviderConfiguration:
          Did not match:
             - @ConditionalOnClass did not find required class 'org.apache.commons.dbcp2.BasicDataSource' (OnClassCondition)

       DataSourcePoolMetadataProvidersConfiguration.OracleUcpPoolDataSourceMetadataProviderConfiguration:
          Did not match:
             - @ConditionalOnClass did not find required classes 'oracle.ucp.jdbc.PoolDataSource', 'oracle.jdbc.OracleConnection' (OnClassCondition)

       DataSourcePoolMetadataProvidersConfiguration.TomcatDataSourcePoolMetadataProviderConfiguration:
          Did not match:
             - @ConditionalOnClass did not find required class 'org.apache.tomcat.jdbc.pool.DataSource' (OnClassCondition)

       DataSourceTransactionManagerAutoConfiguration.JdbcTransactionManagerConfiguration#transactionManager:
          Did not match:
             - @ConditionalOnMissingBean (types: org.springframework.transaction.TransactionManager; SearchStrategy: all) found beans of type 'org.springframework.transaction.TransactionManager' transactionManager (OnBeanCondition)

       DispatcherServletAutoConfiguration.DispatcherServletConfiguration#multipartResolver:
          Did not match:
             - @ConditionalOnBean (types: org.springframework.web.multipart.MultipartResolver; SearchStrategy: all) did not find any beans of type org.springframework.web.multipart.MultipartResolver (OnBeanCondition)

       ElasticsearchClientAutoConfiguration:
          Did not match:
             - @ConditionalOnClass did not find required class 'co.elastic.clients.elasticsearch.ElasticsearchClient' (OnClassCondition)

       ElasticsearchDataAutoConfiguration:
          Did not match:
             - @ConditionalOnClass did not find required class 'org.springframework.data.elasticsearch.client.elc.ElasticsearchTemplate' (OnClassCondition)

       ElasticsearchRepositoriesAutoConfiguration:
          Did not match:
             - @ConditionalOnClass did not find required class 'org.springframework.data.elasticsearch.repository.ElasticsearchRepository' (OnClassCondition)

       ElasticsearchRestClientAutoConfiguration:
          Did not match:
             - @ConditionalOnClass did not find required class 'org.elasticsearch.client.RestClientBuilder' (OnClassCondition)

       EmbeddedLdapAutoConfiguration:
          Did not match:
             - @ConditionalOnClass did not find required class 'com.unboundid.ldap.listener.InMemoryDirectoryServer' (OnClassCondition)

       EmbeddedWebServerFactoryCustomizerAutoConfiguration:
          Did not match:
             - Application is deployed as a WAR file. (OnWarDeploymentCondition)
          Matched:
             - @ConditionalOnWebApplication (required) found 'session' scope (OnWebApplicationCondition)

       ErrorWebFluxAutoConfiguration:
          Did not match:
             - not a reactive web application (OnWebApplicationCondition)
          Matched:
             - @ConditionalOnClass found required class 'org.springframework.web.reactive.config.WebFluxConfigurer' (OnClassCondition)

       FlywayAutoConfiguration:
          Did not match:
             - @ConditionalOnClass did not find required class 'org.flywaydb.core.Flyway' (OnClassCondition)

       FreeMarkerAutoConfiguration:
          Did not match:
             - @ConditionalOnClass did not find required class 'freemarker.template.Configuration' (OnClassCondition)

       GraphQlAutoConfiguration:
          Did not match:
             - @ConditionalOnClass did not find required class 'graphql.GraphQL' (OnClassCondition)

       GraphQlQueryByExampleAutoConfiguration:
          Did not match:
             - @ConditionalOnClass did not find required class 'graphql.GraphQL' (OnClassCondition)

       GraphQlQuerydslAutoConfiguration:
          Did not match:
             - @ConditionalOnClass did not find required class 'com.querydsl.core.Query' (OnClassCondition)

       GraphQlRSocketAutoConfiguration:
          Did not match:
             - @ConditionalOnClass did not find required class 'graphql.GraphQL' (OnClassCondition)

       GraphQlReactiveQueryByExampleAutoConfiguration:
          Did not match:
             - @ConditionalOnClass did not find required class 'graphql.GraphQL' (OnClassCondition)

       GraphQlReactiveQuerydslAutoConfiguration:
          Did not match:
             - @ConditionalOnClass did not find required class 'com.querydsl.core.Query' (OnClassCondition)

       GraphQlWebFluxAutoConfiguration:
          Did not match:
             - @ConditionalOnClass did not find required class 'graphql.GraphQL' (OnClassCondition)

       GraphQlWebFluxSecurityAutoConfiguration:
          Did not match:
             - @ConditionalOnClass did not find required class 'graphql.GraphQL' (OnClassCondition)

       GraphQlWebMvcAutoConfiguration:
          Did not match:
             - @ConditionalOnClass did not find required class 'graphql.GraphQL' (OnClassCondition)

       GraphQlWebMvcSecurityAutoConfiguration:
          Did not match:
             - @ConditionalOnClass did not find required class 'graphql.GraphQL' (OnClassCondition)

       GroovyTemplateAutoConfiguration:
          Did not match:
             - @ConditionalOnClass did not find required class 'groovy.text.markup.MarkupTemplateEngine' (OnClassCondition)

       GsonAutoConfiguration:
          Did not match:
             - @ConditionalOnClass did not find required class 'com.google.gson.Gson' (OnClassCondition)

       GsonHttpMessageConvertersConfiguration:
          Did not match:
             - @ConditionalOnClass did not find required class 'com.google.gson.Gson' (OnClassCondition)

       H2ConsoleAutoConfiguration:
          Did not match:
             - @ConditionalOnProperty (spring.h2.console.enabled=true) did not find property 'enabled' (OnPropertyCondition)
          Matched:
             - @ConditionalOnClass found required class 'org.h2.server.web.JakartaWebServlet' (OnClassCondition)
             - found 'session' scope (OnWebApplicationCondition)

       HazelcastAutoConfiguration:
          Did not match:
             - @ConditionalOnClass did not find required class 'com.hazelcast.core.HazelcastInstance' (OnClassCondition)

       HazelcastCacheConfiguration:
          Did not match:
             - @ConditionalOnClass did not find required class 'com.hazelcast.core.HazelcastInstance' (OnClassCondition)

       HazelcastJpaDependencyAutoConfiguration:
          Did not match:
             - @ConditionalOnClass did not find required class 'com.hazelcast.core.HazelcastInstance' (OnClassCondition)

       HttpHandlerAutoConfiguration:
          Did not match:
             - not a reactive web application (OnWebApplicationCondition)
          Matched:
             - @ConditionalOnClass found required classes 'org.springframework.web.reactive.DispatcherHandler', 'org.springframework.http.server.reactive.HttpHandler' (OnClassCondition)

       HypermediaAutoConfiguration:
          Did not match:
             - @ConditionalOnClass did not find required class 'org.springframework.hateoas.EntityModel' (OnClassCondition)

       InfinispanCacheConfiguration:
          Did not match:
             - @ConditionalOnClass did not find required class 'org.infinispan.spring.embedded.provider.SpringEmbeddedCacheManager' (OnClassCondition)

       InfluxDbAutoConfiguration:
          Did not match:
             - @ConditionalOnClass did not find required class 'org.influxdb.InfluxDB' (OnClassCondition)

       IntegrationAutoConfiguration:
          Did not match:
             - @ConditionalOnClass did not find required class 'org.springframework.integration.config.EnableIntegration' (OnClassCondition)

       JCacheCacheConfiguration:
          Did not match:
             - @ConditionalOnClass did not find required class 'javax.cache.Caching' (OnClassCondition)

       JacksonAutoConfiguration.JacksonObjectMapperConfiguration#jacksonObjectMapper:
          Did not match:
             - @ConditionalOnMissingBean (types: com.fasterxml.jackson.databind.ObjectMapper; SearchStrategy: all) found beans of type 'com.fasterxml.jackson.databind.ObjectMapper' objectMapper (OnBeanCondition)

       JacksonHttpMessageConvertersConfiguration.MappingJackson2XmlHttpMessageConverterConfiguration:
          Did not match:
             - @ConditionalOnClass did not find required class 'com.fasterxml.jackson.dataformat.xml.XmlMapper' (OnClassCondition)

       JdbcRepositoriesAutoConfiguration:
          Did not match:
             - @ConditionalOnClass did not find required class 'org.springframework.data.jdbc.repository.config.AbstractJdbcConfiguration' (OnClassCondition)

       JedisConnectionConfiguration:
          Did not match:
             - @ConditionalOnClass did not find required classes 'org.apache.commons.pool2.impl.GenericObjectPool', 'redis.clients.jedis.Jedis' (OnClassCondition)

       JerseyAutoConfiguration:
          Did not match:
             - @ConditionalOnClass did not find required class 'org.glassfish.jersey.server.spring.SpringComponentProvider' (OnClassCondition)

       JmsAutoConfiguration:
          Did not match:
             - @ConditionalOnClass did not find required class 'jakarta.jms.Message' (OnClassCondition)

       JmxAutoConfiguration:
          Did not match:
             - @ConditionalOnProperty (spring.jmx.enabled=true) found different value in property 'enabled' (OnPropertyCondition)
          Matched:
             - @ConditionalOnClass found required class 'org.springframework.jmx.export.MBeanExporter' (OnClassCondition)

       JndiConnectionFactoryAutoConfiguration:
          Did not match:
             - @ConditionalOnClass did not find required class 'org.springframework.jms.core.JmsTemplate' (OnClassCondition)

       JndiDataSourceAutoConfiguration:
          Did not match:
             - @ConditionalOnProperty (spring.datasource.jndi-name) did not find property 'jndi-name' (OnPropertyCondition)
          Matched:
             - @ConditionalOnClass found required classes 'javax.sql.DataSource', 'org.springframework.jdbc.datasource.embedded.EmbeddedDatabaseType' (OnClassCondition)

       JndiJtaConfiguration:
          Did not match:
             - @ConditionalOnJndi JNDI environment is not available (OnJndiCondition)
          Matched:
             - @ConditionalOnClass found required class 'org.springframework.transaction.jta.JtaTransactionManager' (OnClassCondition)

       JooqAutoConfiguration:
          Did not match:
             - @ConditionalOnClass did not find required class 'org.jooq.DSLContext' (OnClassCondition)

       JpaBaseConfiguration.JpaWebConfiguration:
          Did not match:
             - @ConditionalOnProperty (spring.jpa.open-in-view=true) found different value in property 'open-in-view' (OnPropertyCondition)
          Matched:
             - @ConditionalOnClass found required class 'org.springframework.web.servlet.config.annotation.WebMvcConfigurer' (OnClassCondition)
             - found 'session' scope (OnWebApplicationCondition)

       JpaRepositoriesAutoConfiguration#entityManagerFactoryBootstrapExecutorCustomizer:
          Did not match:
             - AnyNestedCondition 0 matched 2 did not; NestedCondition on JpaRepositoriesAutoConfiguration.BootstrapExecutorCondition.LazyBootstrapMode @ConditionalOnProperty (spring.data.jpa.repositories.bootstrap-mode=lazy) did not find property 'bootstrap-mode'; NestedCondition on JpaRepositoriesAutoConfiguration.BootstrapExecutorCondition.DeferredBootstrapMode @ConditionalOnProperty (spring.data.jpa.repositories.bootstrap-mode=deferred) did not find property 'bootstrap-mode' (JpaRepositoriesAutoConfiguration.BootstrapExecutorCondition)

       JsonbAutoConfiguration:
          Did not match:
             - @ConditionalOnClass did not find required class 'jakarta.json.bind.Jsonb' (OnClassCondition)

       JsonbHttpMessageConvertersConfiguration:
          Did not match:
             - @ConditionalOnClass did not find required class 'jakarta.json.bind.Jsonb' (OnClassCondition)

       KafkaAutoConfiguration:
          Did not match:
             - @ConditionalOnClass did not find required class 'org.springframework.kafka.core.KafkaTemplate' (OnClassCondition)

       LdapAutoConfiguration:
          Did not match:
             - @ConditionalOnClass did not find required class 'org.springframework.ldap.core.ContextSource' (OnClassCondition)

       LdapRepositoriesAutoConfiguration:
          Did not match:
             - @ConditionalOnClass did not find required class 'org.springframework.data.ldap.repository.LdapRepository' (OnClassCondition)

       LettuceConnectionConfiguration#redisConnectionFactoryVirtualThreads:
          Did not match:
             - @ConditionalOnMissingBean (types: org.springframework.data.redis.connection.RedisConnectionFactory; SearchStrategy: all) found beans of type 'org.springframework.data.redis.connection.RedisConnectionFactory' redisConnectionFactory (OnBeanCondition)

       LiquibaseAutoConfiguration:
          Did not match:
             - @ConditionalOnClass did not find required class 'liquibase.change.DatabaseChange' (OnClassCondition)

       MailSenderAutoConfiguration:
          Did not match:
             - @ConditionalOnClass did not find required class 'jakarta.mail.internet.MimeMessage' (OnClassCondition)

       MailSenderValidatorAutoConfiguration:
          Did not match:
             - @ConditionalOnProperty (spring.mail.test-connection) did not find property 'test-connection' (OnPropertyCondition)

       MessageSourceAutoConfiguration:
          Did not match:
             - ResourceBundle did not find bundle with basename messages (MessageSourceAutoConfiguration.ResourceBundleCondition)

       MockMvcAutoConfiguration#dispatcherServlet:
          Did not match:
             - @ConditionalOnMissingBean (types: org.springframework.web.servlet.DispatcherServlet; SearchStrategy: all) found beans of type 'org.springframework.web.servlet.DispatcherServlet' dispatcherServlet (OnBeanCondition)

       MockMvcAutoConfiguration#dispatcherServletPath:
          Did not match:
             - @ConditionalOnMissingBean (types: org.springframework.boot.autoconfigure.web.servlet.DispatcherServletPath; SearchStrategy: all) found beans of type 'org.springframework.boot.autoconfigure.web.servlet.DispatcherServletPath' dispatcherServletRegistration (OnBeanCondition)

       MockMvcWebClientAutoConfiguration:
          Did not match:
             - @ConditionalOnClass did not find required class 'com.gargoylesoftware.htmlunit.WebClient' (OnClassCondition)

       MockMvcWebDriverAutoConfiguration:
          Did not match:
             - @ConditionalOnClass did not find required class 'org.openqa.selenium.htmlunit.HtmlUnitDriver' (OnClassCondition)

       MongoAutoConfiguration:
          Did not match:
             - @ConditionalOnClass did not find required class 'com.mongodb.client.MongoClient' (OnClassCondition)

       MongoDataAutoConfiguration:
          Did not match:
             - @ConditionalOnClass did not find required class 'com.mongodb.client.MongoClient' (OnClassCondition)

       MongoReactiveAutoConfiguration:
          Did not match:
             - @ConditionalOnClass did not find required class 'com.mongodb.reactivestreams.client.MongoClient' (OnClassCondition)

       MongoReactiveDataAutoConfiguration:
          Did not match:
             - @ConditionalOnClass did not find required class 'com.mongodb.reactivestreams.client.MongoClient' (OnClassCondition)

       MongoReactiveRepositoriesAutoConfiguration:
          Did not match:
             - @ConditionalOnClass did not find required class 'com.mongodb.reactivestreams.client.MongoClient' (OnClassCondition)

       MongoRepositoriesAutoConfiguration:
          Did not match:
             - @ConditionalOnClass did not find required class 'com.mongodb.client.MongoClient' (OnClassCondition)

       MultipleOpenApiSupportConfiguration:
          Did not match:
             - AnyNestedCondition 0 matched 2 did not; NestedCondition on MultipleOpenApiSupportCondition.OnActuatorDifferentPort @ConditionalOnProperty (springdoc.show-actuator) did not find property 'springdoc.show-actuator'; NestedCondition on MultipleOpenApiSupportCondition.OnMultipleOpenApiSupportCondition AnyNestedCondition 0 matched 3 did not; NestedCondition on MultipleOpenApiGroupsCondition.OnListGroupedOpenApiBean @ConditionalOnBean (types: org.springdoc.core.models.GroupedOpenApi; SearchStrategy: all) did not find any beans of type org.springdoc.core.models.GroupedOpenApi; NestedCondition on MultipleOpenApiGroupsCondition.OnGroupConfigProperty @ConditionalOnProperty (springdoc.group-configs[0].group) did not find property 'springdoc.group-configs[0].group'; NestedCondition on MultipleOpenApiGroupsCondition.OnGroupedOpenApiBean @ConditionalOnBean (types: org.springdoc.core.models.GroupedOpenApi; SearchStrategy: all) did not find any beans of type org.springdoc.core.models.GroupedOpenApi (MultipleOpenApiSupportCondition)
          Matched:
             - found 'session' scope (OnWebApplicationCondition)
             - @ConditionalOnProperty (springdoc.api-docs.enabled) matched (OnPropertyCondition)

       MultipleOpenApiSupportConfiguration.SpringDocWebMvcActuatorDifferentConfiguration:
          Did not match:
             - @ConditionalOnClass did not find required class 'org.springframework.boot.actuate.endpoint.web.servlet.WebMvcEndpointHandlerMapping' (OnClassCondition)
             - Ancestor org.springdoc.webmvc.core.configuration.MultipleOpenApiSupportConfiguration did not match (ConditionEvaluationReport.AncestorsMatchedCondition)

       MustacheAutoConfiguration:
          Did not match:
             - @ConditionalOnClass did not find required class 'com.samskivert.mustache.Mustache' (OnClassCondition)

       Neo4jAutoConfiguration:
          Did not match:
             - @ConditionalOnClass did not find required class 'org.neo4j.driver.Driver' (OnClassCondition)

       Neo4jDataAutoConfiguration:
          Did not match:
             - @ConditionalOnClass did not find required class 'org.neo4j.driver.Driver' (OnClassCondition)

       Neo4jReactiveDataAutoConfiguration:
          Did not match:
             - @ConditionalOnClass did not find required class 'org.neo4j.driver.Driver' (OnClassCondition)

       Neo4jReactiveRepositoriesAutoConfiguration:
          Did not match:
             - @ConditionalOnClass did not find required class 'org.neo4j.driver.Driver' (OnClassCondition)

       Neo4jRepositoriesAutoConfiguration:
          Did not match:
             - @ConditionalOnClass did not find required class 'org.neo4j.driver.Driver' (OnClassCondition)

       OAuth2AuthorizationServerAutoConfiguration:
          Did not match:
             - @ConditionalOnClass did not find required class 'org.springframework.security.oauth2.server.authorization.OAuth2Authorization' (OnClassCondition)

       OAuth2AuthorizationServerJwtAutoConfiguration:
          Did not match:
             - @ConditionalOnClass did not find required class 'org.springframework.security.oauth2.server.authorization.OAuth2Authorization' (OnClassCondition)

       OAuth2ClientAutoConfiguration:
          Did not match:
             - @ConditionalOnClass did not find required class 'org.springframework.security.oauth2.client.registration.ClientRegistration' (OnClassCondition)

       OAuth2ResourceServerAutoConfiguration:
          Did not match:
             - @ConditionalOnClass did not find required class 'org.springframework.security.oauth2.server.resource.authentication.BearerTokenAuthenticationToken' (OnClassCondition)

       ProjectInfoAutoConfiguration#buildProperties:
          Did not match:
             - @ConditionalOnResource did not find resource '${spring.info.build.location:classpath:META-INF/build-info.properties}' (OnResourceCondition)

       ProjectInfoAutoConfiguration#gitProperties:
          Did not match:
             - GitResource did not find git info at classpath:git.properties (ProjectInfoAutoConfiguration.GitResourceAvailableCondition)

       PulsarAutoConfiguration:
          Did not match:
             - @ConditionalOnClass did not find required class 'org.apache.pulsar.client.api.PulsarClient' (OnClassCondition)

       PulsarReactiveAutoConfiguration:
          Did not match:
             - @ConditionalOnClass did not find required class 'org.apache.pulsar.client.api.PulsarClient' (OnClassCondition)

       QuartzAutoConfiguration:
          Did not match:
             - @ConditionalOnClass did not find required class 'org.quartz.Scheduler' (OnClassCondition)

       R2dbcAutoConfiguration:
          Did not match:
             - @ConditionalOnClass did not find required class 'io.r2dbc.spi.ConnectionFactory' (OnClassCondition)

       R2dbcDataAutoConfiguration:
          Did not match:
             - @ConditionalOnClass did not find required class 'org.springframework.data.r2dbc.core.R2dbcEntityTemplate' (OnClassCondition)

       R2dbcInitializationConfiguration:
          Did not match:
             - @ConditionalOnClass did not find required classes 'io.r2dbc.spi.ConnectionFactory', 'org.springframework.r2dbc.connection.init.DatabasePopulator' (OnClassCondition)

       R2dbcRepositoriesAutoConfiguration:
          Did not match:
             - @ConditionalOnClass did not find required class 'io.r2dbc.spi.ConnectionFactory' (OnClassCondition)

       R2dbcTransactionManagerAutoConfiguration:
          Did not match:
             - @ConditionalOnClass did not find required class 'org.springframework.r2dbc.connection.R2dbcTransactionManager' (OnClassCondition)

       RSocketGraphQlClientAutoConfiguration:
          Did not match:
             - @ConditionalOnClass did not find required class 'graphql.GraphQL' (OnClassCondition)

       RSocketMessagingAutoConfiguration:
          Did not match:
             - @ConditionalOnClass did not find required class 'io.rsocket.RSocket' (OnClassCondition)

       RSocketRequesterAutoConfiguration:
          Did not match:
             - @ConditionalOnClass did not find required class 'io.rsocket.RSocket' (OnClassCondition)

       RSocketSecurityAutoConfiguration:
          Did not match:
             - @ConditionalOnClass did not find required class 'org.springframework.security.rsocket.core.SecuritySocketAcceptorInterceptor' (OnClassCondition)

       RSocketServerAutoConfiguration:
          Did not match:
             - @ConditionalOnClass did not find required class 'io.rsocket.core.RSocketServer' (OnClassCondition)

       RSocketStrategiesAutoConfiguration:
          Did not match:
             - @ConditionalOnClass did not find required class 'io.rsocket.RSocket' (OnClassCondition)

       RabbitAutoConfiguration:
          Did not match:
             - @ConditionalOnClass did not find required class 'com.rabbitmq.client.Channel' (OnClassCondition)

       ReactiveElasticsearchClientAutoConfiguration:
          Did not match:
             - @ConditionalOnClass did not find required class 'co.elastic.clients.transport.ElasticsearchTransport' (OnClassCondition)

       ReactiveElasticsearchRepositoriesAutoConfiguration:
          Did not match:
             - @ConditionalOnClass did not find required class 'org.springframework.data.elasticsearch.client.elc.ReactiveElasticsearchClient' (OnClassCondition)

       ReactiveMultipartAutoConfiguration:
          Did not match:
             - not a reactive web application (OnWebApplicationCondition)
          Matched:
             - @ConditionalOnClass found required classes 'org.springframework.http.codec.multipart.DefaultPartHttpMessageReader', 'org.springframework.web.reactive.config.WebFluxConfigurer' (OnClassCondition)

       ReactiveOAuth2ClientAutoConfiguration:
          Did not match:
             - @ConditionalOnClass did not find required class 'org.springframework.security.oauth2.client.registration.ClientRegistration' (OnClassCondition)

       ReactiveOAuth2ResourceServerAutoConfiguration:
          Did not match:
             - not a reactive web application (OnWebApplicationCondition)
          Matched:
             - @ConditionalOnClass found required class 'org.springframework.security.config.annotation.web.reactive.EnableWebFluxSecurity' (OnClassCondition)

       ReactiveSecurityAutoConfiguration.SpringBootWebFluxSecurityConfiguration:
          Did not match:
             - not a reactive web application (OnWebApplicationCondition)

       ReactiveUserDetailsServiceAutoConfiguration:
          Did not match:
             - AnyNestedCondition 0 matched 2 did not; NestedCondition on ReactiveUserDetailsServiceAutoConfiguration.RSocketEnabledOrReactiveWebApplication.ReactiveWebApplicationCondition not a reactive web application; NestedCondition on ReactiveUserDetailsServiceAutoConfiguration.RSocketEnabledOrReactiveWebApplication.RSocketSecurityEnabledCondition @ConditionalOnBean (types: org.springframework.messaging.rsocket.annotation.support.RSocketMessageHandler; SearchStrategy: all) did not find any beans of type org.springframework.messaging.rsocket.annotation.support.RSocketMessageHandler (ReactiveUserDetailsServiceAutoConfiguration.RSocketEnabledOrReactiveWebApplication)
          Matched:
             - @ConditionalOnClass found required class 'org.springframework.security.authentication.ReactiveAuthenticationManager' (OnClassCondition)
             - AnyNestedCondition 1 matched 2 did not; NestedCondition on ReactiveUserDetailsServiceAutoConfiguration.MissingAlternativeOrUserPropertiesConfigured.PasswordConfigured @ConditionalOnProperty (spring.security.user.password) did not find property 'password'; NestedCondition on ReactiveUserDetailsServiceAutoConfiguration.MissingAlternativeOrUserPropertiesConfigured.NameConfigured @ConditionalOnProperty (spring.security.user.name) did not find property 'name'; NestedCondition on ReactiveUserDetailsServiceAutoConfiguration.MissingAlternativeOrUserPropertiesConfigured.MissingAlternative @ConditionalOnMissingClass did not find unwanted classes 'org.springframework.security.oauth2.client.registration.ClientRegistrationRepository', 'org.springframework.security.oauth2.server.resource.introspection.ReactiveOpaqueTokenIntrospector' (ReactiveUserDetailsServiceAutoConfiguration.MissingAlternativeOrUserPropertiesConfigured)

       ReactiveWebServerFactoryAutoConfiguration:
          Did not match:
             - not a reactive web application (OnWebApplicationCondition)
          Matched:
             - @ConditionalOnClass found required class 'org.springframework.http.ReactiveHttpInputMessage' (OnClassCondition)

       RepositoryRestMvcAutoConfiguration:
          Did not match:
             - @ConditionalOnClass did not find required class 'org.springframework.data.rest.webmvc.config.RepositoryRestMvcConfiguration' (OnClassCondition)

       Saml2RelyingPartyAutoConfiguration:
          Did not match:
             - @ConditionalOnClass did not find required class 'org.springframework.security.saml2.provider.service.registration.RelyingPartyRegistrationRepository' (OnClassCondition)

       SecurityDataConfiguration:
          Did not match:
             - @ConditionalOnClass did not find required class 'org.springframework.security.data.repository.query.SecurityEvaluationContextExtension' (OnClassCondition)

       SendGridAutoConfiguration:
          Did not match:
             - @ConditionalOnClass did not find required class 'com.sendgrid.SendGrid' (OnClassCondition)

       ServletWebServerFactoryAutoConfiguration.ForwardedHeaderFilterConfiguration:
          Did not match:
             - @ConditionalOnProperty (server.forward-headers-strategy=framework) did not find property 'server.forward-headers-strategy' (OnPropertyCondition)

       ServletWebServerFactoryConfiguration.EmbeddedJetty:
          Did not match:
             - @ConditionalOnClass did not find required classes 'org.eclipse.jetty.server.Server', 'org.eclipse.jetty.util.Loader', 'org.eclipse.jetty.ee10.webapp.WebAppContext' (OnClassCondition)

       ServletWebServerFactoryConfiguration.EmbeddedUndertow:
          Did not match:
             - @ConditionalOnClass did not find required classes 'io.undertow.Undertow', 'org.xnio.SslClientAuthMode' (OnClassCondition)

       SessionAutoConfiguration:
          Did not match:
             - @ConditionalOnClass did not find required class 'org.springframework.session.Session' (OnClassCondition)

       SpringApplicationAdminJmxAutoConfiguration:
          Did not match:
             - @ConditionalOnProperty (spring.application.admin.enabled=true) did not find property 'enabled' (OnPropertyCondition)

       SpringBootWebSecurityConfiguration.SecurityFilterChainConfiguration:
          Did not match:
             - AllNestedConditions 1 matched 1 did not; NestedCondition on DefaultWebSecurityCondition.Beans @ConditionalOnMissingBean (types: org.springframework.security.web.SecurityFilterChain; SearchStrategy: all) found beans of type 'org.springframework.security.web.SecurityFilterChain' filterChain; NestedCondition on DefaultWebSecurityCondition.Classes @ConditionalOnClass found required classes 'org.springframework.security.web.SecurityFilterChain', 'org.springframework.security.config.annotation.web.builders.HttpSecurity' (DefaultWebSecurityCondition)

       SpringBootWebSecurityConfiguration.WebSecurityEnablerConfiguration:
          Did not match:
             - @ConditionalOnMissingBean (names: springSecurityFilterChain; SearchStrategy: all) found beans named springSecurityFilterChain (OnBeanCondition)
          Matched:
             - @ConditionalOnClass found required class 'org.springframework.security.config.annotation.web.configuration.EnableWebSecurity' (OnClassCondition)

       SpringDocConfiguration#propertiesResolverForSchema:
          Did not match:
             - @ConditionalOnProperty (springdoc.api-docs.resolve-schema-properties) did not find property 'springdoc.api-docs.resolve-schema-properties' (OnPropertyCondition)

       SpringDocConfiguration#propertyCustomizingConverter:
          Did not match:
             - @ConditionalOnBean (types: org.springdoc.core.customizers.PropertyCustomizer; SearchStrategy: all) did not find any beans of type org.springdoc.core.customizers.PropertyCustomizer (OnBeanCondition)

       SpringDocConfiguration#springdocBeanFactoryPostProcessor:
          Did not match:
             - AnyNestedCondition 0 matched 2 did not; NestedCondition on CacheOrGroupedOpenApiCondition.OnCacheDisabled found non-matching nested conditions @ConditionalOnProperty (springdoc.cache.disabled) did not find property 'springdoc.cache.disabled'; NestedCondition on CacheOrGroupedOpenApiCondition.OnMultipleOpenApiSupportCondition AnyNestedCondition 0 matched 2 did not; NestedCondition on MultipleOpenApiSupportCondition.OnActuatorDifferentPort @ConditionalOnProperty (springdoc.show-actuator) did not find property 'springdoc.show-actuator'; NestedCondition on MultipleOpenApiSupportCondition.OnMultipleOpenApiSupportCondition AnyNestedCondition 0 matched 3 did not; NestedCondition on MultipleOpenApiGroupsCondition.OnListGroupedOpenApiBean @ConditionalOnBean (types: org.springdoc.core.models.GroupedOpenApi; SearchStrategy: all) did not find any beans of type org.springdoc.core.models.GroupedOpenApi; NestedCondition on MultipleOpenApiGroupsCondition.OnGroupConfigProperty @ConditionalOnProperty (springdoc.group-configs[0].group) did not find property 'springdoc.group-configs[0].group'; NestedCondition on MultipleOpenApiGroupsCondition.OnGroupedOpenApiBean @ConditionalOnBean (types: org.springdoc.core.models.GroupedOpenApi; SearchStrategy: all) did not find any beans of type org.springdoc.core.models.GroupedOpenApi (CacheOrGroupedOpenApiCondition)
          Matched:
             - @ConditionalOnClass found required class 'org.springframework.boot.context.properties.bind.BindResult' (OnClassCondition)

       SpringDocConfiguration#springdocBeanFactoryPostProcessor2:
          Did not match:
             - @ConditionalOnMissingClass found unwanted class 'org.springframework.boot.context.properties.bind.BindResult' (OnClassCondition)

       SpringDocConfiguration.SpringDocActuatorConfiguration:
          Did not match:
             - @ConditionalOnClass did not find required class 'org.springframework.boot.actuate.autoconfigure.endpoint.web.WebEndpointProperties' (OnClassCondition)

       SpringDocConfiguration.SpringDocRepositoryRestConfiguration:
          Did not match:
             - @ConditionalOnClass did not find required class 'org.springframework.data.rest.core.config.RepositoryRestConfiguration' (OnClassCondition)

       SpringDocDataRestConfiguration:
          Did not match:
             - @ConditionalOnClass did not find required class 'org.springframework.data.rest.core.config.RepositoryRestConfiguration' (OnClassCondition)

       SpringDocFunctionCatalogConfiguration:
          Did not match:
             - @ConditionalOnClass did not find required class 'org.springframework.cloud.function.web.function.FunctionEndpointInitializer' (OnClassCondition)

       SpringDocGroovyConfiguration:
          Did not match:
             - @ConditionalOnClass did not find required class 'groovy.lang.MetaClass' (OnClassCondition)

       SpringDocHateoasConfiguration:
          Did not match:
             - @ConditionalOnClass did not find required class 'org.springframework.hateoas.server.LinkRelationProvider' (OnClassCondition)

       SpringDocJacksonKotlinModuleConfiguration:
          Did not match:
             - @ConditionalOnClass did not find required class 'com.fasterxml.jackson.module.kotlin.KotlinModule' (OnClassCondition)

       SpringDocJavadocConfiguration:
          Did not match:
             - @ConditionalOnClass did not find required class 'com.github.therapi.runtimejavadoc.CommentFormatter' (OnClassCondition)

       SpringDocKotlinConfiguration:
          Did not match:
             - @ConditionalOnClass did not find required class 'kotlin.coroutines.Continuation' (OnClassCondition)

       SpringDocKotlinxConfiguration:
          Did not match:
             - @ConditionalOnClass did not find required class 'kotlinx.coroutines.flow.Flow' (OnClassCondition)

       SpringDocSecurityConfiguration.SpringDocSecurityOAuth2ClientConfiguration:
          Did not match:
             - @ConditionalOnClass did not find required class 'org.springframework.security.oauth2.client.annotation.RegisteredOAuth2AuthorizedClient' (OnClassCondition)

       SpringDocSecurityConfiguration.SpringDocSecurityOAuth2Configuration:
          Did not match:
             - @ConditionalOnClass did not find required class 'org.springframework.security.oauth2.server.authorization.OAuth2AuthorizationService' (OnClassCondition)

       SpringDocSecurityConfiguration.SpringSecurityLoginEndpointConfiguration#springSecurityLoginEndpointCustomiser:
          Did not match:
             - @ConditionalOnProperty (springdoc.show-login-endpoint) did not find property 'springdoc.show-login-endpoint' (OnPropertyCondition)

       SpringDocSortConfiguration#delegatingMethodParameterCustomizer:
          Did not match:
             - @ConditionalOnMissingBean (types: org.springdoc.core.customizers.DelegatingMethodParameterCustomizer; SearchStrategy: all) found beans of type 'org.springdoc.core.customizers.DelegatingMethodParameterCustomizer' delegatingMethodParameterCustomizer (OnBeanCondition)

       SpringDocWebMvcConfiguration.SpringDocWebMvcActuatorConfiguration:
          Did not match:
             - @ConditionalOnClass did not find required class 'org.springframework.boot.actuate.endpoint.web.servlet.WebMvcEndpointHandlerMapping' (OnClassCondition)

       SwaggerConfig#springWebProvider:
          Did not match:
             - @ConditionalOnMissingBean (types: org.springdoc.core.providers.SpringWebProvider; SearchStrategy: all) found beans of type 'org.springdoc.core.providers.SpringWebProvider' springWebProvider (OnBeanCondition)

       SwaggerConfig#swaggerUiConfigParameters:
          Did not match:
             - @ConditionalOnMissingBean (types: org.springdoc.core.properties.SwaggerUiConfigParameters; SearchStrategy: all) found beans of type 'org.springdoc.core.properties.SwaggerUiConfigParameters' org.springdoc.core.properties.SwaggerUiConfigParameters (OnBeanCondition)

       SwaggerConfig#swaggerUiHome:
          Did not match:
             - @ConditionalOnProperty (springdoc.swagger-ui.use-root-path=true) did not find property 'springdoc.swagger-ui.use-root-path' (OnPropertyCondition)

       SwaggerConfig.SwaggerActuatorWelcomeConfiguration:
          Did not match:
             - @ConditionalOnClass did not find required class 'org.springframework.boot.actuate.endpoint.web.servlet.WebMvcEndpointHandlerMapping' (OnClassCondition)

       TaskExecutorConfigurations.SimpleAsyncTaskExecutorBuilderConfiguration#simpleAsyncTaskExecutorBuilderVirtualThreads:
          Did not match:
             - @ConditionalOnMissingBean (types: org.springframework.boot.task.SimpleAsyncTaskExecutorBuilder; SearchStrategy: all) found beans of type 'org.springframework.boot.task.SimpleAsyncTaskExecutorBuilder' simpleAsyncTaskExecutorBuilder (OnBeanCondition)

       TaskExecutorConfigurations.TaskExecutorConfiguration:
          Did not match:
             - @ConditionalOnMissingBean (types: java.util.concurrent.Executor; SearchStrategy: all) found beans of type 'java.util.concurrent.Executor' notificationExecutor, iotTaskExecutor (OnBeanCondition)

       TaskSchedulingConfigurations.SimpleAsyncTaskSchedulerBuilderConfiguration#simpleAsyncTaskSchedulerBuilderVirtualThreads:
          Did not match:
             - @ConditionalOnMissingBean (types: org.springframework.boot.task.SimpleAsyncTaskSchedulerBuilder; SearchStrategy: all) found beans of type 'org.springframework.boot.task.SimpleAsyncTaskSchedulerBuilder' simpleAsyncTaskSchedulerBuilder (OnBeanCondition)

       TaskSchedulingConfigurations.TaskSchedulerConfiguration#taskSchedulerVirtualThreads:
          Did not match:
             - @ConditionalOnThreading did not find VIRTUAL (OnThreadingCondition)

       ThymeleafAutoConfiguration:
          Did not match:
             - @ConditionalOnClass did not find required class 'org.thymeleaf.spring6.SpringTemplateEngine' (OnClassCondition)

       TransactionAutoConfiguration#transactionalOperator:
          Did not match:
             - @ConditionalOnSingleCandidate (types: org.springframework.transaction.ReactiveTransactionManager; SearchStrategy: all) did not find any beans (OnBeanCondition)

       TransactionAutoConfiguration.AspectJTransactionManagementConfiguration:
          Did not match:
             - @ConditionalOnBean (types: org.springframework.transaction.aspectj.AbstractTransactionAspect; SearchStrategy: all) did not find any beans of type org.springframework.transaction.aspectj.AbstractTransactionAspect (OnBeanCondition)

       TransactionAutoConfiguration.EnableTransactionManagementConfiguration.JdkDynamicAutoProxyConfiguration:
          Did not match:
             - @ConditionalOnProperty (spring.aop.proxy-target-class=false) did not find property 'proxy-target-class' (OnPropertyCondition)

       UserDetailsServiceAutoConfiguration:
          Did not match:
             - @ConditionalOnMissingBean (types: org.springframework.security.authentication.AuthenticationManager,org.springframework.security.authentication.AuthenticationProvider,org.springframework.security.core.userdetails.UserDetailsService,org.springframework.security.authentication.AuthenticationManagerResolver,org.springframework.security.oauth2.jwt.JwtDecoder; SearchStrategy: all) found beans of type 'org.springframework.security.authentication.AuthenticationManager' authenticationManager and found beans of type 'org.springframework.security.core.userdetails.UserDetailsService' customUserDetailsService (OnBeanCondition)
          Matched:
             - @ConditionalOnClass found required class 'org.springframework.security.authentication.AuthenticationManager' (OnClassCondition)
             - AnyNestedCondition 1 matched 2 did not; NestedCondition on UserDetailsServiceAutoConfiguration.MissingAlternativeOrUserPropertiesConfigured.PasswordConfigured @ConditionalOnProperty (spring.security.user.password) did not find property 'password'; NestedCondition on UserDetailsServiceAutoConfiguration.MissingAlternativeOrUserPropertiesConfigured.NameConfigured @ConditionalOnProperty (spring.security.user.name) did not find property 'name'; NestedCondition on UserDetailsServiceAutoConfiguration.MissingAlternativeOrUserPropertiesConfigured.MissingAlternative @ConditionalOnMissingClass did not find unwanted classes 'org.springframework.security.oauth2.client.registration.ClientRegistrationRepository', 'org.springframework.security.oauth2.server.resource.introspection.OpaqueTokenIntrospector', 'org.springframework.security.saml2.provider.service.registration.RelyingPartyRegistrationRepository' (UserDetailsServiceAutoConfiguration.MissingAlternativeOrUserPropertiesConfigured)

       WebFluxAutoConfiguration:
          Did not match:
             - not a reactive web application (OnWebApplicationCondition)
          Matched:
             - @ConditionalOnClass found required class 'org.springframework.web.reactive.config.WebFluxConfigurer' (OnClassCondition)

       WebMvcAutoConfiguration#hiddenHttpMethodFilter:
          Did not match:
             - @ConditionalOnProperty (spring.mvc.hiddenmethod.filter.enabled) did not find property 'enabled' (OnPropertyCondition)

       WebMvcAutoConfiguration.ProblemDetailsErrorHandlingConfiguration:
          Did not match:
             - @ConditionalOnProperty (spring.mvc.problemdetails.enabled=true) did not find property 'enabled' (OnPropertyCondition)

       WebMvcAutoConfiguration.ResourceChainCustomizerConfiguration:
          Did not match:
             - @ConditionalOnEnabledResourceChain did not find class org.webjars.WebJarAssetLocator (OnEnabledResourceChainCondition)

       WebMvcAutoConfiguration.WebMvcAutoConfigurationAdapter#beanNameViewResolver:
          Did not match:
             - @ConditionalOnMissingBean (types: org.springframework.web.servlet.view.BeanNameViewResolver; SearchStrategy: all) found beans of type 'org.springframework.web.servlet.view.BeanNameViewResolver' beanNameViewResolver (OnBeanCondition)

       WebServiceTemplateAutoConfiguration:
          Did not match:
             - @ConditionalOnClass did not find required class 'org.springframework.ws.client.core.WebServiceTemplate' (OnClassCondition)

       WebServicesAutoConfiguration:
          Did not match:
             - @ConditionalOnClass did not find required class 'org.springframework.ws.transport.http.MessageDispatcherServlet' (OnClassCondition)

       WebSessionIdResolverAutoConfiguration:
          Did not match:
             - not a reactive web application (OnWebApplicationCondition)
          Matched:
             - @ConditionalOnClass found required classes 'org.springframework.web.server.session.WebSessionManager', 'reactor.core.publisher.Mono' (OnClassCondition)

       WebSocketMessagingAutoConfiguration:
          Did not match:
             - @ConditionalOnClass did not find required class 'org.springframework.web.socket.config.annotation.WebSocketMessageBrokerConfigurer' (OnClassCondition)

       WebSocketReactiveAutoConfiguration:
          Did not match:
             - not a reactive web application (OnWebApplicationCondition)
          Matched:
             - @ConditionalOnClass found required classes 'jakarta.servlet.Servlet', 'jakarta.websocket.server.ServerContainer' (OnClassCondition)

       WebSocketServletAutoConfiguration.JettyWebSocketConfiguration:
          Did not match:
             - @ConditionalOnClass did not find required class 'org.eclipse.jetty.ee10.websocket.jakarta.server.config.JakartaWebSocketServletContainerInitializer' (OnClassCondition)

       WebSocketServletAutoConfiguration.UndertowWebSocketConfiguration:
          Did not match:
             - @ConditionalOnClass did not find required class 'io.undertow.websockets.jsr.Bootstrap' (OnClassCondition)

       WebTestClientAutoConfiguration#webTestClient:
          Did not match:
             - @ConditionalOnBean (types: org.springframework.web.server.WebHandler; SearchStrategy: all) did not find any beans of type org.springframework.web.server.WebHandler (OnBeanCondition)

       XADataSourceAutoConfiguration:
          Did not match:
             - @ConditionalOnBean (types: org.springframework.boot.jdbc.XADataSourceWrapper; SearchStrategy: all) did not find any beans of type org.springframework.boot.jdbc.XADataSourceWrapper (OnBeanCondition)
          Matched:
             - @ConditionalOnClass found required classes 'javax.sql.DataSource', 'jakarta.transaction.TransactionManager', 'org.springframework.jdbc.datasource.embedded.EmbeddedDatabaseType' (OnClassCondition)


    Exclusions:
    -----------

        None


    Unconditional classes:
    ----------------------

        org.springframework.boot.autoconfigure.context.ConfigurationPropertiesAutoConfiguration

        org.springframework.boot.autoconfigure.ssl.SslAutoConfiguration

        org.springframework.boot.autoconfigure.context.PropertyPlaceholderAutoConfiguration

        org.springframework.boot.autoconfigure.context.LifecycleAutoConfiguration

        org.springdoc.core.configuration.SpringDocSpecPropertiesConfiguration

        org.springframework.boot.autoconfigure.availability.ApplicationAvailabilityAutoConfiguration

        org.springframework.boot.autoconfigure.info.ProjectInfoAutoConfiguration




SecurityRoleCoverageTest STANDARD_OUT
    2026-04-13T12:41:34.603+09:00  INFO 4752 --- [    Test worker] .s.b.a.l.ConditionEvaluationReportLogger : 

    Error starting ApplicationContext. To display the condition evaluation report re-run your application with 'debug' enabled.
    2026-04-13T12:41:34.603+09:00 ERROR 4752 --- [    Test worker] o.s.boot.SpringApplication               : Application run failed

    org.springframework.context.ApplicationContextException: Failed to start bean 'notificationRedisMessageListenerContainer'
    	at org.springframework.context.support.DefaultLifecycleProcessor.doStart(DefaultLifecycleProcessor.java:288) ~[spring-context-6.1.18.jar:6.1.18]
    	at org.springframework.context.support.DefaultLifecycleProcessor$LifecycleGroup.start(DefaultLifecycleProcessor.java:472) ~[spring-context-6.1.18.jar:6.1.18]
    	at java.base/java.lang.Iterable.forEach(Iterable.java:75) ~[na:na]
    	at org.springframework.context.support.DefaultLifecycleProcessor.startBeans(DefaultLifecycleProcessor.java:257) ~[spring-context-6.1.18.jar:6.1.18]
    	at org.springframework.context.support.DefaultLifecycleProcessor.onRefresh(DefaultLifecycleProcessor.java:202) ~[spring-context-6.1.18.jar:6.1.18]
    	at org.springframework.context.support.AbstractApplicationContext.finishRefresh(AbstractApplicationContext.java:990) ~[spring-context-6.1.18.jar:6.1.18]
    	at org.springframework.context.support.AbstractApplicationContext.refresh(AbstractApplicationContext.java:628) ~[spring-context-6.1.18.jar:6.1.18]
    	at org.springframework.boot.SpringApplication.refresh(SpringApplication.java:754) ~[spring-boot-3.3.10.jar:3.3.10]
    	at org.springframework.boot.SpringApplication.refreshContext(SpringApplication.java:456) ~[spring-boot-3.3.10.jar:3.3.10]
    	at org.springframework.boot.SpringApplication.run(SpringApplication.java:335) ~[spring-boot-3.3.10.jar:3.3.10]
    	at org.springframework.boot.test.context.SpringBootContextLoader.lambda$loadContext$3(SpringBootContextLoader.java:145) ~[spring-boot-test-3.3.10.jar:3.3.10]
    	at org.springframework.util.function.ThrowingSupplier.get(ThrowingSupplier.java:58) ~[spring-core-6.1.18.jar:6.1.18]
    	at org.springframework.util.function.ThrowingSupplier.get(ThrowingSupplier.java:46) ~[spring-core-6.1.18.jar:6.1.18]
    	at org.springframework.boot.SpringApplication.withHook(SpringApplication.java:1463) ~[spring-boot-3.3.10.jar:3.3.10]
    	at org.springframework.boot.test.context.SpringBootContextLoader$ContextLoaderHook.run(SpringBootContextLoader.java:564) ~[spring-boot-test-3.3.10.jar:3.3.10]
    	at org.springframework.boot.test.context.SpringBootContextLoader.loadContext(SpringBootContextLoader.java:145) ~[spring-boot-test-3.3.10.jar:3.3.10]
    	at org.springframework.boot.test.context.SpringBootContextLoader.loadContext(SpringBootContextLoader.java:116) ~[spring-boot-test-3.3.10.jar:3.3.10]
    	at org.springframework.test.context.cache.DefaultCacheAwareContextLoaderDelegate.loadContextInternal(DefaultCacheAwareContextLoaderDelegate.java:225) ~[spring-test-6.1.18.jar:6.1.18]
    	at org.springframework.test.context.cache.DefaultCacheAwareContextLoaderDelegate.loadContext(DefaultCacheAwareContextLoaderDelegate.java:152) ~[spring-test-6.1.18.jar:6.1.18]
    	at org.springframework.test.context.support.DefaultTestContext.getApplicationContext(DefaultTestContext.java:130) ~[spring-test-6.1.18.jar:6.1.18]
    	at org.springframework.test.context.web.ServletTestExecutionListener.setUpRequestContextIfNecessary(ServletTestExecutionListener.java:191) ~[spring-test-6.1.18.jar:6.1.18]
    	at org.springframework.test.context.web.ServletTestExecutionListener.prepareTestInstance(ServletTestExecutionListener.java:130) ~[spring-test-6.1.18.jar:6.1.18]
    	at org.springframework.test.context.TestContextManager.prepareTestInstance(TestContextManager.java:260) ~[spring-test-6.1.18.jar:6.1.18]
    	at org.springframework.test.context.junit.jupiter.SpringExtension.postProcessTestInstance(SpringExtension.java:163) ~[spring-test-6.1.18.jar:6.1.18]
    	at org.junit.jupiter.engine.descriptor.ClassBasedTestDescriptor.lambda$invokeTestInstancePostProcessors$10(ClassBasedTestDescriptor.java:378) ~[junit-jupiter-engine-5.10.5.jar:5.10.5]
    	at org.junit.jupiter.engine.descriptor.ClassBasedTestDescriptor.executeAndMaskThrowable(ClassBasedTestDescriptor.java:383) ~[junit-jupiter-engine-5.10.5.jar:5.10.5]
    	at org.junit.jupiter.engine.descriptor.ClassBasedTestDescriptor.lambda$invokeTestInstancePostProcessors$11(ClassBasedTestDescriptor.java:378) ~[junit-jupiter-engine-5.10.5.jar:5.10.5]
    	at java.base/java.util.stream.ReferencePipeline$3$1.accept(ReferencePipeline.java:197) ~[na:na]
    	at java.base/java.util.stream.ReferencePipeline$2$1.accept(ReferencePipeline.java:179) ~[na:na]
    	at java.base/java.util.ArrayList$ArrayListSpliterator.forEachRemaining(ArrayList.java:1708) ~[na:na]
    	at java.base/java.util.stream.AbstractPipeline.copyInto(AbstractPipeline.java:509) ~[na:na]
    	at java.base/java.util.stream.AbstractPipeline.wrapAndCopyInto(AbstractPipeline.java:499) ~[na:na]
    	at java.base/java.util.stream.StreamSpliterators$WrappingSpliterator.forEachRemaining(StreamSpliterators.java:310) ~[na:na]
    	at java.base/java.util.stream.Streams$ConcatSpliterator.forEachRemaining(Streams.java:735) ~[na:na]
    	at java.base/java.util.stream.Streams$ConcatSpliterator.forEachRemaining(Streams.java:734) ~[na:na]
    	at java.base/java.util.stream.ReferencePipeline$Head.forEach(ReferencePipeline.java:762) ~[na:na]
    	at org.junit.jupiter.engine.descriptor.ClassBasedTestDescriptor.invokeTestInstancePostProcessors(ClassBasedTestDescriptor.java:377) ~[junit-jupiter-engine-5.10.5.jar:5.10.5]
    	at org.junit.jupiter.engine.descriptor.ClassBasedTestDescriptor.lambda$instantiateAndPostProcessTestInstance$6(ClassBasedTestDescriptor.java:290) ~[junit-jupiter-engine-5.10.5.jar:5.10.5]
    	at org.junit.platform.engine.support.hierarchical.ThrowableCollector.execute(ThrowableCollector.java:73) ~[junit-platform-engine-1.10.5.jar:1.10.5]
    	at org.junit.jupiter.engine.descriptor.ClassBasedTestDescriptor.instantiateAndPostProcessTestInstance(ClassBasedTestDescriptor.java:289) ~[junit-jupiter-engine-5.10.5.jar:5.10.5]
    	at org.junit.jupiter.engine.descriptor.ClassBasedTestDescriptor.lambda$testInstancesProvider$4(ClassBasedTestDescriptor.java:279) ~[junit-jupiter-engine-5.10.5.jar:5.10.5]
    	at java.base/java.util.Optional.orElseGet(Optional.java:364) ~[na:na]
    	at org.junit.jupiter.engine.descriptor.ClassBasedTestDescriptor.lambda$testInstancesProvider$5(ClassBasedTestDescriptor.java:278) ~[junit-jupiter-engine-5.10.5.jar:5.10.5]
    	at org.junit.jupiter.engine.execution.TestInstancesProvider.getTestInstances(TestInstancesProvider.java:31) ~[junit-jupiter-engine-5.10.5.jar:5.10.5]
    	at org.junit.jupiter.engine.descriptor.TestMethodTestDescriptor.lambda$prepare$0(TestMethodTestDescriptor.java:106) ~[junit-jupiter-engine-5.10.5.jar:5.10.5]
    	at org.junit.platform.engine.support.hierarchical.ThrowableCollector.execute(ThrowableCollector.java:73) ~[junit-platform-engine-1.10.5.jar:1.10.5]
    	at org.junit.jupiter.engine.descriptor.TestMethodTestDescriptor.prepare(TestMethodTestDescriptor.java:105) ~[junit-jupiter-engine-5.10.5.jar:5.10.5]
    	at org.junit.jupiter.engine.descriptor.TestMethodTestDescriptor.prepare(TestMethodTestDescriptor.java:69) ~[junit-jupiter-engine-5.10.5.jar:5.10.5]
    	at org.junit.platform.engine.support.hierarchical.NodeTestTask.lambda$prepare$2(NodeTestTask.java:128) ~[junit-platform-engine-1.10.5.jar:1.10.5]
    	at org.junit.platform.engine.support.hierarchical.ThrowableCollector.execute(ThrowableCollector.java:73) ~[junit-platform-engine-1.10.5.jar:1.10.5]
    	at org.junit.platform.engine.support.hierarchical.NodeTestTask.prepare(NodeTestTask.java:128) ~[junit-platform-engine-1.10.5.jar:1.10.5]
    	at org.junit.platform.engine.support.hierarchical.NodeTestTask.execute(NodeTestTask.java:95) ~[junit-platform-engine-1.10.5.jar:1.10.5]
    	at java.base/java.util.ArrayList.forEach(ArrayList.java:1596) ~[na:na]
    	at org.junit.platform.engine.support.hierarchical.SameThreadHierarchicalTestExecutorService.invokeAll(SameThreadHierarchicalTestExecutorService.java:41) ~[junit-platform-engine-1.10.5.jar:1.10.5]
    	at org.junit.platform.engine.support.hierarchical.NodeTestTask.lambda$executeRecursively$6(NodeTestTask.java:160) ~[junit-platform-engine-1.10.5.jar:1.10.5]
    	at org.junit.platform.engine.support.hierarchical.ThrowableCollector.execute(ThrowableCollector.java:73) ~[junit-platform-engine-1.10.5.jar:1.10.5]
    	at org.junit.platform.engine.support.hierarchical.NodeTestTask.lambda$executeRecursively$8(NodeTestTask.java:146) ~[junit-platform-engine-1.10.5.jar:1.10.5]
    	at org.junit.platform.engine.support.hierarchical.Node.around(Node.java:137) ~[junit-platform-engine-1.10.5.jar:1.10.5]
    	at org.junit.platform.engine.support.hierarchical.NodeTestTask.lambda$executeRecursively$9(NodeTestTask.java:144) ~[junit-platform-engine-1.10.5.jar:1.10.5]
    	at org.junit.platform.engine.support.hierarchical.ThrowableCollector.execute(ThrowableCollector.java:73) ~[junit-platform-engine-1.10.5.jar:1.10.5]
    	at org.junit.platform.engine.support.hierarchical.NodeTestTask.executeRecursively(NodeTestTask.java:143) ~[junit-platform-engine-1.10.5.jar:1.10.5]
    	at org.junit.platform.engine.support.hierarchical.NodeTestTask.execute(NodeTestTask.java:100) ~[junit-platform-engine-1.10.5.jar:1.10.5]
    	at java.base/java.util.ArrayList.forEach(ArrayList.java:1596) ~[na:na]
    	at org.junit.platform.engine.support.hierarchical.SameThreadHierarchicalTestExecutorService.invokeAll(SameThreadHierarchicalTestExecutorService.java:41) ~[junit-platform-engine-1.10.5.jar:1.10.5]
    	at org.junit.platform.engine.support.hierarchical.NodeTestTask.lambda$executeRecursively$6(NodeTestTask.java:160) ~[junit-platform-engine-1.10.5.jar:1.10.5]
    	at org.junit.platform.engine.support.hierarchical.ThrowableCollector.execute(ThrowableCollector.java:73) ~[junit-platform-engine-1.10.5.jar:1.10.5]
    	at org.junit.platform.engine.support.hierarchical.NodeTestTask.lambda$executeRecursively$8(NodeTestTask.java:146) ~[junit-platform-engine-1.10.5.jar:1.10.5]
    	at org.junit.platform.engine.support.hierarchical.Node.around(Node.java:137) ~[junit-platform-engine-1.10.5.jar:1.10.5]
    	at org.junit.platform.engine.support.hierarchical.NodeTestTask.lambda$executeRecursively$9(NodeTestTask.java:144) ~[junit-platform-engine-1.10.5.jar:1.10.5]
    	at org.junit.platform.engine.support.hierarchical.ThrowableCollector.execute(ThrowableCollector.java:73) ~[junit-platform-engine-1.10.5.jar:1.10.5]
    	at org.junit.platform.engine.support.hierarchical.NodeTestTask.executeRecursively(NodeTestTask.java:143) ~[junit-platform-engine-1.10.5.jar:1.10.5]
    	at org.junit.platform.engine.support.hierarchical.NodeTestTask.execute(NodeTestTask.java:100) ~[junit-platform-engine-1.10.5.jar:1.10.5]
    	at org.junit.platform.engine.support.hierarchical.SameThreadHierarchicalTestExecutorService.submit(SameThreadHierarchicalTestExecutorService.java:35) ~[junit-platform-engine-1.10.5.jar:1.10.5]
    	at org.junit.platform.engine.support.hierarchical.HierarchicalTestExecutor.execute(HierarchicalTestExecutor.java:57) ~[junit-platform-engine-1.10.5.jar:1.10.5]
    	at org.junit.platform.engine.support.hierarchical.HierarchicalTestEngine.execute(HierarchicalTestEngine.java:54) ~[junit-platform-engine-1.10.5.jar:1.10.5]
    	at org.junit.platform.launcher.core.EngineExecutionOrchestrator.execute(EngineExecutionOrchestrator.java:198) ~[junit-platform-launcher-1.10.5.jar:1.10.5]
    	at org.junit.platform.launcher.core.EngineExecutionOrchestrator.execute(EngineExecutionOrchestrator.java:169) ~[junit-platform-launcher-1.10.5.jar:1.10.5]
    	at org.junit.platform.launcher.core.EngineExecutionOrchestrator.execute(EngineExecutionOrchestrator.java:93) ~[junit-platform-launcher-1.10.5.jar:1.10.5]
    	at org.junit.platform.launcher.core.EngineExecutionOrchestrator.lambda$execute$0(EngineExecutionOrchestrator.java:58) ~[junit-platform-launcher-1.10.5.jar:1.10.5]
    	at org.junit.platform.launcher.core.EngineExecutionOrchestrator.withInterceptedStreams(EngineExecutionOrchestrator.java:141) ~[junit-platform-launcher-1.10.5.jar:1.10.5]
    	at org.junit.platform.launcher.core.EngineExecutionOrchestrator.execute(EngineExecutionOrchestrator.java:57) ~[junit-platform-launcher-1.10.5.jar:1.10.5]
    	at org.junit.platform.launcher.core.DefaultLauncher.execute(DefaultLauncher.java:103) ~[junit-platform-launcher-1.10.5.jar:1.10.5]
    	at org.junit.platform.launcher.core.DefaultLauncher.execute(DefaultLauncher.java:85) ~[junit-platform-launcher-1.10.5.jar:1.10.5]
    	at org.junit.platform.launcher.core.DelegatingLauncher.execute(DelegatingLauncher.java:47) ~[junit-platform-launcher-1.10.5.jar:1.10.5]
    	at org.gradle.api.internal.tasks.testing.junitplatform.JUnitPlatformTestClassProcessor$CollectAllTestClassesExecutor.processAllTestClasses(JUnitPlatformTestClassProcessor.java:124) ~[na:na]
    	at org.gradle.api.internal.tasks.testing.junitplatform.JUnitPlatformTestClassProcessor$CollectAllTestClassesExecutor.access$000(JUnitPlatformTestClassProcessor.java:99) ~[na:na]
    	at org.gradle.api.internal.tasks.testing.junitplatform.JUnitPlatformTestClassProcessor.stop(JUnitPlatformTestClassProcessor.java:94) ~[na:na]
    	at org.gradle.api.internal.tasks.testing.SuiteTestClassProcessor.stop(SuiteTestClassProcessor.java:63) ~[na:na]
    	at java.base/jdk.internal.reflect.DirectMethodHandleAccessor.invoke(DirectMethodHandleAccessor.java:103) ~[na:na]
    	at java.base/java.lang.reflect.Method.invoke(Method.java:580) ~[na:na]
    	at org.gradle.internal.dispatch.ReflectionDispatch.dispatch(ReflectionDispatch.java:36) ~[na:na]
    	at org.gradle.internal.dispatch.ReflectionDispatch.dispatch(ReflectionDispatch.java:24) ~[na:na]
    	at org.gradle.internal.dispatch.ContextClassLoaderDispatch.dispatch(ContextClassLoaderDispatch.java:33) ~[na:na]
    	at org.gradle.internal.dispatch.ProxyDispatchAdapter$DispatchingInvocationHandler.invoke(ProxyDispatchAdapter.java:92) ~[na:na]
    	at jdk.proxy1/jdk.proxy1.$Proxy4.stop(Unknown Source) ~[na:na]
    	at org.gradle.api.internal.tasks.testing.worker.TestWorker$3.run(TestWorker.java:200) ~[na:na]
    	at org.gradle.api.internal.tasks.testing.worker.TestWorker.executeAndMaintainThreadName(TestWorker.java:132) ~[na:na]
    	at org.gradle.api.internal.tasks.testing.worker.TestWorker.execute(TestWorker.java:103) ~[na:na]
    	at org.gradle.api.internal.tasks.testing.worker.TestWorker.execute(TestWorker.java:63) ~[na:na]
    	at org.gradle.process.internal.worker.child.ActionExecutionWorker.execute(ActionExecutionWorker.java:56) ~[na:na]
    	at org.gradle.process.internal.worker.child.SystemApplicationClassLoaderWorker.call(SystemApplicationClassLoaderWorker.java:121) ~[na:na]
    	at org.gradle.process.internal.worker.child.SystemApplicationClassLoaderWorker.call(SystemApplicationClassLoaderWorker.java:71) ~[na:na]
    	at worker.org.gradle.process.internal.worker.GradleWorkerMain.run(GradleWorkerMain.java:69) ~[gradle-worker.jar:na]
    	at worker.org.gradle.process.internal.worker.GradleWorkerMain.main(GradleWorkerMain.java:74) ~[gradle-worker.jar:na]
    Caused by: org.springframework.data.redis.listener.adapter.RedisListenerExecutionFailedException: org.springframework.data.redis.RedisConnectionFailureException: Unable to connect to Redis
    	at org.springframework.data.redis.listener.RedisMessageListenerContainer.lazyListen(RedisMessageListenerContainer.java:383) ~[spring-data-redis-3.3.10.jar:3.3.10]
    	at org.springframework.data.redis.listener.RedisMessageListenerContainer.start(RedisMessageListenerContainer.java:361) ~[spring-data-redis-3.3.10.jar:3.3.10]
    	at org.springframework.context.support.DefaultLifecycleProcessor.doStart(DefaultLifecycleProcessor.java:285) ~[spring-context-6.1.18.jar:6.1.18]
    	... 103 common frames omitted
    Caused by: org.springframework.data.redis.RedisConnectionFailureException: Unable to connect to Redis
    	at org.springframework.data.redis.connection.lettuce.LettuceConnectionFactory$ExceptionTranslatingConnectionProvider.translateException(LettuceConnectionFactory.java:1849) ~[spring-data-redis-3.3.10.jar:3.3.10]
    	at org.springframework.data.redis.connection.lettuce.LettuceConnectionFactory$ExceptionTranslatingConnectionProvider.getConnection(LettuceConnectionFactory.java:1780) ~[spring-data-redis-3.3.10.jar:3.3.10]
    	at org.springframework.data.redis.connection.lettuce.LettuceConnectionFactory$SharedConnection.getNativeConnection(LettuceConnectionFactory.java:1582) ~[spring-data-redis-3.3.10.jar:3.3.10]
    	at org.springframework.data.redis.connection.lettuce.LettuceConnectionFactory$SharedConnection.lambda$getConnection$0(LettuceConnectionFactory.java:1562) ~[spring-data-redis-3.3.10.jar:3.3.10]
    	at org.springframework.data.redis.connection.lettuce.LettuceConnectionFactory.doInLock(LettuceConnectionFactory.java:1523) ~[spring-data-redis-3.3.10.jar:3.3.10]
    	at org.springframework.data.redis.connection.lettuce.LettuceConnectionFactory$SharedConnection.getConnection(LettuceConnectionFactory.java:1559) ~[spring-data-redis-3.3.10.jar:3.3.10]
    	at org.springframework.data.redis.connection.lettuce.LettuceConnectionFactory.getSharedConnection(LettuceConnectionFactory.java:1245) ~[spring-data-redis-3.3.10.jar:3.3.10]
    	at org.springframework.data.redis.connection.lettuce.LettuceConnectionFactory.getConnection(LettuceConnectionFactory.java:1051) ~[spring-data-redis-3.3.10.jar:3.3.10]
    	at org.springframework.data.redis.listener.RedisMessageListenerContainer$Subscriber.lambda$initialize$0(RedisMessageListenerContainer.java:1241) ~[spring-data-redis-3.3.10.jar:3.3.10]
    	at org.springframework.data.redis.listener.RedisMessageListenerContainer$Subscriber.doInLock(RedisMessageListenerContainer.java:1455) ~[spring-data-redis-3.3.10.jar:3.3.10]
    	at org.springframework.data.redis.listener.RedisMessageListenerContainer$Subscriber.initialize(RedisMessageListenerContainer.java:1235) ~[spring-data-redis-3.3.10.jar:3.3.10]
    	at org.springframework.data.redis.listener.RedisMessageListenerContainer.doSubscribe(RedisMessageListenerContainer.java:428) ~[spring-data-redis-3.3.10.jar:3.3.10]
    	at org.springframework.data.redis.listener.RedisMessageListenerContainer.lazyListen(RedisMessageListenerContainer.java:404) ~[spring-data-redis-3.3.10.jar:3.3.10]
    	at org.springframework.data.redis.listener.RedisMessageListenerContainer.lazyListen(RedisMessageListenerContainer.java:374) ~[spring-data-redis-3.3.10.jar:3.3.10]
    	... 105 common frames omitted
    Caused by: io.lettuce.core.RedisConnectionException: Unable to connect to localhost/<unresolved>:6379
    	at io.lettuce.core.RedisConnectionException.create(RedisConnectionException.java:78) ~[lettuce-core-6.3.2.RELEASE.jar:6.3.2.RELEASE/8941aea]
    	at io.lettuce.core.RedisConnectionException.create(RedisConnectionException.java:56) ~[lettuce-core-6.3.2.RELEASE.jar:6.3.2.RELEASE/8941aea]
    	at io.lettuce.core.AbstractRedisClient.getConnection(AbstractRedisClient.java:350) ~[lettuce-core-6.3.2.RELEASE.jar:6.3.2.RELEASE/8941aea]
    	at io.lettuce.core.RedisClient.connect(RedisClient.java:215) ~[lettuce-core-6.3.2.RELEASE.jar:6.3.2.RELEASE/8941aea]
    	at org.springframework.data.redis.connection.lettuce.StandaloneConnectionProvider.lambda$getConnection$1(StandaloneConnectionProvider.java:112) ~[spring-data-redis-3.3.10.jar:3.3.10]
    	at java.base/java.util.Optional.orElseGet(Optional.java:364) ~[na:na]
    	at org.springframework.data.redis.connection.lettuce.StandaloneConnectionProvider.getConnection(StandaloneConnectionProvider.java:112) ~[spring-data-redis-3.3.10.jar:3.3.10]
    	at org.springframework.data.redis.connection.lettuce.LettuceConnectionFactory$ExceptionTranslatingConnectionProvider.getConnection(LettuceConnectionFactory.java:1778) ~[spring-data-redis-3.3.10.jar:3.3.10]
    	... 117 common frames omitted
    Caused by: io.netty.channel.AbstractChannel$AnnotatedConnectException: Connection refused: getsockopt: localhost/127.0.0.1:6379
    Caused by: java.net.ConnectException: Connection refused: getsockopt
    	at java.base/sun.nio.ch.Net.pollConnect(Native Method) ~[na:na]
    	at java.base/sun.nio.ch.Net.pollConnectNow(Net.java:694) ~[na:na]
    	at java.base/sun.nio.ch.SocketChannelImpl.finishConnect(SocketChannelImpl.java:973) ~[na:na]
    	at io.netty.channel.socket.nio.NioSocketChannel.doFinishConnect(NioSocketChannel.java:336) ~[netty-transport-4.1.119.Final.jar:4.1.119.Final]
    	at io.netty.channel.nio.AbstractNioChannel$AbstractNioUnsafe.finishConnect(AbstractNioChannel.java:339) ~[netty-transport-4.1.119.Final.jar:4.1.119.Final]
    	at io.netty.channel.nio.NioEventLoop.processSelectedKey(NioEventLoop.java:784) ~[netty-transport-4.1.119.Final.jar:4.1.119.Final]
    	at io.netty.channel.nio.NioEventLoop.processSelectedKeysOptimized(NioEventLoop.java:732) ~[netty-transport-4.1.119.Final.jar:4.1.119.Final]
    	at io.netty.channel.nio.NioEventLoop.processSelectedKeys(NioEventLoop.java:658) ~[netty-transport-4.1.119.Final.jar:4.1.119.Final]
    	at io.netty.channel.nio.NioEventLoop.run(NioEventLoop.java:562) ~[netty-transport-4.1.119.Final.jar:4.1.119.Final]
    	at io.netty.util.concurrent.SingleThreadEventExecutor$4.run(SingleThreadEventExecutor.java:998) ~[netty-common-4.1.119.Final.jar:4.1.119.Final]
    	at io.netty.util.internal.ThreadExecutorMap$2.run(ThreadExecutorMap.java:74) ~[netty-common-4.1.119.Final.jar:4.1.119.Final]
    	at io.netty.util.concurrent.FastThreadLocalRunnable.run(FastThreadLocalRunnable.java:30) ~[netty-common-4.1.119.Final.jar:4.1.119.Final]
    	at java.base/java.lang.Thread.run(Thread.java:1583) ~[na:na]

    2026-04-13T12:41:34.608+09:00  WARN 4752 --- [    Test worker] o.s.test.context.TestContextManager      : Caught exception while allowing TestExecutionListener [org.springframework.test.context.web.ServletTestExecutionListener] to prepare test instance [com.coliving.global.config.SecurityRoleCoverageTest@4a3eee8e]

    java.lang.IllegalStateException: Failed to load ApplicationContext for [WebMergedContextConfiguration@3cd45cb8 testClass = com.coliving.global.config.SecurityRoleCoverageTest, locations = [], classes = [com.coliving.CoLivingApplication], contextInitializerClasses = [], activeProfiles = ["test"], propertySourceDescriptors = [], propertySourceProperties = ["org.springframework.boot.test.context.SpringBootTestContextBootstrapper=true"], contextCustomizers = [org.springframework.boot.test.autoconfigure.OnFailureConditionReportContextCustomizerFactory$OnFailureConditionReportContextCustomizer@5b7ea70d, org.springframework.boot.test.autoconfigure.actuate.observability.ObservabilityContextCustomizerFactory$DisableObservabilityContextCustomizer@1f, org.springframework.boot.test.autoconfigure.properties.PropertyMappingContextCustomizer@4b3fa0b3, org.springframework.boot.test.autoconfigure.web.servlet.WebDriverContextCustomizer@15eebbff, [ImportsContextCustomizer@4485cd1 key = [org.springframework.boot.test.autoconfigure.web.servlet.MockMvcWebDriverAutoConfiguration, org.springframework.boot.test.autoconfigure.web.servlet.MockMvcAutoConfiguration, org.springframework.boot.autoconfigure.security.oauth2.client.servlet.OAuth2ClientAutoConfiguration, org.springframework.boot.autoconfigure.security.servlet.SecurityAutoConfiguration, org.springframework.boot.autoconfigure.security.servlet.SecurityFilterAutoConfiguration, org.springframework.boot.autoconfigure.security.servlet.UserDetailsServiceAutoConfiguration, org.springframework.boot.autoconfigure.security.oauth2.resource.servlet.OAuth2ResourceServerAutoConfiguration, org.springframework.boot.test.autoconfigure.web.servlet.MockMvcSecurityConfiguration, org.springframework.boot.test.autoconfigure.web.servlet.MockMvcWebClientAutoConfiguration, org.springframework.boot.test.autoconfigure.web.reactive.WebTestClientAutoConfiguration]], org.springframework.boot.test.context.filter.ExcludeFilterContextCustomizer@2453f95d, org.springframework.boot.test.json.DuplicateJsonObjectContextCustomizerFactory$DuplicateJsonObjectContextCustomizer@3e34ace1, org.springframework.boot.test.mock.mockito.MockitoContextCustomizer@0, org.springframework.boot.test.web.client.TestRestTemplateContextCustomizer@21aa6d6c, org.springframework.boot.test.web.reactive.server.WebTestClientContextCustomizer@3f446bef, org.springframework.boot.test.web.reactor.netty.DisableReactorResourceFactoryGlobalResourcesContextCustomizerFactory$DisableReactorResourceFactoryGlobalResourcesContextCustomizerCustomizer@4d098f9b, org.springframework.boot.test.context.SpringBootTestAnnotation@3a75cc75], resourceBasePath = "src/main/webapp", contextLoader = org.springframework.boot.test.context.SpringBootContextLoader, parent = null]
    	at org.springframework.test.context.cache.DefaultCacheAwareContextLoaderDelegate.loadContext(DefaultCacheAwareContextLoaderDelegate.java:180) ~[spring-test-6.1.18.jar:6.1.18]
    	at org.springframework.test.context.support.DefaultTestContext.getApplicationContext(DefaultTestContext.java:130) ~[spring-test-6.1.18.jar:6.1.18]
    	at org.springframework.test.context.web.ServletTestExecutionListener.setUpRequestContextIfNecessary(ServletTestExecutionListener.java:191) ~[spring-test-6.1.18.jar:6.1.18]
    	at org.springframework.test.context.web.ServletTestExecutionListener.prepareTestInstance(ServletTestExecutionListener.java:130) ~[spring-test-6.1.18.jar:6.1.18]
    	at org.springframework.test.context.TestContextManager.prepareTestInstance(TestContextManager.java:260) ~[spring-test-6.1.18.jar:6.1.18]
    	at org.springframework.test.context.junit.jupiter.SpringExtension.postProcessTestInstance(SpringExtension.java:163) ~[spring-test-6.1.18.jar:6.1.18]
    	at org.junit.jupiter.engine.descriptor.ClassBasedTestDescriptor.lambda$invokeTestInstancePostProcessors$10(ClassBasedTestDescriptor.java:378) ~[junit-jupiter-engine-5.10.5.jar:5.10.5]
    	at org.junit.jupiter.engine.descriptor.ClassBasedTestDescriptor.executeAndMaskThrowable(ClassBasedTestDescriptor.java:383) ~[junit-jupiter-engine-5.10.5.jar:5.10.5]
    	at org.junit.jupiter.engine.descriptor.ClassBasedTestDescriptor.lambda$invokeTestInstancePostProcessors$11(ClassBasedTestDescriptor.java:378) ~[junit-jupiter-engine-5.10.5.jar:5.10.5]
    	at java.base/java.util.stream.ReferencePipeline$3$1.accept(ReferencePipeline.java:197) ~[na:na]
    	at java.base/java.util.stream.ReferencePipeline$2$1.accept(ReferencePipeline.java:179) ~[na:na]
    	at java.base/java.util.ArrayList$ArrayListSpliterator.forEachRemaining(ArrayList.java:1708) ~[na:na]
    	at java.base/java.util.stream.AbstractPipeline.copyInto(AbstractPipeline.java:509) ~[na:na]
    	at java.base/java.util.stream.AbstractPipeline.wrapAndCopyInto(AbstractPipeline.java:499) ~[na:na]
    	at java.base/java.util.stream.StreamSpliterators$WrappingSpliterator.forEachRemaining(StreamSpliterators.java:310) ~[na:na]
    	at java.base/java.util.stream.Streams$ConcatSpliterator.forEachRemaining(Streams.java:735) ~[na:na]
    	at java.base/java.util.stream.Streams$ConcatSpliterator.forEachRemaining(Streams.java:734) ~[na:na]
    	at java.base/java.util.stream.ReferencePipeline$Head.forEach(ReferencePipeline.java:762) ~[na:na]
    	at org.junit.jupiter.engine.descriptor.ClassBasedTestDescriptor.invokeTestInstancePostProcessors(ClassBasedTestDescriptor.java:377) ~[junit-jupiter-engine-5.10.5.jar:5.10.5]
    	at org.junit.jupiter.engine.descriptor.ClassBasedTestDescriptor.lambda$instantiateAndPostProcessTestInstance$6(ClassBasedTestDescriptor.java:290) ~[junit-jupiter-engine-5.10.5.jar:5.10.5]
    	at org.junit.platform.engine.support.hierarchical.ThrowableCollector.execute(ThrowableCollector.java:73) ~[junit-platform-engine-1.10.5.jar:1.10.5]
    	at org.junit.jupiter.engine.descriptor.ClassBasedTestDescriptor.instantiateAndPostProcessTestInstance(ClassBasedTestDescriptor.java:289) ~[junit-jupiter-engine-5.10.5.jar:5.10.5]
    	at org.junit.jupiter.engine.descriptor.ClassBasedTestDescriptor.lambda$testInstancesProvider$4(ClassBasedTestDescriptor.java:279) ~[junit-jupiter-engine-5.10.5.jar:5.10.5]
    	at java.base/java.util.Optional.orElseGet(Optional.java:364) ~[na:na]
    	at org.junit.jupiter.engine.descriptor.ClassBasedTestDescriptor.lambda$testInstancesProvider$5(ClassBasedTestDescriptor.java:278) ~[junit-jupiter-engine-5.10.5.jar:5.10.5]
    	at org.junit.jupiter.engine.execution.TestInstancesProvider.getTestInstances(TestInstancesProvider.java:31) ~[junit-jupiter-engine-5.10.5.jar:5.10.5]
    	at org.junit.jupiter.engine.descriptor.TestMethodTestDescriptor.lambda$prepare$0(TestMethodTestDescriptor.java:106) ~[junit-jupiter-engine-5.10.5.jar:5.10.5]
    	at org.junit.platform.engine.support.hierarchical.ThrowableCollector.execute(ThrowableCollector.java:73) ~[junit-platform-engine-1.10.5.jar:1.10.5]
    	at org.junit.jupiter.engine.descriptor.TestMethodTestDescriptor.prepare(TestMethodTestDescriptor.java:105) ~[junit-jupiter-engine-5.10.5.jar:5.10.5]
    	at org.junit.jupiter.engine.descriptor.TestMethodTestDescriptor.prepare(TestMethodTestDescriptor.java:69) ~[junit-jupiter-engine-5.10.5.jar:5.10.5]
    	at org.junit.platform.engine.support.hierarchical.NodeTestTask.lambda$prepare$2(NodeTestTask.java:128) ~[junit-platform-engine-1.10.5.jar:1.10.5]
    	at org.junit.platform.engine.support.hierarchical.ThrowableCollector.execute(ThrowableCollector.java:73) ~[junit-platform-engine-1.10.5.jar:1.10.5]
    	at org.junit.platform.engine.support.hierarchical.NodeTestTask.prepare(NodeTestTask.java:128) ~[junit-platform-engine-1.10.5.jar:1.10.5]
    	at org.junit.platform.engine.support.hierarchical.NodeTestTask.execute(NodeTestTask.java:95) ~[junit-platform-engine-1.10.5.jar:1.10.5]
    	at java.base/java.util.ArrayList.forEach(ArrayList.java:1596) ~[na:na]
    	at org.junit.platform.engine.support.hierarchical.SameThreadHierarchicalTestExecutorService.invokeAll(SameThreadHierarchicalTestExecutorService.java:41) ~[junit-platform-engine-1.10.5.jar:1.10.5]
    	at org.junit.platform.engine.support.hierarchical.NodeTestTask.lambda$executeRecursively$6(NodeTestTask.java:160) ~[junit-platform-engine-1.10.5.jar:1.10.5]
    	at org.junit.platform.engine.support.hierarchical.ThrowableCollector.execute(ThrowableCollector.java:73) ~[junit-platform-engine-1.10.5.jar:1.10.5]
    	at org.junit.platform.engine.support.hierarchical.NodeTestTask.lambda$executeRecursively$8(NodeTestTask.java:146) ~[junit-platform-engine-1.10.5.jar:1.10.5]
    	at org.junit.platform.engine.support.hierarchical.Node.around(Node.java:137) ~[junit-platform-engine-1.10.5.jar:1.10.5]
    	at org.junit.platform.engine.support.hierarchical.NodeTestTask.lambda$executeRecursively$9(NodeTestTask.java:144) ~[junit-platform-engine-1.10.5.jar:1.10.5]
    	at org.junit.platform.engine.support.hierarchical.ThrowableCollector.execute(ThrowableCollector.java:73) ~[junit-platform-engine-1.10.5.jar:1.10.5]
    	at org.junit.platform.engine.support.hierarchical.NodeTestTask.executeRecursively(NodeTestTask.java:143) ~[junit-platform-engine-1.10.5.jar:1.10.5]
    	at org.junit.platform.engine.support.hierarchical.NodeTestTask.execute(NodeTestTask.java:100) ~[junit-platform-engine-1.10.5.jar:1.10.5]
    	at java.base/java.util.ArrayList.forEach(ArrayList.java:1596) ~[na:na]
    	at org.junit.platform.engine.support.hierarchical.SameThreadHierarchicalTestExecutorService.invokeAll(SameThreadHierarchicalTestExecutorService.java:41) ~[junit-platform-engine-1.10.5.jar:1.10.5]
    	at org.junit.platform.engine.support.hierarchical.NodeTestTask.lambda$executeRecursively$6(NodeTestTask.java:160) ~[junit-platform-engine-1.10.5.jar:1.10.5]
    	at org.junit.platform.engine.support.hierarchical.ThrowableCollector.execute(ThrowableCollector.java:73) ~[junit-platform-engine-1.10.5.jar:1.10.5]
    	at org.junit.platform.engine.support.hierarchical.NodeTestTask.lambda$executeRecursively$8(NodeTestTask.java:146) ~[junit-platform-engine-1.10.5.jar:1.10.5]
    	at org.junit.platform.engine.support.hierarchical.Node.around(Node.java:137) ~[junit-platform-engine-1.10.5.jar:1.10.5]
    	at org.junit.platform.engine.support.hierarchical.NodeTestTask.lambda$executeRecursively$9(NodeTestTask.java:144) ~[junit-platform-engine-1.10.5.jar:1.10.5]
    	at org.junit.platform.engine.support.hierarchical.ThrowableCollector.execute(ThrowableCollector.java:73) ~[junit-platform-engine-1.10.5.jar:1.10.5]
    	at org.junit.platform.engine.support.hierarchical.NodeTestTask.executeRecursively(NodeTestTask.java:143) ~[junit-platform-engine-1.10.5.jar:1.10.5]
    	at org.junit.platform.engine.support.hierarchical.NodeTestTask.execute(NodeTestTask.java:100) ~[junit-platform-engine-1.10.5.jar:1.10.5]
    	at org.junit.platform.engine.support.hierarchical.SameThreadHierarchicalTestExecutorService.submit(SameThreadHierarchicalTestExecutorService.java:35) ~[junit-platform-engine-1.10.5.jar:1.10.5]
    	at org.junit.platform.engine.support.hierarchical.HierarchicalTestExecutor.execute(HierarchicalTestExecutor.java:57) ~[junit-platform-engine-1.10.5.jar:1.10.5]
    	at org.junit.platform.engine.support.hierarchical.HierarchicalTestEngine.execute(HierarchicalTestEngine.java:54) ~[junit-platform-engine-1.10.5.jar:1.10.5]
    	at org.junit.platform.launcher.core.EngineExecutionOrchestrator.execute(EngineExecutionOrchestrator.java:198) ~[junit-platform-launcher-1.10.5.jar:1.10.5]
    	at org.junit.platform.launcher.core.EngineExecutionOrchestrator.execute(EngineExecutionOrchestrator.java:169) ~[junit-platform-launcher-1.10.5.jar:1.10.5]
    	at org.junit.platform.launcher.core.EngineExecutionOrchestrator.execute(EngineExecutionOrchestrator.java:93) ~[junit-platform-launcher-1.10.5.jar:1.10.5]
    	at org.junit.platform.launcher.core.EngineExecutionOrchestrator.lambda$execute$0(EngineExecutionOrchestrator.java:58) ~[junit-platform-launcher-1.10.5.jar:1.10.5]
    	at org.junit.platform.launcher.core.EngineExecutionOrchestrator.withInterceptedStreams(EngineExecutionOrchestrator.java:141) ~[junit-platform-launcher-1.10.5.jar:1.10.5]
    	at org.junit.platform.launcher.core.EngineExecutionOrchestrator.execute(EngineExecutionOrchestrator.java:57) ~[junit-platform-launcher-1.10.5.jar:1.10.5]
    	at org.junit.platform.launcher.core.DefaultLauncher.execute(DefaultLauncher.java:103) ~[junit-platform-launcher-1.10.5.jar:1.10.5]
    	at org.junit.platform.launcher.core.DefaultLauncher.execute(DefaultLauncher.java:85) ~[junit-platform-launcher-1.10.5.jar:1.10.5]
    	at org.junit.platform.launcher.core.DelegatingLauncher.execute(DelegatingLauncher.java:47) ~[junit-platform-launcher-1.10.5.jar:1.10.5]
    	at org.gradle.api.internal.tasks.testing.junitplatform.JUnitPlatformTestClassProcessor$CollectAllTestClassesExecutor.processAllTestClasses(JUnitPlatformTestClassProcessor.java:124) ~[na:na]
    	at org.gradle.api.internal.tasks.testing.junitplatform.JUnitPlatformTestClassProcessor$CollectAllTestClassesExecutor.access$000(JUnitPlatformTestClassProcessor.java:99) ~[na:na]
    	at org.gradle.api.internal.tasks.testing.junitplatform.JUnitPlatformTestClassProcessor.stop(JUnitPlatformTestClassProcessor.java:94) ~[na:na]
    	at org.gradle.api.internal.tasks.testing.SuiteTestClassProcessor.stop(SuiteTestClassProcessor.java:63) ~[na:na]
    	at java.base/jdk.internal.reflect.DirectMethodHandleAccessor.invoke(DirectMethodHandleAccessor.java:103) ~[na:na]
    	at java.base/java.lang.reflect.Method.invoke(Method.java:580) ~[na:na]
    	at org.gradle.internal.dispatch.ReflectionDispatch.dispatch(ReflectionDispatch.java:36) ~[na:na]
    	at org.gradle.internal.dispatch.ReflectionDispatch.dispatch(ReflectionDispatch.java:24) ~[na:na]
    	at org.gradle.internal.dispatch.ContextClassLoaderDispatch.dispatch(ContextClassLoaderDispatch.java:33) ~[na:na]
    	at org.gradle.internal.dispatch.ProxyDispatchAdapter$DispatchingInvocationHandler.invoke(ProxyDispatchAdapter.java:92) ~[na:na]
    	at jdk.proxy1/jdk.proxy1.$Proxy4.stop(Unknown Source) ~[na:na]
    	at org.gradle.api.internal.tasks.testing.worker.TestWorker$3.run(TestWorker.java:200) ~[na:na]
    	at org.gradle.api.internal.tasks.testing.worker.TestWorker.executeAndMaintainThreadName(TestWorker.java:132) ~[na:na]
    	at org.gradle.api.internal.tasks.testing.worker.TestWorker.execute(TestWorker.java:103) ~[na:na]
    	at org.gradle.api.internal.tasks.testing.worker.TestWorker.execute(TestWorker.java:63) ~[na:na]
    	at org.gradle.process.internal.worker.child.ActionExecutionWorker.execute(ActionExecutionWorker.java:56) ~[na:na]
    	at org.gradle.process.internal.worker.child.SystemApplicationClassLoaderWorker.call(SystemApplicationClassLoaderWorker.java:121) ~[na:na]
    	at org.gradle.process.internal.worker.child.SystemApplicationClassLoaderWorker.call(SystemApplicationClassLoaderWorker.java:71) ~[na:na]
    	at worker.org.gradle.process.internal.worker.GradleWorkerMain.run(GradleWorkerMain.java:69) ~[gradle-worker.jar:na]
    	at worker.org.gradle.process.internal.worker.GradleWorkerMain.main(GradleWorkerMain.java:74) ~[gradle-worker.jar:na]
    Caused by: org.springframework.context.ApplicationContextException: Failed to start bean 'notificationRedisMessageListenerContainer'
    	at org.springframework.context.support.DefaultLifecycleProcessor.doStart(DefaultLifecycleProcessor.java:288) ~[spring-context-6.1.18.jar:6.1.18]
    	at org.springframework.context.support.DefaultLifecycleProcessor$LifecycleGroup.start(DefaultLifecycleProcessor.java:472) ~[spring-context-6.1.18.jar:6.1.18]
    	at java.base/java.lang.Iterable.forEach(Iterable.java:75) ~[na:na]
    	at org.springframework.context.support.DefaultLifecycleProcessor.startBeans(DefaultLifecycleProcessor.java:257) ~[spring-context-6.1.18.jar:6.1.18]
    	at org.springframework.context.support.DefaultLifecycleProcessor.onRefresh(DefaultLifecycleProcessor.java:202) ~[spring-context-6.1.18.jar:6.1.18]
    	at org.springframework.context.support.AbstractApplicationContext.finishRefresh(AbstractApplicationContext.java:990) ~[spring-context-6.1.18.jar:6.1.18]
    	at org.springframework.context.support.AbstractApplicationContext.refresh(AbstractApplicationContext.java:628) ~[spring-context-6.1.18.jar:6.1.18]
    	at org.springframework.boot.SpringApplication.refresh(SpringApplication.java:754) ~[spring-boot-3.3.10.jar:3.3.10]
    	at org.springframework.boot.SpringApplication.refreshContext(SpringApplication.java:456) ~[spring-boot-3.3.10.jar:3.3.10]
    	at org.springframework.boot.SpringApplication.run(SpringApplication.java:335) ~[spring-boot-3.3.10.jar:3.3.10]
    	at org.springframework.boot.test.context.SpringBootContextLoader.lambda$loadContext$3(SpringBootContextLoader.java:145) ~[spring-boot-test-3.3.10.jar:3.3.10]
    	at org.springframework.util.function.ThrowingSupplier.get(ThrowingSupplier.java:58) ~[spring-core-6.1.18.jar:6.1.18]
    	at org.springframework.util.function.ThrowingSupplier.get(ThrowingSupplier.java:46) ~[spring-core-6.1.18.jar:6.1.18]
    	at org.springframework.boot.SpringApplication.withHook(SpringApplication.java:1463) ~[spring-boot-3.3.10.jar:3.3.10]
    	at org.springframework.boot.test.context.SpringBootContextLoader$ContextLoaderHook.run(SpringBootContextLoader.java:564) ~[spring-boot-test-3.3.10.jar:3.3.10]
    	at org.springframework.boot.test.context.SpringBootContextLoader.loadContext(SpringBootContextLoader.java:145) ~[spring-boot-test-3.3.10.jar:3.3.10]
    	at org.springframework.boot.test.context.SpringBootContextLoader.loadContext(SpringBootContextLoader.java:116) ~[spring-boot-test-3.3.10.jar:3.3.10]
    	at org.springframework.test.context.cache.DefaultCacheAwareContextLoaderDelegate.loadContextInternal(DefaultCacheAwareContextLoaderDelegate.java:225) ~[spring-test-6.1.18.jar:6.1.18]
    	at org.springframework.test.context.cache.DefaultCacheAwareContextLoaderDelegate.loadContext(DefaultCacheAwareContextLoaderDelegate.java:152) ~[spring-test-6.1.18.jar:6.1.18]
    	... 85 common frames omitted
    Caused by: org.springframework.data.redis.listener.adapter.RedisListenerExecutionFailedException: org.springframework.data.redis.RedisConnectionFailureException: Unable to connect to Redis
    	at org.springframework.data.redis.listener.RedisMessageListenerContainer.lazyListen(RedisMessageListenerContainer.java:383) ~[spring-data-redis-3.3.10.jar:3.3.10]
    	at org.springframework.data.redis.listener.RedisMessageListenerContainer.start(RedisMessageListenerContainer.java:361) ~[spring-data-redis-3.3.10.jar:3.3.10]
    	at org.springframework.context.support.DefaultLifecycleProcessor.doStart(DefaultLifecycleProcessor.java:285) ~[spring-context-6.1.18.jar:6.1.18]
    	... 103 common frames omitted
    Caused by: org.springframework.data.redis.RedisConnectionFailureException: Unable to connect to Redis
    	at org.springframework.data.redis.connection.lettuce.LettuceConnectionFactory$ExceptionTranslatingConnectionProvider.translateException(LettuceConnectionFactory.java:1849) ~[spring-data-redis-3.3.10.jar:3.3.10]
    	at org.springframework.data.redis.connection.lettuce.LettuceConnectionFactory$ExceptionTranslatingConnectionProvider.getConnection(LettuceConnectionFactory.java:1780) ~[spring-data-redis-3.3.10.jar:3.3.10]
    	at org.springframework.data.redis.connection.lettuce.LettuceConnectionFactory$SharedConnection.getNativeConnection(LettuceConnectionFactory.java:1582) ~[spring-data-redis-3.3.10.jar:3.3.10]
    	at org.springframework.data.redis.connection.lettuce.LettuceConnectionFactory$SharedConnection.lambda$getConnection$0(LettuceConnectionFactory.java:1562) ~[spring-data-redis-3.3.10.jar:3.3.10]
    	at org.springframework.data.redis.connection.lettuce.LettuceConnectionFactory.doInLock(LettuceConnectionFactory.java:1523) ~[spring-data-redis-3.3.10.jar:3.3.10]
    	at org.springframework.data.redis.connection.lettuce.LettuceConnectionFactory$SharedConnection.getConnection(LettuceConnectionFactory.java:1559) ~[spring-data-redis-3.3.10.jar:3.3.10]
    	at org.springframework.data.redis.connection.lettuce.LettuceConnectionFactory.getSharedConnection(LettuceConnectionFactory.java:1245) ~[spring-data-redis-3.3.10.jar:3.3.10]
    	at org.springframework.data.redis.connection.lettuce.LettuceConnectionFactory.getConnection(LettuceConnectionFactory.java:1051) ~[spring-data-redis-3.3.10.jar:3.3.10]
    	at org.springframework.data.redis.listener.RedisMessageListenerContainer$Subscriber.lambda$initialize$0(RedisMessageListenerContainer.java:1241) ~[spring-data-redis-3.3.10.jar:3.3.10]
    	at org.springframework.data.redis.listener.RedisMessageListenerContainer$Subscriber.doInLock(RedisMessageListenerContainer.java:1455) ~[spring-data-redis-3.3.10.jar:3.3.10]
    	at org.springframework.data.redis.listener.RedisMessageListenerContainer$Subscriber.initialize(RedisMessageListenerContainer.java:1235) ~[spring-data-redis-3.3.10.jar:3.3.10]
    	at org.springframework.data.redis.listener.RedisMessageListenerContainer.doSubscribe(RedisMessageListenerContainer.java:428) ~[spring-data-redis-3.3.10.jar:3.3.10]
    	at org.springframework.data.redis.listener.RedisMessageListenerContainer.lazyListen(RedisMessageListenerContainer.java:404) ~[spring-data-redis-3.3.10.jar:3.3.10]
    	at org.springframework.data.redis.listener.RedisMessageListenerContainer.lazyListen(RedisMessageListenerContainer.java:374) ~[spring-data-redis-3.3.10.jar:3.3.10]
    	... 105 common frames omitted
    Caused by: io.lettuce.core.RedisConnectionException: Unable to connect to localhost/<unresolved>:6379
    	at io.lettuce.core.RedisConnectionException.create(RedisConnectionException.java:78) ~[lettuce-core-6.3.2.RELEASE.jar:6.3.2.RELEASE/8941aea]
    	at io.lettuce.core.RedisConnectionException.create(RedisConnectionException.java:56) ~[lettuce-core-6.3.2.RELEASE.jar:6.3.2.RELEASE/8941aea]
    	at io.lettuce.core.AbstractRedisClient.getConnection(AbstractRedisClient.java:350) ~[lettuce-core-6.3.2.RELEASE.jar:6.3.2.RELEASE/8941aea]
    	at io.lettuce.core.RedisClient.connect(RedisClient.java:215) ~[lettuce-core-6.3.2.RELEASE.jar:6.3.2.RELEASE/8941aea]
    	at org.springframework.data.redis.connection.lettuce.StandaloneConnectionProvider.lambda$getConnection$1(StandaloneConnectionProvider.java:112) ~[spring-data-redis-3.3.10.jar:3.3.10]
    	at java.base/java.util.Optional.orElseGet(Optional.java:364) ~[na:na]
    	at org.springframework.data.redis.connection.lettuce.StandaloneConnectionProvider.getConnection(StandaloneConnectionProvider.java:112) ~[spring-data-redis-3.3.10.jar:3.3.10]
    	at org.springframework.data.redis.connection.lettuce.LettuceConnectionFactory$ExceptionTranslatingConnectionProvider.getConnection(LettuceConnectionFactory.java:1778) ~[spring-data-redis-3.3.10.jar:3.3.10]
    	... 117 common frames omitted
    Caused by: io.netty.channel.AbstractChannel$AnnotatedConnectException: Connection refused: getsockopt: localhost/127.0.0.1:6379
    Caused by: java.net.ConnectException: Connection refused: getsockopt
    	at java.base/sun.nio.ch.Net.pollConnect(Native Method) ~[na:na]
    	at java.base/sun.nio.ch.Net.pollConnectNow(Net.java:694) ~[na:na]
    	at java.base/sun.nio.ch.SocketChannelImpl.finishConnect(SocketChannelImpl.java:973) ~[na:na]
    	at io.netty.channel.socket.nio.NioSocketChannel.doFinishConnect(NioSocketChannel.java:336) ~[netty-transport-4.1.119.Final.jar:4.1.119.Final]
    	at io.netty.channel.nio.AbstractNioChannel$AbstractNioUnsafe.finishConnect(AbstractNioChannel.java:339) ~[netty-transport-4.1.119.Final.jar:4.1.119.Final]
    	at io.netty.channel.nio.NioEventLoop.processSelectedKey(NioEventLoop.java:784) ~[netty-transport-4.1.119.Final.jar:4.1.119.Final]
    	at io.netty.channel.nio.NioEventLoop.processSelectedKeysOptimized(NioEventLoop.java:732) ~[netty-transport-4.1.119.Final.jar:4.1.119.Final]
    	at io.netty.channel.nio.NioEventLoop.processSelectedKeys(NioEventLoop.java:658) ~[netty-transport-4.1.119.Final.jar:4.1.119.Final]
    	at io.netty.channel.nio.NioEventLoop.run(NioEventLoop.java:562) ~[netty-transport-4.1.119.Final.jar:4.1.119.Final]
    	at io.netty.util.concurrent.SingleThreadEventExecutor$4.run(SingleThreadEventExecutor.java:998) ~[netty-common-4.1.119.Final.jar:4.1.119.Final]
    	at io.netty.util.internal.ThreadExecutorMap$2.run(ThreadExecutorMap.java:74) ~[netty-common-4.1.119.Final.jar:4.1.119.Final]
    	at io.netty.util.concurrent.FastThreadLocalRunnable.run(FastThreadLocalRunnable.java:30) ~[netty-common-4.1.119.Final.jar:4.1.119.Final]
    	at java.base/java.lang.Thread.run(Thread.java:1583) ~[na:na]


SecurityRoleCoverageTest > Device API - 沅뚰븳蹂??묎렐 ?뚯뒪??(RESIDENT, ADMIN ?덉슜) FAILED
    java.lang.IllegalStateException: Failed to load ApplicationContext for [WebMergedContextConfiguration@3cd45cb8 testClass = com.coliving.global.config.SecurityRoleCoverageTest, locations = [], classes = [com.coliving.CoLivingApplication], contextInitializerClasses = [], activeProfiles = ["test"], propertySourceDescriptors = [], propertySourceProperties = ["org.springframework.boot.test.context.SpringBootTestContextBootstrapper=true"], contextCustomizers = [org.springframework.boot.test.autoconfigure.OnFailureConditionReportContextCustomizerFactory$OnFailureConditionReportContextCustomizer@5b7ea70d, org.springframework.boot.test.autoconfigure.actuate.observability.ObservabilityContextCustomizerFactory$DisableObservabilityContextCustomizer@1f, org.springframework.boot.test.autoconfigure.properties.PropertyMappingContextCustomizer@4b3fa0b3, org.springframework.boot.test.autoconfigure.web.servlet.WebDriverContextCustomizer@15eebbff, [ImportsContextCustomizer@4485cd1 key = [org.springframework.boot.test.autoconfigure.web.servlet.MockMvcWebDriverAutoConfiguration, org.springframework.boot.test.autoconfigure.web.servlet.MockMvcAutoConfiguration, org.springframework.boot.autoconfigure.security.oauth2.client.servlet.OAuth2ClientAutoConfiguration, org.springframework.boot.autoconfigure.security.servlet.SecurityAutoConfiguration, org.springframework.boot.autoconfigure.security.servlet.SecurityFilterAutoConfiguration, org.springframework.boot.autoconfigure.security.servlet.UserDetailsServiceAutoConfiguration, org.springframework.boot.autoconfigure.security.oauth2.resource.servlet.OAuth2ResourceServerAutoConfiguration, org.springframework.boot.test.autoconfigure.web.servlet.MockMvcSecurityConfiguration, org.springframework.boot.test.autoconfigure.web.servlet.MockMvcWebClientAutoConfiguration, org.springframework.boot.test.autoconfigure.web.reactive.WebTestClientAutoConfiguration]], org.springframework.boot.test.context.filter.ExcludeFilterContextCustomizer@2453f95d, org.springframework.boot.test.json.DuplicateJsonObjectContextCustomizerFactory$DuplicateJsonObjectContextCustomizer@3e34ace1, org.springframework.boot.test.mock.mockito.MockitoContextCustomizer@0, org.springframework.boot.test.web.client.TestRestTemplateContextCustomizer@21aa6d6c, org.springframework.boot.test.web.reactive.server.WebTestClientContextCustomizer@3f446bef, org.springframework.boot.test.web.reactor.netty.DisableReactorResourceFactoryGlobalResourcesContextCustomizerFactory$DisableReactorResourceFactoryGlobalResourcesContextCustomizerCustomizer@4d098f9b, org.springframework.boot.test.context.SpringBootTestAnnotation@3a75cc75], resourceBasePath = "src/main/webapp", contextLoader = org.springframework.boot.test.context.SpringBootContextLoader, parent = null]
        at org.springframework.test.context.cache.DefaultCacheAwareContextLoaderDelegate.loadContext(DefaultCacheAwareContextLoaderDelegate.java:180)
        at org.springframework.test.context.support.DefaultTestContext.getApplicationContext(DefaultTestContext.java:130)
        at org.springframework.test.context.web.ServletTestExecutionListener.setUpRequestContextIfNecessary(ServletTestExecutionListener.java:191)
        at org.springframework.test.context.web.ServletTestExecutionListener.prepareTestInstance(ServletTestExecutionListener.java:130)
        at org.springframework.test.context.TestContextManager.prepareTestInstance(TestContextManager.java:260)
        at org.springframework.test.context.junit.jupiter.SpringExtension.postProcessTestInstance(SpringExtension.java:163)
        at java.base/java.util.stream.ReferencePipeline$3$1.accept(ReferencePipeline.java:197)
        at java.base/java.util.stream.ReferencePipeline$2$1.accept(ReferencePipeline.java:179)
        at java.base/java.util.ArrayList$ArrayListSpliterator.forEachRemaining(ArrayList.java:1708)
        at java.base/java.util.stream.AbstractPipeline.copyInto(AbstractPipeline.java:509)
        at java.base/java.util.stream.AbstractPipeline.wrapAndCopyInto(AbstractPipeline.java:499)
        at java.base/java.util.stream.StreamSpliterators$WrappingSpliterator.forEachRemaining(StreamSpliterators.java:310)
        at java.base/java.util.stream.Streams$ConcatSpliterator.forEachRemaining(Streams.java:735)
        at java.base/java.util.stream.Streams$ConcatSpliterator.forEachRemaining(Streams.java:734)
        at java.base/java.util.stream.ReferencePipeline$Head.forEach(ReferencePipeline.java:762)
        at java.base/java.util.Optional.orElseGet(Optional.java:364)
        at java.base/java.util.ArrayList.forEach(ArrayList.java:1596)
        at java.base/java.util.ArrayList.forEach(ArrayList.java:1596)

        Caused by:
        org.springframework.context.ApplicationContextException: Failed to start bean 'notificationRedisMessageListenerContainer'
            at app//org.springframework.context.support.DefaultLifecycleProcessor.doStart(DefaultLifecycleProcessor.java:288)
            at app//org.springframework.context.support.DefaultLifecycleProcessor$LifecycleGroup.start(DefaultLifecycleProcessor.java:472)
            at java.base@21.0.10/java.lang.Iterable.forEach(Iterable.java:75)
            at app//org.springframework.context.support.DefaultLifecycleProcessor.startBeans(DefaultLifecycleProcessor.java:257)
            at app//org.springframework.context.support.DefaultLifecycleProcessor.onRefresh(DefaultLifecycleProcessor.java:202)
            at app//org.springframework.context.support.AbstractApplicationContext.finishRefresh(AbstractApplicationContext.java:990)
            at app//org.springframework.context.support.AbstractApplicationContext.refresh(AbstractApplicationContext.java:628)
            at app//org.springframework.boot.SpringApplication.refresh(SpringApplication.java:754)
            at app//org.springframework.boot.SpringApplication.refreshContext(SpringApplication.java:456)
            at app//org.springframework.boot.SpringApplication.run(SpringApplication.java:335)
            at app//org.springframework.boot.test.context.SpringBootContextLoader.lambda$loadContext$3(SpringBootContextLoader.java:145)
            at app//org.springframework.util.function.ThrowingSupplier.get(ThrowingSupplier.java:58)
            at app//org.springframework.util.function.ThrowingSupplier.get(ThrowingSupplier.java:46)
            at app//org.springframework.boot.SpringApplication.withHook(SpringApplication.java:1463)
            at app//org.springframework.boot.test.context.SpringBootContextLoader$ContextLoaderHook.run(SpringBootContextLoader.java:564)
            at app//org.springframework.boot.test.context.SpringBootContextLoader.loadContext(SpringBootContextLoader.java:145)
            at app//org.springframework.boot.test.context.SpringBootContextLoader.loadContext(SpringBootContextLoader.java:116)
            at app//org.springframework.test.context.cache.DefaultCacheAwareContextLoaderDelegate.loadContextInternal(DefaultCacheAwareContextLoaderDelegate.java:225)
            at app//org.springframework.test.context.cache.DefaultCacheAwareContextLoaderDelegate.loadContext(DefaultCacheAwareContextLoaderDelegate.java:152)
            ... 17 more

            Caused by:
            org.springframework.data.redis.listener.adapter.RedisListenerExecutionFailedException: org.springframework.data.redis.RedisConnectionFailureException: Unable to connect to Redis
                at app//org.springframework.data.redis.listener.RedisMessageListenerContainer.lazyListen(RedisMessageListenerContainer.java:383)
                at app//org.springframework.data.redis.listener.RedisMessageListenerContainer.start(RedisMessageListenerContainer.java:361)
                at app//org.springframework.context.support.DefaultLifecycleProcessor.doStart(DefaultLifecycleProcessor.java:285)
                ... 35 more

                Caused by:
                org.springframework.data.redis.RedisConnectionFailureException: Unable to connect to Redis
                    at app//org.springframework.data.redis.connection.lettuce.LettuceConnectionFactory$ExceptionTranslatingConnectionProvider.translateException(LettuceConnectionFactory.java:1849)
                    at app//org.springframework.data.redis.connection.lettuce.LettuceConnectionFactory$ExceptionTranslatingConnectionProvider.getConnection(LettuceConnectionFactory.java:1780)
                    at app//org.springframework.data.redis.connection.lettuce.LettuceConnectionFactory$SharedConnection.getNativeConnection(LettuceConnectionFactory.java:1582)
                    at app//org.springframework.data.redis.connection.lettuce.LettuceConnectionFactory$SharedConnection.lambda$getConnection$0(LettuceConnectionFactory.java:1562)
                    at app//org.springframework.data.redis.connection.lettuce.LettuceConnectionFactory.doInLock(LettuceConnectionFactory.java:1523)
                    at app//org.springframework.data.redis.connection.lettuce.LettuceConnectionFactory$SharedConnection.getConnection(LettuceConnectionFactory.java:1559)
                    at app//org.springframework.data.redis.connection.lettuce.LettuceConnectionFactory.getSharedConnection(LettuceConnectionFactory.java:1245)
                    at app//org.springframework.data.redis.connection.lettuce.LettuceConnectionFactory.getConnection(LettuceConnectionFactory.java:1051)
                    at app//org.springframework.data.redis.listener.RedisMessageListenerContainer$Subscriber.lambda$initialize$0(RedisMessageListenerContainer.java:1241)
                    at app//org.springframework.data.redis.listener.RedisMessageListenerContainer$Subscriber.doInLock(RedisMessageListenerContainer.java:1455)
                    at app//org.springframework.data.redis.listener.RedisMessageListenerContainer$Subscriber.initialize(RedisMessageListenerContainer.java:1235)
                    at app//org.springframework.data.redis.listener.RedisMessageListenerContainer.doSubscribe(RedisMessageListenerContainer.java:428)
                    at app//org.springframework.data.redis.listener.RedisMessageListenerContainer.lazyListen(RedisMessageListenerContainer.java:404)
                    at app//org.springframework.data.redis.listener.RedisMessageListenerContainer.lazyListen(RedisMessageListenerContainer.java:374)
                    ... 37 more

                    Caused by:
                    io.lettuce.core.RedisConnectionException: Unable to connect to localhost/<unresolved>:6379
                        at app//io.lettuce.core.RedisConnectionException.create(RedisConnectionException.java:78)
                        at app//io.lettuce.core.RedisConnectionException.create(RedisConnectionException.java:56)
                        at app//io.lettuce.core.AbstractRedisClient.getConnection(AbstractRedisClient.java:350)
                        at app//io.lettuce.core.RedisClient.connect(RedisClient.java:215)
                        at app//org.springframework.data.redis.connection.lettuce.StandaloneConnectionProvider.lambda$getConnection$1(StandaloneConnectionProvider.java:112)
                        at java.base@21.0.10/java.util.Optional.orElseGet(Optional.java:364)
                        at app//org.springframework.data.redis.connection.lettuce.StandaloneConnectionProvider.getConnection(StandaloneConnectionProvider.java:112)
                        at app//org.springframework.data.redis.connection.lettuce.LettuceConnectionFactory$ExceptionTranslatingConnectionProvider.getConnection(LettuceConnectionFactory.java:1778)
                        ... 49 more

                        Caused by:
                        io.netty.channel.AbstractChannel$AnnotatedConnectException: Connection refused: getsockopt: localhost/127.0.0.1:6379

                            Caused by:
                            java.net.ConnectException: Connection refused: getsockopt
                                at java.base/sun.nio.ch.Net.pollConnect(Native Method)
                                at java.base/sun.nio.ch.Net.pollConnectNow(Net.java:694)
                                at java.base/sun.nio.ch.SocketChannelImpl.finishConnect(SocketChannelImpl.java:973)
                                at io.netty.channel.socket.nio.NioSocketChannel.doFinishConnect(NioSocketChannel.java:336)
                                at io.netty.channel.nio.AbstractNioChannel$AbstractNioUnsafe.finishConnect(AbstractNioChannel.java:339)
                                at io.netty.channel.nio.NioEventLoop.processSelectedKey(NioEventLoop.java:784)
                                at io.netty.channel.nio.NioEventLoop.processSelectedKeysOptimized(NioEventLoop.java:732)
                                at io.netty.channel.nio.NioEventLoop.processSelectedKeys(NioEventLoop.java:658)
                                at io.netty.channel.nio.NioEventLoop.run(NioEventLoop.java:562)
                                at io.netty.util.concurrent.SingleThreadEventExecutor$4.run(SingleThreadEventExecutor.java:998)
                                at io.netty.util.internal.ThreadExecutorMap$2.run(ThreadExecutorMap.java:74)
                                at io.netty.util.concurrent.FastThreadLocalRunnable.run(FastThreadLocalRunnable.java:30)
                                at java.base/java.lang.Thread.run(Thread.java:1583)

SecurityRoleCoverageTest STANDARD_OUT
    2026-04-13T12:41:34.641+09:00  WARN 4752 --- [    Test worker] o.s.test.context.TestContextManager      : Caught exception while allowing TestExecutionListener [org.springframework.test.context.web.ServletTestExecutionListener] to prepare test instance [com.coliving.global.config.SecurityRoleCoverageTest@4ea4e614]

    java.lang.IllegalStateException: ApplicationContext failure threshold (1) exceeded: skipping repeated attempt to load context for [WebMergedContextConfiguration@3cd45cb8 testClass = com.coliving.global.config.SecurityRoleCoverageTest, locations = [], classes = [com.coliving.CoLivingApplication], contextInitializerClasses = [], activeProfiles = ["test"], propertySourceDescriptors = [], propertySourceProperties = ["org.springframework.boot.test.context.SpringBootTestContextBootstrapper=true"], contextCustomizers = [org.springframework.boot.test.autoconfigure.OnFailureConditionReportContextCustomizerFactory$OnFailureConditionReportContextCustomizer@5b7ea70d, org.springframework.boot.test.autoconfigure.actuate.observability.ObservabilityContextCustomizerFactory$DisableObservabilityContextCustomizer@1f, org.springframework.boot.test.autoconfigure.properties.PropertyMappingContextCustomizer@4b3fa0b3, org.springframework.boot.test.autoconfigure.web.servlet.WebDriverContextCustomizer@15eebbff, [ImportsContextCustomizer@4485cd1 key = [org.springframework.boot.test.autoconfigure.web.servlet.MockMvcWebDriverAutoConfiguration, org.springframework.boot.test.autoconfigure.web.servlet.MockMvcAutoConfiguration, org.springframework.boot.autoconfigure.security.oauth2.client.servlet.OAuth2ClientAutoConfiguration, org.springframework.boot.autoconfigure.security.servlet.SecurityAutoConfiguration, org.springframework.boot.autoconfigure.security.servlet.SecurityFilterAutoConfiguration, org.springframework.boot.autoconfigure.security.servlet.UserDetailsServiceAutoConfiguration, org.springframework.boot.autoconfigure.security.oauth2.resource.servlet.OAuth2ResourceServerAutoConfiguration, org.springframework.boot.test.autoconfigure.web.servlet.MockMvcSecurityConfiguration, org.springframework.boot.test.autoconfigure.web.servlet.MockMvcWebClientAutoConfiguration, org.springframework.boot.test.autoconfigure.web.reactive.WebTestClientAutoConfiguration]], org.springframework.boot.test.context.filter.ExcludeFilterContextCustomizer@2453f95d, org.springframework.boot.test.json.DuplicateJsonObjectContextCustomizerFactory$DuplicateJsonObjectContextCustomizer@3e34ace1, org.springframework.boot.test.mock.mockito.MockitoContextCustomizer@0, org.springframework.boot.test.web.client.TestRestTemplateContextCustomizer@21aa6d6c, org.springframework.boot.test.web.reactive.server.WebTestClientContextCustomizer@3f446bef, org.springframework.boot.test.web.reactor.netty.DisableReactorResourceFactoryGlobalResourcesContextCustomizerFactory$DisableReactorResourceFactoryGlobalResourcesContextCustomizerCustomizer@4d098f9b, org.springframework.boot.test.context.SpringBootTestAnnotation@3a75cc75], resourceBasePath = "src/main/webapp", contextLoader = org.springframework.boot.test.context.SpringBootContextLoader, parent = null]
    	at org.springframework.test.context.cache.DefaultCacheAwareContextLoaderDelegate.loadContext(DefaultCacheAwareContextLoaderDelegate.java:145) ~[spring-test-6.1.18.jar:6.1.18]
    	at org.springframework.test.context.support.DefaultTestContext.getApplicationContext(DefaultTestContext.java:130) ~[spring-test-6.1.18.jar:6.1.18]
    	at org.springframework.test.context.web.ServletTestExecutionListener.setUpRequestContextIfNecessary(ServletTestExecutionListener.java:191) ~[spring-test-6.1.18.jar:6.1.18]
    	at org.springframework.test.context.web.ServletTestExecutionListener.prepareTestInstance(ServletTestExecutionListener.java:130) ~[spring-test-6.1.18.jar:6.1.18]
    	at org.springframework.test.context.TestContextManager.prepareTestInstance(TestContextManager.java:260) ~[spring-test-6.1.18.jar:6.1.18]
    	at org.springframework.test.context.junit.jupiter.SpringExtension.postProcessTestInstance(SpringExtension.java:163) ~[spring-test-6.1.18.jar:6.1.18]
    	at org.junit.jupiter.engine.descriptor.ClassBasedTestDescriptor.lambda$invokeTestInstancePostProcessors$10(ClassBasedTestDescriptor.java:378) ~[junit-jupiter-engine-5.10.5.jar:5.10.5]
    	at org.junit.jupiter.engine.descriptor.ClassBasedTestDescriptor.executeAndMaskThrowable(ClassBasedTestDescriptor.java:383) ~[junit-jupiter-engine-5.10.5.jar:5.10.5]
    	at org.junit.jupiter.engine.descriptor.ClassBasedTestDescriptor.lambda$invokeTestInstancePostProcessors$11(ClassBasedTestDescriptor.java:378) ~[junit-jupiter-engine-5.10.5.jar:5.10.5]
    	at java.base/java.util.stream.ReferencePipeline$3$1.accept(ReferencePipeline.java:197) ~[na:na]
    	at java.base/java.util.stream.ReferencePipeline$2$1.accept(ReferencePipeline.java:179) ~[na:na]
    	at java.base/java.util.ArrayList$ArrayListSpliterator.forEachRemaining(ArrayList.java:1708) ~[na:na]
    	at java.base/java.util.stream.AbstractPipeline.copyInto(AbstractPipeline.java:509) ~[na:na]
    	at java.base/java.util.stream.AbstractPipeline.wrapAndCopyInto(AbstractPipeline.java:499) ~[na:na]
    	at java.base/java.util.stream.StreamSpliterators$WrappingSpliterator.forEachRemaining(StreamSpliterators.java:310) ~[na:na]
    	at java.base/java.util.stream.Streams$ConcatSpliterator.forEachRemaining(Streams.java:735) ~[na:na]
    	at java.base/java.util.stream.Streams$ConcatSpliterator.forEachRemaining(Streams.java:734) ~[na:na]
    	at java.base/java.util.stream.ReferencePipeline$Head.forEach(ReferencePipeline.java:762) ~[na:na]
    	at org.junit.jupiter.engine.descriptor.ClassBasedTestDescriptor.invokeTestInstancePostProcessors(ClassBasedTestDescriptor.java:377) ~[junit-jupiter-engine-5.10.5.jar:5.10.5]
    	at org.junit.jupiter.engine.descriptor.ClassBasedTestDescriptor.lambda$instantiateAndPostProcessTestInstance$6(ClassBasedTestDescriptor.java:290) ~[junit-jupiter-engine-5.10.5.jar:5.10.5]
    	at org.junit.platform.engine.support.hierarchical.ThrowableCollector.execute(ThrowableCollector.java:73) ~[junit-platform-engine-1.10.5.jar:1.10.5]
    	at org.junit.jupiter.engine.descriptor.ClassBasedTestDescriptor.instantiateAndPostProcessTestInstance(ClassBasedTestDescriptor.java:289) ~[junit-jupiter-engine-5.10.5.jar:5.10.5]
    	at org.junit.jupiter.engine.descriptor.ClassBasedTestDescriptor.lambda$testInstancesProvider$4(ClassBasedTestDescriptor.java:279) ~[junit-jupiter-engine-5.10.5.jar:5.10.5]
    	at java.base/java.util.Optional.orElseGet(Optional.java:364) ~[na:na]
    	at org.junit.jupiter.engine.descriptor.ClassBasedTestDescriptor.lambda$testInstancesProvider$5(ClassBasedTestDescriptor.java:278) ~[junit-jupiter-engine-5.10.5.jar:5.10.5]
    	at org.junit.jupiter.engine.execution.TestInstancesProvider.getTestInstances(TestInstancesProvider.java:31) ~[junit-jupiter-engine-5.10.5.jar:5.10.5]
    	at org.junit.jupiter.engine.descriptor.TestMethodTestDescriptor.lambda$prepare$0(TestMethodTestDescriptor.java:106) ~[junit-jupiter-engine-5.10.5.jar:5.10.5]
    	at org.junit.platform.engine.support.hierarchical.ThrowableCollector.execute(ThrowableCollector.java:73) ~[junit-platform-engine-1.10.5.jar:1.10.5]
    	at org.junit.jupiter.engine.descriptor.TestMethodTestDescriptor.prepare(TestMethodTestDescriptor.java:105) ~[junit-jupiter-engine-5.10.5.jar:5.10.5]
    	at org.junit.jupiter.engine.descriptor.TestMethodTestDescriptor.prepare(TestMethodTestDescriptor.java:69) ~[junit-jupiter-engine-5.10.5.jar:5.10.5]
    	at org.junit.platform.engine.support.hierarchical.NodeTestTask.lambda$prepare$2(NodeTestTask.java:128) ~[junit-platform-engine-1.10.5.jar:1.10.5]
    	at org.junit.platform.engine.support.hierarchical.ThrowableCollector.execute(ThrowableCollector.java:73) ~[junit-platform-engine-1.10.5.jar:1.10.5]
    	at org.junit.platform.engine.support.hierarchical.NodeTestTask.prepare(NodeTestTask.java:128) ~[junit-platform-engine-1.10.5.jar:1.10.5]
    	at org.junit.platform.engine.support.hierarchical.NodeTestTask.execute(NodeTestTask.java:95) ~[junit-platform-engine-1.10.5.jar:1.10.5]
    	at java.base/java.util.ArrayList.forEach(ArrayList.java:1596) ~[na:na]
    	at org.junit.platform.engine.support.hierarchical.SameThreadHierarchicalTestExecutorService.invokeAll(SameThreadHierarchicalTestExecutorService.java:41) ~[junit-platform-engine-1.10.5.jar:1.10.5]
    	at org.junit.platform.engine.support.hierarchical.NodeTestTask.lambda$executeRecursively$6(NodeTestTask.java:160) ~[junit-platform-engine-1.10.5.jar:1.10.5]
    	at org.junit.platform.engine.support.hierarchical.ThrowableCollector.execute(ThrowableCollector.java:73) ~[junit-platform-engine-1.10.5.jar:1.10.5]
    	at org.junit.platform.engine.support.hierarchical.NodeTestTask.lambda$executeRecursively$8(NodeTestTask.java:146) ~[junit-platform-engine-1.10.5.jar:1.10.5]
    	at org.junit.platform.engine.support.hierarchical.Node.around(Node.java:137) ~[junit-platform-engine-1.10.5.jar:1.10.5]
    	at org.junit.platform.engine.support.hierarchical.NodeTestTask.lambda$executeRecursively$9(NodeTestTask.java:144) ~[junit-platform-engine-1.10.5.jar:1.10.5]
    	at org.junit.platform.engine.support.hierarchical.ThrowableCollector.execute(ThrowableCollector.java:73) ~[junit-platform-engine-1.10.5.jar:1.10.5]
    	at org.junit.platform.engine.support.hierarchical.NodeTestTask.executeRecursively(NodeTestTask.java:143) ~[junit-platform-engine-1.10.5.jar:1.10.5]
    	at org.junit.platform.engine.support.hierarchical.NodeTestTask.execute(NodeTestTask.java:100) ~[junit-platform-engine-1.10.5.jar:1.10.5]
    	at java.base/java.util.ArrayList.forEach(ArrayList.java:1596) ~[na:na]
    	at org.junit.platform.engine.support.hierarchical.SameThreadHierarchicalTestExecutorService.invokeAll(SameThreadHierarchicalTestExecutorService.java:41) ~[junit-platform-engine-1.10.5.jar:1.10.5]
    	at org.junit.platform.engine.support.hierarchical.NodeTestTask.lambda$executeRecursively$6(NodeTestTask.java:160) ~[junit-platform-engine-1.10.5.jar:1.10.5]
    	at org.junit.platform.engine.support.hierarchical.ThrowableCollector.execute(ThrowableCollector.java:73) ~[junit-platform-engine-1.10.5.jar:1.10.5]
    	at org.junit.platform.engine.support.hierarchical.NodeTestTask.lambda$executeRecursively$8(NodeTestTask.java:146) ~[junit-platform-engine-1.10.5.jar:1.10.5]
    	at org.junit.platform.engine.support.hierarchical.Node.around(Node.java:137) ~[junit-platform-engine-1.10.5.jar:1.10.5]
    	at org.junit.platform.engine.support.hierarchical.NodeTestTask.lambda$executeRecursively$9(NodeTestTask.java:144) ~[junit-platform-engine-1.10.5.jar:1.10.5]
    	at org.junit.platform.engine.support.hierarchical.ThrowableCollector.execute(ThrowableCollector.java:73) ~[junit-platform-engine-1.10.5.jar:1.10.5]
    	at org.junit.platform.engine.support.hierarchical.NodeTestTask.executeRecursively(NodeTestTask.java:143) ~[junit-platform-engine-1.10.5.jar:1.10.5]
    	at org.junit.platform.engine.support.hierarchical.NodeTestTask.execute(NodeTestTask.java:100) ~[junit-platform-engine-1.10.5.jar:1.10.5]
    	at org.junit.platform.engine.support.hierarchical.SameThreadHierarchicalTestExecutorService.submit(SameThreadHierarchicalTestExecutorService.java:35) ~[junit-platform-engine-1.10.5.jar:1.10.5]
    	at org.junit.platform.engine.support.hierarchical.HierarchicalTestExecutor.execute(HierarchicalTestExecutor.java:57) ~[junit-platform-engine-1.10.5.jar:1.10.5]
    	at org.junit.platform.engine.support.hierarchical.HierarchicalTestEngine.execute(HierarchicalTestEngine.java:54) ~[junit-platform-engine-1.10.5.jar:1.10.5]
    	at org.junit.platform.launcher.core.EngineExecutionOrchestrator.execute(EngineExecutionOrchestrator.java:198) ~[junit-platform-launcher-1.10.5.jar:1.10.5]
    	at org.junit.platform.launcher.core.EngineExecutionOrchestrator.execute(EngineExecutionOrchestrator.java:169) ~[junit-platform-launcher-1.10.5.jar:1.10.5]
    	at org.junit.platform.launcher.core.EngineExecutionOrchestrator.execute(EngineExecutionOrchestrator.java:93) ~[junit-platform-launcher-1.10.5.jar:1.10.5]
    	at org.junit.platform.launcher.core.EngineExecutionOrchestrator.lambda$execute$0(EngineExecutionOrchestrator.java:58) ~[junit-platform-launcher-1.10.5.jar:1.10.5]
    	at org.junit.platform.launcher.core.EngineExecutionOrchestrator.withInterceptedStreams(EngineExecutionOrchestrator.java:141) ~[junit-platform-launcher-1.10.5.jar:1.10.5]
    	at org.junit.platform.launcher.core.EngineExecutionOrchestrator.execute(EngineExecutionOrchestrator.java:57) ~[junit-platform-launcher-1.10.5.jar:1.10.5]
    	at org.junit.platform.launcher.core.DefaultLauncher.execute(DefaultLauncher.java:103) ~[junit-platform-launcher-1.10.5.jar:1.10.5]
    	at org.junit.platform.launcher.core.DefaultLauncher.execute(DefaultLauncher.java:85) ~[junit-platform-launcher-1.10.5.jar:1.10.5]
    	at org.junit.platform.launcher.core.DelegatingLauncher.execute(DelegatingLauncher.java:47) ~[junit-platform-launcher-1.10.5.jar:1.10.5]
    	at org.gradle.api.internal.tasks.testing.junitplatform.JUnitPlatformTestClassProcessor$CollectAllTestClassesExecutor.processAllTestClasses(JUnitPlatformTestClassProcessor.java:124) ~[na:na]
    	at org.gradle.api.internal.tasks.testing.junitplatform.JUnitPlatformTestClassProcessor$CollectAllTestClassesExecutor.access$000(JUnitPlatformTestClassProcessor.java:99) ~[na:na]
    	at org.gradle.api.internal.tasks.testing.junitplatform.JUnitPlatformTestClassProcessor.stop(JUnitPlatformTestClassProcessor.java:94) ~[na:na]
    	at org.gradle.api.internal.tasks.testing.SuiteTestClassProcessor.stop(SuiteTestClassProcessor.java:63) ~[na:na]
    	at java.base/jdk.internal.reflect.DirectMethodHandleAccessor.invoke(DirectMethodHandleAccessor.java:103) ~[na:na]
    	at java.base/java.lang.reflect.Method.invoke(Method.java:580) ~[na:na]
    	at org.gradle.internal.dispatch.ReflectionDispatch.dispatch(ReflectionDispatch.java:36) ~[na:na]
    	at org.gradle.internal.dispatch.ReflectionDispatch.dispatch(ReflectionDispatch.java:24) ~[na:na]
    	at org.gradle.internal.dispatch.ContextClassLoaderDispatch.dispatch(ContextClassLoaderDispatch.java:33) ~[na:na]
    	at org.gradle.internal.dispatch.ProxyDispatchAdapter$DispatchingInvocationHandler.invoke(ProxyDispatchAdapter.java:92) ~[na:na]
    	at jdk.proxy1/jdk.proxy1.$Proxy4.stop(Unknown Source) ~[na:na]
    	at org.gradle.api.internal.tasks.testing.worker.TestWorker$3.run(TestWorker.java:200) ~[na:na]
    	at org.gradle.api.internal.tasks.testing.worker.TestWorker.executeAndMaintainThreadName(TestWorker.java:132) ~[na:na]
    	at org.gradle.api.internal.tasks.testing.worker.TestWorker.execute(TestWorker.java:103) ~[na:na]
    	at org.gradle.api.internal.tasks.testing.worker.TestWorker.execute(TestWorker.java:63) ~[na:na]
    	at org.gradle.process.internal.worker.child.ActionExecutionWorker.execute(ActionExecutionWorker.java:56) ~[na:na]
    	at org.gradle.process.internal.worker.child.SystemApplicationClassLoaderWorker.call(SystemApplicationClassLoaderWorker.java:121) ~[na:na]
    	at org.gradle.process.internal.worker.child.SystemApplicationClassLoaderWorker.call(SystemApplicationClassLoaderWorker.java:71) ~[na:na]
    	at worker.org.gradle.process.internal.worker.GradleWorkerMain.run(GradleWorkerMain.java:69) ~[gradle-worker.jar:na]
    	at worker.org.gradle.process.internal.worker.GradleWorkerMain.main(GradleWorkerMain.java:74) ~[gradle-worker.jar:na]


SecurityRoleCoverageTest > testVocApiResident() FAILED
    java.lang.IllegalStateException: ApplicationContext failure threshold (1) exceeded: skipping repeated attempt to load context for [WebMergedContextConfiguration@3cd45cb8 testClass = com.coliving.global.config.SecurityRoleCoverageTest, locations = [], classes = [com.coliving.CoLivingApplication], contextInitializerClasses = [], activeProfiles = ["test"], propertySourceDescriptors = [], propertySourceProperties = ["org.springframework.boot.test.context.SpringBootTestContextBootstrapper=true"], contextCustomizers = [org.springframework.boot.test.autoconfigure.OnFailureConditionReportContextCustomizerFactory$OnFailureConditionReportContextCustomizer@5b7ea70d, org.springframework.boot.test.autoconfigure.actuate.observability.ObservabilityContextCustomizerFactory$DisableObservabilityContextCustomizer@1f, org.springframework.boot.test.autoconfigure.properties.PropertyMappingContextCustomizer@4b3fa0b3, org.springframework.boot.test.autoconfigure.web.servlet.WebDriverContextCustomizer@15eebbff, [ImportsContextCustomizer@4485cd1 key = [org.springframework.boot.test.autoconfigure.web.servlet.MockMvcWebDriverAutoConfiguration, org.springframework.boot.test.autoconfigure.web.servlet.MockMvcAutoConfiguration, org.springframework.boot.autoconfigure.security.oauth2.client.servlet.OAuth2ClientAutoConfiguration, org.springframework.boot.autoconfigure.security.servlet.SecurityAutoConfiguration, org.springframework.boot.autoconfigure.security.servlet.SecurityFilterAutoConfiguration, org.springframework.boot.autoconfigure.security.servlet.UserDetailsServiceAutoConfiguration, org.springframework.boot.autoconfigure.security.oauth2.resource.servlet.OAuth2ResourceServerAutoConfiguration, org.springframework.boot.test.autoconfigure.web.servlet.MockMvcSecurityConfiguration, org.springframework.boot.test.autoconfigure.web.servlet.MockMvcWebClientAutoConfiguration, org.springframework.boot.test.autoconfigure.web.reactive.WebTestClientAutoConfiguration]], org.springframework.boot.test.context.filter.ExcludeFilterContextCustomizer@2453f95d, org.springframework.boot.test.json.DuplicateJsonObjectContextCustomizerFactory$DuplicateJsonObjectContextCustomizer@3e34ace1, org.springframework.boot.test.mock.mockito.MockitoContextCustomizer@0, org.springframework.boot.test.web.client.TestRestTemplateContextCustomizer@21aa6d6c, org.springframework.boot.test.web.reactive.server.WebTestClientContextCustomizer@3f446bef, org.springframework.boot.test.web.reactor.netty.DisableReactorResourceFactoryGlobalResourcesContextCustomizerFactory$DisableReactorResourceFactoryGlobalResourcesContextCustomizerCustomizer@4d098f9b, org.springframework.boot.test.context.SpringBootTestAnnotation@3a75cc75], resourceBasePath = "src/main/webapp", contextLoader = org.springframework.boot.test.context.SpringBootContextLoader, parent = null]
        at org.springframework.test.context.cache.DefaultCacheAwareContextLoaderDelegate.loadContext(DefaultCacheAwareContextLoaderDelegate.java:145)
        at org.springframework.test.context.support.DefaultTestContext.getApplicationContext(DefaultTestContext.java:130)
        at org.springframework.test.context.web.ServletTestExecutionListener.setUpRequestContextIfNecessary(ServletTestExecutionListener.java:191)
        at org.springframework.test.context.web.ServletTestExecutionListener.prepareTestInstance(ServletTestExecutionListener.java:130)
        at org.springframework.test.context.TestContextManager.prepareTestInstance(TestContextManager.java:260)
        at org.springframework.test.context.junit.jupiter.SpringExtension.postProcessTestInstance(SpringExtension.java:163)
        at java.base/java.util.stream.ReferencePipeline$3$1.accept(ReferencePipeline.java:197)
        at java.base/java.util.stream.ReferencePipeline$2$1.accept(ReferencePipeline.java:179)
        at java.base/java.util.ArrayList$ArrayListSpliterator.forEachRemaining(ArrayList.java:1708)
        at java.base/java.util.stream.AbstractPipeline.copyInto(AbstractPipeline.java:509)
        at java.base/java.util.stream.AbstractPipeline.wrapAndCopyInto(AbstractPipeline.java:499)
        at java.base/java.util.stream.StreamSpliterators$WrappingSpliterator.forEachRemaining(StreamSpliterators.java:310)
        at java.base/java.util.stream.Streams$ConcatSpliterator.forEachRemaining(Streams.java:735)
        at java.base/java.util.stream.Streams$ConcatSpliterator.forEachRemaining(Streams.java:734)
        at java.base/java.util.stream.ReferencePipeline$Head.forEach(ReferencePipeline.java:762)
        at java.base/java.util.Optional.orElseGet(Optional.java:364)
        at java.base/java.util.ArrayList.forEach(ArrayList.java:1596)
        at java.base/java.util.ArrayList.forEach(ArrayList.java:1596)

SecurityRoleCoverageTest STANDARD_OUT
    2026-04-13T12:41:34.647+09:00  WARN 4752 --- [    Test worker] o.s.test.context.TestContextManager      : Caught exception while allowing TestExecutionListener [org.springframework.test.context.web.ServletTestExecutionListener] to prepare test instance [com.coliving.global.config.SecurityRoleCoverageTest@353b50cc]

    java.lang.IllegalStateException: ApplicationContext failure threshold (1) exceeded: skipping repeated attempt to load context for [WebMergedContextConfiguration@3cd45cb8 testClass = com.coliving.global.config.SecurityRoleCoverageTest, locations = [], classes = [com.coliving.CoLivingApplication], contextInitializerClasses = [], activeProfiles = ["test"], propertySourceDescriptors = [], propertySourceProperties = ["org.springframework.boot.test.context.SpringBootTestContextBootstrapper=true"], contextCustomizers = [org.springframework.boot.test.autoconfigure.OnFailureConditionReportContextCustomizerFactory$OnFailureConditionReportContextCustomizer@5b7ea70d, org.springframework.boot.test.autoconfigure.actuate.observability.ObservabilityContextCustomizerFactory$DisableObservabilityContextCustomizer@1f, org.springframework.boot.test.autoconfigure.properties.PropertyMappingContextCustomizer@4b3fa0b3, org.springframework.boot.test.autoconfigure.web.servlet.WebDriverContextCustomizer@15eebbff, [ImportsContextCustomizer@4485cd1 key = [org.springframework.boot.test.autoconfigure.web.servlet.MockMvcWebDriverAutoConfiguration, org.springframework.boot.test.autoconfigure.web.servlet.MockMvcAutoConfiguration, org.springframework.boot.autoconfigure.security.oauth2.client.servlet.OAuth2ClientAutoConfiguration, org.springframework.boot.autoconfigure.security.servlet.SecurityAutoConfiguration, org.springframework.boot.autoconfigure.security.servlet.SecurityFilterAutoConfiguration, org.springframework.boot.autoconfigure.security.servlet.UserDetailsServiceAutoConfiguration, org.springframework.boot.autoconfigure.security.oauth2.resource.servlet.OAuth2ResourceServerAutoConfiguration, org.springframework.boot.test.autoconfigure.web.servlet.MockMvcSecurityConfiguration, org.springframework.boot.test.autoconfigure.web.servlet.MockMvcWebClientAutoConfiguration, org.springframework.boot.test.autoconfigure.web.reactive.WebTestClientAutoConfiguration]], org.springframework.boot.test.context.filter.ExcludeFilterContextCustomizer@2453f95d, org.springframework.boot.test.json.DuplicateJsonObjectContextCustomizerFactory$DuplicateJsonObjectContextCustomizer@3e34ace1, org.springframework.boot.test.mock.mockito.MockitoContextCustomizer@0, org.springframework.boot.test.web.client.TestRestTemplateContextCustomizer@21aa6d6c, org.springframework.boot.test.web.reactive.server.WebTestClientContextCustomizer@3f446bef, org.springframework.boot.test.web.reactor.netty.DisableReactorResourceFactoryGlobalResourcesContextCustomizerFactory$DisableReactorResourceFactoryGlobalResourcesContextCustomizerCustomizer@4d098f9b, org.springframework.boot.test.context.SpringBootTestAnnotation@3a75cc75], resourceBasePath = "src/main/webapp", contextLoader = org.springframework.boot.test.context.SpringBootContextLoader, parent = null]
    	at org.springframework.test.context.cache.DefaultCacheAwareContextLoaderDelegate.loadContext(DefaultCacheAwareContextLoaderDelegate.java:145) ~[spring-test-6.1.18.jar:6.1.18]
    	at org.springframework.test.context.support.DefaultTestContext.getApplicationContext(DefaultTestContext.java:130) ~[spring-test-6.1.18.jar:6.1.18]
    	at org.springframework.test.context.web.ServletTestExecutionListener.setUpRequestContextIfNecessary(ServletTestExecutionListener.java:191) ~[spring-test-6.1.18.jar:6.1.18]
    	at org.springframework.test.context.web.ServletTestExecutionListener.prepareTestInstance(ServletTestExecutionListener.java:130) ~[spring-test-6.1.18.jar:6.1.18]
    	at org.springframework.test.context.TestContextManager.prepareTestInstance(TestContextManager.java:260) ~[spring-test-6.1.18.jar:6.1.18]
    	at org.springframework.test.context.junit.jupiter.SpringExtension.postProcessTestInstance(SpringExtension.java:163) ~[spring-test-6.1.18.jar:6.1.18]
    	at org.junit.jupiter.engine.descriptor.ClassBasedTestDescriptor.lambda$invokeTestInstancePostProcessors$10(ClassBasedTestDescriptor.java:378) ~[junit-jupiter-engine-5.10.5.jar:5.10.5]
    	at org.junit.jupiter.engine.descriptor.ClassBasedTestDescriptor.executeAndMaskThrowable(ClassBasedTestDescriptor.java:383) ~[junit-jupiter-engine-5.10.5.jar:5.10.5]
    	at org.junit.jupiter.engine.descriptor.ClassBasedTestDescriptor.lambda$invokeTestInstancePostProcessors$11(ClassBasedTestDescriptor.java:378) ~[junit-jupiter-engine-5.10.5.jar:5.10.5]
    	at java.base/java.util.stream.ReferencePipeline$3$1.accept(ReferencePipeline.java:197) ~[na:na]
    	at java.base/java.util.stream.ReferencePipeline$2$1.accept(ReferencePipeline.java:179) ~[na:na]
    	at java.base/java.util.ArrayList$ArrayListSpliterator.forEachRemaining(ArrayList.java:1708) ~[na:na]
    	at java.base/java.util.stream.AbstractPipeline.copyInto(AbstractPipeline.java:509) ~[na:na]
    	at java.base/java.util.stream.AbstractPipeline.wrapAndCopyInto(AbstractPipeline.java:499) ~[na:na]
    	at java.base/java.util.stream.StreamSpliterators$WrappingSpliterator.forEachRemaining(StreamSpliterators.java:310) ~[na:na]
    	at java.base/java.util.stream.Streams$ConcatSpliterator.forEachRemaining(Streams.java:735) ~[na:na]
    	at java.base/java.util.stream.Streams$ConcatSpliterator.forEachRemaining(Streams.java:734) ~[na:na]
    	at java.base/java.util.stream.ReferencePipeline$Head.forEach(ReferencePipeline.java:762) ~[na:na]
    	at org.junit.jupiter.engine.descriptor.ClassBasedTestDescriptor.invokeTestInstancePostProcessors(ClassBasedTestDescriptor.java:377) ~[junit-jupiter-engine-5.10.5.jar:5.10.5]
    	at org.junit.jupiter.engine.descriptor.ClassBasedTestDescriptor.lambda$instantiateAndPostProcessTestInstance$6(ClassBasedTestDescriptor.java:290) ~[junit-jupiter-engine-5.10.5.jar:5.10.5]
    	at org.junit.platform.engine.support.hierarchical.ThrowableCollector.execute(ThrowableCollector.java:73) ~[junit-platform-engine-1.10.5.jar:1.10.5]
    	at org.junit.jupiter.engine.descriptor.ClassBasedTestDescriptor.instantiateAndPostProcessTestInstance(ClassBasedTestDescriptor.java:289) ~[junit-jupiter-engine-5.10.5.jar:5.10.5]
    	at org.junit.jupiter.engine.descriptor.ClassBasedTestDescriptor.lambda$testInstancesProvider$4(ClassBasedTestDescriptor.java:279) ~[junit-jupiter-engine-5.10.5.jar:5.10.5]
    	at java.base/java.util.Optional.orElseGet(Optional.java:364) ~[na:na]
    	at org.junit.jupiter.engine.descriptor.ClassBasedTestDescriptor.lambda$testInstancesProvider$5(ClassBasedTestDescriptor.java:278) ~[junit-jupiter-engine-5.10.5.jar:5.10.5]
    	at org.junit.jupiter.engine.execution.TestInstancesProvider.getTestInstances(TestInstancesProvider.java:31) ~[junit-jupiter-engine-5.10.5.jar:5.10.5]
    	at org.junit.jupiter.engine.descriptor.TestMethodTestDescriptor.lambda$prepare$0(TestMethodTestDescriptor.java:106) ~[junit-jupiter-engine-5.10.5.jar:5.10.5]
    	at org.junit.platform.engine.support.hierarchical.ThrowableCollector.execute(ThrowableCollector.java:73) ~[junit-platform-engine-1.10.5.jar:1.10.5]
    	at org.junit.jupiter.engine.descriptor.TestMethodTestDescriptor.prepare(TestMethodTestDescriptor.java:105) ~[junit-jupiter-engine-5.10.5.jar:5.10.5]
    	at org.junit.jupiter.engine.descriptor.TestMethodTestDescriptor.prepare(TestMethodTestDescriptor.java:69) ~[junit-jupiter-engine-5.10.5.jar:5.10.5]
    	at org.junit.platform.engine.support.hierarchical.NodeTestTask.lambda$prepare$2(NodeTestTask.java:128) ~[junit-platform-engine-1.10.5.jar:1.10.5]
    	at org.junit.platform.engine.support.hierarchical.ThrowableCollector.execute(ThrowableCollector.java:73) ~[junit-platform-engine-1.10.5.jar:1.10.5]
    	at org.junit.platform.engine.support.hierarchical.NodeTestTask.prepare(NodeTestTask.java:128) ~[junit-platform-engine-1.10.5.jar:1.10.5]
    	at org.junit.platform.engine.support.hierarchical.NodeTestTask.execute(NodeTestTask.java:95) ~[junit-platform-engine-1.10.5.jar:1.10.5]
    	at java.base/java.util.ArrayList.forEach(ArrayList.java:1596) ~[na:na]
    	at org.junit.platform.engine.support.hierarchical.SameThreadHierarchicalTestExecutorService.invokeAll(SameThreadHierarchicalTestExecutorService.java:41) ~[junit-platform-engine-1.10.5.jar:1.10.5]
    	at org.junit.platform.engine.support.hierarchical.NodeTestTask.lambda$executeRecursively$6(NodeTestTask.java:160) ~[junit-platform-engine-1.10.5.jar:1.10.5]
    	at org.junit.platform.engine.support.hierarchical.ThrowableCollector.execute(ThrowableCollector.java:73) ~[junit-platform-engine-1.10.5.jar:1.10.5]
    	at org.junit.platform.engine.support.hierarchical.NodeTestTask.lambda$executeRecursively$8(NodeTestTask.java:146) ~[junit-platform-engine-1.10.5.jar:1.10.5]
    	at org.junit.platform.engine.support.hierarchical.Node.around(Node.java:137) ~[junit-platform-engine-1.10.5.jar:1.10.5]
    	at org.junit.platform.engine.support.hierarchical.NodeTestTask.lambda$executeRecursively$9(NodeTestTask.java:144) ~[junit-platform-engine-1.10.5.jar:1.10.5]
    	at org.junit.platform.engine.support.hierarchical.ThrowableCollector.execute(ThrowableCollector.java:73) ~[junit-platform-engine-1.10.5.jar:1.10.5]
    	at org.junit.platform.engine.support.hierarchical.NodeTestTask.executeRecursively(NodeTestTask.java:143) ~[junit-platform-engine-1.10.5.jar:1.10.5]
    	at org.junit.platform.engine.support.hierarchical.NodeTestTask.execute(NodeTestTask.java:100) ~[junit-platform-engine-1.10.5.jar:1.10.5]
    	at java.base/java.util.ArrayList.forEach(ArrayList.java:1596) ~[na:na]
    	at org.junit.platform.engine.support.hierarchical.SameThreadHierarchicalTestExecutorService.invokeAll(SameThreadHierarchicalTestExecutorService.java:41) ~[junit-platform-engine-1.10.5.jar:1.10.5]
    	at org.junit.platform.engine.support.hierarchical.NodeTestTask.lambda$executeRecursively$6(NodeTestTask.java:160) ~[junit-platform-engine-1.10.5.jar:1.10.5]
    	at org.junit.platform.engine.support.hierarchical.ThrowableCollector.execute(ThrowableCollector.java:73) ~[junit-platform-engine-1.10.5.jar:1.10.5]
    	at org.junit.platform.engine.support.hierarchical.NodeTestTask.lambda$executeRecursively$8(NodeTestTask.java:146) ~[junit-platform-engine-1.10.5.jar:1.10.5]
    	at org.junit.platform.engine.support.hierarchical.Node.around(Node.java:137) ~[junit-platform-engine-1.10.5.jar:1.10.5]
    	at org.junit.platform.engine.support.hierarchical.NodeTestTask.lambda$executeRecursively$9(NodeTestTask.java:144) ~[junit-platform-engine-1.10.5.jar:1.10.5]
    	at org.junit.platform.engine.support.hierarchical.ThrowableCollector.execute(ThrowableCollector.java:73) ~[junit-platform-engine-1.10.5.jar:1.10.5]
    	at org.junit.platform.engine.support.hierarchical.NodeTestTask.executeRecursively(NodeTestTask.java:143) ~[junit-platform-engine-1.10.5.jar:1.10.5]
    	at org.junit.platform.engine.support.hierarchical.NodeTestTask.execute(NodeTestTask.java:100) ~[junit-platform-engine-1.10.5.jar:1.10.5]
    	at org.junit.platform.engine.support.hierarchical.SameThreadHierarchicalTestExecutorService.submit(SameThreadHierarchicalTestExecutorService.java:35) ~[junit-platform-engine-1.10.5.jar:1.10.5]
    	at org.junit.platform.engine.support.hierarchical.HierarchicalTestExecutor.execute(HierarchicalTestExecutor.java:57) ~[junit-platform-engine-1.10.5.jar:1.10.5]
    	at org.junit.platform.engine.support.hierarchical.HierarchicalTestEngine.execute(HierarchicalTestEngine.java:54) ~[junit-platform-engine-1.10.5.jar:1.10.5]
    	at org.junit.platform.launcher.core.EngineExecutionOrchestrator.execute(EngineExecutionOrchestrator.java:198) ~[junit-platform-launcher-1.10.5.jar:1.10.5]
    	at org.junit.platform.launcher.core.EngineExecutionOrchestrator.execute(EngineExecutionOrchestrator.java:169) ~[junit-platform-launcher-1.10.5.jar:1.10.5]
    	at org.junit.platform.launcher.core.EngineExecutionOrchestrator.execute(EngineExecutionOrchestrator.java:93) ~[junit-platform-launcher-1.10.5.jar:1.10.5]
    	at org.junit.platform.launcher.core.EngineExecutionOrchestrator.lambda$execute$0(EngineExecutionOrchestrator.java:58) ~[junit-platform-launcher-1.10.5.jar:1.10.5]
    	at org.junit.platform.launcher.core.EngineExecutionOrchestrator.withInterceptedStreams(EngineExecutionOrchestrator.java:141) ~[junit-platform-launcher-1.10.5.jar:1.10.5]
    	at org.junit.platform.launcher.core.EngineExecutionOrchestrator.execute(EngineExecutionOrchestrator.java:57) ~[junit-platform-launcher-1.10.5.jar:1.10.5]
    	at org.junit.platform.launcher.core.DefaultLauncher.execute(DefaultLauncher.java:103) ~[junit-platform-launcher-1.10.5.jar:1.10.5]
    	at org.junit.platform.launcher.core.DefaultLauncher.execute(DefaultLauncher.java:85) ~[junit-platform-launcher-1.10.5.jar:1.10.5]
    	at org.junit.platform.launcher.core.DelegatingLauncher.execute(DelegatingLauncher.java:47) ~[junit-platform-launcher-1.10.5.jar:1.10.5]
    	at org.gradle.api.internal.tasks.testing.junitplatform.JUnitPlatformTestClassProcessor$CollectAllTestClassesExecutor.processAllTestClasses(JUnitPlatformTestClassProcessor.java:124) ~[na:na]
    	at org.gradle.api.internal.tasks.testing.junitplatform.JUnitPlatformTestClassProcessor$CollectAllTestClassesExecutor.access$000(JUnitPlatformTestClassProcessor.java:99) ~[na:na]
    	at org.gradle.api.internal.tasks.testing.junitplatform.JUnitPlatformTestClassProcessor.stop(JUnitPlatformTestClassProcessor.java:94) ~[na:na]
    	at org.gradle.api.internal.tasks.testing.SuiteTestClassProcessor.stop(SuiteTestClassProcessor.java:63) ~[na:na]
    	at java.base/jdk.internal.reflect.DirectMethodHandleAccessor.invoke(DirectMethodHandleAccessor.java:103) ~[na:na]
    	at java.base/java.lang.reflect.Method.invoke(Method.java:580) ~[na:na]
    	at org.gradle.internal.dispatch.ReflectionDispatch.dispatch(ReflectionDispatch.java:36) ~[na:na]
    	at org.gradle.internal.dispatch.ReflectionDispatch.dispatch(ReflectionDispatch.java:24) ~[na:na]
    	at org.gradle.internal.dispatch.ContextClassLoaderDispatch.dispatch(ContextClassLoaderDispatch.java:33) ~[na:na]
    	at org.gradle.internal.dispatch.ProxyDispatchAdapter$DispatchingInvocationHandler.invoke(ProxyDispatchAdapter.java:92) ~[na:na]
    	at jdk.proxy1/jdk.proxy1.$Proxy4.stop(Unknown Source) ~[na:na]
    	at org.gradle.api.internal.tasks.testing.worker.TestWorker$3.run(TestWorker.java:200) ~[na:na]
    	at org.gradle.api.internal.tasks.testing.worker.TestWorker.executeAndMaintainThreadName(TestWorker.java:132) ~[na:na]
    	at org.gradle.api.internal.tasks.testing.worker.TestWorker.execute(TestWorker.java:103) ~[na:na]
    	at org.gradle.api.internal.tasks.testing.worker.TestWorker.execute(TestWorker.java:63) ~[na:na]
    	at org.gradle.process.internal.worker.child.ActionExecutionWorker.execute(ActionExecutionWorker.java:56) ~[na:na]
    	at org.gradle.process.internal.worker.child.SystemApplicationClassLoaderWorker.call(SystemApplicationClassLoaderWorker.java:121) ~[na:na]
    	at org.gradle.process.internal.worker.child.SystemApplicationClassLoaderWorker.call(SystemApplicationClassLoaderWorker.java:71) ~[na:na]
    	at worker.org.gradle.process.internal.worker.GradleWorkerMain.run(GradleWorkerMain.java:69) ~[gradle-worker.jar:na]
    	at worker.org.gradle.process.internal.worker.GradleWorkerMain.main(GradleWorkerMain.java:74) ~[gradle-worker.jar:na]


SecurityRoleCoverageTest > ?뚮┝ API - 沅뚰븳蹂??묎렐 ?뚯뒪??(MEMBER_ROLES ?덉슜) FAILED
    java.lang.IllegalStateException: ApplicationContext failure threshold (1) exceeded: skipping repeated attempt to load context for [WebMergedContextConfiguration@3cd45cb8 testClass = com.coliving.global.config.SecurityRoleCoverageTest, locations = [], classes = [com.coliving.CoLivingApplication], contextInitializerClasses = [], activeProfiles = ["test"], propertySourceDescriptors = [], propertySourceProperties = ["org.springframework.boot.test.context.SpringBootTestContextBootstrapper=true"], contextCustomizers = [org.springframework.boot.test.autoconfigure.OnFailureConditionReportContextCustomizerFactory$OnFailureConditionReportContextCustomizer@5b7ea70d, org.springframework.boot.test.autoconfigure.actuate.observability.ObservabilityContextCustomizerFactory$DisableObservabilityContextCustomizer@1f, org.springframework.boot.test.autoconfigure.properties.PropertyMappingContextCustomizer@4b3fa0b3, org.springframework.boot.test.autoconfigure.web.servlet.WebDriverContextCustomizer@15eebbff, [ImportsContextCustomizer@4485cd1 key = [org.springframework.boot.test.autoconfigure.web.servlet.MockMvcWebDriverAutoConfiguration, org.springframework.boot.test.autoconfigure.web.servlet.MockMvcAutoConfiguration, org.springframework.boot.autoconfigure.security.oauth2.client.servlet.OAuth2ClientAutoConfiguration, org.springframework.boot.autoconfigure.security.servlet.SecurityAutoConfiguration, org.springframework.boot.autoconfigure.security.servlet.SecurityFilterAutoConfiguration, org.springframework.boot.autoconfigure.security.servlet.UserDetailsServiceAutoConfiguration, org.springframework.boot.autoconfigure.security.oauth2.resource.servlet.OAuth2ResourceServerAutoConfiguration, org.springframework.boot.test.autoconfigure.web.servlet.MockMvcSecurityConfiguration, org.springframework.boot.test.autoconfigure.web.servlet.MockMvcWebClientAutoConfiguration, org.springframework.boot.test.autoconfigure.web.reactive.WebTestClientAutoConfiguration]], org.springframework.boot.test.context.filter.ExcludeFilterContextCustomizer@2453f95d, org.springframework.boot.test.json.DuplicateJsonObjectContextCustomizerFactory$DuplicateJsonObjectContextCustomizer@3e34ace1, org.springframework.boot.test.mock.mockito.MockitoContextCustomizer@0, org.springframework.boot.test.web.client.TestRestTemplateContextCustomizer@21aa6d6c, org.springframework.boot.test.web.reactive.server.WebTestClientContextCustomizer@3f446bef, org.springframework.boot.test.web.reactor.netty.DisableReactorResourceFactoryGlobalResourcesContextCustomizerFactory$DisableReactorResourceFactoryGlobalResourcesContextCustomizerCustomizer@4d098f9b, org.springframework.boot.test.context.SpringBootTestAnnotation@3a75cc75], resourceBasePath = "src/main/webapp", contextLoader = org.springframework.boot.test.context.SpringBootContextLoader, parent = null]
        at org.springframework.test.context.cache.DefaultCacheAwareContextLoaderDelegate.loadContext(DefaultCacheAwareContextLoaderDelegate.java:145)
        at org.springframework.test.context.support.DefaultTestContext.getApplicationContext(DefaultTestContext.java:130)
        at org.springframework.test.context.web.ServletTestExecutionListener.setUpRequestContextIfNecessary(ServletTestExecutionListener.java:191)
        at org.springframework.test.context.web.ServletTestExecutionListener.prepareTestInstance(ServletTestExecutionListener.java:130)
        at org.springframework.test.context.TestContextManager.prepareTestInstance(TestContextManager.java:260)
        at org.springframework.test.context.junit.jupiter.SpringExtension.postProcessTestInstance(SpringExtension.java:163)
        at java.base/java.util.stream.ReferencePipeline$3$1.accept(ReferencePipeline.java:197)
        at java.base/java.util.stream.ReferencePipeline$2$1.accept(ReferencePipeline.java:179)
        at java.base/java.util.ArrayList$ArrayListSpliterator.forEachRemaining(ArrayList.java:1708)
        at java.base/java.util.stream.AbstractPipeline.copyInto(AbstractPipeline.java:509)
        at java.base/java.util.stream.AbstractPipeline.wrapAndCopyInto(AbstractPipeline.java:499)
        at java.base/java.util.stream.StreamSpliterators$WrappingSpliterator.forEachRemaining(StreamSpliterators.java:310)
        at java.base/java.util.stream.Streams$ConcatSpliterator.forEachRemaining(Streams.java:735)
        at java.base/java.util.stream.Streams$ConcatSpliterator.forEachRemaining(Streams.java:734)
        at java.base/java.util.stream.ReferencePipeline$Head.forEach(ReferencePipeline.java:762)
        at java.base/java.util.Optional.orElseGet(Optional.java:364)
        at java.base/java.util.ArrayList.forEach(ArrayList.java:1596)
        at java.base/java.util.ArrayList.forEach(ArrayList.java:1596)

SecurityRoleCoverageTest STANDARD_OUT
    2026-04-13T12:41:34.678+09:00  WARN 4752 --- [    Test worker] o.s.test.context.TestContextManager      : Caught exception while allowing TestExecutionListener [org.springframework.test.context.web.ServletTestExecutionListener] to prepare test instance [com.coliving.global.config.SecurityRoleCoverageTest@564e48a7]

    java.lang.IllegalStateException: ApplicationContext failure threshold (1) exceeded: skipping repeated attempt to load context for [WebMergedContextConfiguration@3cd45cb8 testClass = com.coliving.global.config.SecurityRoleCoverageTest, locations = [], classes = [com.coliving.CoLivingApplication], contextInitializerClasses = [], activeProfiles = ["test"], propertySourceDescriptors = [], propertySourceProperties = ["org.springframework.boot.test.context.SpringBootTestContextBootstrapper=true"], contextCustomizers = [org.springframework.boot.test.autoconfigure.OnFailureConditionReportContextCustomizerFactory$OnFailureConditionReportContextCustomizer@5b7ea70d, org.springframework.boot.test.autoconfigure.actuate.observability.ObservabilityContextCustomizerFactory$DisableObservabilityContextCustomizer@1f, org.springframework.boot.test.autoconfigure.properties.PropertyMappingContextCustomizer@4b3fa0b3, org.springframework.boot.test.autoconfigure.web.servlet.WebDriverContextCustomizer@15eebbff, [ImportsContextCustomizer@4485cd1 key = [org.springframework.boot.test.autoconfigure.web.servlet.MockMvcWebDriverAutoConfiguration, org.springframework.boot.test.autoconfigure.web.servlet.MockMvcAutoConfiguration, org.springframework.boot.autoconfigure.security.oauth2.client.servlet.OAuth2ClientAutoConfiguration, org.springframework.boot.autoconfigure.security.servlet.SecurityAutoConfiguration, org.springframework.boot.autoconfigure.security.servlet.SecurityFilterAutoConfiguration, org.springframework.boot.autoconfigure.security.servlet.UserDetailsServiceAutoConfiguration, org.springframework.boot.autoconfigure.security.oauth2.resource.servlet.OAuth2ResourceServerAutoConfiguration, org.springframework.boot.test.autoconfigure.web.servlet.MockMvcSecurityConfiguration, org.springframework.boot.test.autoconfigure.web.servlet.MockMvcWebClientAutoConfiguration, org.springframework.boot.test.autoconfigure.web.reactive.WebTestClientAutoConfiguration]], org.springframework.boot.test.context.filter.ExcludeFilterContextCustomizer@2453f95d, org.springframework.boot.test.json.DuplicateJsonObjectContextCustomizerFactory$DuplicateJsonObjectContextCustomizer@3e34ace1, org.springframework.boot.test.mock.mockito.MockitoContextCustomizer@0, org.springframework.boot.test.web.client.TestRestTemplateContextCustomizer@21aa6d6c, org.springframework.boot.test.web.reactive.server.WebTestClientContextCustomizer@3f446bef, org.springframework.boot.test.web.reactor.netty.DisableReactorResourceFactoryGlobalResourcesContextCustomizerFactory$DisableReactorResourceFactoryGlobalResourcesContextCustomizerCustomizer@4d098f9b, org.springframework.boot.test.context.SpringBootTestAnnotation@3a75cc75], resourceBasePath = "src/main/webapp", contextLoader = org.springframework.boot.test.context.SpringBootContextLoader, parent = null]
    	at org.springframework.test.context.cache.DefaultCacheAwareContextLoaderDelegate.loadContext(DefaultCacheAwareContextLoaderDelegate.java:145) ~[spring-test-6.1.18.jar:6.1.18]
    	at org.springframework.test.context.support.DefaultTestContext.getApplicationContext(DefaultTestContext.java:130) ~[spring-test-6.1.18.jar:6.1.18]
    	at org.springframework.test.context.web.ServletTestExecutionListener.setUpRequestContextIfNecessary(ServletTestExecutionListener.java:191) ~[spring-test-6.1.18.jar:6.1.18]
    	at org.springframework.test.context.web.ServletTestExecutionListener.prepareTestInstance(ServletTestExecutionListener.java:130) ~[spring-test-6.1.18.jar:6.1.18]
    	at org.springframework.test.context.TestContextManager.prepareTestInstance(TestContextManager.java:260) ~[spring-test-6.1.18.jar:6.1.18]
    	at org.springframework.test.context.junit.jupiter.SpringExtension.postProcessTestInstance(SpringExtension.java:163) ~[spring-test-6.1.18.jar:6.1.18]
    	at org.junit.jupiter.engine.descriptor.ClassBasedTestDescriptor.lambda$invokeTestInstancePostProcessors$10(ClassBasedTestDescriptor.java:378) ~[junit-jupiter-engine-5.10.5.jar:5.10.5]
    	at org.junit.jupiter.engine.descriptor.ClassBasedTestDescriptor.executeAndMaskThrowable(ClassBasedTestDescriptor.java:383) ~[junit-jupiter-engine-5.10.5.jar:5.10.5]
    	at org.junit.jupiter.engine.descriptor.ClassBasedTestDescriptor.lambda$invokeTestInstancePostProcessors$11(ClassBasedTestDescriptor.java:378) ~[junit-jupiter-engine-5.10.5.jar:5.10.5]
    	at java.base/java.util.stream.ReferencePipeline$3$1.accept(ReferencePipeline.java:197) ~[na:na]
    	at java.base/java.util.stream.ReferencePipeline$2$1.accept(ReferencePipeline.java:179) ~[na:na]
    	at java.base/java.util.ArrayList$ArrayListSpliterator.forEachRemaining(ArrayList.java:1708) ~[na:na]
    	at java.base/java.util.stream.AbstractPipeline.copyInto(AbstractPipeline.java:509) ~[na:na]
    	at java.base/java.util.stream.AbstractPipeline.wrapAndCopyInto(AbstractPipeline.java:499) ~[na:na]
    	at java.base/java.util.stream.StreamSpliterators$WrappingSpliterator.forEachRemaining(StreamSpliterators.java:310) ~[na:na]
    	at java.base/java.util.stream.Streams$ConcatSpliterator.forEachRemaining(Streams.java:735) ~[na:na]
    	at java.base/java.util.stream.Streams$ConcatSpliterator.forEachRemaining(Streams.java:734) ~[na:na]
    	at java.base/java.util.stream.ReferencePipeline$Head.forEach(ReferencePipeline.java:762) ~[na:na]
    	at org.junit.jupiter.engine.descriptor.ClassBasedTestDescriptor.invokeTestInstancePostProcessors(ClassBasedTestDescriptor.java:377) ~[junit-jupiter-engine-5.10.5.jar:5.10.5]
    	at org.junit.jupiter.engine.descriptor.ClassBasedTestDescriptor.lambda$instantiateAndPostProcessTestInstance$6(ClassBasedTestDescriptor.java:290) ~[junit-jupiter-engine-5.10.5.jar:5.10.5]
    	at org.junit.platform.engine.support.hierarchical.ThrowableCollector.execute(ThrowableCollector.java:73) ~[junit-platform-engine-1.10.5.jar:1.10.5]
    	at org.junit.jupiter.engine.descriptor.ClassBasedTestDescriptor.instantiateAndPostProcessTestInstance(ClassBasedTestDescriptor.java:289) ~[junit-jupiter-engine-5.10.5.jar:5.10.5]
    	at org.junit.jupiter.engine.descriptor.ClassBasedTestDescriptor.lambda$testInstancesProvider$4(ClassBasedTestDescriptor.java:279) ~[junit-jupiter-engine-5.10.5.jar:5.10.5]
    	at java.base/java.util.Optional.orElseGet(Optional.java:364) ~[na:na]
    	at org.junit.jupiter.engine.descriptor.ClassBasedTestDescriptor.lambda$testInstancesProvider$5(ClassBasedTestDescriptor.java:278) ~[junit-jupiter-engine-5.10.5.jar:5.10.5]
    	at org.junit.jupiter.engine.execution.TestInstancesProvider.getTestInstances(TestInstancesProvider.java:31) ~[junit-jupiter-engine-5.10.5.jar:5.10.5]
    	at org.junit.jupiter.engine.descriptor.TestMethodTestDescriptor.lambda$prepare$0(TestMethodTestDescriptor.java:106) ~[junit-jupiter-engine-5.10.5.jar:5.10.5]
    	at org.junit.platform.engine.support.hierarchical.ThrowableCollector.execute(ThrowableCollector.java:73) ~[junit-platform-engine-1.10.5.jar:1.10.5]
    	at org.junit.jupiter.engine.descriptor.TestMethodTestDescriptor.prepare(TestMethodTestDescriptor.java:105) ~[junit-jupiter-engine-5.10.5.jar:5.10.5]
    	at org.junit.jupiter.engine.descriptor.TestMethodTestDescriptor.prepare(TestMethodTestDescriptor.java:69) ~[junit-jupiter-engine-5.10.5.jar:5.10.5]
    	at org.junit.platform.engine.support.hierarchical.NodeTestTask.lambda$prepare$2(NodeTestTask.java:128) ~[junit-platform-engine-1.10.5.jar:1.10.5]
    	at org.junit.platform.engine.support.hierarchical.ThrowableCollector.execute(ThrowableCollector.java:73) ~[junit-platform-engine-1.10.5.jar:1.10.5]
    	at org.junit.platform.engine.support.hierarchical.NodeTestTask.prepare(NodeTestTask.java:128) ~[junit-platform-engine-1.10.5.jar:1.10.5]
    	at org.junit.platform.engine.support.hierarchical.NodeTestTask.execute(NodeTestTask.java:95) ~[junit-platform-engine-1.10.5.jar:1.10.5]
    	at java.base/java.util.ArrayList.forEach(ArrayList.java:1596) ~[na:na]
    	at org.junit.platform.engine.support.hierarchical.SameThreadHierarchicalTestExecutorService.invokeAll(SameThreadHierarchicalTestExecutorService.java:41) ~[junit-platform-engine-1.10.5.jar:1.10.5]
    	at org.junit.platform.engine.support.hierarchical.NodeTestTask.lambda$executeRecursively$6(NodeTestTask.java:160) ~[junit-platform-engine-1.10.5.jar:1.10.5]
    	at org.junit.platform.engine.support.hierarchical.ThrowableCollector.execute(ThrowableCollector.java:73) ~[junit-platform-engine-1.10.5.jar:1.10.5]
    	at org.junit.platform.engine.support.hierarchical.NodeTestTask.lambda$executeRecursively$8(NodeTestTask.java:146) ~[junit-platform-engine-1.10.5.jar:1.10.5]
    	at org.junit.platform.engine.support.hierarchical.Node.around(Node.java:137) ~[junit-platform-engine-1.10.5.jar:1.10.5]
    	at org.junit.platform.engine.support.hierarchical.NodeTestTask.lambda$executeRecursively$9(NodeTestTask.java:144) ~[junit-platform-engine-1.10.5.jar:1.10.5]
    	at org.junit.platform.engine.support.hierarchical.ThrowableCollector.execute(ThrowableCollector.java:73) ~[junit-platform-engine-1.10.5.jar:1.10.5]
    	at org.junit.platform.engine.support.hierarchical.NodeTestTask.executeRecursively(NodeTestTask.java:143) ~[junit-platform-engine-1.10.5.jar:1.10.5]
    	at org.junit.platform.engine.support.hierarchical.NodeTestTask.execute(NodeTestTask.java:100) ~[junit-platform-engine-1.10.5.jar:1.10.5]
    	at java.base/java.util.ArrayList.forEach(ArrayList.java:1596) ~[na:na]
    	at org.junit.platform.engine.support.hierarchical.SameThreadHierarchicalTestExecutorService.invokeAll(SameThreadHierarchicalTestExecutorService.java:41) ~[junit-platform-engine-1.10.5.jar:1.10.5]
    	at org.junit.platform.engine.support.hierarchical.NodeTestTask.lambda$executeRecursively$6(NodeTestTask.java:160) ~[junit-platform-engine-1.10.5.jar:1.10.5]
    	at org.junit.platform.engine.support.hierarchical.ThrowableCollector.execute(ThrowableCollector.java:73) ~[junit-platform-engine-1.10.5.jar:1.10.5]
    	at org.junit.platform.engine.support.hierarchical.NodeTestTask.lambda$executeRecursively$8(NodeTestTask.java:146) ~[junit-platform-engine-1.10.5.jar:1.10.5]
    	at org.junit.platform.engine.support.hierarchical.Node.around(Node.java:137) ~[junit-platform-engine-1.10.5.jar:1.10.5]
    	at org.junit.platform.engine.support.hierarchical.NodeTestTask.lambda$executeRecursively$9(NodeTestTask.java:144) ~[junit-platform-engine-1.10.5.jar:1.10.5]
    	at org.junit.platform.engine.support.hierarchical.ThrowableCollector.execute(ThrowableCollector.java:73) ~[junit-platform-engine-1.10.5.jar:1.10.5]
    	at org.junit.platform.engine.support.hierarchical.NodeTestTask.executeRecursively(NodeTestTask.java:143) ~[junit-platform-engine-1.10.5.jar:1.10.5]
    	at org.junit.platform.engine.support.hierarchical.NodeTestTask.execute(NodeTestTask.java:100) ~[junit-platform-engine-1.10.5.jar:1.10.5]
    	at org.junit.platform.engine.support.hierarchical.SameThreadHierarchicalTestExecutorService.submit(SameThreadHierarchicalTestExecutorService.java:35) ~[junit-platform-engine-1.10.5.jar:1.10.5]
    	at org.junit.platform.engine.support.hierarchical.HierarchicalTestExecutor.execute(HierarchicalTestExecutor.java:57) ~[junit-platform-engine-1.10.5.jar:1.10.5]
    	at org.junit.platform.engine.support.hierarchical.HierarchicalTestEngine.execute(HierarchicalTestEngine.java:54) ~[junit-platform-engine-1.10.5.jar:1.10.5]
    	at org.junit.platform.launcher.core.EngineExecutionOrchestrator.execute(EngineExecutionOrchestrator.java:198) ~[junit-platform-launcher-1.10.5.jar:1.10.5]
    	at org.junit.platform.launcher.core.EngineExecutionOrchestrator.execute(EngineExecutionOrchestrator.java:169) ~[junit-platform-launcher-1.10.5.jar:1.10.5]
    	at org.junit.platform.launcher.core.EngineExecutionOrchestrator.execute(EngineExecutionOrchestrator.java:93) ~[junit-platform-launcher-1.10.5.jar:1.10.5]
    	at org.junit.platform.launcher.core.EngineExecutionOrchestrator.lambda$execute$0(EngineExecutionOrchestrator.java:58) ~[junit-platform-launcher-1.10.5.jar:1.10.5]
    	at org.junit.platform.launcher.core.EngineExecutionOrchestrator.withInterceptedStreams(EngineExecutionOrchestrator.java:141) ~[junit-platform-launcher-1.10.5.jar:1.10.5]
    	at org.junit.platform.launcher.core.EngineExecutionOrchestrator.execute(EngineExecutionOrchestrator.java:57) ~[junit-platform-launcher-1.10.5.jar:1.10.5]
    	at org.junit.platform.launcher.core.DefaultLauncher.execute(DefaultLauncher.java:103) ~[junit-platform-launcher-1.10.5.jar:1.10.5]
    	at org.junit.platform.launcher.core.DefaultLauncher.execute(DefaultLauncher.java:85) ~[junit-platform-launcher-1.10.5.jar:1.10.5]
    	at org.junit.platform.launcher.core.DelegatingLauncher.execute(DelegatingLauncher.java:47) ~[junit-platform-launcher-1.10.5.jar:1.10.5]
    	at org.gradle.api.internal.tasks.testing.junitplatform.JUnitPlatformTestClassProcessor$CollectAllTestClassesExecutor.processAllTestClasses(JUnitPlatformTestClassProcessor.java:124) ~[na:na]
    	at org.gradle.api.internal.tasks.testing.junitplatform.JUnitPlatformTestClassProcessor$CollectAllTestClassesExecutor.access$000(JUnitPlatformTestClassProcessor.java:99) ~[na:na]
    	at org.gradle.api.internal.tasks.testing.junitplatform.JUnitPlatformTestClassProcessor.stop(JUnitPlatformTestClassProcessor.java:94) ~[na:na]
    	at org.gradle.api.internal.tasks.testing.SuiteTestClassProcessor.stop(SuiteTestClassProcessor.java:63) ~[na:na]
    	at java.base/jdk.internal.reflect.DirectMethodHandleAccessor.invoke(DirectMethodHandleAccessor.java:103) ~[na:na]
    	at java.base/java.lang.reflect.Method.invoke(Method.java:580) ~[na:na]
    	at org.gradle.internal.dispatch.ReflectionDispatch.dispatch(ReflectionDispatch.java:36) ~[na:na]
    	at org.gradle.internal.dispatch.ReflectionDispatch.dispatch(ReflectionDispatch.java:24) ~[na:na]
    	at org.gradle.internal.dispatch.ContextClassLoaderDispatch.dispatch(ContextClassLoaderDispatch.java:33) ~[na:na]
    	at org.gradle.internal.dispatch.ProxyDispatchAdapter$DispatchingInvocationHandler.invoke(ProxyDispatchAdapter.java:92) ~[na:na]
    	at jdk.proxy1/jdk.proxy1.$Proxy4.stop(Unknown Source) ~[na:na]
    	at org.gradle.api.internal.tasks.testing.worker.TestWorker$3.run(TestWorker.java:200) ~[na:na]
    	at org.gradle.api.internal.tasks.testing.worker.TestWorker.executeAndMaintainThreadName(TestWorker.java:132) ~[na:na]
    	at org.gradle.api.internal.tasks.testing.worker.TestWorker.execute(TestWorker.java:103) ~[na:na]
    	at org.gradle.api.internal.tasks.testing.worker.TestWorker.execute(TestWorker.java:63) ~[na:na]
    	at org.gradle.process.internal.worker.child.ActionExecutionWorker.execute(ActionExecutionWorker.java:56) ~[na:na]
    	at org.gradle.process.internal.worker.child.SystemApplicationClassLoaderWorker.call(SystemApplicationClassLoaderWorker.java:121) ~[na:na]
    	at org.gradle.process.internal.worker.child.SystemApplicationClassLoaderWorker.call(SystemApplicationClassLoaderWorker.java:71) ~[na:na]
    	at worker.org.gradle.process.internal.worker.GradleWorkerMain.run(GradleWorkerMain.java:69) ~[gradle-worker.jar:na]
    	at worker.org.gradle.process.internal.worker.GradleWorkerMain.main(GradleWorkerMain.java:74) ~[gradle-worker.jar:na]


SecurityRoleCoverageTest > testDeviceApiResident() FAILED
    java.lang.IllegalStateException: ApplicationContext failure threshold (1) exceeded: skipping repeated attempt to load context for [WebMergedContextConfiguration@3cd45cb8 testClass = com.coliving.global.config.SecurityRoleCoverageTest, locations = [], classes = [com.coliving.CoLivingApplication], contextInitializerClasses = [], activeProfiles = ["test"], propertySourceDescriptors = [], propertySourceProperties = ["org.springframework.boot.test.context.SpringBootTestContextBootstrapper=true"], contextCustomizers = [org.springframework.boot.test.autoconfigure.OnFailureConditionReportContextCustomizerFactory$OnFailureConditionReportContextCustomizer@5b7ea70d, org.springframework.boot.test.autoconfigure.actuate.observability.ObservabilityContextCustomizerFactory$DisableObservabilityContextCustomizer@1f, org.springframework.boot.test.autoconfigure.properties.PropertyMappingContextCustomizer@4b3fa0b3, org.springframework.boot.test.autoconfigure.web.servlet.WebDriverContextCustomizer@15eebbff, [ImportsContextCustomizer@4485cd1 key = [org.springframework.boot.test.autoconfigure.web.servlet.MockMvcWebDriverAutoConfiguration, org.springframework.boot.test.autoconfigure.web.servlet.MockMvcAutoConfiguration, org.springframework.boot.autoconfigure.security.oauth2.client.servlet.OAuth2ClientAutoConfiguration, org.springframework.boot.autoconfigure.security.servlet.SecurityAutoConfiguration, org.springframework.boot.autoconfigure.security.servlet.SecurityFilterAutoConfiguration, org.springframework.boot.autoconfigure.security.servlet.UserDetailsServiceAutoConfiguration, org.springframework.boot.autoconfigure.security.oauth2.resource.servlet.OAuth2ResourceServerAutoConfiguration, org.springframework.boot.test.autoconfigure.web.servlet.MockMvcSecurityConfiguration, org.springframework.boot.test.autoconfigure.web.servlet.MockMvcWebClientAutoConfiguration, org.springframework.boot.test.autoconfigure.web.reactive.WebTestClientAutoConfiguration]], org.springframework.boot.test.context.filter.ExcludeFilterContextCustomizer@2453f95d, org.springframework.boot.test.json.DuplicateJsonObjectContextCustomizerFactory$DuplicateJsonObjectContextCustomizer@3e34ace1, org.springframework.boot.test.mock.mockito.MockitoContextCustomizer@0, org.springframework.boot.test.web.client.TestRestTemplateContextCustomizer@21aa6d6c, org.springframework.boot.test.web.reactive.server.WebTestClientContextCustomizer@3f446bef, org.springframework.boot.test.web.reactor.netty.DisableReactorResourceFactoryGlobalResourcesContextCustomizerFactory$DisableReactorResourceFactoryGlobalResourcesContextCustomizerCustomizer@4d098f9b, org.springframework.boot.test.context.SpringBootTestAnnotation@3a75cc75], resourceBasePath = "src/main/webapp", contextLoader = org.springframework.boot.test.context.SpringBootContextLoader, parent = null]
        at org.springframework.test.context.cache.DefaultCacheAwareContextLoaderDelegate.loadContext(DefaultCacheAwareContextLoaderDelegate.java:145)
        at org.springframework.test.context.support.DefaultTestContext.getApplicationContext(DefaultTestContext.java:130)
        at org.springframework.test.context.web.ServletTestExecutionListener.setUpRequestContextIfNecessary(ServletTestExecutionListener.java:191)
        at org.springframework.test.context.web.ServletTestExecutionListener.prepareTestInstance(ServletTestExecutionListener.java:130)
        at org.springframework.test.context.TestContextManager.prepareTestInstance(TestContextManager.java:260)
        at org.springframework.test.context.junit.jupiter.SpringExtension.postProcessTestInstance(SpringExtension.java:163)
        at java.base/java.util.stream.ReferencePipeline$3$1.accept(ReferencePipeline.java:197)
        at java.base/java.util.stream.ReferencePipeline$2$1.accept(ReferencePipeline.java:179)
        at java.base/java.util.ArrayList$ArrayListSpliterator.forEachRemaining(ArrayList.java:1708)
        at java.base/java.util.stream.AbstractPipeline.copyInto(AbstractPipeline.java:509)
        at java.base/java.util.stream.AbstractPipeline.wrapAndCopyInto(AbstractPipeline.java:499)
        at java.base/java.util.stream.StreamSpliterators$WrappingSpliterator.forEachRemaining(StreamSpliterators.java:310)
        at java.base/java.util.stream.Streams$ConcatSpliterator.forEachRemaining(Streams.java:735)
        at java.base/java.util.stream.Streams$ConcatSpliterator.forEachRemaining(Streams.java:734)
        at java.base/java.util.stream.ReferencePipeline$Head.forEach(ReferencePipeline.java:762)
        at java.base/java.util.Optional.orElseGet(Optional.java:364)
        at java.base/java.util.ArrayList.forEach(ArrayList.java:1596)
        at java.base/java.util.ArrayList.forEach(ArrayList.java:1596)

SecurityRoleCoverageTest STANDARD_OUT
    2026-04-13T12:41:34.690+09:00  WARN 4752 --- [    Test worker] o.s.test.context.TestContextManager      : Caught exception while allowing TestExecutionListener [org.springframework.test.context.web.ServletTestExecutionListener] to prepare test instance [com.coliving.global.config.SecurityRoleCoverageTest@559207b2]

    java.lang.IllegalStateException: ApplicationContext failure threshold (1) exceeded: skipping repeated attempt to load context for [WebMergedContextConfiguration@3cd45cb8 testClass = com.coliving.global.config.SecurityRoleCoverageTest, locations = [], classes = [com.coliving.CoLivingApplication], contextInitializerClasses = [], activeProfiles = ["test"], propertySourceDescriptors = [], propertySourceProperties = ["org.springframework.boot.test.context.SpringBootTestContextBootstrapper=true"], contextCustomizers = [org.springframework.boot.test.autoconfigure.OnFailureConditionReportContextCustomizerFactory$OnFailureConditionReportContextCustomizer@5b7ea70d, org.springframework.boot.test.autoconfigure.actuate.observability.ObservabilityContextCustomizerFactory$DisableObservabilityContextCustomizer@1f, org.springframework.boot.test.autoconfigure.properties.PropertyMappingContextCustomizer@4b3fa0b3, org.springframework.boot.test.autoconfigure.web.servlet.WebDriverContextCustomizer@15eebbff, [ImportsContextCustomizer@4485cd1 key = [org.springframework.boot.test.autoconfigure.web.servlet.MockMvcWebDriverAutoConfiguration, org.springframework.boot.test.autoconfigure.web.servlet.MockMvcAutoConfiguration, org.springframework.boot.autoconfigure.security.oauth2.client.servlet.OAuth2ClientAutoConfiguration, org.springframework.boot.autoconfigure.security.servlet.SecurityAutoConfiguration, org.springframework.boot.autoconfigure.security.servlet.SecurityFilterAutoConfiguration, org.springframework.boot.autoconfigure.security.servlet.UserDetailsServiceAutoConfiguration, org.springframework.boot.autoconfigure.security.oauth2.resource.servlet.OAuth2ResourceServerAutoConfiguration, org.springframework.boot.test.autoconfigure.web.servlet.MockMvcSecurityConfiguration, org.springframework.boot.test.autoconfigure.web.servlet.MockMvcWebClientAutoConfiguration, org.springframework.boot.test.autoconfigure.web.reactive.WebTestClientAutoConfiguration]], org.springframework.boot.test.context.filter.ExcludeFilterContextCustomizer@2453f95d, org.springframework.boot.test.json.DuplicateJsonObjectContextCustomizerFactory$DuplicateJsonObjectContextCustomizer@3e34ace1, org.springframework.boot.test.mock.mockito.MockitoContextCustomizer@0, org.springframework.boot.test.web.client.TestRestTemplateContextCustomizer@21aa6d6c, org.springframework.boot.test.web.reactive.server.WebTestClientContextCustomizer@3f446bef, org.springframework.boot.test.web.reactor.netty.DisableReactorResourceFactoryGlobalResourcesContextCustomizerFactory$DisableReactorResourceFactoryGlobalResourcesContextCustomizerCustomizer@4d098f9b, org.springframework.boot.test.context.SpringBootTestAnnotation@3a75cc75], resourceBasePath = "src/main/webapp", contextLoader = org.springframework.boot.test.context.SpringBootContextLoader, parent = null]
    	at org.springframework.test.context.cache.DefaultCacheAwareContextLoaderDelegate.loadContext(DefaultCacheAwareContextLoaderDelegate.java:145) ~[spring-test-6.1.18.jar:6.1.18]
    	at org.springframework.test.context.support.DefaultTestContext.getApplicationContext(DefaultTestContext.java:130) ~[spring-test-6.1.18.jar:6.1.18]
    	at org.springframework.test.context.web.ServletTestExecutionListener.setUpRequestContextIfNecessary(ServletTestExecutionListener.java:191) ~[spring-test-6.1.18.jar:6.1.18]
    	at org.springframework.test.context.web.ServletTestExecutionListener.prepareTestInstance(ServletTestExecutionListener.java:130) ~[spring-test-6.1.18.jar:6.1.18]
    	at org.springframework.test.context.TestContextManager.prepareTestInstance(TestContextManager.java:260) ~[spring-test-6.1.18.jar:6.1.18]
    	at org.springframework.test.context.junit.jupiter.SpringExtension.postProcessTestInstance(SpringExtension.java:163) ~[spring-test-6.1.18.jar:6.1.18]
    	at org.junit.jupiter.engine.descriptor.ClassBasedTestDescriptor.lambda$invokeTestInstancePostProcessors$10(ClassBasedTestDescriptor.java:378) ~[junit-jupiter-engine-5.10.5.jar:5.10.5]
    	at org.junit.jupiter.engine.descriptor.ClassBasedTestDescriptor.executeAndMaskThrowable(ClassBasedTestDescriptor.java:383) ~[junit-jupiter-engine-5.10.5.jar:5.10.5]
    	at org.junit.jupiter.engine.descriptor.ClassBasedTestDescriptor.lambda$invokeTestInstancePostProcessors$11(ClassBasedTestDescriptor.java:378) ~[junit-jupiter-engine-5.10.5.jar:5.10.5]
    	at java.base/java.util.stream.ReferencePipeline$3$1.accept(ReferencePipeline.java:197) ~[na:na]
    	at java.base/java.util.stream.ReferencePipeline$2$1.accept(ReferencePipeline.java:179) ~[na:na]
    	at java.base/java.util.ArrayList$ArrayListSpliterator.forEachRemaining(ArrayList.java:1708) ~[na:na]
    	at java.base/java.util.stream.AbstractPipeline.copyInto(AbstractPipeline.java:509) ~[na:na]
    	at java.base/java.util.stream.AbstractPipeline.wrapAndCopyInto(AbstractPipeline.java:499) ~[na:na]
    	at java.base/java.util.stream.StreamSpliterators$WrappingSpliterator.forEachRemaining(StreamSpliterators.java:310) ~[na:na]
    	at java.base/java.util.stream.Streams$ConcatSpliterator.forEachRemaining(Streams.java:735) ~[na:na]
    	at java.base/java.util.stream.Streams$ConcatSpliterator.forEachRemaining(Streams.java:734) ~[na:na]
    	at java.base/java.util.stream.ReferencePipeline$Head.forEach(ReferencePipeline.java:762) ~[na:na]
    	at org.junit.jupiter.engine.descriptor.ClassBasedTestDescriptor.invokeTestInstancePostProcessors(ClassBasedTestDescriptor.java:377) ~[junit-jupiter-engine-5.10.5.jar:5.10.5]
    	at org.junit.jupiter.engine.descriptor.ClassBasedTestDescriptor.lambda$instantiateAndPostProcessTestInstance$6(ClassBasedTestDescriptor.java:290) ~[junit-jupiter-engine-5.10.5.jar:5.10.5]
    	at org.junit.platform.engine.support.hierarchical.ThrowableCollector.execute(ThrowableCollector.java:73) ~[junit-platform-engine-1.10.5.jar:1.10.5]
    	at org.junit.jupiter.engine.descriptor.ClassBasedTestDescriptor.instantiateAndPostProcessTestInstance(ClassBasedTestDescriptor.java:289) ~[junit-jupiter-engine-5.10.5.jar:5.10.5]
    	at org.junit.jupiter.engine.descriptor.ClassBasedTestDescriptor.lambda$testInstancesProvider$4(ClassBasedTestDescriptor.java:279) ~[junit-jupiter-engine-5.10.5.jar:5.10.5]
    	at java.base/java.util.Optional.orElseGet(Optional.java:364) ~[na:na]
    	at org.junit.jupiter.engine.descriptor.ClassBasedTestDescriptor.lambda$testInstancesProvider$5(ClassBasedTestDescriptor.java:278) ~[junit-jupiter-engine-5.10.5.jar:5.10.5]
    	at org.junit.jupiter.engine.execution.TestInstancesProvider.getTestInstances(TestInstancesProvider.java:31) ~[junit-jupiter-engine-5.10.5.jar:5.10.5]
    	at org.junit.jupiter.engine.descriptor.TestMethodTestDescriptor.lambda$prepare$0(TestMethodTestDescriptor.java:106) ~[junit-jupiter-engine-5.10.5.jar:5.10.5]
    	at org.junit.platform.engine.support.hierarchical.ThrowableCollector.execute(ThrowableCollector.java:73) ~[junit-platform-engine-1.10.5.jar:1.10.5]
    	at org.junit.jupiter.engine.descriptor.TestMethodTestDescriptor.prepare(TestMethodTestDescriptor.java:105) ~[junit-jupiter-engine-5.10.5.jar:5.10.5]
    	at org.junit.jupiter.engine.descriptor.TestMethodTestDescriptor.prepare(TestMethodTestDescriptor.java:69) ~[junit-jupiter-engine-5.10.5.jar:5.10.5]
    	at org.junit.platform.engine.support.hierarchical.NodeTestTask.lambda$prepare$2(NodeTestTask.java:128) ~[junit-platform-engine-1.10.5.jar:1.10.5]
    	at org.junit.platform.engine.support.hierarchical.ThrowableCollector.execute(ThrowableCollector.java:73) ~[junit-platform-engine-1.10.5.jar:1.10.5]
    	at org.junit.platform.engine.support.hierarchical.NodeTestTask.prepare(NodeTestTask.java:128) ~[junit-platform-engine-1.10.5.jar:1.10.5]
    	at org.junit.platform.engine.support.hierarchical.NodeTestTask.execute(NodeTestTask.java:95) ~[junit-platform-engine-1.10.5.jar:1.10.5]
    	at java.base/java.util.ArrayList.forEach(ArrayList.java:1596) ~[na:na]
    	at org.junit.platform.engine.support.hierarchical.SameThreadHierarchicalTestExecutorService.invokeAll(SameThreadHierarchicalTestExecutorService.java:41) ~[junit-platform-engine-1.10.5.jar:1.10.5]
    	at org.junit.platform.engine.support.hierarchical.NodeTestTask.lambda$executeRecursively$6(NodeTestTask.java:160) ~[junit-platform-engine-1.10.5.jar:1.10.5]
    	at org.junit.platform.engine.support.hierarchical.ThrowableCollector.execute(ThrowableCollector.java:73) ~[junit-platform-engine-1.10.5.jar:1.10.5]
    	at org.junit.platform.engine.support.hierarchical.NodeTestTask.lambda$executeRecursively$8(NodeTestTask.java:146) ~[junit-platform-engine-1.10.5.jar:1.10.5]
    	at org.junit.platform.engine.support.hierarchical.Node.around(Node.java:137) ~[junit-platform-engine-1.10.5.jar:1.10.5]
    	at org.junit.platform.engine.support.hierarchical.NodeTestTask.lambda$executeRecursively$9(NodeTestTask.java:144) ~[junit-platform-engine-1.10.5.jar:1.10.5]
    	at org.junit.platform.engine.support.hierarchical.ThrowableCollector.execute(ThrowableCollector.java:73) ~[junit-platform-engine-1.10.5.jar:1.10.5]
    	at org.junit.platform.engine.support.hierarchical.NodeTestTask.executeRecursively(NodeTestTask.java:143) ~[junit-platform-engine-1.10.5.jar:1.10.5]
    	at org.junit.platform.engine.support.hierarchical.NodeTestTask.execute(NodeTestTask.java:100) ~[junit-platform-engine-1.10.5.jar:1.10.5]
    	at java.base/java.util.ArrayList.forEach(ArrayList.java:1596) ~[na:na]
    	at org.junit.platform.engine.support.hierarchical.SameThreadHierarchicalTestExecutorService.invokeAll(SameThreadHierarchicalTestExecutorService.java:41) ~[junit-platform-engine-1.10.5.jar:1.10.5]
    	at org.junit.platform.engine.support.hierarchical.NodeTestTask.lambda$executeRecursively$6(NodeTestTask.java:160) ~[junit-platform-engine-1.10.5.jar:1.10.5]
    	at org.junit.platform.engine.support.hierarchical.ThrowableCollector.execute(ThrowableCollector.java:73) ~[junit-platform-engine-1.10.5.jar:1.10.5]
    	at org.junit.platform.engine.support.hierarchical.NodeTestTask.lambda$executeRecursively$8(NodeTestTask.java:146) ~[junit-platform-engine-1.10.5.jar:1.10.5]
    	at org.junit.platform.engine.support.hierarchical.Node.around(Node.java:137) ~[junit-platform-engine-1.10.5.jar:1.10.5]
    	at org.junit.platform.engine.support.hierarchical.NodeTestTask.lambda$executeRecursively$9(NodeTestTask.java:144) ~[junit-platform-engine-1.10.5.jar:1.10.5]
    	at org.junit.platform.engine.support.hierarchical.ThrowableCollector.execute(ThrowableCollector.java:73) ~[junit-platform-engine-1.10.5.jar:1.10.5]
    	at org.junit.platform.engine.support.hierarchical.NodeTestTask.executeRecursively(NodeTestTask.java:143) ~[junit-platform-engine-1.10.5.jar:1.10.5]
    	at org.junit.platform.engine.support.hierarchical.NodeTestTask.execute(NodeTestTask.java:100) ~[junit-platform-engine-1.10.5.jar:1.10.5]
    	at org.junit.platform.engine.support.hierarchical.SameThreadHierarchicalTestExecutorService.submit(SameThreadHierarchicalTestExecutorService.java:35) ~[junit-platform-engine-1.10.5.jar:1.10.5]
    	at org.junit.platform.engine.support.hierarchical.HierarchicalTestExecutor.execute(HierarchicalTestExecutor.java:57) ~[junit-platform-engine-1.10.5.jar:1.10.5]
    	at org.junit.platform.engine.support.hierarchical.HierarchicalTestEngine.execute(HierarchicalTestEngine.java:54) ~[junit-platform-engine-1.10.5.jar:1.10.5]
    	at org.junit.platform.launcher.core.EngineExecutionOrchestrator.execute(EngineExecutionOrchestrator.java:198) ~[junit-platform-launcher-1.10.5.jar:1.10.5]
    	at org.junit.platform.launcher.core.EngineExecutionOrchestrator.execute(EngineExecutionOrchestrator.java:169) ~[junit-platform-launcher-1.10.5.jar:1.10.5]
    	at org.junit.platform.launcher.core.EngineExecutionOrchestrator.execute(EngineExecutionOrchestrator.java:93) ~[junit-platform-launcher-1.10.5.jar:1.10.5]
    	at org.junit.platform.launcher.core.EngineExecutionOrchestrator.lambda$execute$0(EngineExecutionOrchestrator.java:58) ~[junit-platform-launcher-1.10.5.jar:1.10.5]
    	at org.junit.platform.launcher.core.EngineExecutionOrchestrator.withInterceptedStreams(EngineExecutionOrchestrator.java:141) ~[junit-platform-launcher-1.10.5.jar:1.10.5]
    	at org.junit.platform.launcher.core.EngineExecutionOrchestrator.execute(EngineExecutionOrchestrator.java:57) ~[junit-platform-launcher-1.10.5.jar:1.10.5]
    	at org.junit.platform.launcher.core.DefaultLauncher.execute(DefaultLauncher.java:103) ~[junit-platform-launcher-1.10.5.jar:1.10.5]
    	at org.junit.platform.launcher.core.DefaultLauncher.execute(DefaultLauncher.java:85) ~[junit-platform-launcher-1.10.5.jar:1.10.5]
    	at org.junit.platform.launcher.core.DelegatingLauncher.execute(DelegatingLauncher.java:47) ~[junit-platform-launcher-1.10.5.jar:1.10.5]
    	at org.gradle.api.internal.tasks.testing.junitplatform.JUnitPlatformTestClassProcessor$CollectAllTestClassesExecutor.processAllTestClasses(JUnitPlatformTestClassProcessor.java:124) ~[na:na]
    	at org.gradle.api.internal.tasks.testing.junitplatform.JUnitPlatformTestClassProcessor$CollectAllTestClassesExecutor.access$000(JUnitPlatformTestClassProcessor.java:99) ~[na:na]
    	at org.gradle.api.internal.tasks.testing.junitplatform.JUnitPlatformTestClassProcessor.stop(JUnitPlatformTestClassProcessor.java:94) ~[na:na]
    	at org.gradle.api.internal.tasks.testing.SuiteTestClassProcessor.stop(SuiteTestClassProcessor.java:63) ~[na:na]
    	at java.base/jdk.internal.reflect.DirectMethodHandleAccessor.invoke(DirectMethodHandleAccessor.java:103) ~[na:na]
    	at java.base/java.lang.reflect.Method.invoke(Method.java:580) ~[na:na]
    	at org.gradle.internal.dispatch.ReflectionDispatch.dispatch(ReflectionDispatch.java:36) ~[na:na]
    	at org.gradle.internal.dispatch.ReflectionDispatch.dispatch(ReflectionDispatch.java:24) ~[na:na]
    	at org.gradle.internal.dispatch.ContextClassLoaderDispatch.dispatch(ContextClassLoaderDispatch.java:33) ~[na:na]
    	at org.gradle.internal.dispatch.ProxyDispatchAdapter$DispatchingInvocationHandler.invoke(ProxyDispatchAdapter.java:92) ~[na:na]
    	at jdk.proxy1/jdk.proxy1.$Proxy4.stop(Unknown Source) ~[na:na]
    	at org.gradle.api.internal.tasks.testing.worker.TestWorker$3.run(TestWorker.java:200) ~[na:na]
    	at org.gradle.api.internal.tasks.testing.worker.TestWorker.executeAndMaintainThreadName(TestWorker.java:132) ~[na:na]
    	at org.gradle.api.internal.tasks.testing.worker.TestWorker.execute(TestWorker.java:103) ~[na:na]
    	at org.gradle.api.internal.tasks.testing.worker.TestWorker.execute(TestWorker.java:63) ~[na:na]
    	at org.gradle.process.internal.worker.child.ActionExecutionWorker.execute(ActionExecutionWorker.java:56) ~[na:na]
    	at org.gradle.process.internal.worker.child.SystemApplicationClassLoaderWorker.call(SystemApplicationClassLoaderWorker.java:121) ~[na:na]
    	at org.gradle.process.internal.worker.child.SystemApplicationClassLoaderWorker.call(SystemApplicationClassLoaderWorker.java:71) ~[na:na]
    	at worker.org.gradle.process.internal.worker.GradleWorkerMain.run(GradleWorkerMain.java:69) ~[gradle-worker.jar:na]
    	at worker.org.gradle.process.internal.worker.GradleWorkerMain.main(GradleWorkerMain.java:74) ~[gradle-worker.jar:na]


SecurityRoleCoverageTest > VOC API - 沅뚰븳蹂??묎렐 ?뚯뒪??(MEMBER_ROLES ?덉슜) FAILED
    java.lang.IllegalStateException: ApplicationContext failure threshold (1) exceeded: skipping repeated attempt to load context for [WebMergedContextConfiguration@3cd45cb8 testClass = com.coliving.global.config.SecurityRoleCoverageTest, locations = [], classes = [com.coliving.CoLivingApplication], contextInitializerClasses = [], activeProfiles = ["test"], propertySourceDescriptors = [], propertySourceProperties = ["org.springframework.boot.test.context.SpringBootTestContextBootstrapper=true"], contextCustomizers = [org.springframework.boot.test.autoconfigure.OnFailureConditionReportContextCustomizerFactory$OnFailureConditionReportContextCustomizer@5b7ea70d, org.springframework.boot.test.autoconfigure.actuate.observability.ObservabilityContextCustomizerFactory$DisableObservabilityContextCustomizer@1f, org.springframework.boot.test.autoconfigure.properties.PropertyMappingContextCustomizer@4b3fa0b3, org.springframework.boot.test.autoconfigure.web.servlet.WebDriverContextCustomizer@15eebbff, [ImportsContextCustomizer@4485cd1 key = [org.springframework.boot.test.autoconfigure.web.servlet.MockMvcWebDriverAutoConfiguration, org.springframework.boot.test.autoconfigure.web.servlet.MockMvcAutoConfiguration, org.springframework.boot.autoconfigure.security.oauth2.client.servlet.OAuth2ClientAutoConfiguration, org.springframework.boot.autoconfigure.security.servlet.SecurityAutoConfiguration, org.springframework.boot.autoconfigure.security.servlet.SecurityFilterAutoConfiguration, org.springframework.boot.autoconfigure.security.servlet.UserDetailsServiceAutoConfiguration, org.springframework.boot.autoconfigure.security.oauth2.resource.servlet.OAuth2ResourceServerAutoConfiguration, org.springframework.boot.test.autoconfigure.web.servlet.MockMvcSecurityConfiguration, org.springframework.boot.test.autoconfigure.web.servlet.MockMvcWebClientAutoConfiguration, org.springframework.boot.test.autoconfigure.web.reactive.WebTestClientAutoConfiguration]], org.springframework.boot.test.context.filter.ExcludeFilterContextCustomizer@2453f95d, org.springframework.boot.test.json.DuplicateJsonObjectContextCustomizerFactory$DuplicateJsonObjectContextCustomizer@3e34ace1, org.springframework.boot.test.mock.mockito.MockitoContextCustomizer@0, org.springframework.boot.test.web.client.TestRestTemplateContextCustomizer@21aa6d6c, org.springframework.boot.test.web.reactive.server.WebTestClientContextCustomizer@3f446bef, org.springframework.boot.test.web.reactor.netty.DisableReactorResourceFactoryGlobalResourcesContextCustomizerFactory$DisableReactorResourceFactoryGlobalResourcesContextCustomizerCustomizer@4d098f9b, org.springframework.boot.test.context.SpringBootTestAnnotation@3a75cc75], resourceBasePath = "src/main/webapp", contextLoader = org.springframework.boot.test.context.SpringBootContextLoader, parent = null]
        at org.springframework.test.context.cache.DefaultCacheAwareContextLoaderDelegate.loadContext(DefaultCacheAwareContextLoaderDelegate.java:145)
        at org.springframework.test.context.support.DefaultTestContext.getApplicationContext(DefaultTestContext.java:130)
        at org.springframework.test.context.web.ServletTestExecutionListener.setUpRequestContextIfNecessary(ServletTestExecutionListener.java:191)
        at org.springframework.test.context.web.ServletTestExecutionListener.prepareTestInstance(ServletTestExecutionListener.java:130)
        at org.springframework.test.context.TestContextManager.prepareTestInstance(TestContextManager.java:260)
        at org.springframework.test.context.junit.jupiter.SpringExtension.postProcessTestInstance(SpringExtension.java:163)
        at java.base/java.util.stream.ReferencePipeline$3$1.accept(ReferencePipeline.java:197)
        at java.base/java.util.stream.ReferencePipeline$2$1.accept(ReferencePipeline.java:179)
        at java.base/java.util.ArrayList$ArrayListSpliterator.forEachRemaining(ArrayList.java:1708)
        at java.base/java.util.stream.AbstractPipeline.copyInto(AbstractPipeline.java:509)
        at java.base/java.util.stream.AbstractPipeline.wrapAndCopyInto(AbstractPipeline.java:499)
        at java.base/java.util.stream.StreamSpliterators$WrappingSpliterator.forEachRemaining(StreamSpliterators.java:310)
        at java.base/java.util.stream.Streams$ConcatSpliterator.forEachRemaining(Streams.java:735)
        at java.base/java.util.stream.Streams$ConcatSpliterator.forEachRemaining(Streams.java:734)
        at java.base/java.util.stream.ReferencePipeline$Head.forEach(ReferencePipeline.java:762)
        at java.base/java.util.Optional.orElseGet(Optional.java:364)
        at java.base/java.util.ArrayList.forEach(ArrayList.java:1596)
        at java.base/java.util.ArrayList.forEach(ArrayList.java:1596)

SecurityRoleCoverageTest STANDARD_OUT
    2026-04-13T12:41:34.698+09:00  WARN 4752 --- [    Test worker] o.s.test.context.TestContextManager      : Caught exception while allowing TestExecutionListener [org.springframework.test.context.web.ServletTestExecutionListener] to prepare test instance [com.coliving.global.config.SecurityRoleCoverageTest@5245b69c]

    java.lang.IllegalStateException: ApplicationContext failure threshold (1) exceeded: skipping repeated attempt to load context for [WebMergedContextConfiguration@3cd45cb8 testClass = com.coliving.global.config.SecurityRoleCoverageTest, locations = [], classes = [com.coliving.CoLivingApplication], contextInitializerClasses = [], activeProfiles = ["test"], propertySourceDescriptors = [], propertySourceProperties = ["org.springframework.boot.test.context.SpringBootTestContextBootstrapper=true"], contextCustomizers = [org.springframework.boot.test.autoconfigure.OnFailureConditionReportContextCustomizerFactory$OnFailureConditionReportContextCustomizer@5b7ea70d, org.springframework.boot.test.autoconfigure.actuate.observability.ObservabilityContextCustomizerFactory$DisableObservabilityContextCustomizer@1f, org.springframework.boot.test.autoconfigure.properties.PropertyMappingContextCustomizer@4b3fa0b3, org.springframework.boot.test.autoconfigure.web.servlet.WebDriverContextCustomizer@15eebbff, [ImportsContextCustomizer@4485cd1 key = [org.springframework.boot.test.autoconfigure.web.servlet.MockMvcWebDriverAutoConfiguration, org.springframework.boot.test.autoconfigure.web.servlet.MockMvcAutoConfiguration, org.springframework.boot.autoconfigure.security.oauth2.client.servlet.OAuth2ClientAutoConfiguration, org.springframework.boot.autoconfigure.security.servlet.SecurityAutoConfiguration, org.springframework.boot.autoconfigure.security.servlet.SecurityFilterAutoConfiguration, org.springframework.boot.autoconfigure.security.servlet.UserDetailsServiceAutoConfiguration, org.springframework.boot.autoconfigure.security.oauth2.resource.servlet.OAuth2ResourceServerAutoConfiguration, org.springframework.boot.test.autoconfigure.web.servlet.MockMvcSecurityConfiguration, org.springframework.boot.test.autoconfigure.web.servlet.MockMvcWebClientAutoConfiguration, org.springframework.boot.test.autoconfigure.web.reactive.WebTestClientAutoConfiguration]], org.springframework.boot.test.context.filter.ExcludeFilterContextCustomizer@2453f95d, org.springframework.boot.test.json.DuplicateJsonObjectContextCustomizerFactory$DuplicateJsonObjectContextCustomizer@3e34ace1, org.springframework.boot.test.mock.mockito.MockitoContextCustomizer@0, org.springframework.boot.test.web.client.TestRestTemplateContextCustomizer@21aa6d6c, org.springframework.boot.test.web.reactive.server.WebTestClientContextCustomizer@3f446bef, org.springframework.boot.test.web.reactor.netty.DisableReactorResourceFactoryGlobalResourcesContextCustomizerFactory$DisableReactorResourceFactoryGlobalResourcesContextCustomizerCustomizer@4d098f9b, org.springframework.boot.test.context.SpringBootTestAnnotation@3a75cc75], resourceBasePath = "src/main/webapp", contextLoader = org.springframework.boot.test.context.SpringBootContextLoader, parent = null]
    	at org.springframework.test.context.cache.DefaultCacheAwareContextLoaderDelegate.loadContext(DefaultCacheAwareContextLoaderDelegate.java:145) ~[spring-test-6.1.18.jar:6.1.18]
    	at org.springframework.test.context.support.DefaultTestContext.getApplicationContext(DefaultTestContext.java:130) ~[spring-test-6.1.18.jar:6.1.18]
    	at org.springframework.test.context.web.ServletTestExecutionListener.setUpRequestContextIfNecessary(ServletTestExecutionListener.java:191) ~[spring-test-6.1.18.jar:6.1.18]
    	at org.springframework.test.context.web.ServletTestExecutionListener.prepareTestInstance(ServletTestExecutionListener.java:130) ~[spring-test-6.1.18.jar:6.1.18]
    	at org.springframework.test.context.TestContextManager.prepareTestInstance(TestContextManager.java:260) ~[spring-test-6.1.18.jar:6.1.18]
    	at org.springframework.test.context.junit.jupiter.SpringExtension.postProcessTestInstance(SpringExtension.java:163) ~[spring-test-6.1.18.jar:6.1.18]
    	at org.junit.jupiter.engine.descriptor.ClassBasedTestDescriptor.lambda$invokeTestInstancePostProcessors$10(ClassBasedTestDescriptor.java:378) ~[junit-jupiter-engine-5.10.5.jar:5.10.5]
    	at org.junit.jupiter.engine.descriptor.ClassBasedTestDescriptor.executeAndMaskThrowable(ClassBasedTestDescriptor.java:383) ~[junit-jupiter-engine-5.10.5.jar:5.10.5]
    	at org.junit.jupiter.engine.descriptor.ClassBasedTestDescriptor.lambda$invokeTestInstancePostProcessors$11(ClassBasedTestDescriptor.java:378) ~[junit-jupiter-engine-5.10.5.jar:5.10.5]
    	at java.base/java.util.stream.ReferencePipeline$3$1.accept(ReferencePipeline.java:197) ~[na:na]
    	at java.base/java.util.stream.ReferencePipeline$2$1.accept(ReferencePipeline.java:179) ~[na:na]
    	at java.base/java.util.ArrayList$ArrayListSpliterator.forEachRemaining(ArrayList.java:1708) ~[na:na]
    	at java.base/java.util.stream.AbstractPipeline.copyInto(AbstractPipeline.java:509) ~[na:na]
    	at java.base/java.util.stream.AbstractPipeline.wrapAndCopyInto(AbstractPipeline.java:499) ~[na:na]
    	at java.base/java.util.stream.StreamSpliterators$WrappingSpliterator.forEachRemaining(StreamSpliterators.java:310) ~[na:na]
    	at java.base/java.util.stream.Streams$ConcatSpliterator.forEachRemaining(Streams.java:735) ~[na:na]
    	at java.base/java.util.stream.Streams$ConcatSpliterator.forEachRemaining(Streams.java:734) ~[na:na]
    	at java.base/java.util.stream.ReferencePipeline$Head.forEach(ReferencePipeline.java:762) ~[na:na]
    	at org.junit.jupiter.engine.descriptor.ClassBasedTestDescriptor.invokeTestInstancePostProcessors(ClassBasedTestDescriptor.java:377) ~[junit-jupiter-engine-5.10.5.jar:5.10.5]
    	at org.junit.jupiter.engine.descriptor.ClassBasedTestDescriptor.lambda$instantiateAndPostProcessTestInstance$6(ClassBasedTestDescriptor.java:290) ~[junit-jupiter-engine-5.10.5.jar:5.10.5]
    	at org.junit.platform.engine.support.hierarchical.ThrowableCollector.execute(ThrowableCollector.java:73) ~[junit-platform-engine-1.10.5.jar:1.10.5]
    	at org.junit.jupiter.engine.descriptor.ClassBasedTestDescriptor.instantiateAndPostProcessTestInstance(ClassBasedTestDescriptor.java:289) ~[junit-jupiter-engine-5.10.5.jar:5.10.5]
    	at org.junit.jupiter.engine.descriptor.ClassBasedTestDescriptor.lambda$testInstancesProvider$4(ClassBasedTestDescriptor.java:279) ~[junit-jupiter-engine-5.10.5.jar:5.10.5]
    	at java.base/java.util.Optional.orElseGet(Optional.java:364) ~[na:na]
    	at org.junit.jupiter.engine.descriptor.ClassBasedTestDescriptor.lambda$testInstancesProvider$5(ClassBasedTestDescriptor.java:278) ~[junit-jupiter-engine-5.10.5.jar:5.10.5]
    	at org.junit.jupiter.engine.execution.TestInstancesProvider.getTestInstances(TestInstancesProvider.java:31) ~[junit-jupiter-engine-5.10.5.jar:5.10.5]
    	at org.junit.jupiter.engine.descriptor.TestMethodTestDescriptor.lambda$prepare$0(TestMethodTestDescriptor.java:106) ~[junit-jupiter-engine-5.10.5.jar:5.10.5]
    	at org.junit.platform.engine.support.hierarchical.ThrowableCollector.execute(ThrowableCollector.java:73) ~[junit-platform-engine-1.10.5.jar:1.10.5]
    	at org.junit.jupiter.engine.descriptor.TestMethodTestDescriptor.prepare(TestMethodTestDescriptor.java:105) ~[junit-jupiter-engine-5.10.5.jar:5.10.5]
    	at org.junit.jupiter.engine.descriptor.TestMethodTestDescriptor.prepare(TestMethodTestDescriptor.java:69) ~[junit-jupiter-engine-5.10.5.jar:5.10.5]
    	at org.junit.platform.engine.support.hierarchical.NodeTestTask.lambda$prepare$2(NodeTestTask.java:128) ~[junit-platform-engine-1.10.5.jar:1.10.5]
    	at org.junit.platform.engine.support.hierarchical.ThrowableCollector.execute(ThrowableCollector.java:73) ~[junit-platform-engine-1.10.5.jar:1.10.5]
    	at org.junit.platform.engine.support.hierarchical.NodeTestTask.prepare(NodeTestTask.java:128) ~[junit-platform-engine-1.10.5.jar:1.10.5]
    	at org.junit.platform.engine.support.hierarchical.NodeTestTask.execute(NodeTestTask.java:95) ~[junit-platform-engine-1.10.5.jar:1.10.5]
    	at java.base/java.util.ArrayList.forEach(ArrayList.java:1596) ~[na:na]
    	at org.junit.platform.engine.support.hierarchical.SameThreadHierarchicalTestExecutorService.invokeAll(SameThreadHierarchicalTestExecutorService.java:41) ~[junit-platform-engine-1.10.5.jar:1.10.5]
    	at org.junit.platform.engine.support.hierarchical.NodeTestTask.lambda$executeRecursively$6(NodeTestTask.java:160) ~[junit-platform-engine-1.10.5.jar:1.10.5]
    	at org.junit.platform.engine.support.hierarchical.ThrowableCollector.execute(ThrowableCollector.java:73) ~[junit-platform-engine-1.10.5.jar:1.10.5]
    	at org.junit.platform.engine.support.hierarchical.NodeTestTask.lambda$executeRecursively$8(NodeTestTask.java:146) ~[junit-platform-engine-1.10.5.jar:1.10.5]
    	at org.junit.platform.engine.support.hierarchical.Node.around(Node.java:137) ~[junit-platform-engine-1.10.5.jar:1.10.5]
    	at org.junit.platform.engine.support.hierarchical.NodeTestTask.lambda$executeRecursively$9(NodeTestTask.java:144) ~[junit-platform-engine-1.10.5.jar:1.10.5]
    	at org.junit.platform.engine.support.hierarchical.ThrowableCollector.execute(ThrowableCollector.java:73) ~[junit-platform-engine-1.10.5.jar:1.10.5]
    	at org.junit.platform.engine.support.hierarchical.NodeTestTask.executeRecursively(NodeTestTask.java:143) ~[junit-platform-engine-1.10.5.jar:1.10.5]
    	at org.junit.platform.engine.support.hierarchical.NodeTestTask.execute(NodeTestTask.java:100) ~[junit-platform-engine-1.10.5.jar:1.10.5]
    	at java.base/java.util.ArrayList.forEach(ArrayList.java:1596) ~[na:na]
    	at org.junit.platform.engine.support.hierarchical.SameThreadHierarchicalTestExecutorService.invokeAll(SameThreadHierarchicalTestExecutorService.java:41) ~[junit-platform-engine-1.10.5.jar:1.10.5]
    	at org.junit.platform.engine.support.hierarchical.NodeTestTask.lambda$executeRecursively$6(NodeTestTask.java:160) ~[junit-platform-engine-1.10.5.jar:1.10.5]
    	at org.junit.platform.engine.support.hierarchical.ThrowableCollector.execute(ThrowableCollector.java:73) ~[junit-platform-engine-1.10.5.jar:1.10.5]
    	at org.junit.platform.engine.support.hierarchical.NodeTestTask.lambda$executeRecursively$8(NodeTestTask.java:146) ~[junit-platform-engine-1.10.5.jar:1.10.5]
    	at org.junit.platform.engine.support.hierarchical.Node.around(Node.java:137) ~[junit-platform-engine-1.10.5.jar:1.10.5]
    	at org.junit.platform.engine.support.hierarchical.NodeTestTask.lambda$executeRecursively$9(NodeTestTask.java:144) ~[junit-platform-engine-1.10.5.jar:1.10.5]
    	at org.junit.platform.engine.support.hierarchical.ThrowableCollector.execute(ThrowableCollector.java:73) ~[junit-platform-engine-1.10.5.jar:1.10.5]
    	at org.junit.platform.engine.support.hierarchical.NodeTestTask.executeRecursively(NodeTestTask.java:143) ~[junit-platform-engine-1.10.5.jar:1.10.5]
    	at org.junit.platform.engine.support.hierarchical.NodeTestTask.execute(NodeTestTask.java:100) ~[junit-platform-engine-1.10.5.jar:1.10.5]
    	at org.junit.platform.engine.support.hierarchical.SameThreadHierarchicalTestExecutorService.submit(SameThreadHierarchicalTestExecutorService.java:35) ~[junit-platform-engine-1.10.5.jar:1.10.5]
    	at org.junit.platform.engine.support.hierarchical.HierarchicalTestExecutor.execute(HierarchicalTestExecutor.java:57) ~[junit-platform-engine-1.10.5.jar:1.10.5]
    	at org.junit.platform.engine.support.hierarchical.HierarchicalTestEngine.execute(HierarchicalTestEngine.java:54) ~[junit-platform-engine-1.10.5.jar:1.10.5]
    	at org.junit.platform.launcher.core.EngineExecutionOrchestrator.execute(EngineExecutionOrchestrator.java:198) ~[junit-platform-launcher-1.10.5.jar:1.10.5]
    	at org.junit.platform.launcher.core.EngineExecutionOrchestrator.execute(EngineExecutionOrchestrator.java:169) ~[junit-platform-launcher-1.10.5.jar:1.10.5]
    	at org.junit.platform.launcher.core.EngineExecutionOrchestrator.execute(EngineExecutionOrchestrator.java:93) ~[junit-platform-launcher-1.10.5.jar:1.10.5]
    	at org.junit.platform.launcher.core.EngineExecutionOrchestrator.lambda$execute$0(EngineExecutionOrchestrator.java:58) ~[junit-platform-launcher-1.10.5.jar:1.10.5]
    	at org.junit.platform.launcher.core.EngineExecutionOrchestrator.withInterceptedStreams(EngineExecutionOrchestrator.java:141) ~[junit-platform-launcher-1.10.5.jar:1.10.5]
    	at org.junit.platform.launcher.core.EngineExecutionOrchestrator.execute(EngineExecutionOrchestrator.java:57) ~[junit-platform-launcher-1.10.5.jar:1.10.5]
    	at org.junit.platform.launcher.core.DefaultLauncher.execute(DefaultLauncher.java:103) ~[junit-platform-launcher-1.10.5.jar:1.10.5]
    	at org.junit.platform.launcher.core.DefaultLauncher.execute(DefaultLauncher.java:85) ~[junit-platform-launcher-1.10.5.jar:1.10.5]
    	at org.junit.platform.launcher.core.DelegatingLauncher.execute(DelegatingLauncher.java:47) ~[junit-platform-launcher-1.10.5.jar:1.10.5]
    	at org.gradle.api.internal.tasks.testing.junitplatform.JUnitPlatformTestClassProcessor$CollectAllTestClassesExecutor.processAllTestClasses(JUnitPlatformTestClassProcessor.java:124) ~[na:na]
    	at org.gradle.api.internal.tasks.testing.junitplatform.JUnitPlatformTestClassProcessor$CollectAllTestClassesExecutor.access$000(JUnitPlatformTestClassProcessor.java:99) ~[na:na]
    	at org.gradle.api.internal.tasks.testing.junitplatform.JUnitPlatformTestClassProcessor.stop(JUnitPlatformTestClassProcessor.java:94) ~[na:na]
    	at org.gradle.api.internal.tasks.testing.SuiteTestClassProcessor.stop(SuiteTestClassProcessor.java:63) ~[na:na]
    	at java.base/jdk.internal.reflect.DirectMethodHandleAccessor.invoke(DirectMethodHandleAccessor.java:103) ~[na:na]
    	at java.base/java.lang.reflect.Method.invoke(Method.java:580) ~[na:na]
    	at org.gradle.internal.dispatch.ReflectionDispatch.dispatch(ReflectionDispatch.java:36) ~[na:na]
    	at org.gradle.internal.dispatch.ReflectionDispatch.dispatch(ReflectionDispatch.java:24) ~[na:na]
    	at org.gradle.internal.dispatch.ContextClassLoaderDispatch.dispatch(ContextClassLoaderDispatch.java:33) ~[na:na]
    	at org.gradle.internal.dispatch.ProxyDispatchAdapter$DispatchingInvocationHandler.invoke(ProxyDispatchAdapter.java:92) ~[na:na]
    	at jdk.proxy1/jdk.proxy1.$Proxy4.stop(Unknown Source) ~[na:na]
    	at org.gradle.api.internal.tasks.testing.worker.TestWorker$3.run(TestWorker.java:200) ~[na:na]
    	at org.gradle.api.internal.tasks.testing.worker.TestWorker.executeAndMaintainThreadName(TestWorker.java:132) ~[na:na]
    	at org.gradle.api.internal.tasks.testing.worker.TestWorker.execute(TestWorker.java:103) ~[na:na]
    	at org.gradle.api.internal.tasks.testing.worker.TestWorker.execute(TestWorker.java:63) ~[na:na]
    	at org.gradle.process.internal.worker.child.ActionExecutionWorker.execute(ActionExecutionWorker.java:56) ~[na:na]
    	at org.gradle.process.internal.worker.child.SystemApplicationClassLoaderWorker.call(SystemApplicationClassLoaderWorker.java:121) ~[na:na]
    	at org.gradle.process.internal.worker.child.SystemApplicationClassLoaderWorker.call(SystemApplicationClassLoaderWorker.java:71) ~[na:na]
    	at worker.org.gradle.process.internal.worker.GradleWorkerMain.run(GradleWorkerMain.java:69) ~[gradle-worker.jar:na]
    	at worker.org.gradle.process.internal.worker.GradleWorkerMain.main(GradleWorkerMain.java:74) ~[gradle-worker.jar:na]


SecurityRoleCoverageTest > 諛⑹뼱 吏???뚯뒪??- 議댁옱?섏? ?딅뒗 洹???API??紐⑤몢 ?몄쬆 ?꾪꽣 ?묒슜 FAILED
    java.lang.IllegalStateException: ApplicationContext failure threshold (1) exceeded: skipping repeated attempt to load context for [WebMergedContextConfiguration@3cd45cb8 testClass = com.coliving.global.config.SecurityRoleCoverageTest, locations = [], classes = [com.coliving.CoLivingApplication], contextInitializerClasses = [], activeProfiles = ["test"], propertySourceDescriptors = [], propertySourceProperties = ["org.springframework.boot.test.context.SpringBootTestContextBootstrapper=true"], contextCustomizers = [org.springframework.boot.test.autoconfigure.OnFailureConditionReportContextCustomizerFactory$OnFailureConditionReportContextCustomizer@5b7ea70d, org.springframework.boot.test.autoconfigure.actuate.observability.ObservabilityContextCustomizerFactory$DisableObservabilityContextCustomizer@1f, org.springframework.boot.test.autoconfigure.properties.PropertyMappingContextCustomizer@4b3fa0b3, org.springframework.boot.test.autoconfigure.web.servlet.WebDriverContextCustomizer@15eebbff, [ImportsContextCustomizer@4485cd1 key = [org.springframework.boot.test.autoconfigure.web.servlet.MockMvcWebDriverAutoConfiguration, org.springframework.boot.test.autoconfigure.web.servlet.MockMvcAutoConfiguration, org.springframework.boot.autoconfigure.security.oauth2.client.servlet.OAuth2ClientAutoConfiguration, org.springframework.boot.autoconfigure.security.servlet.SecurityAutoConfiguration, org.springframework.boot.autoconfigure.security.servlet.SecurityFilterAutoConfiguration, org.springframework.boot.autoconfigure.security.servlet.UserDetailsServiceAutoConfiguration, org.springframework.boot.autoconfigure.security.oauth2.resource.servlet.OAuth2ResourceServerAutoConfiguration, org.springframework.boot.test.autoconfigure.web.servlet.MockMvcSecurityConfiguration, org.springframework.boot.test.autoconfigure.web.servlet.MockMvcWebClientAutoConfiguration, org.springframework.boot.test.autoconfigure.web.reactive.WebTestClientAutoConfiguration]], org.springframework.boot.test.context.filter.ExcludeFilterContextCustomizer@2453f95d, org.springframework.boot.test.json.DuplicateJsonObjectContextCustomizerFactory$DuplicateJsonObjectContextCustomizer@3e34ace1, org.springframework.boot.test.mock.mockito.MockitoContextCustomizer@0, org.springframework.boot.test.web.client.TestRestTemplateContextCustomizer@21aa6d6c, org.springframework.boot.test.web.reactive.server.WebTestClientContextCustomizer@3f446bef, org.springframework.boot.test.web.reactor.netty.DisableReactorResourceFactoryGlobalResourcesContextCustomizerFactory$DisableReactorResourceFactoryGlobalResourcesContextCustomizerCustomizer@4d098f9b, org.springframework.boot.test.context.SpringBootTestAnnotation@3a75cc75], resourceBasePath = "src/main/webapp", contextLoader = org.springframework.boot.test.context.SpringBootContextLoader, parent = null]
        at org.springframework.test.context.cache.DefaultCacheAwareContextLoaderDelegate.loadContext(DefaultCacheAwareContextLoaderDelegate.java:145)
        at org.springframework.test.context.support.DefaultTestContext.getApplicationContext(DefaultTestContext.java:130)
        at org.springframework.test.context.web.ServletTestExecutionListener.setUpRequestContextIfNecessary(ServletTestExecutionListener.java:191)
        at org.springframework.test.context.web.ServletTestExecutionListener.prepareTestInstance(ServletTestExecutionListener.java:130)
        at org.springframework.test.context.TestContextManager.prepareTestInstance(TestContextManager.java:260)
        at org.springframework.test.context.junit.jupiter.SpringExtension.postProcessTestInstance(SpringExtension.java:163)
        at java.base/java.util.stream.ReferencePipeline$3$1.accept(ReferencePipeline.java:197)
        at java.base/java.util.stream.ReferencePipeline$2$1.accept(ReferencePipeline.java:179)
        at java.base/java.util.ArrayList$ArrayListSpliterator.forEachRemaining(ArrayList.java:1708)
        at java.base/java.util.stream.AbstractPipeline.copyInto(AbstractPipeline.java:509)
        at java.base/java.util.stream.AbstractPipeline.wrapAndCopyInto(AbstractPipeline.java:499)
        at java.base/java.util.stream.StreamSpliterators$WrappingSpliterator.forEachRemaining(StreamSpliterators.java:310)
        at java.base/java.util.stream.Streams$ConcatSpliterator.forEachRemaining(Streams.java:735)
        at java.base/java.util.stream.Streams$ConcatSpliterator.forEachRemaining(Streams.java:734)
        at java.base/java.util.stream.ReferencePipeline$Head.forEach(ReferencePipeline.java:762)
        at java.base/java.util.Optional.orElseGet(Optional.java:364)
        at java.base/java.util.ArrayList.forEach(ArrayList.java:1596)
        at java.base/java.util.ArrayList.forEach(ArrayList.java:1596)

SecurityRoleCoverageTest STANDARD_OUT
    2026-04-13T12:41:34.703+09:00  WARN 4752 --- [    Test worker] o.s.test.context.TestContextManager      : Caught exception while allowing TestExecutionListener [org.springframework.test.context.web.ServletTestExecutionListener] to prepare test instance [com.coliving.global.config.SecurityRoleCoverageTest@29b99c50]

    java.lang.IllegalStateException: ApplicationContext failure threshold (1) exceeded: skipping repeated attempt to load context for [WebMergedContextConfiguration@3cd45cb8 testClass = com.coliving.global.config.SecurityRoleCoverageTest, locations = [], classes = [com.coliving.CoLivingApplication], contextInitializerClasses = [], activeProfiles = ["test"], propertySourceDescriptors = [], propertySourceProperties = ["org.springframework.boot.test.context.SpringBootTestContextBootstrapper=true"], contextCustomizers = [org.springframework.boot.test.autoconfigure.OnFailureConditionReportContextCustomizerFactory$OnFailureConditionReportContextCustomizer@5b7ea70d, org.springframework.boot.test.autoconfigure.actuate.observability.ObservabilityContextCustomizerFactory$DisableObservabilityContextCustomizer@1f, org.springframework.boot.test.autoconfigure.properties.PropertyMappingContextCustomizer@4b3fa0b3, org.springframework.boot.test.autoconfigure.web.servlet.WebDriverContextCustomizer@15eebbff, [ImportsContextCustomizer@4485cd1 key = [org.springframework.boot.test.autoconfigure.web.servlet.MockMvcWebDriverAutoConfiguration, org.springframework.boot.test.autoconfigure.web.servlet.MockMvcAutoConfiguration, org.springframework.boot.autoconfigure.security.oauth2.client.servlet.OAuth2ClientAutoConfiguration, org.springframework.boot.autoconfigure.security.servlet.SecurityAutoConfiguration, org.springframework.boot.autoconfigure.security.servlet.SecurityFilterAutoConfiguration, org.springframework.boot.autoconfigure.security.servlet.UserDetailsServiceAutoConfiguration, org.springframework.boot.autoconfigure.security.oauth2.resource.servlet.OAuth2ResourceServerAutoConfiguration, org.springframework.boot.test.autoconfigure.web.servlet.MockMvcSecurityConfiguration, org.springframework.boot.test.autoconfigure.web.servlet.MockMvcWebClientAutoConfiguration, org.springframework.boot.test.autoconfigure.web.reactive.WebTestClientAutoConfiguration]], org.springframework.boot.test.context.filter.ExcludeFilterContextCustomizer@2453f95d, org.springframework.boot.test.json.DuplicateJsonObjectContextCustomizerFactory$DuplicateJsonObjectContextCustomizer@3e34ace1, org.springframework.boot.test.mock.mockito.MockitoContextCustomizer@0, org.springframework.boot.test.web.client.TestRestTemplateContextCustomizer@21aa6d6c, org.springframework.boot.test.web.reactive.server.WebTestClientContextCustomizer@3f446bef, org.springframework.boot.test.web.reactor.netty.DisableReactorResourceFactoryGlobalResourcesContextCustomizerFactory$DisableReactorResourceFactoryGlobalResourcesContextCustomizerCustomizer@4d098f9b, org.springframework.boot.test.context.SpringBootTestAnnotation@3a75cc75], resourceBasePath = "src/main/webapp", contextLoader = org.springframework.boot.test.context.SpringBootContextLoader, parent = null]
    	at org.springframework.test.context.cache.DefaultCacheAwareContextLoaderDelegate.loadContext(DefaultCacheAwareContextLoaderDelegate.java:145) ~[spring-test-6.1.18.jar:6.1.18]
    	at org.springframework.test.context.support.DefaultTestContext.getApplicationContext(DefaultTestContext.java:130) ~[spring-test-6.1.18.jar:6.1.18]
    	at org.springframework.test.context.web.ServletTestExecutionListener.setUpRequestContextIfNecessary(ServletTestExecutionListener.java:191) ~[spring-test-6.1.18.jar:6.1.18]
    	at org.springframework.test.context.web.ServletTestExecutionListener.prepareTestInstance(ServletTestExecutionListener.java:130) ~[spring-test-6.1.18.jar:6.1.18]
    	at org.springframework.test.context.TestContextManager.prepareTestInstance(TestContextManager.java:260) ~[spring-test-6.1.18.jar:6.1.18]
    	at org.springframework.test.context.junit.jupiter.SpringExtension.postProcessTestInstance(SpringExtension.java:163) ~[spring-test-6.1.18.jar:6.1.18]
    	at org.junit.jupiter.engine.descriptor.ClassBasedTestDescriptor.lambda$invokeTestInstancePostProcessors$10(ClassBasedTestDescriptor.java:378) ~[junit-jupiter-engine-5.10.5.jar:5.10.5]
    	at org.junit.jupiter.engine.descriptor.ClassBasedTestDescriptor.executeAndMaskThrowable(ClassBasedTestDescriptor.java:383) ~[junit-jupiter-engine-5.10.5.jar:5.10.5]
    	at org.junit.jupiter.engine.descriptor.ClassBasedTestDescriptor.lambda$invokeTestInstancePostProcessors$11(ClassBasedTestDescriptor.java:378) ~[junit-jupiter-engine-5.10.5.jar:5.10.5]
    	at java.base/java.util.stream.ReferencePipeline$3$1.accept(ReferencePipeline.java:197) ~[na:na]
    	at java.base/java.util.stream.ReferencePipeline$2$1.accept(ReferencePipeline.java:179) ~[na:na]
    	at java.base/java.util.ArrayList$ArrayListSpliterator.forEachRemaining(ArrayList.java:1708) ~[na:na]
    	at java.base/java.util.stream.AbstractPipeline.copyInto(AbstractPipeline.java:509) ~[na:na]
    	at java.base/java.util.stream.AbstractPipeline.wrapAndCopyInto(AbstractPipeline.java:499) ~[na:na]
    	at java.base/java.util.stream.StreamSpliterators$WrappingSpliterator.forEachRemaining(StreamSpliterators.java:310) ~[na:na]
    	at java.base/java.util.stream.Streams$ConcatSpliterator.forEachRemaining(Streams.java:735) ~[na:na]
    	at java.base/java.util.stream.Streams$ConcatSpliterator.forEachRemaining(Streams.java:734) ~[na:na]
    	at java.base/java.util.stream.ReferencePipeline$Head.forEach(ReferencePipeline.java:762) ~[na:na]
    	at org.junit.jupiter.engine.descriptor.ClassBasedTestDescriptor.invokeTestInstancePostProcessors(ClassBasedTestDescriptor.java:377) ~[junit-jupiter-engine-5.10.5.jar:5.10.5]
    	at org.junit.jupiter.engine.descriptor.ClassBasedTestDescriptor.lambda$instantiateAndPostProcessTestInstance$6(ClassBasedTestDescriptor.java:290) ~[junit-jupiter-engine-5.10.5.jar:5.10.5]
    	at org.junit.platform.engine.support.hierarchical.ThrowableCollector.execute(ThrowableCollector.java:73) ~[junit-platform-engine-1.10.5.jar:1.10.5]
    	at org.junit.jupiter.engine.descriptor.ClassBasedTestDescriptor.instantiateAndPostProcessTestInstance(ClassBasedTestDescriptor.java:289) ~[junit-jupiter-engine-5.10.5.jar:5.10.5]
    	at org.junit.jupiter.engine.descriptor.ClassBasedTestDescriptor.lambda$testInstancesProvider$4(ClassBasedTestDescriptor.java:279) ~[junit-jupiter-engine-5.10.5.jar:5.10.5]
    	at java.base/java.util.Optional.orElseGet(Optional.java:364) ~[na:na]
    	at org.junit.jupiter.engine.descriptor.ClassBasedTestDescriptor.lambda$testInstancesProvider$5(ClassBasedTestDescriptor.java:278) ~[junit-jupiter-engine-5.10.5.jar:5.10.5]
    	at org.junit.jupiter.engine.execution.TestInstancesProvider.getTestInstances(TestInstancesProvider.java:31) ~[junit-jupiter-engine-5.10.5.jar:5.10.5]
    	at org.junit.jupiter.engine.descriptor.TestMethodTestDescriptor.lambda$prepare$0(TestMethodTestDescriptor.java:106) ~[junit-jupiter-engine-5.10.5.jar:5.10.5]
    	at org.junit.platform.engine.support.hierarchical.ThrowableCollector.execute(ThrowableCollector.java:73) ~[junit-platform-engine-1.10.5.jar:1.10.5]
    	at org.junit.jupiter.engine.descriptor.TestMethodTestDescriptor.prepare(TestMethodTestDescriptor.java:105) ~[junit-jupiter-engine-5.10.5.jar:5.10.5]
    	at org.junit.jupiter.engine.descriptor.TestMethodTestDescriptor.prepare(TestMethodTestDescriptor.java:69) ~[junit-jupiter-engine-5.10.5.jar:5.10.5]
    	at org.junit.platform.engine.support.hierarchical.NodeTestTask.lambda$prepare$2(NodeTestTask.java:128) ~[junit-platform-engine-1.10.5.jar:1.10.5]
    	at org.junit.platform.engine.support.hierarchical.ThrowableCollector.execute(ThrowableCollector.java:73) ~[junit-platform-engine-1.10.5.jar:1.10.5]
    	at org.junit.platform.engine.support.hierarchical.NodeTestTask.prepare(NodeTestTask.java:128) ~[junit-platform-engine-1.10.5.jar:1.10.5]
    	at org.junit.platform.engine.support.hierarchical.NodeTestTask.execute(NodeTestTask.java:95) ~[junit-platform-engine-1.10.5.jar:1.10.5]
    	at java.base/java.util.ArrayList.forEach(ArrayList.java:1596) ~[na:na]
    	at org.junit.platform.engine.support.hierarchical.SameThreadHierarchicalTestExecutorService.invokeAll(SameThreadHierarchicalTestExecutorService.java:41) ~[junit-platform-engine-1.10.5.jar:1.10.5]
    	at org.junit.platform.engine.support.hierarchical.NodeTestTask.lambda$executeRecursively$6(NodeTestTask.java:160) ~[junit-platform-engine-1.10.5.jar:1.10.5]
    	at org.junit.platform.engine.support.hierarchical.ThrowableCollector.execute(ThrowableCollector.java:73) ~[junit-platform-engine-1.10.5.jar:1.10.5]
    	at org.junit.platform.engine.support.hierarchical.NodeTestTask.lambda$executeRecursively$8(NodeTestTask.java:146) ~[junit-platform-engine-1.10.5.jar:1.10.5]
    	at org.junit.platform.engine.support.hierarchical.Node.around(Node.java:137) ~[junit-platform-engine-1.10.5.jar:1.10.5]
    	at org.junit.platform.engine.support.hierarchical.NodeTestTask.lambda$executeRecursively$9(NodeTestTask.java:144) ~[junit-platform-engine-1.10.5.jar:1.10.5]
    	at org.junit.platform.engine.support.hierarchical.ThrowableCollector.execute(ThrowableCollector.java:73) ~[junit-platform-engine-1.10.5.jar:1.10.5]
    	at org.junit.platform.engine.support.hierarchical.NodeTestTask.executeRecursively(NodeTestTask.java:143) ~[junit-platform-engine-1.10.5.jar:1.10.5]
    	at org.junit.platform.engine.support.hierarchical.NodeTestTask.execute(NodeTestTask.java:100) ~[junit-platform-engine-1.10.5.jar:1.10.5]
    	at java.base/java.util.ArrayList.forEach(ArrayList.java:1596) ~[na:na]
    	at org.junit.platform.engine.support.hierarchical.SameThreadHierarchicalTestExecutorService.invokeAll(SameThreadHierarchicalTestExecutorService.java:41) ~[junit-platform-engine-1.10.5.jar:1.10.5]
    	at org.junit.platform.engine.support.hierarchical.NodeTestTask.lambda$executeRecursively$6(NodeTestTask.java:160) ~[junit-platform-engine-1.10.5.jar:1.10.5]
    	at org.junit.platform.engine.support.hierarchical.ThrowableCollector.execute(ThrowableCollector.java:73) ~[junit-platform-engine-1.10.5.jar:1.10.5]
    	at org.junit.platform.engine.support.hierarchical.NodeTestTask.lambda$executeRecursively$8(NodeTestTask.java:146) ~[junit-platform-engine-1.10.5.jar:1.10.5]
    	at org.junit.platform.engine.support.hierarchical.Node.around(Node.java:137) ~[junit-platform-engine-1.10.5.jar:1.10.5]
    	at org.junit.platform.engine.support.hierarchical.NodeTestTask.lambda$executeRecursively$9(NodeTestTask.java:144) ~[junit-platform-engine-1.10.5.jar:1.10.5]
    	at org.junit.platform.engine.support.hierarchical.ThrowableCollector.execute(ThrowableCollector.java:73) ~[junit-platform-engine-1.10.5.jar:1.10.5]
    	at org.junit.platform.engine.support.hierarchical.NodeTestTask.executeRecursively(NodeTestTask.java:143) ~[junit-platform-engine-1.10.5.jar:1.10.5]
    	at org.junit.platform.engine.support.hierarchical.NodeTestTask.execute(NodeTestTask.java:100) ~[junit-platform-engine-1.10.5.jar:1.10.5]
    	at org.junit.platform.engine.support.hierarchical.SameThreadHierarchicalTestExecutorService.submit(SameThreadHierarchicalTestExecutorService.java:35) ~[junit-platform-engine-1.10.5.jar:1.10.5]
    	at org.junit.platform.engine.support.hierarchical.HierarchicalTestExecutor.execute(HierarchicalTestExecutor.java:57) ~[junit-platform-engine-1.10.5.jar:1.10.5]
    	at org.junit.platform.engine.support.hierarchical.HierarchicalTestEngine.execute(HierarchicalTestEngine.java:54) ~[junit-platform-engine-1.10.5.jar:1.10.5]
    	at org.junit.platform.launcher.core.EngineExecutionOrchestrator.execute(EngineExecutionOrchestrator.java:198) ~[junit-platform-launcher-1.10.5.jar:1.10.5]
    	at org.junit.platform.launcher.core.EngineExecutionOrchestrator.execute(EngineExecutionOrchestrator.java:169) ~[junit-platform-launcher-1.10.5.jar:1.10.5]
    	at org.junit.platform.launcher.core.EngineExecutionOrchestrator.execute(EngineExecutionOrchestrator.java:93) ~[junit-platform-launcher-1.10.5.jar:1.10.5]
    	at org.junit.platform.launcher.core.EngineExecutionOrchestrator.lambda$execute$0(EngineExecutionOrchestrator.java:58) ~[junit-platform-launcher-1.10.5.jar:1.10.5]
    	at org.junit.platform.launcher.core.EngineExecutionOrchestrator.withInterceptedStreams(EngineExecutionOrchestrator.java:141) ~[junit-platform-launcher-1.10.5.jar:1.10.5]
    	at org.junit.platform.launcher.core.EngineExecutionOrchestrator.execute(EngineExecutionOrchestrator.java:57) ~[junit-platform-launcher-1.10.5.jar:1.10.5]
    	at org.junit.platform.launcher.core.DefaultLauncher.execute(DefaultLauncher.java:103) ~[junit-platform-launcher-1.10.5.jar:1.10.5]
    	at org.junit.platform.launcher.core.DefaultLauncher.execute(DefaultLauncher.java:85) ~[junit-platform-launcher-1.10.5.jar:1.10.5]
    	at org.junit.platform.launcher.core.DelegatingLauncher.execute(DelegatingLauncher.java:47) ~[junit-platform-launcher-1.10.5.jar:1.10.5]
    	at org.gradle.api.internal.tasks.testing.junitplatform.JUnitPlatformTestClassProcessor$CollectAllTestClassesExecutor.processAllTestClasses(JUnitPlatformTestClassProcessor.java:124) ~[na:na]
    	at org.gradle.api.internal.tasks.testing.junitplatform.JUnitPlatformTestClassProcessor$CollectAllTestClassesExecutor.access$000(JUnitPlatformTestClassProcessor.java:99) ~[na:na]
    	at org.gradle.api.internal.tasks.testing.junitplatform.JUnitPlatformTestClassProcessor.stop(JUnitPlatformTestClassProcessor.java:94) ~[na:na]
    	at org.gradle.api.internal.tasks.testing.SuiteTestClassProcessor.stop(SuiteTestClassProcessor.java:63) ~[na:na]
    	at java.base/jdk.internal.reflect.DirectMethodHandleAccessor.invoke(DirectMethodHandleAccessor.java:103) ~[na:na]
    	at java.base/java.lang.reflect.Method.invoke(Method.java:580) ~[na:na]
    	at org.gradle.internal.dispatch.ReflectionDispatch.dispatch(ReflectionDispatch.java:36) ~[na:na]
    	at org.gradle.internal.dispatch.ReflectionDispatch.dispatch(ReflectionDispatch.java:24) ~[na:na]
    	at org.gradle.internal.dispatch.ContextClassLoaderDispatch.dispatch(ContextClassLoaderDispatch.java:33) ~[na:na]
    	at org.gradle.internal.dispatch.ProxyDispatchAdapter$DispatchingInvocationHandler.invoke(ProxyDispatchAdapter.java:92) ~[na:na]
    	at jdk.proxy1/jdk.proxy1.$Proxy4.stop(Unknown Source) ~[na:na]
    	at org.gradle.api.internal.tasks.testing.worker.TestWorker$3.run(TestWorker.java:200) ~[na:na]
    	at org.gradle.api.internal.tasks.testing.worker.TestWorker.executeAndMaintainThreadName(TestWorker.java:132) ~[na:na]
    	at org.gradle.api.internal.tasks.testing.worker.TestWorker.execute(TestWorker.java:103) ~[na:na]
    	at org.gradle.api.internal.tasks.testing.worker.TestWorker.execute(TestWorker.java:63) ~[na:na]
    	at org.gradle.process.internal.worker.child.ActionExecutionWorker.execute(ActionExecutionWorker.java:56) ~[na:na]
    	at org.gradle.process.internal.worker.child.SystemApplicationClassLoaderWorker.call(SystemApplicationClassLoaderWorker.java:121) ~[na:na]
    	at org.gradle.process.internal.worker.child.SystemApplicationClassLoaderWorker.call(SystemApplicationClassLoaderWorker.java:71) ~[na:na]
    	at worker.org.gradle.process.internal.worker.GradleWorkerMain.run(GradleWorkerMain.java:69) ~[gradle-worker.jar:na]
    	at worker.org.gradle.process.internal.worker.GradleWorkerMain.main(GradleWorkerMain.java:74) ~[gradle-worker.jar:na]


SecurityRoleCoverageTest > testDeviceApiAdmin() FAILED
    java.lang.IllegalStateException: ApplicationContext failure threshold (1) exceeded: skipping repeated attempt to load context for [WebMergedContextConfiguration@3cd45cb8 testClass = com.coliving.global.config.SecurityRoleCoverageTest, locations = [], classes = [com.coliving.CoLivingApplication], contextInitializerClasses = [], activeProfiles = ["test"], propertySourceDescriptors = [], propertySourceProperties = ["org.springframework.boot.test.context.SpringBootTestContextBootstrapper=true"], contextCustomizers = [org.springframework.boot.test.autoconfigure.OnFailureConditionReportContextCustomizerFactory$OnFailureConditionReportContextCustomizer@5b7ea70d, org.springframework.boot.test.autoconfigure.actuate.observability.ObservabilityContextCustomizerFactory$DisableObservabilityContextCustomizer@1f, org.springframework.boot.test.autoconfigure.properties.PropertyMappingContextCustomizer@4b3fa0b3, org.springframework.boot.test.autoconfigure.web.servlet.WebDriverContextCustomizer@15eebbff, [ImportsContextCustomizer@4485cd1 key = [org.springframework.boot.test.autoconfigure.web.servlet.MockMvcWebDriverAutoConfiguration, org.springframework.boot.test.autoconfigure.web.servlet.MockMvcAutoConfiguration, org.springframework.boot.autoconfigure.security.oauth2.client.servlet.OAuth2ClientAutoConfiguration, org.springframework.boot.autoconfigure.security.servlet.SecurityAutoConfiguration, org.springframework.boot.autoconfigure.security.servlet.SecurityFilterAutoConfiguration, org.springframework.boot.autoconfigure.security.servlet.UserDetailsServiceAutoConfiguration, org.springframework.boot.autoconfigure.security.oauth2.resource.servlet.OAuth2ResourceServerAutoConfiguration, org.springframework.boot.test.autoconfigure.web.servlet.MockMvcSecurityConfiguration, org.springframework.boot.test.autoconfigure.web.servlet.MockMvcWebClientAutoConfiguration, org.springframework.boot.test.autoconfigure.web.reactive.WebTestClientAutoConfiguration]], org.springframework.boot.test.context.filter.ExcludeFilterContextCustomizer@2453f95d, org.springframework.boot.test.json.DuplicateJsonObjectContextCustomizerFactory$DuplicateJsonObjectContextCustomizer@3e34ace1, org.springframework.boot.test.mock.mockito.MockitoContextCustomizer@0, org.springframework.boot.test.web.client.TestRestTemplateContextCustomizer@21aa6d6c, org.springframework.boot.test.web.reactive.server.WebTestClientContextCustomizer@3f446bef, org.springframework.boot.test.web.reactor.netty.DisableReactorResourceFactoryGlobalResourcesContextCustomizerFactory$DisableReactorResourceFactoryGlobalResourcesContextCustomizerCustomizer@4d098f9b, org.springframework.boot.test.context.SpringBootTestAnnotation@3a75cc75], resourceBasePath = "src/main/webapp", contextLoader = org.springframework.boot.test.context.SpringBootContextLoader, parent = null]
        at org.springframework.test.context.cache.DefaultCacheAwareContextLoaderDelegate.loadContext(DefaultCacheAwareContextLoaderDelegate.java:145)
        at org.springframework.test.context.support.DefaultTestContext.getApplicationContext(DefaultTestContext.java:130)
        at org.springframework.test.context.web.ServletTestExecutionListener.setUpRequestContextIfNecessary(ServletTestExecutionListener.java:191)
        at org.springframework.test.context.web.ServletTestExecutionListener.prepareTestInstance(ServletTestExecutionListener.java:130)
        at org.springframework.test.context.TestContextManager.prepareTestInstance(TestContextManager.java:260)
        at org.springframework.test.context.junit.jupiter.SpringExtension.postProcessTestInstance(SpringExtension.java:163)
        at java.base/java.util.stream.ReferencePipeline$3$1.accept(ReferencePipeline.java:197)
        at java.base/java.util.stream.ReferencePipeline$2$1.accept(ReferencePipeline.java:179)
        at java.base/java.util.ArrayList$ArrayListSpliterator.forEachRemaining(ArrayList.java:1708)
        at java.base/java.util.stream.AbstractPipeline.copyInto(AbstractPipeline.java:509)
        at java.base/java.util.stream.AbstractPipeline.wrapAndCopyInto(AbstractPipeline.java:499)
        at java.base/java.util.stream.StreamSpliterators$WrappingSpliterator.forEachRemaining(StreamSpliterators.java:310)
        at java.base/java.util.stream.Streams$ConcatSpliterator.forEachRemaining(Streams.java:735)
        at java.base/java.util.stream.Streams$ConcatSpliterator.forEachRemaining(Streams.java:734)
        at java.base/java.util.stream.ReferencePipeline$Head.forEach(ReferencePipeline.java:762)
        at java.base/java.util.Optional.orElseGet(Optional.java:364)
        at java.base/java.util.ArrayList.forEach(ArrayList.java:1596)
        at java.base/java.util.ArrayList.forEach(ArrayList.java:1596)

SecurityRoleCoverageTest STANDARD_OUT
    2026-04-13T12:41:34.717+09:00  WARN 4752 --- [    Test worker] o.s.test.context.TestContextManager      : Caught exception while allowing TestExecutionListener [org.springframework.test.context.web.ServletTestExecutionListener] to prepare test instance [com.coliving.global.config.SecurityRoleCoverageTest@76e13af5]

    java.lang.IllegalStateException: ApplicationContext failure threshold (1) exceeded: skipping repeated attempt to load context for [WebMergedContextConfiguration@3cd45cb8 testClass = com.coliving.global.config.SecurityRoleCoverageTest, locations = [], classes = [com.coliving.CoLivingApplication], contextInitializerClasses = [], activeProfiles = ["test"], propertySourceDescriptors = [], propertySourceProperties = ["org.springframework.boot.test.context.SpringBootTestContextBootstrapper=true"], contextCustomizers = [org.springframework.boot.test.autoconfigure.OnFailureConditionReportContextCustomizerFactory$OnFailureConditionReportContextCustomizer@5b7ea70d, org.springframework.boot.test.autoconfigure.actuate.observability.ObservabilityContextCustomizerFactory$DisableObservabilityContextCustomizer@1f, org.springframework.boot.test.autoconfigure.properties.PropertyMappingContextCustomizer@4b3fa0b3, org.springframework.boot.test.autoconfigure.web.servlet.WebDriverContextCustomizer@15eebbff, [ImportsContextCustomizer@4485cd1 key = [org.springframework.boot.test.autoconfigure.web.servlet.MockMvcWebDriverAutoConfiguration, org.springframework.boot.test.autoconfigure.web.servlet.MockMvcAutoConfiguration, org.springframework.boot.autoconfigure.security.oauth2.client.servlet.OAuth2ClientAutoConfiguration, org.springframework.boot.autoconfigure.security.servlet.SecurityAutoConfiguration, org.springframework.boot.autoconfigure.security.servlet.SecurityFilterAutoConfiguration, org.springframework.boot.autoconfigure.security.servlet.UserDetailsServiceAutoConfiguration, org.springframework.boot.autoconfigure.security.oauth2.resource.servlet.OAuth2ResourceServerAutoConfiguration, org.springframework.boot.test.autoconfigure.web.servlet.MockMvcSecurityConfiguration, org.springframework.boot.test.autoconfigure.web.servlet.MockMvcWebClientAutoConfiguration, org.springframework.boot.test.autoconfigure.web.reactive.WebTestClientAutoConfiguration]], org.springframework.boot.test.context.filter.ExcludeFilterContextCustomizer@2453f95d, org.springframework.boot.test.json.DuplicateJsonObjectContextCustomizerFactory$DuplicateJsonObjectContextCustomizer@3e34ace1, org.springframework.boot.test.mock.mockito.MockitoContextCustomizer@0, org.springframework.boot.test.web.client.TestRestTemplateContextCustomizer@21aa6d6c, org.springframework.boot.test.web.reactive.server.WebTestClientContextCustomizer@3f446bef, org.springframework.boot.test.web.reactor.netty.DisableReactorResourceFactoryGlobalResourcesContextCustomizerFactory$DisableReactorResourceFactoryGlobalResourcesContextCustomizerCustomizer@4d098f9b, org.springframework.boot.test.context.SpringBootTestAnnotation@3a75cc75], resourceBasePath = "src/main/webapp", contextLoader = org.springframework.boot.test.context.SpringBootContextLoader, parent = null]
    	at org.springframework.test.context.cache.DefaultCacheAwareContextLoaderDelegate.loadContext(DefaultCacheAwareContextLoaderDelegate.java:145) ~[spring-test-6.1.18.jar:6.1.18]
    	at org.springframework.test.context.support.DefaultTestContext.getApplicationContext(DefaultTestContext.java:130) ~[spring-test-6.1.18.jar:6.1.18]
    	at org.springframework.test.context.web.ServletTestExecutionListener.setUpRequestContextIfNecessary(ServletTestExecutionListener.java:191) ~[spring-test-6.1.18.jar:6.1.18]
    	at org.springframework.test.context.web.ServletTestExecutionListener.prepareTestInstance(ServletTestExecutionListener.java:130) ~[spring-test-6.1.18.jar:6.1.18]
    	at org.springframework.test.context.TestContextManager.prepareTestInstance(TestContextManager.java:260) ~[spring-test-6.1.18.jar:6.1.18]
    	at org.springframework.test.context.junit.jupiter.SpringExtension.postProcessTestInstance(SpringExtension.java:163) ~[spring-test-6.1.18.jar:6.1.18]
    	at org.junit.jupiter.engine.descriptor.ClassBasedTestDescriptor.lambda$invokeTestInstancePostProcessors$10(ClassBasedTestDescriptor.java:378) ~[junit-jupiter-engine-5.10.5.jar:5.10.5]
    	at org.junit.jupiter.engine.descriptor.ClassBasedTestDescriptor.executeAndMaskThrowable(ClassBasedTestDescriptor.java:383) ~[junit-jupiter-engine-5.10.5.jar:5.10.5]
    	at org.junit.jupiter.engine.descriptor.ClassBasedTestDescriptor.lambda$invokeTestInstancePostProcessors$11(ClassBasedTestDescriptor.java:378) ~[junit-jupiter-engine-5.10.5.jar:5.10.5]
    	at java.base/java.util.stream.ReferencePipeline$3$1.accept(ReferencePipeline.java:197) ~[na:na]
    	at java.base/java.util.stream.ReferencePipeline$2$1.accept(ReferencePipeline.java:179) ~[na:na]
    	at java.base/java.util.ArrayList$ArrayListSpliterator.forEachRemaining(ArrayList.java:1708) ~[na:na]
    	at java.base/java.util.stream.AbstractPipeline.copyInto(AbstractPipeline.java:509) ~[na:na]
    	at java.base/java.util.stream.AbstractPipeline.wrapAndCopyInto(AbstractPipeline.java:499) ~[na:na]
    	at java.base/java.util.stream.StreamSpliterators$WrappingSpliterator.forEachRemaining(StreamSpliterators.java:310) ~[na:na]
    	at java.base/java.util.stream.Streams$ConcatSpliterator.forEachRemaining(Streams.java:735) ~[na:na]
    	at java.base/java.util.stream.Streams$ConcatSpliterator.forEachRemaining(Streams.java:734) ~[na:na]
    	at java.base/java.util.stream.ReferencePipeline$Head.forEach(ReferencePipeline.java:762) ~[na:na]
    	at org.junit.jupiter.engine.descriptor.ClassBasedTestDescriptor.invokeTestInstancePostProcessors(ClassBasedTestDescriptor.java:377) ~[junit-jupiter-engine-5.10.5.jar:5.10.5]
    	at org.junit.jupiter.engine.descriptor.ClassBasedTestDescriptor.lambda$instantiateAndPostProcessTestInstance$6(ClassBasedTestDescriptor.java:290) ~[junit-jupiter-engine-5.10.5.jar:5.10.5]
    	at org.junit.platform.engine.support.hierarchical.ThrowableCollector.execute(ThrowableCollector.java:73) ~[junit-platform-engine-1.10.5.jar:1.10.5]
    	at org.junit.jupiter.engine.descriptor.ClassBasedTestDescriptor.instantiateAndPostProcessTestInstance(ClassBasedTestDescriptor.java:289) ~[junit-jupiter-engine-5.10.5.jar:5.10.5]
    	at org.junit.jupiter.engine.descriptor.ClassBasedTestDescriptor.lambda$testInstancesProvider$4(ClassBasedTestDescriptor.java:279) ~[junit-jupiter-engine-5.10.5.jar:5.10.5]
    	at java.base/java.util.Optional.orElseGet(Optional.java:364) ~[na:na]
    	at org.junit.jupiter.engine.descriptor.ClassBasedTestDescriptor.lambda$testInstancesProvider$5(ClassBasedTestDescriptor.java:278) ~[junit-jupiter-engine-5.10.5.jar:5.10.5]
    	at org.junit.jupiter.engine.execution.TestInstancesProvider.getTestInstances(TestInstancesProvider.java:31) ~[junit-jupiter-engine-5.10.5.jar:5.10.5]
    	at org.junit.jupiter.engine.descriptor.TestMethodTestDescriptor.lambda$prepare$0(TestMethodTestDescriptor.java:106) ~[junit-jupiter-engine-5.10.5.jar:5.10.5]
    	at org.junit.platform.engine.support.hierarchical.ThrowableCollector.execute(ThrowableCollector.java:73) ~[junit-platform-engine-1.10.5.jar:1.10.5]
    	at org.junit.jupiter.engine.descriptor.TestMethodTestDescriptor.prepare(TestMethodTestDescriptor.java:105) ~[junit-jupiter-engine-5.10.5.jar:5.10.5]
    	at org.junit.jupiter.engine.descriptor.TestMethodTestDescriptor.prepare(TestMethodTestDescriptor.java:69) ~[junit-jupiter-engine-5.10.5.jar:5.10.5]
    	at org.junit.platform.engine.support.hierarchical.NodeTestTask.lambda$prepare$2(NodeTestTask.java:128) ~[junit-platform-engine-1.10.5.jar:1.10.5]
    	at org.junit.platform.engine.support.hierarchical.ThrowableCollector.execute(ThrowableCollector.java:73) ~[junit-platform-engine-1.10.5.jar:1.10.5]
    	at org.junit.platform.engine.support.hierarchical.NodeTestTask.prepare(NodeTestTask.java:128) ~[junit-platform-engine-1.10.5.jar:1.10.5]
    	at org.junit.platform.engine.support.hierarchical.NodeTestTask.execute(NodeTestTask.java:95) ~[junit-platform-engine-1.10.5.jar:1.10.5]
    	at java.base/java.util.ArrayList.forEach(ArrayList.java:1596) ~[na:na]
    	at org.junit.platform.engine.support.hierarchical.SameThreadHierarchicalTestExecutorService.invokeAll(SameThreadHierarchicalTestExecutorService.java:41) ~[junit-platform-engine-1.10.5.jar:1.10.5]
    	at org.junit.platform.engine.support.hierarchical.NodeTestTask.lambda$executeRecursively$6(NodeTestTask.java:160) ~[junit-platform-engine-1.10.5.jar:1.10.5]
    	at org.junit.platform.engine.support.hierarchical.ThrowableCollector.execute(ThrowableCollector.java:73) ~[junit-platform-engine-1.10.5.jar:1.10.5]
    	at org.junit.platform.engine.support.hierarchical.NodeTestTask.lambda$executeRecursively$8(NodeTestTask.java:146) ~[junit-platform-engine-1.10.5.jar:1.10.5]
    	at org.junit.platform.engine.support.hierarchical.Node.around(Node.java:137) ~[junit-platform-engine-1.10.5.jar:1.10.5]
    	at org.junit.platform.engine.support.hierarchical.NodeTestTask.lambda$executeRecursively$9(NodeTestTask.java:144) ~[junit-platform-engine-1.10.5.jar:1.10.5]
    	at org.junit.platform.engine.support.hierarchical.ThrowableCollector.execute(ThrowableCollector.java:73) ~[junit-platform-engine-1.10.5.jar:1.10.5]
    	at org.junit.platform.engine.support.hierarchical.NodeTestTask.executeRecursively(NodeTestTask.java:143) ~[junit-platform-engine-1.10.5.jar:1.10.5]
    	at org.junit.platform.engine.support.hierarchical.NodeTestTask.execute(NodeTestTask.java:100) ~[junit-platform-engine-1.10.5.jar:1.10.5]
    	at java.base/java.util.ArrayList.forEach(ArrayList.java:1596) ~[na:na]
    	at org.junit.platform.engine.support.hierarchical.SameThreadHierarchicalTestExecutorService.invokeAll(SameThreadHierarchicalTestExecutorService.java:41) ~[junit-platform-engine-1.10.5.jar:1.10.5]
    	at org.junit.platform.engine.support.hierarchical.NodeTestTask.lambda$executeRecursively$6(NodeTestTask.java:160) ~[junit-platform-engine-1.10.5.jar:1.10.5]
    	at org.junit.platform.engine.support.hierarchical.ThrowableCollector.execute(ThrowableCollector.java:73) ~[junit-platform-engine-1.10.5.jar:1.10.5]
    	at org.junit.platform.engine.support.hierarchical.NodeTestTask.lambda$executeRecursively$8(NodeTestTask.java:146) ~[junit-platform-engine-1.10.5.jar:1.10.5]
    	at org.junit.platform.engine.support.hierarchical.Node.around(Node.java:137) ~[junit-platform-engine-1.10.5.jar:1.10.5]
    	at org.junit.platform.engine.support.hierarchical.NodeTestTask.lambda$executeRecursively$9(NodeTestTask.java:144) ~[junit-platform-engine-1.10.5.jar:1.10.5]
    	at org.junit.platform.engine.support.hierarchical.ThrowableCollector.execute(ThrowableCollector.java:73) ~[junit-platform-engine-1.10.5.jar:1.10.5]
    	at org.junit.platform.engine.support.hierarchical.NodeTestTask.executeRecursively(NodeTestTask.java:143) ~[junit-platform-engine-1.10.5.jar:1.10.5]
    	at org.junit.platform.engine.support.hierarchical.NodeTestTask.execute(NodeTestTask.java:100) ~[junit-platform-engine-1.10.5.jar:1.10.5]
    	at org.junit.platform.engine.support.hierarchical.SameThreadHierarchicalTestExecutorService.submit(SameThreadHierarchicalTestExecutorService.java:35) ~[junit-platform-engine-1.10.5.jar:1.10.5]
    	at org.junit.platform.engine.support.hierarchical.HierarchicalTestExecutor.execute(HierarchicalTestExecutor.java:57) ~[junit-platform-engine-1.10.5.jar:1.10.5]
    	at org.junit.platform.engine.support.hierarchical.HierarchicalTestEngine.execute(HierarchicalTestEngine.java:54) ~[junit-platform-engine-1.10.5.jar:1.10.5]
    	at org.junit.platform.launcher.core.EngineExecutionOrchestrator.execute(EngineExecutionOrchestrator.java:198) ~[junit-platform-launcher-1.10.5.jar:1.10.5]
    	at org.junit.platform.launcher.core.EngineExecutionOrchestrator.execute(EngineExecutionOrchestrator.java:169) ~[junit-platform-launcher-1.10.5.jar:1.10.5]
    	at org.junit.platform.launcher.core.EngineExecutionOrchestrator.execute(EngineExecutionOrchestrator.java:93) ~[junit-platform-launcher-1.10.5.jar:1.10.5]
    	at org.junit.platform.launcher.core.EngineExecutionOrchestrator.lambda$execute$0(EngineExecutionOrchestrator.java:58) ~[junit-platform-launcher-1.10.5.jar:1.10.5]
    	at org.junit.platform.launcher.core.EngineExecutionOrchestrator.withInterceptedStreams(EngineExecutionOrchestrator.java:141) ~[junit-platform-launcher-1.10.5.jar:1.10.5]
    	at org.junit.platform.launcher.core.EngineExecutionOrchestrator.execute(EngineExecutionOrchestrator.java:57) ~[junit-platform-launcher-1.10.5.jar:1.10.5]
    	at org.junit.platform.launcher.core.DefaultLauncher.execute(DefaultLauncher.java:103) ~[junit-platform-launcher-1.10.5.jar:1.10.5]
    	at org.junit.platform.launcher.core.DefaultLauncher.execute(DefaultLauncher.java:85) ~[junit-platform-launcher-1.10.5.jar:1.10.5]
    	at org.junit.platform.launcher.core.DelegatingLauncher.execute(DelegatingLauncher.java:47) ~[junit-platform-launcher-1.10.5.jar:1.10.5]
    	at org.gradle.api.internal.tasks.testing.junitplatform.JUnitPlatformTestClassProcessor$CollectAllTestClassesExecutor.processAllTestClasses(JUnitPlatformTestClassProcessor.java:124) ~[na:na]
    	at org.gradle.api.internal.tasks.testing.junitplatform.JUnitPlatformTestClassProcessor$CollectAllTestClassesExecutor.access$000(JUnitPlatformTestClassProcessor.java:99) ~[na:na]
    	at org.gradle.api.internal.tasks.testing.junitplatform.JUnitPlatformTestClassProcessor.stop(JUnitPlatformTestClassProcessor.java:94) ~[na:na]
    	at org.gradle.api.internal.tasks.testing.SuiteTestClassProcessor.stop(SuiteTestClassProcessor.java:63) ~[na:na]
    	at java.base/jdk.internal.reflect.DirectMethodHandleAccessor.invoke(DirectMethodHandleAccessor.java:103) ~[na:na]
    	at java.base/java.lang.reflect.Method.invoke(Method.java:580) ~[na:na]
    	at org.gradle.internal.dispatch.ReflectionDispatch.dispatch(ReflectionDispatch.java:36) ~[na:na]
    	at org.gradle.internal.dispatch.ReflectionDispatch.dispatch(ReflectionDispatch.java:24) ~[na:na]
    	at org.gradle.internal.dispatch.ContextClassLoaderDispatch.dispatch(ContextClassLoaderDispatch.java:33) ~[na:na]
    	at org.gradle.internal.dispatch.ProxyDispatchAdapter$DispatchingInvocationHandler.invoke(ProxyDispatchAdapter.java:92) ~[na:na]
    	at jdk.proxy1/jdk.proxy1.$Proxy4.stop(Unknown Source) ~[na:na]
    	at org.gradle.api.internal.tasks.testing.worker.TestWorker$3.run(TestWorker.java:200) ~[na:na]
    	at org.gradle.api.internal.tasks.testing.worker.TestWorker.executeAndMaintainThreadName(TestWorker.java:132) ~[na:na]
    	at org.gradle.api.internal.tasks.testing.worker.TestWorker.execute(TestWorker.java:103) ~[na:na]
    	at org.gradle.api.internal.tasks.testing.worker.TestWorker.execute(TestWorker.java:63) ~[na:na]
    	at org.gradle.process.internal.worker.child.ActionExecutionWorker.execute(ActionExecutionWorker.java:56) ~[na:na]
    	at org.gradle.process.internal.worker.child.SystemApplicationClassLoaderWorker.call(SystemApplicationClassLoaderWorker.java:121) ~[na:na]
    	at org.gradle.process.internal.worker.child.SystemApplicationClassLoaderWorker.call(SystemApplicationClassLoaderWorker.java:71) ~[na:na]
    	at worker.org.gradle.process.internal.worker.GradleWorkerMain.run(GradleWorkerMain.java:69) ~[gradle-worker.jar:na]
    	at worker.org.gradle.process.internal.worker.GradleWorkerMain.main(GradleWorkerMain.java:74) ~[gradle-worker.jar:na]


SecurityRoleCoverageTest > testVocApiAdmin() FAILED
    java.lang.IllegalStateException: ApplicationContext failure threshold (1) exceeded: skipping repeated attempt to load context for [WebMergedContextConfiguration@3cd45cb8 testClass = com.coliving.global.config.SecurityRoleCoverageTest, locations = [], classes = [com.coliving.CoLivingApplication], contextInitializerClasses = [], activeProfiles = ["test"], propertySourceDescriptors = [], propertySourceProperties = ["org.springframework.boot.test.context.SpringBootTestContextBootstrapper=true"], contextCustomizers = [org.springframework.boot.test.autoconfigure.OnFailureConditionReportContextCustomizerFactory$OnFailureConditionReportContextCustomizer@5b7ea70d, org.springframework.boot.test.autoconfigure.actuate.observability.ObservabilityContextCustomizerFactory$DisableObservabilityContextCustomizer@1f, org.springframework.boot.test.autoconfigure.properties.PropertyMappingContextCustomizer@4b3fa0b3, org.springframework.boot.test.autoconfigure.web.servlet.WebDriverContextCustomizer@15eebbff, [ImportsContextCustomizer@4485cd1 key = [org.springframework.boot.test.autoconfigure.web.servlet.MockMvcWebDriverAutoConfiguration, org.springframework.boot.test.autoconfigure.web.servlet.MockMvcAutoConfiguration, org.springframework.boot.autoconfigure.security.oauth2.client.servlet.OAuth2ClientAutoConfiguration, org.springframework.boot.autoconfigure.security.servlet.SecurityAutoConfiguration, org.springframework.boot.autoconfigure.security.servlet.SecurityFilterAutoConfiguration, org.springframework.boot.autoconfigure.security.servlet.UserDetailsServiceAutoConfiguration, org.springframework.boot.autoconfigure.security.oauth2.resource.servlet.OAuth2ResourceServerAutoConfiguration, org.springframework.boot.test.autoconfigure.web.servlet.MockMvcSecurityConfiguration, org.springframework.boot.test.autoconfigure.web.servlet.MockMvcWebClientAutoConfiguration, org.springframework.boot.test.autoconfigure.web.reactive.WebTestClientAutoConfiguration]], org.springframework.boot.test.context.filter.ExcludeFilterContextCustomizer@2453f95d, org.springframework.boot.test.json.DuplicateJsonObjectContextCustomizerFactory$DuplicateJsonObjectContextCustomizer@3e34ace1, org.springframework.boot.test.mock.mockito.MockitoContextCustomizer@0, org.springframework.boot.test.web.client.TestRestTemplateContextCustomizer@21aa6d6c, org.springframework.boot.test.web.reactive.server.WebTestClientContextCustomizer@3f446bef, org.springframework.boot.test.web.reactor.netty.DisableReactorResourceFactoryGlobalResourcesContextCustomizerFactory$DisableReactorResourceFactoryGlobalResourcesContextCustomizerCustomizer@4d098f9b, org.springframework.boot.test.context.SpringBootTestAnnotation@3a75cc75], resourceBasePath = "src/main/webapp", contextLoader = org.springframework.boot.test.context.SpringBootContextLoader, parent = null]
        at org.springframework.test.context.cache.DefaultCacheAwareContextLoaderDelegate.loadContext(DefaultCacheAwareContextLoaderDelegate.java:145)
        at org.springframework.test.context.support.DefaultTestContext.getApplicationContext(DefaultTestContext.java:130)
        at org.springframework.test.context.web.ServletTestExecutionListener.setUpRequestContextIfNecessary(ServletTestExecutionListener.java:191)
        at org.springframework.test.context.web.ServletTestExecutionListener.prepareTestInstance(ServletTestExecutionListener.java:130)
        at org.springframework.test.context.TestContextManager.prepareTestInstance(TestContextManager.java:260)
        at org.springframework.test.context.junit.jupiter.SpringExtension.postProcessTestInstance(SpringExtension.java:163)
        at java.base/java.util.stream.ReferencePipeline$3$1.accept(ReferencePipeline.java:197)
        at java.base/java.util.stream.ReferencePipeline$2$1.accept(ReferencePipeline.java:179)
        at java.base/java.util.ArrayList$ArrayListSpliterator.forEachRemaining(ArrayList.java:1708)
        at java.base/java.util.stream.AbstractPipeline.copyInto(AbstractPipeline.java:509)
        at java.base/java.util.stream.AbstractPipeline.wrapAndCopyInto(AbstractPipeline.java:499)
        at java.base/java.util.stream.StreamSpliterators$WrappingSpliterator.forEachRemaining(StreamSpliterators.java:310)
        at java.base/java.util.stream.Streams$ConcatSpliterator.forEachRemaining(Streams.java:735)
        at java.base/java.util.stream.Streams$ConcatSpliterator.forEachRemaining(Streams.java:734)
        at java.base/java.util.stream.ReferencePipeline$Head.forEach(ReferencePipeline.java:762)
        at java.base/java.util.Optional.orElseGet(Optional.java:364)
        at java.base/java.util.ArrayList.forEach(ArrayList.java:1596)
        at java.base/java.util.ArrayList.forEach(ArrayList.java:1596)

SecurityRoleCoverageTest STANDARD_OUT
    2026-04-13T12:41:34.724+09:00  WARN 4752 --- [    Test worker] o.s.test.context.TestContextManager      : Caught exception while allowing TestExecutionListener [org.springframework.test.context.web.ServletTestExecutionListener] to prepare test instance [com.coliving.global.config.SecurityRoleCoverageTest@62b22eaa]

    java.lang.IllegalStateException: ApplicationContext failure threshold (1) exceeded: skipping repeated attempt to load context for [WebMergedContextConfiguration@3cd45cb8 testClass = com.coliving.global.config.SecurityRoleCoverageTest, locations = [], classes = [com.coliving.CoLivingApplication], contextInitializerClasses = [], activeProfiles = ["test"], propertySourceDescriptors = [], propertySourceProperties = ["org.springframework.boot.test.context.SpringBootTestContextBootstrapper=true"], contextCustomizers = [org.springframework.boot.test.autoconfigure.OnFailureConditionReportContextCustomizerFactory$OnFailureConditionReportContextCustomizer@5b7ea70d, org.springframework.boot.test.autoconfigure.actuate.observability.ObservabilityContextCustomizerFactory$DisableObservabilityContextCustomizer@1f, org.springframework.boot.test.autoconfigure.properties.PropertyMappingContextCustomizer@4b3fa0b3, org.springframework.boot.test.autoconfigure.web.servlet.WebDriverContextCustomizer@15eebbff, [ImportsContextCustomizer@4485cd1 key = [org.springframework.boot.test.autoconfigure.web.servlet.MockMvcWebDriverAutoConfiguration, org.springframework.boot.test.autoconfigure.web.servlet.MockMvcAutoConfiguration, org.springframework.boot.autoconfigure.security.oauth2.client.servlet.OAuth2ClientAutoConfiguration, org.springframework.boot.autoconfigure.security.servlet.SecurityAutoConfiguration, org.springframework.boot.autoconfigure.security.servlet.SecurityFilterAutoConfiguration, org.springframework.boot.autoconfigure.security.servlet.UserDetailsServiceAutoConfiguration, org.springframework.boot.autoconfigure.security.oauth2.resource.servlet.OAuth2ResourceServerAutoConfiguration, org.springframework.boot.test.autoconfigure.web.servlet.MockMvcSecurityConfiguration, org.springframework.boot.test.autoconfigure.web.servlet.MockMvcWebClientAutoConfiguration, org.springframework.boot.test.autoconfigure.web.reactive.WebTestClientAutoConfiguration]], org.springframework.boot.test.context.filter.ExcludeFilterContextCustomizer@2453f95d, org.springframework.boot.test.json.DuplicateJsonObjectContextCustomizerFactory$DuplicateJsonObjectContextCustomizer@3e34ace1, org.springframework.boot.test.mock.mockito.MockitoContextCustomizer@0, org.springframework.boot.test.web.client.TestRestTemplateContextCustomizer@21aa6d6c, org.springframework.boot.test.web.reactive.server.WebTestClientContextCustomizer@3f446bef, org.springframework.boot.test.web.reactor.netty.DisableReactorResourceFactoryGlobalResourcesContextCustomizerFactory$DisableReactorResourceFactoryGlobalResourcesContextCustomizerCustomizer@4d098f9b, org.springframework.boot.test.context.SpringBootTestAnnotation@3a75cc75], resourceBasePath = "src/main/webapp", contextLoader = org.springframework.boot.test.context.SpringBootContextLoader, parent = null]
    	at org.springframework.test.context.cache.DefaultCacheAwareContextLoaderDelegate.loadContext(DefaultCacheAwareContextLoaderDelegate.java:145) ~[spring-test-6.1.18.jar:6.1.18]
    	at org.springframework.test.context.support.DefaultTestContext.getApplicationContext(DefaultTestContext.java:130) ~[spring-test-6.1.18.jar:6.1.18]
    	at org.springframework.test.context.web.ServletTestExecutionListener.setUpRequestContextIfNecessary(ServletTestExecutionListener.java:191) ~[spring-test-6.1.18.jar:6.1.18]
    	at org.springframework.test.context.web.ServletTestExecutionListener.prepareTestInstance(ServletTestExecutionListener.java:130) ~[spring-test-6.1.18.jar:6.1.18]
    	at org.springframework.test.context.TestContextManager.prepareTestInstance(TestContextManager.java:260) ~[spring-test-6.1.18.jar:6.1.18]
    	at org.springframework.test.context.junit.jupiter.SpringExtension.postProcessTestInstance(SpringExtension.java:163) ~[spring-test-6.1.18.jar:6.1.18]
    	at org.junit.jupiter.engine.descriptor.ClassBasedTestDescriptor.lambda$invokeTestInstancePostProcessors$10(ClassBasedTestDescriptor.java:378) ~[junit-jupiter-engine-5.10.5.jar:5.10.5]
    	at org.junit.jupiter.engine.descriptor.ClassBasedTestDescriptor.executeAndMaskThrowable(ClassBasedTestDescriptor.java:383) ~[junit-jupiter-engine-5.10.5.jar:5.10.5]
    	at org.junit.jupiter.engine.descriptor.ClassBasedTestDescriptor.lambda$invokeTestInstancePostProcessors$11(ClassBasedTestDescriptor.java:378) ~[junit-jupiter-engine-5.10.5.jar:5.10.5]
    	at java.base/java.util.stream.ReferencePipeline$3$1.accept(ReferencePipeline.java:197) ~[na:na]
    	at java.base/java.util.stream.ReferencePipeline$2$1.accept(ReferencePipeline.java:179) ~[na:na]
    	at java.base/java.util.ArrayList$ArrayListSpliterator.forEachRemaining(ArrayList.java:1708) ~[na:na]
    	at java.base/java.util.stream.AbstractPipeline.copyInto(AbstractPipeline.java:509) ~[na:na]
    	at java.base/java.util.stream.AbstractPipeline.wrapAndCopyInto(AbstractPipeline.java:499) ~[na:na]
    	at java.base/java.util.stream.StreamSpliterators$WrappingSpliterator.forEachRemaining(StreamSpliterators.java:310) ~[na:na]
    	at java.base/java.util.stream.Streams$ConcatSpliterator.forEachRemaining(Streams.java:735) ~[na:na]
    	at java.base/java.util.stream.Streams$ConcatSpliterator.forEachRemaining(Streams.java:734) ~[na:na]
    	at java.base/java.util.stream.ReferencePipeline$Head.forEach(ReferencePipeline.java:762) ~[na:na]
    	at org.junit.jupiter.engine.descriptor.ClassBasedTestDescriptor.invokeTestInstancePostProcessors(ClassBasedTestDescriptor.java:377) ~[junit-jupiter-engine-5.10.5.jar:5.10.5]
    	at org.junit.jupiter.engine.descriptor.ClassBasedTestDescriptor.lambda$instantiateAndPostProcessTestInstance$6(ClassBasedTestDescriptor.java:290) ~[junit-jupiter-engine-5.10.5.jar:5.10.5]
    	at org.junit.platform.engine.support.hierarchical.ThrowableCollector.execute(ThrowableCollector.java:73) ~[junit-platform-engine-1.10.5.jar:1.10.5]
    	at org.junit.jupiter.engine.descriptor.ClassBasedTestDescriptor.instantiateAndPostProcessTestInstance(ClassBasedTestDescriptor.java:289) ~[junit-jupiter-engine-5.10.5.jar:5.10.5]
    	at org.junit.jupiter.engine.descriptor.ClassBasedTestDescriptor.lambda$testInstancesProvider$4(ClassBasedTestDescriptor.java:279) ~[junit-jupiter-engine-5.10.5.jar:5.10.5]
    	at java.base/java.util.Optional.orElseGet(Optional.java:364) ~[na:na]
    	at org.junit.jupiter.engine.descriptor.ClassBasedTestDescriptor.lambda$testInstancesProvider$5(ClassBasedTestDescriptor.java:278) ~[junit-jupiter-engine-5.10.5.jar:5.10.5]
    	at org.junit.jupiter.engine.execution.TestInstancesProvider.getTestInstances(TestInstancesProvider.java:31) ~[junit-jupiter-engine-5.10.5.jar:5.10.5]
    	at org.junit.jupiter.engine.descriptor.TestMethodTestDescriptor.lambda$prepare$0(TestMethodTestDescriptor.java:106) ~[junit-jupiter-engine-5.10.5.jar:5.10.5]
    	at org.junit.platform.engine.support.hierarchical.ThrowableCollector.execute(ThrowableCollector.java:73) ~[junit-platform-engine-1.10.5.jar:1.10.5]
    	at org.junit.jupiter.engine.descriptor.TestMethodTestDescriptor.prepare(TestMethodTestDescriptor.java:105) ~[junit-jupiter-engine-5.10.5.jar:5.10.5]
    	at org.junit.jupiter.engine.descriptor.TestMethodTestDescriptor.prepare(TestMethodTestDescriptor.java:69) ~[junit-jupiter-engine-5.10.5.jar:5.10.5]
    	at org.junit.platform.engine.support.hierarchical.NodeTestTask.lambda$prepare$2(NodeTestTask.java:128) ~[junit-platform-engine-1.10.5.jar:1.10.5]
    	at org.junit.platform.engine.support.hierarchical.ThrowableCollector.execute(ThrowableCollector.java:73) ~[junit-platform-engine-1.10.5.jar:1.10.5]
    	at org.junit.platform.engine.support.hierarchical.NodeTestTask.prepare(NodeTestTask.java:128) ~[junit-platform-engine-1.10.5.jar:1.10.5]
    	at org.junit.platform.engine.support.hierarchical.NodeTestTask.execute(NodeTestTask.java:95) ~[junit-platform-engine-1.10.5.jar:1.10.5]
    	at java.base/java.util.ArrayList.forEach(ArrayList.java:1596) ~[na:na]
    	at org.junit.platform.engine.support.hierarchical.SameThreadHierarchicalTestExecutorService.invokeAll(SameThreadHierarchicalTestExecutorService.java:41) ~[junit-platform-engine-1.10.5.jar:1.10.5]
    	at org.junit.platform.engine.support.hierarchical.NodeTestTask.lambda$executeRecursively$6(NodeTestTask.java:160) ~[junit-platform-engine-1.10.5.jar:1.10.5]
    	at org.junit.platform.engine.support.hierarchical.ThrowableCollector.execute(ThrowableCollector.java:73) ~[junit-platform-engine-1.10.5.jar:1.10.5]
    	at org.junit.platform.engine.support.hierarchical.NodeTestTask.lambda$executeRecursively$8(NodeTestTask.java:146) ~[junit-platform-engine-1.10.5.jar:1.10.5]
    	at org.junit.platform.engine.support.hierarchical.Node.around(Node.java:137) ~[junit-platform-engine-1.10.5.jar:1.10.5]
    	at org.junit.platform.engine.support.hierarchical.NodeTestTask.lambda$executeRecursively$9(NodeTestTask.java:144) ~[junit-platform-engine-1.10.5.jar:1.10.5]
    	at org.junit.platform.engine.support.hierarchical.ThrowableCollector.execute(ThrowableCollector.java:73) ~[junit-platform-engine-1.10.5.jar:1.10.5]
    	at org.junit.platform.engine.support.hierarchical.NodeTestTask.executeRecursively(NodeTestTask.java:143) ~[junit-platform-engine-1.10.5.jar:1.10.5]
    	at org.junit.platform.engine.support.hierarchical.NodeTestTask.execute(NodeTestTask.java:100) ~[junit-platform-engine-1.10.5.jar:1.10.5]
    	at java.base/java.util.ArrayList.forEach(ArrayList.java:1596) ~[na:na]
    	at org.junit.platform.engine.support.hierarchical.SameThreadHierarchicalTestExecutorService.invokeAll(SameThreadHierarchicalTestExecutorService.java:41) ~[junit-platform-engine-1.10.5.jar:1.10.5]
    	at org.junit.platform.engine.support.hierarchical.NodeTestTask.lambda$executeRecursively$6(NodeTestTask.java:160) ~[junit-platform-engine-1.10.5.jar:1.10.5]
    	at org.junit.platform.engine.support.hierarchical.ThrowableCollector.execute(ThrowableCollector.java:73) ~[junit-platform-engine-1.10.5.jar:1.10.5]
    	at org.junit.platform.engine.support.hierarchical.NodeTestTask.lambda$executeRecursively$8(NodeTestTask.java:146) ~[junit-platform-engine-1.10.5.jar:1.10.5]
    	at org.junit.platform.engine.support.hierarchical.Node.around(Node.java:137) ~[junit-platform-engine-1.10.5.jar:1.10.5]
    	at org.junit.platform.engine.support.hierarchical.NodeTestTask.lambda$executeRecursively$9(NodeTestTask.java:144) ~[junit-platform-engine-1.10.5.jar:1.10.5]
    	at org.junit.platform.engine.support.hierarchical.ThrowableCollector.execute(ThrowableCollector.java:73) ~[junit-platform-engine-1.10.5.jar:1.10.5]
    	at org.junit.platform.engine.support.hierarchical.NodeTestTask.executeRecursively(NodeTestTask.java:143) ~[junit-platform-engine-1.10.5.jar:1.10.5]
    	at org.junit.platform.engine.support.hierarchical.NodeTestTask.execute(NodeTestTask.java:100) ~[junit-platform-engine-1.10.5.jar:1.10.5]
    	at org.junit.platform.engine.support.hierarchical.SameThreadHierarchicalTestExecutorService.submit(SameThreadHierarchicalTestExecutorService.java:35) ~[junit-platform-engine-1.10.5.jar:1.10.5]
    	at org.junit.platform.engine.support.hierarchical.HierarchicalTestExecutor.execute(HierarchicalTestExecutor.java:57) ~[junit-platform-engine-1.10.5.jar:1.10.5]
    	at org.junit.platform.engine.support.hierarchical.HierarchicalTestEngine.execute(HierarchicalTestEngine.java:54) ~[junit-platform-engine-1.10.5.jar:1.10.5]
    	at org.junit.platform.launcher.core.EngineExecutionOrchestrator.execute(EngineExecutionOrchestrator.java:198) ~[junit-platform-launcher-1.10.5.jar:1.10.5]
    	at org.junit.platform.launcher.core.EngineExecutionOrchestrator.execute(EngineExecutionOrchestrator.java:169) ~[junit-platform-launcher-1.10.5.jar:1.10.5]
    	at org.junit.platform.launcher.core.EngineExecutionOrchestrator.execute(EngineExecutionOrchestrator.java:93) ~[junit-platform-launcher-1.10.5.jar:1.10.5]
    	at org.junit.platform.launcher.core.EngineExecutionOrchestrator.lambda$execute$0(EngineExecutionOrchestrator.java:58) ~[junit-platform-launcher-1.10.5.jar:1.10.5]
    	at org.junit.platform.launcher.core.EngineExecutionOrchestrator.withInterceptedStreams(EngineExecutionOrchestrator.java:141) ~[junit-platform-launcher-1.10.5.jar:1.10.5]
    	at org.junit.platform.launcher.core.EngineExecutionOrchestrator.execute(EngineExecutionOrchestrator.java:57) ~[junit-platform-launcher-1.10.5.jar:1.10.5]
    	at org.junit.platform.launcher.core.DefaultLauncher.execute(DefaultLauncher.java:103) ~[junit-platform-launcher-1.10.5.jar:1.10.5]
    	at org.junit.platform.launcher.core.DefaultLauncher.execute(DefaultLauncher.java:85) ~[junit-platform-launcher-1.10.5.jar:1.10.5]
    	at org.junit.platform.launcher.core.DelegatingLauncher.execute(DelegatingLauncher.java:47) ~[junit-platform-launcher-1.10.5.jar:1.10.5]
    	at org.gradle.api.internal.tasks.testing.junitplatform.JUnitPlatformTestClassProcessor$CollectAllTestClassesExecutor.processAllTestClasses(JUnitPlatformTestClassProcessor.java:124) ~[na:na]
    	at org.gradle.api.internal.tasks.testing.junitplatform.JUnitPlatformTestClassProcessor$CollectAllTestClassesExecutor.access$000(JUnitPlatformTestClassProcessor.java:99) ~[na:na]
    	at org.gradle.api.internal.tasks.testing.junitplatform.JUnitPlatformTestClassProcessor.stop(JUnitPlatformTestClassProcessor.java:94) ~[na:na]
    	at org.gradle.api.internal.tasks.testing.SuiteTestClassProcessor.stop(SuiteTestClassProcessor.java:63) ~[na:na]
    	at java.base/jdk.internal.reflect.DirectMethodHandleAccessor.invoke(DirectMethodHandleAccessor.java:103) ~[na:na]
    	at java.base/java.lang.reflect.Method.invoke(Method.java:580) ~[na:na]
    	at org.gradle.internal.dispatch.ReflectionDispatch.dispatch(ReflectionDispatch.java:36) ~[na:na]
    	at org.gradle.internal.dispatch.ReflectionDispatch.dispatch(ReflectionDispatch.java:24) ~[na:na]
    	at org.gradle.internal.dispatch.ContextClassLoaderDispatch.dispatch(ContextClassLoaderDispatch.java:33) ~[na:na]
    	at org.gradle.internal.dispatch.ProxyDispatchAdapter$DispatchingInvocationHandler.invoke(ProxyDispatchAdapter.java:92) ~[na:na]
    	at jdk.proxy1/jdk.proxy1.$Proxy4.stop(Unknown Source) ~[na:na]
    	at org.gradle.api.internal.tasks.testing.worker.TestWorker$3.run(TestWorker.java:200) ~[na:na]
    	at org.gradle.api.internal.tasks.testing.worker.TestWorker.executeAndMaintainThreadName(TestWorker.java:132) ~[na:na]
    	at org.gradle.api.internal.tasks.testing.worker.TestWorker.execute(TestWorker.java:103) ~[na:na]
    	at org.gradle.api.internal.tasks.testing.worker.TestWorker.execute(TestWorker.java:63) ~[na:na]
    	at org.gradle.process.internal.worker.child.ActionExecutionWorker.execute(ActionExecutionWorker.java:56) ~[na:na]
    	at org.gradle.process.internal.worker.child.SystemApplicationClassLoaderWorker.call(SystemApplicationClassLoaderWorker.java:121) ~[na:na]
    	at org.gradle.process.internal.worker.child.SystemApplicationClassLoaderWorker.call(SystemApplicationClassLoaderWorker.java:71) ~[na:na]
    	at worker.org.gradle.process.internal.worker.GradleWorkerMain.run(GradleWorkerMain.java:69) ~[gradle-worker.jar:na]
    	at worker.org.gradle.process.internal.worker.GradleWorkerMain.main(GradleWorkerMain.java:74) ~[gradle-worker.jar:na]


SecurityRoleCoverageTest > testAdminApiUser() FAILED
    java.lang.IllegalStateException: ApplicationContext failure threshold (1) exceeded: skipping repeated attempt to load context for [WebMergedContextConfiguration@3cd45cb8 testClass = com.coliving.global.config.SecurityRoleCoverageTest, locations = [], classes = [com.coliving.CoLivingApplication], contextInitializerClasses = [], activeProfiles = ["test"], propertySourceDescriptors = [], propertySourceProperties = ["org.springframework.boot.test.context.SpringBootTestContextBootstrapper=true"], contextCustomizers = [org.springframework.boot.test.autoconfigure.OnFailureConditionReportContextCustomizerFactory$OnFailureConditionReportContextCustomizer@5b7ea70d, org.springframework.boot.test.autoconfigure.actuate.observability.ObservabilityContextCustomizerFactory$DisableObservabilityContextCustomizer@1f, org.springframework.boot.test.autoconfigure.properties.PropertyMappingContextCustomizer@4b3fa0b3, org.springframework.boot.test.autoconfigure.web.servlet.WebDriverContextCustomizer@15eebbff, [ImportsContextCustomizer@4485cd1 key = [org.springframework.boot.test.autoconfigure.web.servlet.MockMvcWebDriverAutoConfiguration, org.springframework.boot.test.autoconfigure.web.servlet.MockMvcAutoConfiguration, org.springframework.boot.autoconfigure.security.oauth2.client.servlet.OAuth2ClientAutoConfiguration, org.springframework.boot.autoconfigure.security.servlet.SecurityAutoConfiguration, org.springframework.boot.autoconfigure.security.servlet.SecurityFilterAutoConfiguration, org.springframework.boot.autoconfigure.security.servlet.UserDetailsServiceAutoConfiguration, org.springframework.boot.autoconfigure.security.oauth2.resource.servlet.OAuth2ResourceServerAutoConfiguration, org.springframework.boot.test.autoconfigure.web.servlet.MockMvcSecurityConfiguration, org.springframework.boot.test.autoconfigure.web.servlet.MockMvcWebClientAutoConfiguration, org.springframework.boot.test.autoconfigure.web.reactive.WebTestClientAutoConfiguration]], org.springframework.boot.test.context.filter.ExcludeFilterContextCustomizer@2453f95d, org.springframework.boot.test.json.DuplicateJsonObjectContextCustomizerFactory$DuplicateJsonObjectContextCustomizer@3e34ace1, org.springframework.boot.test.mock.mockito.MockitoContextCustomizer@0, org.springframework.boot.test.web.client.TestRestTemplateContextCustomizer@21aa6d6c, org.springframework.boot.test.web.reactive.server.WebTestClientContextCustomizer@3f446bef, org.springframework.boot.test.web.reactor.netty.DisableReactorResourceFactoryGlobalResourcesContextCustomizerFactory$DisableReactorResourceFactoryGlobalResourcesContextCustomizerCustomizer@4d098f9b, org.springframework.boot.test.context.SpringBootTestAnnotation@3a75cc75], resourceBasePath = "src/main/webapp", contextLoader = org.springframework.boot.test.context.SpringBootContextLoader, parent = null]
        at org.springframework.test.context.cache.DefaultCacheAwareContextLoaderDelegate.loadContext(DefaultCacheAwareContextLoaderDelegate.java:145)
        at org.springframework.test.context.support.DefaultTestContext.getApplicationContext(DefaultTestContext.java:130)
        at org.springframework.test.context.web.ServletTestExecutionListener.setUpRequestContextIfNecessary(ServletTestExecutionListener.java:191)
        at org.springframework.test.context.web.ServletTestExecutionListener.prepareTestInstance(ServletTestExecutionListener.java:130)
        at org.springframework.test.context.TestContextManager.prepareTestInstance(TestContextManager.java:260)
        at org.springframework.test.context.junit.jupiter.SpringExtension.postProcessTestInstance(SpringExtension.java:163)
        at java.base/java.util.stream.ReferencePipeline$3$1.accept(ReferencePipeline.java:197)
        at java.base/java.util.stream.ReferencePipeline$2$1.accept(ReferencePipeline.java:179)
        at java.base/java.util.ArrayList$ArrayListSpliterator.forEachRemaining(ArrayList.java:1708)
        at java.base/java.util.stream.AbstractPipeline.copyInto(AbstractPipeline.java:509)
        at java.base/java.util.stream.AbstractPipeline.wrapAndCopyInto(AbstractPipeline.java:499)
        at java.base/java.util.stream.StreamSpliterators$WrappingSpliterator.forEachRemaining(StreamSpliterators.java:310)
        at java.base/java.util.stream.Streams$ConcatSpliterator.forEachRemaining(Streams.java:735)
        at java.base/java.util.stream.Streams$ConcatSpliterator.forEachRemaining(Streams.java:734)
        at java.base/java.util.stream.ReferencePipeline$Head.forEach(ReferencePipeline.java:762)
        at java.base/java.util.Optional.orElseGet(Optional.java:364)
        at java.base/java.util.ArrayList.forEach(ArrayList.java:1596)
        at java.base/java.util.ArrayList.forEach(ArrayList.java:1596)

SecurityRoleCoverageTest STANDARD_OUT
    2026-04-13T12:41:34.731+09:00  WARN 4752 --- [    Test worker] o.s.test.context.TestContextManager      : Caught exception while allowing TestExecutionListener [org.springframework.test.context.web.ServletTestExecutionListener] to prepare test instance [com.coliving.global.config.SecurityRoleCoverageTest@680107ec]

    java.lang.IllegalStateException: ApplicationContext failure threshold (1) exceeded: skipping repeated attempt to load context for [WebMergedContextConfiguration@3cd45cb8 testClass = com.coliving.global.config.SecurityRoleCoverageTest, locations = [], classes = [com.coliving.CoLivingApplication], contextInitializerClasses = [], activeProfiles = ["test"], propertySourceDescriptors = [], propertySourceProperties = ["org.springframework.boot.test.context.SpringBootTestContextBootstrapper=true"], contextCustomizers = [org.springframework.boot.test.autoconfigure.OnFailureConditionReportContextCustomizerFactory$OnFailureConditionReportContextCustomizer@5b7ea70d, org.springframework.boot.test.autoconfigure.actuate.observability.ObservabilityContextCustomizerFactory$DisableObservabilityContextCustomizer@1f, org.springframework.boot.test.autoconfigure.properties.PropertyMappingContextCustomizer@4b3fa0b3, org.springframework.boot.test.autoconfigure.web.servlet.WebDriverContextCustomizer@15eebbff, [ImportsContextCustomizer@4485cd1 key = [org.springframework.boot.test.autoconfigure.web.servlet.MockMvcWebDriverAutoConfiguration, org.springframework.boot.test.autoconfigure.web.servlet.MockMvcAutoConfiguration, org.springframework.boot.autoconfigure.security.oauth2.client.servlet.OAuth2ClientAutoConfiguration, org.springframework.boot.autoconfigure.security.servlet.SecurityAutoConfiguration, org.springframework.boot.autoconfigure.security.servlet.SecurityFilterAutoConfiguration, org.springframework.boot.autoconfigure.security.servlet.UserDetailsServiceAutoConfiguration, org.springframework.boot.autoconfigure.security.oauth2.resource.servlet.OAuth2ResourceServerAutoConfiguration, org.springframework.boot.test.autoconfigure.web.servlet.MockMvcSecurityConfiguration, org.springframework.boot.test.autoconfigure.web.servlet.MockMvcWebClientAutoConfiguration, org.springframework.boot.test.autoconfigure.web.reactive.WebTestClientAutoConfiguration]], org.springframework.boot.test.context.filter.ExcludeFilterContextCustomizer@2453f95d, org.springframework.boot.test.json.DuplicateJsonObjectContextCustomizerFactory$DuplicateJsonObjectContextCustomizer@3e34ace1, org.springframework.boot.test.mock.mockito.MockitoContextCustomizer@0, org.springframework.boot.test.web.client.TestRestTemplateContextCustomizer@21aa6d6c, org.springframework.boot.test.web.reactive.server.WebTestClientContextCustomizer@3f446bef, org.springframework.boot.test.web.reactor.netty.DisableReactorResourceFactoryGlobalResourcesContextCustomizerFactory$DisableReactorResourceFactoryGlobalResourcesContextCustomizerCustomizer@4d098f9b, org.springframework.boot.test.context.SpringBootTestAnnotation@3a75cc75], resourceBasePath = "src/main/webapp", contextLoader = org.springframework.boot.test.context.SpringBootContextLoader, parent = null]
    	at org.springframework.test.context.cache.DefaultCacheAwareContextLoaderDelegate.loadContext(DefaultCacheAwareContextLoaderDelegate.java:145) ~[spring-test-6.1.18.jar:6.1.18]
    	at org.springframework.test.context.support.DefaultTestContext.getApplicationContext(DefaultTestContext.java:130) ~[spring-test-6.1.18.jar:6.1.18]
    	at org.springframework.test.context.web.ServletTestExecutionListener.setUpRequestContextIfNecessary(ServletTestExecutionListener.java:191) ~[spring-test-6.1.18.jar:6.1.18]
    	at org.springframework.test.context.web.ServletTestExecutionListener.prepareTestInstance(ServletTestExecutionListener.java:130) ~[spring-test-6.1.18.jar:6.1.18]
    	at org.springframework.test.context.TestContextManager.prepareTestInstance(TestContextManager.java:260) ~[spring-test-6.1.18.jar:6.1.18]
    	at org.springframework.test.context.junit.jupiter.SpringExtension.postProcessTestInstance(SpringExtension.java:163) ~[spring-test-6.1.18.jar:6.1.18]
    	at org.junit.jupiter.engine.descriptor.ClassBasedTestDescriptor.lambda$invokeTestInstancePostProcessors$10(ClassBasedTestDescriptor.java:378) ~[junit-jupiter-engine-5.10.5.jar:5.10.5]
    	at org.junit.jupiter.engine.descriptor.ClassBasedTestDescriptor.executeAndMaskThrowable(ClassBasedTestDescriptor.java:383) ~[junit-jupiter-engine-5.10.5.jar:5.10.5]
    	at org.junit.jupiter.engine.descriptor.ClassBasedTestDescriptor.lambda$invokeTestInstancePostProcessors$11(ClassBasedTestDescriptor.java:378) ~[junit-jupiter-engine-5.10.5.jar:5.10.5]
    	at java.base/java.util.stream.ReferencePipeline$3$1.accept(ReferencePipeline.java:197) ~[na:na]
    	at java.base/java.util.stream.ReferencePipeline$2$1.accept(ReferencePipeline.java:179) ~[na:na]
    	at java.base/java.util.ArrayList$ArrayListSpliterator.forEachRemaining(ArrayList.java:1708) ~[na:na]
    	at java.base/java.util.stream.AbstractPipeline.copyInto(AbstractPipeline.java:509) ~[na:na]
    	at java.base/java.util.stream.AbstractPipeline.wrapAndCopyInto(AbstractPipeline.java:499) ~[na:na]
    	at java.base/java.util.stream.StreamSpliterators$WrappingSpliterator.forEachRemaining(StreamSpliterators.java:310) ~[na:na]
    	at java.base/java.util.stream.Streams$ConcatSpliterator.forEachRemaining(Streams.java:735) ~[na:na]
    	at java.base/java.util.stream.Streams$ConcatSpliterator.forEachRemaining(Streams.java:734) ~[na:na]
    	at java.base/java.util.stream.ReferencePipeline$Head.forEach(ReferencePipeline.java:762) ~[na:na]
    	at org.junit.jupiter.engine.descriptor.ClassBasedTestDescriptor.invokeTestInstancePostProcessors(ClassBasedTestDescriptor.java:377) ~[junit-jupiter-engine-5.10.5.jar:5.10.5]
    	at org.junit.jupiter.engine.descriptor.ClassBasedTestDescriptor.lambda$instantiateAndPostProcessTestInstance$6(ClassBasedTestDescriptor.java:290) ~[junit-jupiter-engine-5.10.5.jar:5.10.5]
    	at org.junit.platform.engine.support.hierarchical.ThrowableCollector.execute(ThrowableCollector.java:73) ~[junit-platform-engine-1.10.5.jar:1.10.5]
    	at org.junit.jupiter.engine.descriptor.ClassBasedTestDescriptor.instantiateAndPostProcessTestInstance(ClassBasedTestDescriptor.java:289) ~[junit-jupiter-engine-5.10.5.jar:5.10.5]
    	at org.junit.jupiter.engine.descriptor.ClassBasedTestDescriptor.lambda$testInstancesProvider$4(ClassBasedTestDescriptor.java:279) ~[junit-jupiter-engine-5.10.5.jar:5.10.5]
    	at java.base/java.util.Optional.orElseGet(Optional.java:364) ~[na:na]
    	at org.junit.jupiter.engine.descriptor.ClassBasedTestDescriptor.lambda$testInstancesProvider$5(ClassBasedTestDescriptor.java:278) ~[junit-jupiter-engine-5.10.5.jar:5.10.5]
    	at org.junit.jupiter.engine.execution.TestInstancesProvider.getTestInstances(TestInstancesProvider.java:31) ~[junit-jupiter-engine-5.10.5.jar:5.10.5]
    	at org.junit.jupiter.engine.descriptor.TestMethodTestDescriptor.lambda$prepare$0(TestMethodTestDescriptor.java:106) ~[junit-jupiter-engine-5.10.5.jar:5.10.5]
    	at org.junit.platform.engine.support.hierarchical.ThrowableCollector.execute(ThrowableCollector.java:73) ~[junit-platform-engine-1.10.5.jar:1.10.5]
    	at org.junit.jupiter.engine.descriptor.TestMethodTestDescriptor.prepare(TestMethodTestDescriptor.java:105) ~[junit-jupiter-engine-5.10.5.jar:5.10.5]
    	at org.junit.jupiter.engine.descriptor.TestMethodTestDescriptor.prepare(TestMethodTestDescriptor.java:69) ~[junit-jupiter-engine-5.10.5.jar:5.10.5]
    	at org.junit.platform.engine.support.hierarchical.NodeTestTask.lambda$prepare$2(NodeTestTask.java:128) ~[junit-platform-engine-1.10.5.jar:1.10.5]
    	at org.junit.platform.engine.support.hierarchical.ThrowableCollector.execute(ThrowableCollector.java:73) ~[junit-platform-engine-1.10.5.jar:1.10.5]
    	at org.junit.platform.engine.support.hierarchical.NodeTestTask.prepare(NodeTestTask.java:128) ~[junit-platform-engine-1.10.5.jar:1.10.5]
    	at org.junit.platform.engine.support.hierarchical.NodeTestTask.execute(NodeTestTask.java:95) ~[junit-platform-engine-1.10.5.jar:1.10.5]
    	at java.base/java.util.ArrayList.forEach(ArrayList.java:1596) ~[na:na]
    	at org.junit.platform.engine.support.hierarchical.SameThreadHierarchicalTestExecutorService.invokeAll(SameThreadHierarchicalTestExecutorService.java:41) ~[junit-platform-engine-1.10.5.jar:1.10.5]
    	at org.junit.platform.engine.support.hierarchical.NodeTestTask.lambda$executeRecursively$6(NodeTestTask.java:160) ~[junit-platform-engine-1.10.5.jar:1.10.5]
    	at org.junit.platform.engine.support.hierarchical.ThrowableCollector.execute(ThrowableCollector.java:73) ~[junit-platform-engine-1.10.5.jar:1.10.5]
    	at org.junit.platform.engine.support.hierarchical.NodeTestTask.lambda$executeRecursively$8(NodeTestTask.java:146) ~[junit-platform-engine-1.10.5.jar:1.10.5]
    	at org.junit.platform.engine.support.hierarchical.Node.around(Node.java:137) ~[junit-platform-engine-1.10.5.jar:1.10.5]
    	at org.junit.platform.engine.support.hierarchical.NodeTestTask.lambda$executeRecursively$9(NodeTestTask.java:144) ~[junit-platform-engine-1.10.5.jar:1.10.5]
    	at org.junit.platform.engine.support.hierarchical.ThrowableCollector.execute(ThrowableCollector.java:73) ~[junit-platform-engine-1.10.5.jar:1.10.5]
    	at org.junit.platform.engine.support.hierarchical.NodeTestTask.executeRecursively(NodeTestTask.java:143) ~[junit-platform-engine-1.10.5.jar:1.10.5]
    	at org.junit.platform.engine.support.hierarchical.NodeTestTask.execute(NodeTestTask.java:100) ~[junit-platform-engine-1.10.5.jar:1.10.5]
    	at java.base/java.util.ArrayList.forEach(ArrayList.java:1596) ~[na:na]
    	at org.junit.platform.engine.support.hierarchical.SameThreadHierarchicalTestExecutorService.invokeAll(SameThreadHierarchicalTestExecutorService.java:41) ~[junit-platform-engine-1.10.5.jar:1.10.5]
    	at org.junit.platform.engine.support.hierarchical.NodeTestTask.lambda$executeRecursively$6(NodeTestTask.java:160) ~[junit-platform-engine-1.10.5.jar:1.10.5]
    	at org.junit.platform.engine.support.hierarchical.ThrowableCollector.execute(ThrowableCollector.java:73) ~[junit-platform-engine-1.10.5.jar:1.10.5]
    	at org.junit.platform.engine.support.hierarchical.NodeTestTask.lambda$executeRecursively$8(NodeTestTask.java:146) ~[junit-platform-engine-1.10.5.jar:1.10.5]
    	at org.junit.platform.engine.support.hierarchical.Node.around(Node.java:137) ~[junit-platform-engine-1.10.5.jar:1.10.5]
    	at org.junit.platform.engine.support.hierarchical.NodeTestTask.lambda$executeRecursively$9(NodeTestTask.java:144) ~[junit-platform-engine-1.10.5.jar:1.10.5]
    	at org.junit.platform.engine.support.hierarchical.ThrowableCollector.execute(ThrowableCollector.java:73) ~[junit-platform-engine-1.10.5.jar:1.10.5]
    	at org.junit.platform.engine.support.hierarchical.NodeTestTask.executeRecursively(NodeTestTask.java:143) ~[junit-platform-engine-1.10.5.jar:1.10.5]
    	at org.junit.platform.engine.support.hierarchical.NodeTestTask.execute(NodeTestTask.java:100) ~[junit-platform-engine-1.10.5.jar:1.10.5]
    	at org.junit.platform.engine.support.hierarchical.SameThreadHierarchicalTestExecutorService.submit(SameThreadHierarchicalTestExecutorService.java:35) ~[junit-platform-engine-1.10.5.jar:1.10.5]
    	at org.junit.platform.engine.support.hierarchical.HierarchicalTestExecutor.execute(HierarchicalTestExecutor.java:57) ~[junit-platform-engine-1.10.5.jar:1.10.5]
    	at org.junit.platform.engine.support.hierarchical.HierarchicalTestEngine.execute(HierarchicalTestEngine.java:54) ~[junit-platform-engine-1.10.5.jar:1.10.5]
    	at org.junit.platform.launcher.core.EngineExecutionOrchestrator.execute(EngineExecutionOrchestrator.java:198) ~[junit-platform-launcher-1.10.5.jar:1.10.5]
    	at org.junit.platform.launcher.core.EngineExecutionOrchestrator.execute(EngineExecutionOrchestrator.java:169) ~[junit-platform-launcher-1.10.5.jar:1.10.5]
    	at org.junit.platform.launcher.core.EngineExecutionOrchestrator.execute(EngineExecutionOrchestrator.java:93) ~[junit-platform-launcher-1.10.5.jar:1.10.5]
    	at org.junit.platform.launcher.core.EngineExecutionOrchestrator.lambda$execute$0(EngineExecutionOrchestrator.java:58) ~[junit-platform-launcher-1.10.5.jar:1.10.5]
    	at org.junit.platform.launcher.core.EngineExecutionOrchestrator.withInterceptedStreams(EngineExecutionOrchestrator.java:141) ~[junit-platform-launcher-1.10.5.jar:1.10.5]
    	at org.junit.platform.launcher.core.EngineExecutionOrchestrator.execute(EngineExecutionOrchestrator.java:57) ~[junit-platform-launcher-1.10.5.jar:1.10.5]
    	at org.junit.platform.launcher.core.DefaultLauncher.execute(DefaultLauncher.java:103) ~[junit-platform-launcher-1.10.5.jar:1.10.5]
    	at org.junit.platform.launcher.core.DefaultLauncher.execute(DefaultLauncher.java:85) ~[junit-platform-launcher-1.10.5.jar:1.10.5]
    	at org.junit.platform.launcher.core.DelegatingLauncher.execute(DelegatingLauncher.java:47) ~[junit-platform-launcher-1.10.5.jar:1.10.5]
    	at org.gradle.api.internal.tasks.testing.junitplatform.JUnitPlatformTestClassProcessor$CollectAllTestClassesExecutor.processAllTestClasses(JUnitPlatformTestClassProcessor.java:124) ~[na:na]
    	at org.gradle.api.internal.tasks.testing.junitplatform.JUnitPlatformTestClassProcessor$CollectAllTestClassesExecutor.access$000(JUnitPlatformTestClassProcessor.java:99) ~[na:na]
    	at org.gradle.api.internal.tasks.testing.junitplatform.JUnitPlatformTestClassProcessor.stop(JUnitPlatformTestClassProcessor.java:94) ~[na:na]
    	at org.gradle.api.internal.tasks.testing.SuiteTestClassProcessor.stop(SuiteTestClassProcessor.java:63) ~[na:na]
    	at java.base/jdk.internal.reflect.DirectMethodHandleAccessor.invoke(DirectMethodHandleAccessor.java:103) ~[na:na]
    	at java.base/java.lang.reflect.Method.invoke(Method.java:580) ~[na:na]
    	at org.gradle.internal.dispatch.ReflectionDispatch.dispatch(ReflectionDispatch.java:36) ~[na:na]
    	at org.gradle.internal.dispatch.ReflectionDispatch.dispatch(ReflectionDispatch.java:24) ~[na:na]
    	at org.gradle.internal.dispatch.ContextClassLoaderDispatch.dispatch(ContextClassLoaderDispatch.java:33) ~[na:na]
    	at org.gradle.internal.dispatch.ProxyDispatchAdapter$DispatchingInvocationHandler.invoke(ProxyDispatchAdapter.java:92) ~[na:na]
    	at jdk.proxy1/jdk.proxy1.$Proxy4.stop(Unknown Source) ~[na:na]
    	at org.gradle.api.internal.tasks.testing.worker.TestWorker$3.run(TestWorker.java:200) ~[na:na]
    	at org.gradle.api.internal.tasks.testing.worker.TestWorker.executeAndMaintainThreadName(TestWorker.java:132) ~[na:na]
    	at org.gradle.api.internal.tasks.testing.worker.TestWorker.execute(TestWorker.java:103) ~[na:na]
    	at org.gradle.api.internal.tasks.testing.worker.TestWorker.execute(TestWorker.java:63) ~[na:na]
    	at org.gradle.process.internal.worker.child.ActionExecutionWorker.execute(ActionExecutionWorker.java:56) ~[na:na]
    	at org.gradle.process.internal.worker.child.SystemApplicationClassLoaderWorker.call(SystemApplicationClassLoaderWorker.java:121) ~[na:na]
    	at org.gradle.process.internal.worker.child.SystemApplicationClassLoaderWorker.call(SystemApplicationClassLoaderWorker.java:71) ~[na:na]
    	at worker.org.gradle.process.internal.worker.GradleWorkerMain.run(GradleWorkerMain.java:69) ~[gradle-worker.jar:na]
    	at worker.org.gradle.process.internal.worker.GradleWorkerMain.main(GradleWorkerMain.java:74) ~[gradle-worker.jar:na]


SecurityRoleCoverageTest > testDeviceApiUser() FAILED
    java.lang.IllegalStateException: ApplicationContext failure threshold (1) exceeded: skipping repeated attempt to load context for [WebMergedContextConfiguration@3cd45cb8 testClass = com.coliving.global.config.SecurityRoleCoverageTest, locations = [], classes = [com.coliving.CoLivingApplication], contextInitializerClasses = [], activeProfiles = ["test"], propertySourceDescriptors = [], propertySourceProperties = ["org.springframework.boot.test.context.SpringBootTestContextBootstrapper=true"], contextCustomizers = [org.springframework.boot.test.autoconfigure.OnFailureConditionReportContextCustomizerFactory$OnFailureConditionReportContextCustomizer@5b7ea70d, org.springframework.boot.test.autoconfigure.actuate.observability.ObservabilityContextCustomizerFactory$DisableObservabilityContextCustomizer@1f, org.springframework.boot.test.autoconfigure.properties.PropertyMappingContextCustomizer@4b3fa0b3, org.springframework.boot.test.autoconfigure.web.servlet.WebDriverContextCustomizer@15eebbff, [ImportsContextCustomizer@4485cd1 key = [org.springframework.boot.test.autoconfigure.web.servlet.MockMvcWebDriverAutoConfiguration, org.springframework.boot.test.autoconfigure.web.servlet.MockMvcAutoConfiguration, org.springframework.boot.autoconfigure.security.oauth2.client.servlet.OAuth2ClientAutoConfiguration, org.springframework.boot.autoconfigure.security.servlet.SecurityAutoConfiguration, org.springframework.boot.autoconfigure.security.servlet.SecurityFilterAutoConfiguration, org.springframework.boot.autoconfigure.security.servlet.UserDetailsServiceAutoConfiguration, org.springframework.boot.autoconfigure.security.oauth2.resource.servlet.OAuth2ResourceServerAutoConfiguration, org.springframework.boot.test.autoconfigure.web.servlet.MockMvcSecurityConfiguration, org.springframework.boot.test.autoconfigure.web.servlet.MockMvcWebClientAutoConfiguration, org.springframework.boot.test.autoconfigure.web.reactive.WebTestClientAutoConfiguration]], org.springframework.boot.test.context.filter.ExcludeFilterContextCustomizer@2453f95d, org.springframework.boot.test.json.DuplicateJsonObjectContextCustomizerFactory$DuplicateJsonObjectContextCustomizer@3e34ace1, org.springframework.boot.test.mock.mockito.MockitoContextCustomizer@0, org.springframework.boot.test.web.client.TestRestTemplateContextCustomizer@21aa6d6c, org.springframework.boot.test.web.reactive.server.WebTestClientContextCustomizer@3f446bef, org.springframework.boot.test.web.reactor.netty.DisableReactorResourceFactoryGlobalResourcesContextCustomizerFactory$DisableReactorResourceFactoryGlobalResourcesContextCustomizerCustomizer@4d098f9b, org.springframework.boot.test.context.SpringBootTestAnnotation@3a75cc75], resourceBasePath = "src/main/webapp", contextLoader = org.springframework.boot.test.context.SpringBootContextLoader, parent = null]
        at org.springframework.test.context.cache.DefaultCacheAwareContextLoaderDelegate.loadContext(DefaultCacheAwareContextLoaderDelegate.java:145)
        at org.springframework.test.context.support.DefaultTestContext.getApplicationContext(DefaultTestContext.java:130)
        at org.springframework.test.context.web.ServletTestExecutionListener.setUpRequestContextIfNecessary(ServletTestExecutionListener.java:191)
        at org.springframework.test.context.web.ServletTestExecutionListener.prepareTestInstance(ServletTestExecutionListener.java:130)
        at org.springframework.test.context.TestContextManager.prepareTestInstance(TestContextManager.java:260)
        at org.springframework.test.context.junit.jupiter.SpringExtension.postProcessTestInstance(SpringExtension.java:163)
        at java.base/java.util.stream.ReferencePipeline$3$1.accept(ReferencePipeline.java:197)
        at java.base/java.util.stream.ReferencePipeline$2$1.accept(ReferencePipeline.java:179)
        at java.base/java.util.ArrayList$ArrayListSpliterator.forEachRemaining(ArrayList.java:1708)
        at java.base/java.util.stream.AbstractPipeline.copyInto(AbstractPipeline.java:509)
        at java.base/java.util.stream.AbstractPipeline.wrapAndCopyInto(AbstractPipeline.java:499)
        at java.base/java.util.stream.StreamSpliterators$WrappingSpliterator.forEachRemaining(StreamSpliterators.java:310)
        at java.base/java.util.stream.Streams$ConcatSpliterator.forEachRemaining(Streams.java:735)
        at java.base/java.util.stream.Streams$ConcatSpliterator.forEachRemaining(Streams.java:734)
        at java.base/java.util.stream.ReferencePipeline$Head.forEach(ReferencePipeline.java:762)
        at java.base/java.util.Optional.orElseGet(Optional.java:364)
        at java.base/java.util.ArrayList.forEach(ArrayList.java:1596)
        at java.base/java.util.ArrayList.forEach(ArrayList.java:1596)

SecurityRoleCoverageTest STANDARD_OUT
    2026-04-13T12:41:34.738+09:00  WARN 4752 --- [    Test worker] o.s.test.context.TestContextManager      : Caught exception while allowing TestExecutionListener [org.springframework.test.context.web.ServletTestExecutionListener] to prepare test instance [com.coliving.global.config.SecurityRoleCoverageTest@7f95a76a]

    java.lang.IllegalStateException: ApplicationContext failure threshold (1) exceeded: skipping repeated attempt to load context for [WebMergedContextConfiguration@3cd45cb8 testClass = com.coliving.global.config.SecurityRoleCoverageTest, locations = [], classes = [com.coliving.CoLivingApplication], contextInitializerClasses = [], activeProfiles = ["test"], propertySourceDescriptors = [], propertySourceProperties = ["org.springframework.boot.test.context.SpringBootTestContextBootstrapper=true"], contextCustomizers = [org.springframework.boot.test.autoconfigure.OnFailureConditionReportContextCustomizerFactory$OnFailureConditionReportContextCustomizer@5b7ea70d, org.springframework.boot.test.autoconfigure.actuate.observability.ObservabilityContextCustomizerFactory$DisableObservabilityContextCustomizer@1f, org.springframework.boot.test.autoconfigure.properties.PropertyMappingContextCustomizer@4b3fa0b3, org.springframework.boot.test.autoconfigure.web.servlet.WebDriverContextCustomizer@15eebbff, [ImportsContextCustomizer@4485cd1 key = [org.springframework.boot.test.autoconfigure.web.servlet.MockMvcWebDriverAutoConfiguration, org.springframework.boot.test.autoconfigure.web.servlet.MockMvcAutoConfiguration, org.springframework.boot.autoconfigure.security.oauth2.client.servlet.OAuth2ClientAutoConfiguration, org.springframework.boot.autoconfigure.security.servlet.SecurityAutoConfiguration, org.springframework.boot.autoconfigure.security.servlet.SecurityFilterAutoConfiguration, org.springframework.boot.autoconfigure.security.servlet.UserDetailsServiceAutoConfiguration, org.springframework.boot.autoconfigure.security.oauth2.resource.servlet.OAuth2ResourceServerAutoConfiguration, org.springframework.boot.test.autoconfigure.web.servlet.MockMvcSecurityConfiguration, org.springframework.boot.test.autoconfigure.web.servlet.MockMvcWebClientAutoConfiguration, org.springframework.boot.test.autoconfigure.web.reactive.WebTestClientAutoConfiguration]], org.springframework.boot.test.context.filter.ExcludeFilterContextCustomizer@2453f95d, org.springframework.boot.test.json.DuplicateJsonObjectContextCustomizerFactory$DuplicateJsonObjectContextCustomizer@3e34ace1, org.springframework.boot.test.mock.mockito.MockitoContextCustomizer@0, org.springframework.boot.test.web.client.TestRestTemplateContextCustomizer@21aa6d6c, org.springframework.boot.test.web.reactive.server.WebTestClientContextCustomizer@3f446bef, org.springframework.boot.test.web.reactor.netty.DisableReactorResourceFactoryGlobalResourcesContextCustomizerFactory$DisableReactorResourceFactoryGlobalResourcesContextCustomizerCustomizer@4d098f9b, org.springframework.boot.test.context.SpringBootTestAnnotation@3a75cc75], resourceBasePath = "src/main/webapp", contextLoader = org.springframework.boot.test.context.SpringBootContextLoader, parent = null]
    	at org.springframework.test.context.cache.DefaultCacheAwareContextLoaderDelegate.loadContext(DefaultCacheAwareContextLoaderDelegate.java:145) ~[spring-test-6.1.18.jar:6.1.18]
    	at org.springframework.test.context.support.DefaultTestContext.getApplicationContext(DefaultTestContext.java:130) ~[spring-test-6.1.18.jar:6.1.18]
    	at org.springframework.test.context.web.ServletTestExecutionListener.setUpRequestContextIfNecessary(ServletTestExecutionListener.java:191) ~[spring-test-6.1.18.jar:6.1.18]
    	at org.springframework.test.context.web.ServletTestExecutionListener.prepareTestInstance(ServletTestExecutionListener.java:130) ~[spring-test-6.1.18.jar:6.1.18]
    	at org.springframework.test.context.TestContextManager.prepareTestInstance(TestContextManager.java:260) ~[spring-test-6.1.18.jar:6.1.18]
    	at org.springframework.test.context.junit.jupiter.SpringExtension.postProcessTestInstance(SpringExtension.java:163) ~[spring-test-6.1.18.jar:6.1.18]
    	at org.junit.jupiter.engine.descriptor.ClassBasedTestDescriptor.lambda$invokeTestInstancePostProcessors$10(ClassBasedTestDescriptor.java:378) ~[junit-jupiter-engine-5.10.5.jar:5.10.5]
    	at org.junit.jupiter.engine.descriptor.ClassBasedTestDescriptor.executeAndMaskThrowable(ClassBasedTestDescriptor.java:383) ~[junit-jupiter-engine-5.10.5.jar:5.10.5]
    	at org.junit.jupiter.engine.descriptor.ClassBasedTestDescriptor.lambda$invokeTestInstancePostProcessors$11(ClassBasedTestDescriptor.java:378) ~[junit-jupiter-engine-5.10.5.jar:5.10.5]
    	at java.base/java.util.stream.ReferencePipeline$3$1.accept(ReferencePipeline.java:197) ~[na:na]
    	at java.base/java.util.stream.ReferencePipeline$2$1.accept(ReferencePipeline.java:179) ~[na:na]
    	at java.base/java.util.ArrayList$ArrayListSpliterator.forEachRemaining(ArrayList.java:1708) ~[na:na]
    	at java.base/java.util.stream.AbstractPipeline.copyInto(AbstractPipeline.java:509) ~[na:na]
    	at java.base/java.util.stream.AbstractPipeline.wrapAndCopyInto(AbstractPipeline.java:499) ~[na:na]
    	at java.base/java.util.stream.StreamSpliterators$WrappingSpliterator.forEachRemaining(StreamSpliterators.java:310) ~[na:na]
    	at java.base/java.util.stream.Streams$ConcatSpliterator.forEachRemaining(Streams.java:735) ~[na:na]
    	at java.base/java.util.stream.Streams$ConcatSpliterator.forEachRemaining(Streams.java:734) ~[na:na]
    	at java.base/java.util.stream.ReferencePipeline$Head.forEach(ReferencePipeline.java:762) ~[na:na]
    	at org.junit.jupiter.engine.descriptor.ClassBasedTestDescriptor.invokeTestInstancePostProcessors(ClassBasedTestDescriptor.java:377) ~[junit-jupiter-engine-5.10.5.jar:5.10.5]
    	at org.junit.jupiter.engine.descriptor.ClassBasedTestDescriptor.lambda$instantiateAndPostProcessTestInstance$6(ClassBasedTestDescriptor.java:290) ~[junit-jupiter-engine-5.10.5.jar:5.10.5]
    	at org.junit.platform.engine.support.hierarchical.ThrowableCollector.execute(ThrowableCollector.java:73) ~[junit-platform-engine-1.10.5.jar:1.10.5]
    	at org.junit.jupiter.engine.descriptor.ClassBasedTestDescriptor.instantiateAndPostProcessTestInstance(ClassBasedTestDescriptor.java:289) ~[junit-jupiter-engine-5.10.5.jar:5.10.5]
    	at org.junit.jupiter.engine.descriptor.ClassBasedTestDescriptor.lambda$testInstancesProvider$4(ClassBasedTestDescriptor.java:279) ~[junit-jupiter-engine-5.10.5.jar:5.10.5]
    	at java.base/java.util.Optional.orElseGet(Optional.java:364) ~[na:na]
    	at org.junit.jupiter.engine.descriptor.ClassBasedTestDescriptor.lambda$testInstancesProvider$5(ClassBasedTestDescriptor.java:278) ~[junit-jupiter-engine-5.10.5.jar:5.10.5]
    	at org.junit.jupiter.engine.execution.TestInstancesProvider.getTestInstances(TestInstancesProvider.java:31) ~[junit-jupiter-engine-5.10.5.jar:5.10.5]
    	at org.junit.jupiter.engine.descriptor.TestMethodTestDescriptor.lambda$prepare$0(TestMethodTestDescriptor.java:106) ~[junit-jupiter-engine-5.10.5.jar:5.10.5]
    	at org.junit.platform.engine.support.hierarchical.ThrowableCollector.execute(ThrowableCollector.java:73) ~[junit-platform-engine-1.10.5.jar:1.10.5]
    	at org.junit.jupiter.engine.descriptor.TestMethodTestDescriptor.prepare(TestMethodTestDescriptor.java:105) ~[junit-jupiter-engine-5.10.5.jar:5.10.5]
    	at org.junit.jupiter.engine.descriptor.TestMethodTestDescriptor.prepare(TestMethodTestDescriptor.java:69) ~[junit-jupiter-engine-5.10.5.jar:5.10.5]
    	at org.junit.platform.engine.support.hierarchical.NodeTestTask.lambda$prepare$2(NodeTestTask.java:128) ~[junit-platform-engine-1.10.5.jar:1.10.5]
    	at org.junit.platform.engine.support.hierarchical.ThrowableCollector.execute(ThrowableCollector.java:73) ~[junit-platform-engine-1.10.5.jar:1.10.5]
    	at org.junit.platform.engine.support.hierarchical.NodeTestTask.prepare(NodeTestTask.java:128) ~[junit-platform-engine-1.10.5.jar:1.10.5]
    	at org.junit.platform.engine.support.hierarchical.NodeTestTask.execute(NodeTestTask.java:95) ~[junit-platform-engine-1.10.5.jar:1.10.5]
    	at java.base/java.util.ArrayList.forEach(ArrayList.java:1596) ~[na:na]
    	at org.junit.platform.engine.support.hierarchical.SameThreadHierarchicalTestExecutorService.invokeAll(SameThreadHierarchicalTestExecutorService.java:41) ~[junit-platform-engine-1.10.5.jar:1.10.5]
    	at org.junit.platform.engine.support.hierarchical.NodeTestTask.lambda$executeRecursively$6(NodeTestTask.java:160) ~[junit-platform-engine-1.10.5.jar:1.10.5]
    	at org.junit.platform.engine.support.hierarchical.ThrowableCollector.execute(ThrowableCollector.java:73) ~[junit-platform-engine-1.10.5.jar:1.10.5]
    	at org.junit.platform.engine.support.hierarchical.NodeTestTask.lambda$executeRecursively$8(NodeTestTask.java:146) ~[junit-platform-engine-1.10.5.jar:1.10.5]
    	at org.junit.platform.engine.support.hierarchical.Node.around(Node.java:137) ~[junit-platform-engine-1.10.5.jar:1.10.5]
    	at org.junit.platform.engine.support.hierarchical.NodeTestTask.lambda$executeRecursively$9(NodeTestTask.java:144) ~[junit-platform-engine-1.10.5.jar:1.10.5]
    	at org.junit.platform.engine.support.hierarchical.ThrowableCollector.execute(ThrowableCollector.java:73) ~[junit-platform-engine-1.10.5.jar:1.10.5]
    	at org.junit.platform.engine.support.hierarchical.NodeTestTask.executeRecursively(NodeTestTask.java:143) ~[junit-platform-engine-1.10.5.jar:1.10.5]
    	at org.junit.platform.engine.support.hierarchical.NodeTestTask.execute(NodeTestTask.java:100) ~[junit-platform-engine-1.10.5.jar:1.10.5]
    	at java.base/java.util.ArrayList.forEach(ArrayList.java:1596) ~[na:na]
    	at org.junit.platform.engine.support.hierarchical.SameThreadHierarchicalTestExecutorService.invokeAll(SameThreadHierarchicalTestExecutorService.java:41) ~[junit-platform-engine-1.10.5.jar:1.10.5]
    	at org.junit.platform.engine.support.hierarchical.NodeTestTask.lambda$executeRecursively$6(NodeTestTask.java:160) ~[junit-platform-engine-1.10.5.jar:1.10.5]
    	at org.junit.platform.engine.support.hierarchical.ThrowableCollector.execute(ThrowableCollector.java:73) ~[junit-platform-engine-1.10.5.jar:1.10.5]
    	at org.junit.platform.engine.support.hierarchical.NodeTestTask.lambda$executeRecursively$8(NodeTestTask.java:146) ~[junit-platform-engine-1.10.5.jar:1.10.5]
    	at org.junit.platform.engine.support.hierarchical.Node.around(Node.java:137) ~[junit-platform-engine-1.10.5.jar:1.10.5]
    	at org.junit.platform.engine.support.hierarchical.NodeTestTask.lambda$executeRecursively$9(NodeTestTask.java:144) ~[junit-platform-engine-1.10.5.jar:1.10.5]
    	at org.junit.platform.engine.support.hierarchical.ThrowableCollector.execute(ThrowableCollector.java:73) ~[junit-platform-engine-1.10.5.jar:1.10.5]
    	at org.junit.platform.engine.support.hierarchical.NodeTestTask.executeRecursively(NodeTestTask.java:143) ~[junit-platform-engine-1.10.5.jar:1.10.5]
    	at org.junit.platform.engine.support.hierarchical.NodeTestTask.execute(NodeTestTask.java:100) ~[junit-platform-engine-1.10.5.jar:1.10.5]
    	at org.junit.platform.engine.support.hierarchical.SameThreadHierarchicalTestExecutorService.submit(SameThreadHierarchicalTestExecutorService.java:35) ~[junit-platform-engine-1.10.5.jar:1.10.5]
    	at org.junit.platform.engine.support.hierarchical.HierarchicalTestExecutor.execute(HierarchicalTestExecutor.java:57) ~[junit-platform-engine-1.10.5.jar:1.10.5]
    	at org.junit.platform.engine.support.hierarchical.HierarchicalTestEngine.execute(HierarchicalTestEngine.java:54) ~[junit-platform-engine-1.10.5.jar:1.10.5]
    	at org.junit.platform.launcher.core.EngineExecutionOrchestrator.execute(EngineExecutionOrchestrator.java:198) ~[junit-platform-launcher-1.10.5.jar:1.10.5]
    	at org.junit.platform.launcher.core.EngineExecutionOrchestrator.execute(EngineExecutionOrchestrator.java:169) ~[junit-platform-launcher-1.10.5.jar:1.10.5]
    	at org.junit.platform.launcher.core.EngineExecutionOrchestrator.execute(EngineExecutionOrchestrator.java:93) ~[junit-platform-launcher-1.10.5.jar:1.10.5]
    	at org.junit.platform.launcher.core.EngineExecutionOrchestrator.lambda$execute$0(EngineExecutionOrchestrator.java:58) ~[junit-platform-launcher-1.10.5.jar:1.10.5]
    	at org.junit.platform.launcher.core.EngineExecutionOrchestrator.withInterceptedStreams(EngineExecutionOrchestrator.java:141) ~[junit-platform-launcher-1.10.5.jar:1.10.5]
    	at org.junit.platform.launcher.core.EngineExecutionOrchestrator.execute(EngineExecutionOrchestrator.java:57) ~[junit-platform-launcher-1.10.5.jar:1.10.5]
    	at org.junit.platform.launcher.core.DefaultLauncher.execute(DefaultLauncher.java:103) ~[junit-platform-launcher-1.10.5.jar:1.10.5]
    	at org.junit.platform.launcher.core.DefaultLauncher.execute(DefaultLauncher.java:85) ~[junit-platform-launcher-1.10.5.jar:1.10.5]
    	at org.junit.platform.launcher.core.DelegatingLauncher.execute(DelegatingLauncher.java:47) ~[junit-platform-launcher-1.10.5.jar:1.10.5]
    	at org.gradle.api.internal.tasks.testing.junitplatform.JUnitPlatformTestClassProcessor$CollectAllTestClassesExecutor.processAllTestClasses(JUnitPlatformTestClassProcessor.java:124) ~[na:na]
    	at org.gradle.api.internal.tasks.testing.junitplatform.JUnitPlatformTestClassProcessor$CollectAllTestClassesExecutor.access$000(JUnitPlatformTestClassProcessor.java:99) ~[na:na]
    	at org.gradle.api.internal.tasks.testing.junitplatform.JUnitPlatformTestClassProcessor.stop(JUnitPlatformTestClassProcessor.java:94) ~[na:na]
    	at org.gradle.api.internal.tasks.testing.SuiteTestClassProcessor.stop(SuiteTestClassProcessor.java:63) ~[na:na]
    	at java.base/jdk.internal.reflect.DirectMethodHandleAccessor.invoke(DirectMethodHandleAccessor.java:103) ~[na:na]
    	at java.base/java.lang.reflect.Method.invoke(Method.java:580) ~[na:na]
    	at org.gradle.internal.dispatch.ReflectionDispatch.dispatch(ReflectionDispatch.java:36) ~[na:na]
    	at org.gradle.internal.dispatch.ReflectionDispatch.dispatch(ReflectionDispatch.java:24) ~[na:na]
    	at org.gradle.internal.dispatch.ContextClassLoaderDispatch.dispatch(ContextClassLoaderDispatch.java:33) ~[na:na]
    	at org.gradle.internal.dispatch.ProxyDispatchAdapter$DispatchingInvocationHandler.invoke(ProxyDispatchAdapter.java:92) ~[na:na]
    	at jdk.proxy1/jdk.proxy1.$Proxy4.stop(Unknown Source) ~[na:na]
    	at org.gradle.api.internal.tasks.testing.worker.TestWorker$3.run(TestWorker.java:200) ~[na:na]
    	at org.gradle.api.internal.tasks.testing.worker.TestWorker.executeAndMaintainThreadName(TestWorker.java:132) ~[na:na]
    	at org.gradle.api.internal.tasks.testing.worker.TestWorker.execute(TestWorker.java:103) ~[na:na]
    	at org.gradle.api.internal.tasks.testing.worker.TestWorker.execute(TestWorker.java:63) ~[na:na]
    	at org.gradle.process.internal.worker.child.ActionExecutionWorker.execute(ActionExecutionWorker.java:56) ~[na:na]
    	at org.gradle.process.internal.worker.child.SystemApplicationClassLoaderWorker.call(SystemApplicationClassLoaderWorker.java:121) ~[na:na]
    	at org.gradle.process.internal.worker.child.SystemApplicationClassLoaderWorker.call(SystemApplicationClassLoaderWorker.java:71) ~[na:na]
    	at worker.org.gradle.process.internal.worker.GradleWorkerMain.run(GradleWorkerMain.java:69) ~[gradle-worker.jar:na]
    	at worker.org.gradle.process.internal.worker.GradleWorkerMain.main(GradleWorkerMain.java:74) ~[gradle-worker.jar:na]


SecurityRoleCoverageTest > testAdminApiResident() FAILED
    java.lang.IllegalStateException: ApplicationContext failure threshold (1) exceeded: skipping repeated attempt to load context for [WebMergedContextConfiguration@3cd45cb8 testClass = com.coliving.global.config.SecurityRoleCoverageTest, locations = [], classes = [com.coliving.CoLivingApplication], contextInitializerClasses = [], activeProfiles = ["test"], propertySourceDescriptors = [], propertySourceProperties = ["org.springframework.boot.test.context.SpringBootTestContextBootstrapper=true"], contextCustomizers = [org.springframework.boot.test.autoconfigure.OnFailureConditionReportContextCustomizerFactory$OnFailureConditionReportContextCustomizer@5b7ea70d, org.springframework.boot.test.autoconfigure.actuate.observability.ObservabilityContextCustomizerFactory$DisableObservabilityContextCustomizer@1f, org.springframework.boot.test.autoconfigure.properties.PropertyMappingContextCustomizer@4b3fa0b3, org.springframework.boot.test.autoconfigure.web.servlet.WebDriverContextCustomizer@15eebbff, [ImportsContextCustomizer@4485cd1 key = [org.springframework.boot.test.autoconfigure.web.servlet.MockMvcWebDriverAutoConfiguration, org.springframework.boot.test.autoconfigure.web.servlet.MockMvcAutoConfiguration, org.springframework.boot.autoconfigure.security.oauth2.client.servlet.OAuth2ClientAutoConfiguration, org.springframework.boot.autoconfigure.security.servlet.SecurityAutoConfiguration, org.springframework.boot.autoconfigure.security.servlet.SecurityFilterAutoConfiguration, org.springframework.boot.autoconfigure.security.servlet.UserDetailsServiceAutoConfiguration, org.springframework.boot.autoconfigure.security.oauth2.resource.servlet.OAuth2ResourceServerAutoConfiguration, org.springframework.boot.test.autoconfigure.web.servlet.MockMvcSecurityConfiguration, org.springframework.boot.test.autoconfigure.web.servlet.MockMvcWebClientAutoConfiguration, org.springframework.boot.test.autoconfigure.web.reactive.WebTestClientAutoConfiguration]], org.springframework.boot.test.context.filter.ExcludeFilterContextCustomizer@2453f95d, org.springframework.boot.test.json.DuplicateJsonObjectContextCustomizerFactory$DuplicateJsonObjectContextCustomizer@3e34ace1, org.springframework.boot.test.mock.mockito.MockitoContextCustomizer@0, org.springframework.boot.test.web.client.TestRestTemplateContextCustomizer@21aa6d6c, org.springframework.boot.test.web.reactive.server.WebTestClientContextCustomizer@3f446bef, org.springframework.boot.test.web.reactor.netty.DisableReactorResourceFactoryGlobalResourcesContextCustomizerFactory$DisableReactorResourceFactoryGlobalResourcesContextCustomizerCustomizer@4d098f9b, org.springframework.boot.test.context.SpringBootTestAnnotation@3a75cc75], resourceBasePath = "src/main/webapp", contextLoader = org.springframework.boot.test.context.SpringBootContextLoader, parent = null]
        at org.springframework.test.context.cache.DefaultCacheAwareContextLoaderDelegate.loadContext(DefaultCacheAwareContextLoaderDelegate.java:145)
        at org.springframework.test.context.support.DefaultTestContext.getApplicationContext(DefaultTestContext.java:130)
        at org.springframework.test.context.web.ServletTestExecutionListener.setUpRequestContextIfNecessary(ServletTestExecutionListener.java:191)
        at org.springframework.test.context.web.ServletTestExecutionListener.prepareTestInstance(ServletTestExecutionListener.java:130)
        at org.springframework.test.context.TestContextManager.prepareTestInstance(TestContextManager.java:260)
        at org.springframework.test.context.junit.jupiter.SpringExtension.postProcessTestInstance(SpringExtension.java:163)
        at java.base/java.util.stream.ReferencePipeline$3$1.accept(ReferencePipeline.java:197)
        at java.base/java.util.stream.ReferencePipeline$2$1.accept(ReferencePipeline.java:179)
        at java.base/java.util.ArrayList$ArrayListSpliterator.forEachRemaining(ArrayList.java:1708)
        at java.base/java.util.stream.AbstractPipeline.copyInto(AbstractPipeline.java:509)
        at java.base/java.util.stream.AbstractPipeline.wrapAndCopyInto(AbstractPipeline.java:499)
        at java.base/java.util.stream.StreamSpliterators$WrappingSpliterator.forEachRemaining(StreamSpliterators.java:310)
        at java.base/java.util.stream.Streams$ConcatSpliterator.forEachRemaining(Streams.java:735)
        at java.base/java.util.stream.Streams$ConcatSpliterator.forEachRemaining(Streams.java:734)
        at java.base/java.util.stream.ReferencePipeline$Head.forEach(ReferencePipeline.java:762)
        at java.base/java.util.Optional.orElseGet(Optional.java:364)
        at java.base/java.util.ArrayList.forEach(ArrayList.java:1596)
        at java.base/java.util.ArrayList.forEach(ArrayList.java:1596)

SecurityRoleCoverageTest STANDARD_OUT
    2026-04-13T12:41:34.747+09:00  WARN 4752 --- [    Test worker] o.s.test.context.TestContextManager      : Caught exception while allowing TestExecutionListener [org.springframework.test.context.web.ServletTestExecutionListener] to prepare test instance [com.coliving.global.config.SecurityRoleCoverageTest@4dda06f0]

    java.lang.IllegalStateException: ApplicationContext failure threshold (1) exceeded: skipping repeated attempt to load context for [WebMergedContextConfiguration@3cd45cb8 testClass = com.coliving.global.config.SecurityRoleCoverageTest, locations = [], classes = [com.coliving.CoLivingApplication], contextInitializerClasses = [], activeProfiles = ["test"], propertySourceDescriptors = [], propertySourceProperties = ["org.springframework.boot.test.context.SpringBootTestContextBootstrapper=true"], contextCustomizers = [org.springframework.boot.test.autoconfigure.OnFailureConditionReportContextCustomizerFactory$OnFailureConditionReportContextCustomizer@5b7ea70d, org.springframework.boot.test.autoconfigure.actuate.observability.ObservabilityContextCustomizerFactory$DisableObservabilityContextCustomizer@1f, org.springframework.boot.test.autoconfigure.properties.PropertyMappingContextCustomizer@4b3fa0b3, org.springframework.boot.test.autoconfigure.web.servlet.WebDriverContextCustomizer@15eebbff, [ImportsContextCustomizer@4485cd1 key = [org.springframework.boot.test.autoconfigure.web.servlet.MockMvcWebDriverAutoConfiguration, org.springframework.boot.test.autoconfigure.web.servlet.MockMvcAutoConfiguration, org.springframework.boot.autoconfigure.security.oauth2.client.servlet.OAuth2ClientAutoConfiguration, org.springframework.boot.autoconfigure.security.servlet.SecurityAutoConfiguration, org.springframework.boot.autoconfigure.security.servlet.SecurityFilterAutoConfiguration, org.springframework.boot.autoconfigure.security.servlet.UserDetailsServiceAutoConfiguration, org.springframework.boot.autoconfigure.security.oauth2.resource.servlet.OAuth2ResourceServerAutoConfiguration, org.springframework.boot.test.autoconfigure.web.servlet.MockMvcSecurityConfiguration, org.springframework.boot.test.autoconfigure.web.servlet.MockMvcWebClientAutoConfiguration, org.springframework.boot.test.autoconfigure.web.reactive.WebTestClientAutoConfiguration]], org.springframework.boot.test.context.filter.ExcludeFilterContextCustomizer@2453f95d, org.springframework.boot.test.json.DuplicateJsonObjectContextCustomizerFactory$DuplicateJsonObjectContextCustomizer@3e34ace1, org.springframework.boot.test.mock.mockito.MockitoContextCustomizer@0, org.springframework.boot.test.web.client.TestRestTemplateContextCustomizer@21aa6d6c, org.springframework.boot.test.web.reactive.server.WebTestClientContextCustomizer@3f446bef, org.springframework.boot.test.web.reactor.netty.DisableReactorResourceFactoryGlobalResourcesContextCustomizerFactory$DisableReactorResourceFactoryGlobalResourcesContextCustomizerCustomizer@4d098f9b, org.springframework.boot.test.context.SpringBootTestAnnotation@3a75cc75], resourceBasePath = "src/main/webapp", contextLoader = org.springframework.boot.test.context.SpringBootContextLoader, parent = null]
    	at org.springframework.test.context.cache.DefaultCacheAwareContextLoaderDelegate.loadContext(DefaultCacheAwareContextLoaderDelegate.java:145) ~[spring-test-6.1.18.jar:6.1.18]
    	at org.springframework.test.context.support.DefaultTestContext.getApplicationContext(DefaultTestContext.java:130) ~[spring-test-6.1.18.jar:6.1.18]
    	at org.springframework.test.context.web.ServletTestExecutionListener.setUpRequestContextIfNecessary(ServletTestExecutionListener.java:191) ~[spring-test-6.1.18.jar:6.1.18]
    	at org.springframework.test.context.web.ServletTestExecutionListener.prepareTestInstance(ServletTestExecutionListener.java:130) ~[spring-test-6.1.18.jar:6.1.18]
    	at org.springframework.test.context.TestContextManager.prepareTestInstance(TestContextManager.java:260) ~[spring-test-6.1.18.jar:6.1.18]
    	at org.springframework.test.context.junit.jupiter.SpringExtension.postProcessTestInstance(SpringExtension.java:163) ~[spring-test-6.1.18.jar:6.1.18]
    	at org.junit.jupiter.engine.descriptor.ClassBasedTestDescriptor.lambda$invokeTestInstancePostProcessors$10(ClassBasedTestDescriptor.java:378) ~[junit-jupiter-engine-5.10.5.jar:5.10.5]
    	at org.junit.jupiter.engine.descriptor.ClassBasedTestDescriptor.executeAndMaskThrowable(ClassBasedTestDescriptor.java:383) ~[junit-jupiter-engine-5.10.5.jar:5.10.5]
    	at org.junit.jupiter.engine.descriptor.ClassBasedTestDescriptor.lambda$invokeTestInstancePostProcessors$11(ClassBasedTestDescriptor.java:378) ~[junit-jupiter-engine-5.10.5.jar:5.10.5]
    	at java.base/java.util.stream.ReferencePipeline$3$1.accept(ReferencePipeline.java:197) ~[na:na]
    	at java.base/java.util.stream.ReferencePipeline$2$1.accept(ReferencePipeline.java:179) ~[na:na]
    	at java.base/java.util.ArrayList$ArrayListSpliterator.forEachRemaining(ArrayList.java:1708) ~[na:na]
    	at java.base/java.util.stream.AbstractPipeline.copyInto(AbstractPipeline.java:509) ~[na:na]
    	at java.base/java.util.stream.AbstractPipeline.wrapAndCopyInto(AbstractPipeline.java:499) ~[na:na]
    	at java.base/java.util.stream.StreamSpliterators$WrappingSpliterator.forEachRemaining(StreamSpliterators.java:310) ~[na:na]
    	at java.base/java.util.stream.Streams$ConcatSpliterator.forEachRemaining(Streams.java:735) ~[na:na]
    	at java.base/java.util.stream.Streams$ConcatSpliterator.forEachRemaining(Streams.java:734) ~[na:na]
    	at java.base/java.util.stream.ReferencePipeline$Head.forEach(ReferencePipeline.java:762) ~[na:na]
    	at org.junit.jupiter.engine.descriptor.ClassBasedTestDescriptor.invokeTestInstancePostProcessors(ClassBasedTestDescriptor.java:377) ~[junit-jupiter-engine-5.10.5.jar:5.10.5]
    	at org.junit.jupiter.engine.descriptor.ClassBasedTestDescriptor.lambda$instantiateAndPostProcessTestInstance$6(ClassBasedTestDescriptor.java:290) ~[junit-jupiter-engine-5.10.5.jar:5.10.5]
    	at org.junit.platform.engine.support.hierarchical.ThrowableCollector.execute(ThrowableCollector.java:73) ~[junit-platform-engine-1.10.5.jar:1.10.5]
    	at org.junit.jupiter.engine.descriptor.ClassBasedTestDescriptor.instantiateAndPostProcessTestInstance(ClassBasedTestDescriptor.java:289) ~[junit-jupiter-engine-5.10.5.jar:5.10.5]
    	at org.junit.jupiter.engine.descriptor.ClassBasedTestDescriptor.lambda$testInstancesProvider$4(ClassBasedTestDescriptor.java:279) ~[junit-jupiter-engine-5.10.5.jar:5.10.5]
    	at java.base/java.util.Optional.orElseGet(Optional.java:364) ~[na:na]
    	at org.junit.jupiter.engine.descriptor.ClassBasedTestDescriptor.lambda$testInstancesProvider$5(ClassBasedTestDescriptor.java:278) ~[junit-jupiter-engine-5.10.5.jar:5.10.5]
    	at org.junit.jupiter.engine.execution.TestInstancesProvider.getTestInstances(TestInstancesProvider.java:31) ~[junit-jupiter-engine-5.10.5.jar:5.10.5]
    	at org.junit.jupiter.engine.descriptor.TestMethodTestDescriptor.lambda$prepare$0(TestMethodTestDescriptor.java:106) ~[junit-jupiter-engine-5.10.5.jar:5.10.5]
    	at org.junit.platform.engine.support.hierarchical.ThrowableCollector.execute(ThrowableCollector.java:73) ~[junit-platform-engine-1.10.5.jar:1.10.5]
    	at org.junit.jupiter.engine.descriptor.TestMethodTestDescriptor.prepare(TestMethodTestDescriptor.java:105) ~[junit-jupiter-engine-5.10.5.jar:5.10.5]
    	at org.junit.jupiter.engine.descriptor.TestMethodTestDescriptor.prepare(TestMethodTestDescriptor.java:69) ~[junit-jupiter-engine-5.10.5.jar:5.10.5]
    	at org.junit.platform.engine.support.hierarchical.NodeTestTask.lambda$prepare$2(NodeTestTask.java:128) ~[junit-platform-engine-1.10.5.jar:1.10.5]
    	at org.junit.platform.engine.support.hierarchical.ThrowableCollector.execute(ThrowableCollector.java:73) ~[junit-platform-engine-1.10.5.jar:1.10.5]
    	at org.junit.platform.engine.support.hierarchical.NodeTestTask.prepare(NodeTestTask.java:128) ~[junit-platform-engine-1.10.5.jar:1.10.5]
    	at org.junit.platform.engine.support.hierarchical.NodeTestTask.execute(NodeTestTask.java:95) ~[junit-platform-engine-1.10.5.jar:1.10.5]
    	at java.base/java.util.ArrayList.forEach(ArrayList.java:1596) ~[na:na]
    	at org.junit.platform.engine.support.hierarchical.SameThreadHierarchicalTestExecutorService.invokeAll(SameThreadHierarchicalTestExecutorService.java:41) ~[junit-platform-engine-1.10.5.jar:1.10.5]
    	at org.junit.platform.engine.support.hierarchical.NodeTestTask.lambda$executeRecursively$6(NodeTestTask.java:160) ~[junit-platform-engine-1.10.5.jar:1.10.5]
    	at org.junit.platform.engine.support.hierarchical.ThrowableCollector.execute(ThrowableCollector.java:73) ~[junit-platform-engine-1.10.5.jar:1.10.5]
    	at org.junit.platform.engine.support.hierarchical.NodeTestTask.lambda$executeRecursively$8(NodeTestTask.java:146) ~[junit-platform-engine-1.10.5.jar:1.10.5]
    	at org.junit.platform.engine.support.hierarchical.Node.around(Node.java:137) ~[junit-platform-engine-1.10.5.jar:1.10.5]
    	at org.junit.platform.engine.support.hierarchical.NodeTestTask.lambda$executeRecursively$9(NodeTestTask.java:144) ~[junit-platform-engine-1.10.5.jar:1.10.5]
    	at org.junit.platform.engine.support.hierarchical.ThrowableCollector.execute(ThrowableCollector.java:73) ~[junit-platform-engine-1.10.5.jar:1.10.5]
    	at org.junit.platform.engine.support.hierarchical.NodeTestTask.executeRecursively(NodeTestTask.java:143) ~[junit-platform-engine-1.10.5.jar:1.10.5]
    	at org.junit.platform.engine.support.hierarchical.NodeTestTask.execute(NodeTestTask.java:100) ~[junit-platform-engine-1.10.5.jar:1.10.5]
    	at java.base/java.util.ArrayList.forEach(ArrayList.java:1596) ~[na:na]
    	at org.junit.platform.engine.support.hierarchical.SameThreadHierarchicalTestExecutorService.invokeAll(SameThreadHierarchicalTestExecutorService.java:41) ~[junit-platform-engine-1.10.5.jar:1.10.5]
    	at org.junit.platform.engine.support.hierarchical.NodeTestTask.lambda$executeRecursively$6(NodeTestTask.java:160) ~[junit-platform-engine-1.10.5.jar:1.10.5]
    	at org.junit.platform.engine.support.hierarchical.ThrowableCollector.execute(ThrowableCollector.java:73) ~[junit-platform-engine-1.10.5.jar:1.10.5]
    	at org.junit.platform.engine.support.hierarchical.NodeTestTask.lambda$executeRecursively$8(NodeTestTask.java:146) ~[junit-platform-engine-1.10.5.jar:1.10.5]
    	at org.junit.platform.engine.support.hierarchical.Node.around(Node.java:137) ~[junit-platform-engine-1.10.5.jar:1.10.5]
    	at org.junit.platform.engine.support.hierarchical.NodeTestTask.lambda$executeRecursively$9(NodeTestTask.java:144) ~[junit-platform-engine-1.10.5.jar:1.10.5]
    	at org.junit.platform.engine.support.hierarchical.ThrowableCollector.execute(ThrowableCollector.java:73) ~[junit-platform-engine-1.10.5.jar:1.10.5]
    	at org.junit.platform.engine.support.hierarchical.NodeTestTask.executeRecursively(NodeTestTask.java:143) ~[junit-platform-engine-1.10.5.jar:1.10.5]
    	at org.junit.platform.engine.support.hierarchical.NodeTestTask.execute(NodeTestTask.java:100) ~[junit-platform-engine-1.10.5.jar:1.10.5]
    	at org.junit.platform.engine.support.hierarchical.SameThreadHierarchicalTestExecutorService.submit(SameThreadHierarchicalTestExecutorService.java:35) ~[junit-platform-engine-1.10.5.jar:1.10.5]
    	at org.junit.platform.engine.support.hierarchical.HierarchicalTestExecutor.execute(HierarchicalTestExecutor.java:57) ~[junit-platform-engine-1.10.5.jar:1.10.5]
    	at org.junit.platform.engine.support.hierarchical.HierarchicalTestEngine.execute(HierarchicalTestEngine.java:54) ~[junit-platform-engine-1.10.5.jar:1.10.5]
    	at org.junit.platform.launcher.core.EngineExecutionOrchestrator.execute(EngineExecutionOrchestrator.java:198) ~[junit-platform-launcher-1.10.5.jar:1.10.5]
    	at org.junit.platform.launcher.core.EngineExecutionOrchestrator.execute(EngineExecutionOrchestrator.java:169) ~[junit-platform-launcher-1.10.5.jar:1.10.5]
    	at org.junit.platform.launcher.core.EngineExecutionOrchestrator.execute(EngineExecutionOrchestrator.java:93) ~[junit-platform-launcher-1.10.5.jar:1.10.5]
    	at org.junit.platform.launcher.core.EngineExecutionOrchestrator.lambda$execute$0(EngineExecutionOrchestrator.java:58) ~[junit-platform-launcher-1.10.5.jar:1.10.5]
    	at org.junit.platform.launcher.core.EngineExecutionOrchestrator.withInterceptedStreams(EngineExecutionOrchestrator.java:141) ~[junit-platform-launcher-1.10.5.jar:1.10.5]
    	at org.junit.platform.launcher.core.EngineExecutionOrchestrator.execute(EngineExecutionOrchestrator.java:57) ~[junit-platform-launcher-1.10.5.jar:1.10.5]
    	at org.junit.platform.launcher.core.DefaultLauncher.execute(DefaultLauncher.java:103) ~[junit-platform-launcher-1.10.5.jar:1.10.5]
    	at org.junit.platform.launcher.core.DefaultLauncher.execute(DefaultLauncher.java:85) ~[junit-platform-launcher-1.10.5.jar:1.10.5]
    	at org.junit.platform.launcher.core.DelegatingLauncher.execute(DelegatingLauncher.java:47) ~[junit-platform-launcher-1.10.5.jar:1.10.5]
    	at org.gradle.api.internal.tasks.testing.junitplatform.JUnitPlatformTestClassProcessor$CollectAllTestClassesExecutor.processAllTestClasses(JUnitPlatformTestClassProcessor.java:124) ~[na:na]
    	at org.gradle.api.internal.tasks.testing.junitplatform.JUnitPlatformTestClassProcessor$CollectAllTestClassesExecutor.access$000(JUnitPlatformTestClassProcessor.java:99) ~[na:na]
    	at org.gradle.api.internal.tasks.testing.junitplatform.JUnitPlatformTestClassProcessor.stop(JUnitPlatformTestClassProcessor.java:94) ~[na:na]
    	at org.gradle.api.internal.tasks.testing.SuiteTestClassProcessor.stop(SuiteTestClassProcessor.java:63) ~[na:na]
    	at java.base/jdk.internal.reflect.DirectMethodHandleAccessor.invoke(DirectMethodHandleAccessor.java:103) ~[na:na]
    	at java.base/java.lang.reflect.Method.invoke(Method.java:580) ~[na:na]
    	at org.gradle.internal.dispatch.ReflectionDispatch.dispatch(ReflectionDispatch.java:36) ~[na:na]
    	at org.gradle.internal.dispatch.ReflectionDispatch.dispatch(ReflectionDispatch.java:24) ~[na:na]
    	at org.gradle.internal.dispatch.ContextClassLoaderDispatch.dispatch(ContextClassLoaderDispatch.java:33) ~[na:na]
    	at org.gradle.internal.dispatch.ProxyDispatchAdapter$DispatchingInvocationHandler.invoke(ProxyDispatchAdapter.java:92) ~[na:na]
    	at jdk.proxy1/jdk.proxy1.$Proxy4.stop(Unknown Source) ~[na:na]
    	at org.gradle.api.internal.tasks.testing.worker.TestWorker$3.run(TestWorker.java:200) ~[na:na]
    	at org.gradle.api.internal.tasks.testing.worker.TestWorker.executeAndMaintainThreadName(TestWorker.java:132) ~[na:na]
    	at org.gradle.api.internal.tasks.testing.worker.TestWorker.execute(TestWorker.java:103) ~[na:na]
    	at org.gradle.api.internal.tasks.testing.worker.TestWorker.execute(TestWorker.java:63) ~[na:na]
    	at org.gradle.process.internal.worker.child.ActionExecutionWorker.execute(ActionExecutionWorker.java:56) ~[na:na]
    	at org.gradle.process.internal.worker.child.SystemApplicationClassLoaderWorker.call(SystemApplicationClassLoaderWorker.java:121) ~[na:na]
    	at org.gradle.process.internal.worker.child.SystemApplicationClassLoaderWorker.call(SystemApplicationClassLoaderWorker.java:71) ~[na:na]
    	at worker.org.gradle.process.internal.worker.GradleWorkerMain.run(GradleWorkerMain.java:69) ~[gradle-worker.jar:na]
    	at worker.org.gradle.process.internal.worker.GradleWorkerMain.main(GradleWorkerMain.java:74) ~[gradle-worker.jar:na]


SecurityRoleCoverageTest > testVocApiUser() FAILED
    java.lang.IllegalStateException: ApplicationContext failure threshold (1) exceeded: skipping repeated attempt to load context for [WebMergedContextConfiguration@3cd45cb8 testClass = com.coliving.global.config.SecurityRoleCoverageTest, locations = [], classes = [com.coliving.CoLivingApplication], contextInitializerClasses = [], activeProfiles = ["test"], propertySourceDescriptors = [], propertySourceProperties = ["org.springframework.boot.test.context.SpringBootTestContextBootstrapper=true"], contextCustomizers = [org.springframework.boot.test.autoconfigure.OnFailureConditionReportContextCustomizerFactory$OnFailureConditionReportContextCustomizer@5b7ea70d, org.springframework.boot.test.autoconfigure.actuate.observability.ObservabilityContextCustomizerFactory$DisableObservabilityContextCustomizer@1f, org.springframework.boot.test.autoconfigure.properties.PropertyMappingContextCustomizer@4b3fa0b3, org.springframework.boot.test.autoconfigure.web.servlet.WebDriverContextCustomizer@15eebbff, [ImportsContextCustomizer@4485cd1 key = [org.springframework.boot.test.autoconfigure.web.servlet.MockMvcWebDriverAutoConfiguration, org.springframework.boot.test.autoconfigure.web.servlet.MockMvcAutoConfiguration, org.springframework.boot.autoconfigure.security.oauth2.client.servlet.OAuth2ClientAutoConfiguration, org.springframework.boot.autoconfigure.security.servlet.SecurityAutoConfiguration, org.springframework.boot.autoconfigure.security.servlet.SecurityFilterAutoConfiguration, org.springframework.boot.autoconfigure.security.servlet.UserDetailsServiceAutoConfiguration, org.springframework.boot.autoconfigure.security.oauth2.resource.servlet.OAuth2ResourceServerAutoConfiguration, org.springframework.boot.test.autoconfigure.web.servlet.MockMvcSecurityConfiguration, org.springframework.boot.test.autoconfigure.web.servlet.MockMvcWebClientAutoConfiguration, org.springframework.boot.test.autoconfigure.web.reactive.WebTestClientAutoConfiguration]], org.springframework.boot.test.context.filter.ExcludeFilterContextCustomizer@2453f95d, org.springframework.boot.test.json.DuplicateJsonObjectContextCustomizerFactory$DuplicateJsonObjectContextCustomizer@3e34ace1, org.springframework.boot.test.mock.mockito.MockitoContextCustomizer@0, org.springframework.boot.test.web.client.TestRestTemplateContextCustomizer@21aa6d6c, org.springframework.boot.test.web.reactive.server.WebTestClientContextCustomizer@3f446bef, org.springframework.boot.test.web.reactor.netty.DisableReactorResourceFactoryGlobalResourcesContextCustomizerFactory$DisableReactorResourceFactoryGlobalResourcesContextCustomizerCustomizer@4d098f9b, org.springframework.boot.test.context.SpringBootTestAnnotation@3a75cc75], resourceBasePath = "src/main/webapp", contextLoader = org.springframework.boot.test.context.SpringBootContextLoader, parent = null]
        at org.springframework.test.context.cache.DefaultCacheAwareContextLoaderDelegate.loadContext(DefaultCacheAwareContextLoaderDelegate.java:145)
        at org.springframework.test.context.support.DefaultTestContext.getApplicationContext(DefaultTestContext.java:130)
        at org.springframework.test.context.web.ServletTestExecutionListener.setUpRequestContextIfNecessary(ServletTestExecutionListener.java:191)
        at org.springframework.test.context.web.ServletTestExecutionListener.prepareTestInstance(ServletTestExecutionListener.java:130)
        at org.springframework.test.context.TestContextManager.prepareTestInstance(TestContextManager.java:260)
        at org.springframework.test.context.junit.jupiter.SpringExtension.postProcessTestInstance(SpringExtension.java:163)
        at java.base/java.util.stream.ReferencePipeline$3$1.accept(ReferencePipeline.java:197)
        at java.base/java.util.stream.ReferencePipeline$2$1.accept(ReferencePipeline.java:179)
        at java.base/java.util.ArrayList$ArrayListSpliterator.forEachRemaining(ArrayList.java:1708)
        at java.base/java.util.stream.AbstractPipeline.copyInto(AbstractPipeline.java:509)
        at java.base/java.util.stream.AbstractPipeline.wrapAndCopyInto(AbstractPipeline.java:499)
        at java.base/java.util.stream.StreamSpliterators$WrappingSpliterator.forEachRemaining(StreamSpliterators.java:310)
        at java.base/java.util.stream.Streams$ConcatSpliterator.forEachRemaining(Streams.java:735)
        at java.base/java.util.stream.Streams$ConcatSpliterator.forEachRemaining(Streams.java:734)
        at java.base/java.util.stream.ReferencePipeline$Head.forEach(ReferencePipeline.java:762)
        at java.base/java.util.Optional.orElseGet(Optional.java:364)
        at java.base/java.util.ArrayList.forEach(ArrayList.java:1596)
        at java.base/java.util.ArrayList.forEach(ArrayList.java:1596)

SecurityRoleCoverageTest STANDARD_OUT
    2026-04-13T12:41:34.753+09:00  WARN 4752 --- [    Test worker] o.s.test.context.TestContextManager      : Caught exception while allowing TestExecutionListener [org.springframework.test.context.web.ServletTestExecutionListener] to prepare test instance [com.coliving.global.config.SecurityRoleCoverageTest@1bfac893]

    java.lang.IllegalStateException: ApplicationContext failure threshold (1) exceeded: skipping repeated attempt to load context for [WebMergedContextConfiguration@3cd45cb8 testClass = com.coliving.global.config.SecurityRoleCoverageTest, locations = [], classes = [com.coliving.CoLivingApplication], contextInitializerClasses = [], activeProfiles = ["test"], propertySourceDescriptors = [], propertySourceProperties = ["org.springframework.boot.test.context.SpringBootTestContextBootstrapper=true"], contextCustomizers = [org.springframework.boot.test.autoconfigure.OnFailureConditionReportContextCustomizerFactory$OnFailureConditionReportContextCustomizer@5b7ea70d, org.springframework.boot.test.autoconfigure.actuate.observability.ObservabilityContextCustomizerFactory$DisableObservabilityContextCustomizer@1f, org.springframework.boot.test.autoconfigure.properties.PropertyMappingContextCustomizer@4b3fa0b3, org.springframework.boot.test.autoconfigure.web.servlet.WebDriverContextCustomizer@15eebbff, [ImportsContextCustomizer@4485cd1 key = [org.springframework.boot.test.autoconfigure.web.servlet.MockMvcWebDriverAutoConfiguration, org.springframework.boot.test.autoconfigure.web.servlet.MockMvcAutoConfiguration, org.springframework.boot.autoconfigure.security.oauth2.client.servlet.OAuth2ClientAutoConfiguration, org.springframework.boot.autoconfigure.security.servlet.SecurityAutoConfiguration, org.springframework.boot.autoconfigure.security.servlet.SecurityFilterAutoConfiguration, org.springframework.boot.autoconfigure.security.servlet.UserDetailsServiceAutoConfiguration, org.springframework.boot.autoconfigure.security.oauth2.resource.servlet.OAuth2ResourceServerAutoConfiguration, org.springframework.boot.test.autoconfigure.web.servlet.MockMvcSecurityConfiguration, org.springframework.boot.test.autoconfigure.web.servlet.MockMvcWebClientAutoConfiguration, org.springframework.boot.test.autoconfigure.web.reactive.WebTestClientAutoConfiguration]], org.springframework.boot.test.context.filter.ExcludeFilterContextCustomizer@2453f95d, org.springframework.boot.test.json.DuplicateJsonObjectContextCustomizerFactory$DuplicateJsonObjectContextCustomizer@3e34ace1, org.springframework.boot.test.mock.mockito.MockitoContextCustomizer@0, org.springframework.boot.test.web.client.TestRestTemplateContextCustomizer@21aa6d6c, org.springframework.boot.test.web.reactive.server.WebTestClientContextCustomizer@3f446bef, org.springframework.boot.test.web.reactor.netty.DisableReactorResourceFactoryGlobalResourcesContextCustomizerFactory$DisableReactorResourceFactoryGlobalResourcesContextCustomizerCustomizer@4d098f9b, org.springframework.boot.test.context.SpringBootTestAnnotation@3a75cc75], resourceBasePath = "src/main/webapp", contextLoader = org.springframework.boot.test.context.SpringBootContextLoader, parent = null]
    	at org.springframework.test.context.cache.DefaultCacheAwareContextLoaderDelegate.loadContext(DefaultCacheAwareContextLoaderDelegate.java:145) ~[spring-test-6.1.18.jar:6.1.18]
    	at org.springframework.test.context.support.DefaultTestContext.getApplicationContext(DefaultTestContext.java:130) ~[spring-test-6.1.18.jar:6.1.18]
    	at org.springframework.test.context.web.ServletTestExecutionListener.setUpRequestContextIfNecessary(ServletTestExecutionListener.java:191) ~[spring-test-6.1.18.jar:6.1.18]
    	at org.springframework.test.context.web.ServletTestExecutionListener.prepareTestInstance(ServletTestExecutionListener.java:130) ~[spring-test-6.1.18.jar:6.1.18]
    	at org.springframework.test.context.TestContextManager.prepareTestInstance(TestContextManager.java:260) ~[spring-test-6.1.18.jar:6.1.18]
    	at org.springframework.test.context.junit.jupiter.SpringExtension.postProcessTestInstance(SpringExtension.java:163) ~[spring-test-6.1.18.jar:6.1.18]
    	at org.junit.jupiter.engine.descriptor.ClassBasedTestDescriptor.lambda$invokeTestInstancePostProcessors$10(ClassBasedTestDescriptor.java:378) ~[junit-jupiter-engine-5.10.5.jar:5.10.5]
    	at org.junit.jupiter.engine.descriptor.ClassBasedTestDescriptor.executeAndMaskThrowable(ClassBasedTestDescriptor.java:383) ~[junit-jupiter-engine-5.10.5.jar:5.10.5]
    	at org.junit.jupiter.engine.descriptor.ClassBasedTestDescriptor.lambda$invokeTestInstancePostProcessors$11(ClassBasedTestDescriptor.java:378) ~[junit-jupiter-engine-5.10.5.jar:5.10.5]
    	at java.base/java.util.stream.ReferencePipeline$3$1.accept(ReferencePipeline.java:197) ~[na:na]
    	at java.base/java.util.stream.ReferencePipeline$2$1.accept(ReferencePipeline.java:179) ~[na:na]
    	at java.base/java.util.ArrayList$ArrayListSpliterator.forEachRemaining(ArrayList.java:1708) ~[na:na]
    	at java.base/java.util.stream.AbstractPipeline.copyInto(AbstractPipeline.java:509) ~[na:na]
    	at java.base/java.util.stream.AbstractPipeline.wrapAndCopyInto(AbstractPipeline.java:499) ~[na:na]
    	at java.base/java.util.stream.StreamSpliterators$WrappingSpliterator.forEachRemaining(StreamSpliterators.java:310) ~[na:na]
    	at java.base/java.util.stream.Streams$ConcatSpliterator.forEachRemaining(Streams.java:735) ~[na:na]
    	at java.base/java.util.stream.Streams$ConcatSpliterator.forEachRemaining(Streams.java:734) ~[na:na]
    	at java.base/java.util.stream.ReferencePipeline$Head.forEach(ReferencePipeline.java:762) ~[na:na]
    	at org.junit.jupiter.engine.descriptor.ClassBasedTestDescriptor.invokeTestInstancePostProcessors(ClassBasedTestDescriptor.java:377) ~[junit-jupiter-engine-5.10.5.jar:5.10.5]
    	at org.junit.jupiter.engine.descriptor.ClassBasedTestDescriptor.lambda$instantiateAndPostProcessTestInstance$6(ClassBasedTestDescriptor.java:290) ~[junit-jupiter-engine-5.10.5.jar:5.10.5]
    	at org.junit.platform.engine.support.hierarchical.ThrowableCollector.execute(ThrowableCollector.java:73) ~[junit-platform-engine-1.10.5.jar:1.10.5]
    	at org.junit.jupiter.engine.descriptor.ClassBasedTestDescriptor.instantiateAndPostProcessTestInstance(ClassBasedTestDescriptor.java:289) ~[junit-jupiter-engine-5.10.5.jar:5.10.5]
    	at org.junit.jupiter.engine.descriptor.ClassBasedTestDescriptor.lambda$testInstancesProvider$4(ClassBasedTestDescriptor.java:279) ~[junit-jupiter-engine-5.10.5.jar:5.10.5]
    	at java.base/java.util.Optional.orElseGet(Optional.java:364) ~[na:na]
    	at org.junit.jupiter.engine.descriptor.ClassBasedTestDescriptor.lambda$testInstancesProvider$5(ClassBasedTestDescriptor.java:278) ~[junit-jupiter-engine-5.10.5.jar:5.10.5]
    	at org.junit.jupiter.engine.execution.TestInstancesProvider.getTestInstances(TestInstancesProvider.java:31) ~[junit-jupiter-engine-5.10.5.jar:5.10.5]
    	at org.junit.jupiter.engine.descriptor.TestMethodTestDescriptor.lambda$prepare$0(TestMethodTestDescriptor.java:106) ~[junit-jupiter-engine-5.10.5.jar:5.10.5]
    	at org.junit.platform.engine.support.hierarchical.ThrowableCollector.execute(ThrowableCollector.java:73) ~[junit-platform-engine-1.10.5.jar:1.10.5]
    	at org.junit.jupiter.engine.descriptor.TestMethodTestDescriptor.prepare(TestMethodTestDescriptor.java:105) ~[junit-jupiter-engine-5.10.5.jar:5.10.5]
    	at org.junit.jupiter.engine.descriptor.TestMethodTestDescriptor.prepare(TestMethodTestDescriptor.java:69) ~[junit-jupiter-engine-5.10.5.jar:5.10.5]
    	at org.junit.platform.engine.support.hierarchical.NodeTestTask.lambda$prepare$2(NodeTestTask.java:128) ~[junit-platform-engine-1.10.5.jar:1.10.5]
    	at org.junit.platform.engine.support.hierarchical.ThrowableCollector.execute(ThrowableCollector.java:73) ~[junit-platform-engine-1.10.5.jar:1.10.5]
    	at org.junit.platform.engine.support.hierarchical.NodeTestTask.prepare(NodeTestTask.java:128) ~[junit-platform-engine-1.10.5.jar:1.10.5]
    	at org.junit.platform.engine.support.hierarchical.NodeTestTask.execute(NodeTestTask.java:95) ~[junit-platform-engine-1.10.5.jar:1.10.5]
    	at java.base/java.util.ArrayList.forEach(ArrayList.java:1596) ~[na:na]
    	at org.junit.platform.engine.support.hierarchical.SameThreadHierarchicalTestExecutorService.invokeAll(SameThreadHierarchicalTestExecutorService.java:41) ~[junit-platform-engine-1.10.5.jar:1.10.5]
    	at org.junit.platform.engine.support.hierarchical.NodeTestTask.lambda$executeRecursively$6(NodeTestTask.java:160) ~[junit-platform-engine-1.10.5.jar:1.10.5]
    	at org.junit.platform.engine.support.hierarchical.ThrowableCollector.execute(ThrowableCollector.java:73) ~[junit-platform-engine-1.10.5.jar:1.10.5]
    	at org.junit.platform.engine.support.hierarchical.NodeTestTask.lambda$executeRecursively$8(NodeTestTask.java:146) ~[junit-platform-engine-1.10.5.jar:1.10.5]
    	at org.junit.platform.engine.support.hierarchical.Node.around(Node.java:137) ~[junit-platform-engine-1.10.5.jar:1.10.5]
    	at org.junit.platform.engine.support.hierarchical.NodeTestTask.lambda$executeRecursively$9(NodeTestTask.java:144) ~[junit-platform-engine-1.10.5.jar:1.10.5]
    	at org.junit.platform.engine.support.hierarchical.ThrowableCollector.execute(ThrowableCollector.java:73) ~[junit-platform-engine-1.10.5.jar:1.10.5]
    	at org.junit.platform.engine.support.hierarchical.NodeTestTask.executeRecursively(NodeTestTask.java:143) ~[junit-platform-engine-1.10.5.jar:1.10.5]
    	at org.junit.platform.engine.support.hierarchical.NodeTestTask.execute(NodeTestTask.java:100) ~[junit-platform-engine-1.10.5.jar:1.10.5]
    	at java.base/java.util.ArrayList.forEach(ArrayList.java:1596) ~[na:na]
    	at org.junit.platform.engine.support.hierarchical.SameThreadHierarchicalTestExecutorService.invokeAll(SameThreadHierarchicalTestExecutorService.java:41) ~[junit-platform-engine-1.10.5.jar:1.10.5]
    	at org.junit.platform.engine.support.hierarchical.NodeTestTask.lambda$executeRecursively$6(NodeTestTask.java:160) ~[junit-platform-engine-1.10.5.jar:1.10.5]
    	at org.junit.platform.engine.support.hierarchical.ThrowableCollector.execute(ThrowableCollector.java:73) ~[junit-platform-engine-1.10.5.jar:1.10.5]
    	at org.junit.platform.engine.support.hierarchical.NodeTestTask.lambda$executeRecursively$8(NodeTestTask.java:146) ~[junit-platform-engine-1.10.5.jar:1.10.5]
    	at org.junit.platform.engine.support.hierarchical.Node.around(Node.java:137) ~[junit-platform-engine-1.10.5.jar:1.10.5]
    	at org.junit.platform.engine.support.hierarchical.NodeTestTask.lambda$executeRecursively$9(NodeTestTask.java:144) ~[junit-platform-engine-1.10.5.jar:1.10.5]
    	at org.junit.platform.engine.support.hierarchical.ThrowableCollector.execute(ThrowableCollector.java:73) ~[junit-platform-engine-1.10.5.jar:1.10.5]
    	at org.junit.platform.engine.support.hierarchical.NodeTestTask.executeRecursively(NodeTestTask.java:143) ~[junit-platform-engine-1.10.5.jar:1.10.5]
    	at org.junit.platform.engine.support.hierarchical.NodeTestTask.execute(NodeTestTask.java:100) ~[junit-platform-engine-1.10.5.jar:1.10.5]
    	at org.junit.platform.engine.support.hierarchical.SameThreadHierarchicalTestExecutorService.submit(SameThreadHierarchicalTestExecutorService.java:35) ~[junit-platform-engine-1.10.5.jar:1.10.5]
    	at org.junit.platform.engine.support.hierarchical.HierarchicalTestExecutor.execute(HierarchicalTestExecutor.java:57) ~[junit-platform-engine-1.10.5.jar:1.10.5]
    	at org.junit.platform.engine.support.hierarchical.HierarchicalTestEngine.execute(HierarchicalTestEngine.java:54) ~[junit-platform-engine-1.10.5.jar:1.10.5]
    	at org.junit.platform.launcher.core.EngineExecutionOrchestrator.execute(EngineExecutionOrchestrator.java:198) ~[junit-platform-launcher-1.10.5.jar:1.10.5]
    	at org.junit.platform.launcher.core.EngineExecutionOrchestrator.execute(EngineExecutionOrchestrator.java:169) ~[junit-platform-launcher-1.10.5.jar:1.10.5]
    	at org.junit.platform.launcher.core.EngineExecutionOrchestrator.execute(EngineExecutionOrchestrator.java:93) ~[junit-platform-launcher-1.10.5.jar:1.10.5]
    	at org.junit.platform.launcher.core.EngineExecutionOrchestrator.lambda$execute$0(EngineExecutionOrchestrator.java:58) ~[junit-platform-launcher-1.10.5.jar:1.10.5]
    	at org.junit.platform.launcher.core.EngineExecutionOrchestrator.withInterceptedStreams(EngineExecutionOrchestrator.java:141) ~[junit-platform-launcher-1.10.5.jar:1.10.5]
    	at org.junit.platform.launcher.core.EngineExecutionOrchestrator.execute(EngineExecutionOrchestrator.java:57) ~[junit-platform-launcher-1.10.5.jar:1.10.5]
    	at org.junit.platform.launcher.core.DefaultLauncher.execute(DefaultLauncher.java:103) ~[junit-platform-launcher-1.10.5.jar:1.10.5]
    	at org.junit.platform.launcher.core.DefaultLauncher.execute(DefaultLauncher.java:85) ~[junit-platform-launcher-1.10.5.jar:1.10.5]
    	at org.junit.platform.launcher.core.DelegatingLauncher.execute(DelegatingLauncher.java:47) ~[junit-platform-launcher-1.10.5.jar:1.10.5]
    	at org.gradle.api.internal.tasks.testing.junitplatform.JUnitPlatformTestClassProcessor$CollectAllTestClassesExecutor.processAllTestClasses(JUnitPlatformTestClassProcessor.java:124) ~[na:na]
    	at org.gradle.api.internal.tasks.testing.junitplatform.JUnitPlatformTestClassProcessor$CollectAllTestClassesExecutor.access$000(JUnitPlatformTestClassProcessor.java:99) ~[na:na]
    	at org.gradle.api.internal.tasks.testing.junitplatform.JUnitPlatformTestClassProcessor.stop(JUnitPlatformTestClassProcessor.java:94) ~[na:na]
    	at org.gradle.api.internal.tasks.testing.SuiteTestClassProcessor.stop(SuiteTestClassProcessor.java:63) ~[na:na]
    	at java.base/jdk.internal.reflect.DirectMethodHandleAccessor.invoke(DirectMethodHandleAccessor.java:103) ~[na:na]
    	at java.base/java.lang.reflect.Method.invoke(Method.java:580) ~[na:na]
    	at org.gradle.internal.dispatch.ReflectionDispatch.dispatch(ReflectionDispatch.java:36) ~[na:na]
    	at org.gradle.internal.dispatch.ReflectionDispatch.dispatch(ReflectionDispatch.java:24) ~[na:na]
    	at org.gradle.internal.dispatch.ContextClassLoaderDispatch.dispatch(ContextClassLoaderDispatch.java:33) ~[na:na]
    	at org.gradle.internal.dispatch.ProxyDispatchAdapter$DispatchingInvocationHandler.invoke(ProxyDispatchAdapter.java:92) ~[na:na]
    	at jdk.proxy1/jdk.proxy1.$Proxy4.stop(Unknown Source) ~[na:na]
    	at org.gradle.api.internal.tasks.testing.worker.TestWorker$3.run(TestWorker.java:200) ~[na:na]
    	at org.gradle.api.internal.tasks.testing.worker.TestWorker.executeAndMaintainThreadName(TestWorker.java:132) ~[na:na]
    	at org.gradle.api.internal.tasks.testing.worker.TestWorker.execute(TestWorker.java:103) ~[na:na]
    	at org.gradle.api.internal.tasks.testing.worker.TestWorker.execute(TestWorker.java:63) ~[na:na]
    	at org.gradle.process.internal.worker.child.ActionExecutionWorker.execute(ActionExecutionWorker.java:56) ~[na:na]
    	at org.gradle.process.internal.worker.child.SystemApplicationClassLoaderWorker.call(SystemApplicationClassLoaderWorker.java:121) ~[na:na]
    	at org.gradle.process.internal.worker.child.SystemApplicationClassLoaderWorker.call(SystemApplicationClassLoaderWorker.java:71) ~[na:na]
    	at worker.org.gradle.process.internal.worker.GradleWorkerMain.run(GradleWorkerMain.java:69) ~[gradle-worker.jar:na]
    	at worker.org.gradle.process.internal.worker.GradleWorkerMain.main(GradleWorkerMain.java:74) ~[gradle-worker.jar:na]


SecurityRoleCoverageTest > testAnyRequestAuthenticated() FAILED
    java.lang.IllegalStateException: ApplicationContext failure threshold (1) exceeded: skipping repeated attempt to load context for [WebMergedContextConfiguration@3cd45cb8 testClass = com.coliving.global.config.SecurityRoleCoverageTest, locations = [], classes = [com.coliving.CoLivingApplication], contextInitializerClasses = [], activeProfiles = ["test"], propertySourceDescriptors = [], propertySourceProperties = ["org.springframework.boot.test.context.SpringBootTestContextBootstrapper=true"], contextCustomizers = [org.springframework.boot.test.autoconfigure.OnFailureConditionReportContextCustomizerFactory$OnFailureConditionReportContextCustomizer@5b7ea70d, org.springframework.boot.test.autoconfigure.actuate.observability.ObservabilityContextCustomizerFactory$DisableObservabilityContextCustomizer@1f, org.springframework.boot.test.autoconfigure.properties.PropertyMappingContextCustomizer@4b3fa0b3, org.springframework.boot.test.autoconfigure.web.servlet.WebDriverContextCustomizer@15eebbff, [ImportsContextCustomizer@4485cd1 key = [org.springframework.boot.test.autoconfigure.web.servlet.MockMvcWebDriverAutoConfiguration, org.springframework.boot.test.autoconfigure.web.servlet.MockMvcAutoConfiguration, org.springframework.boot.autoconfigure.security.oauth2.client.servlet.OAuth2ClientAutoConfiguration, org.springframework.boot.autoconfigure.security.servlet.SecurityAutoConfiguration, org.springframework.boot.autoconfigure.security.servlet.SecurityFilterAutoConfiguration, org.springframework.boot.autoconfigure.security.servlet.UserDetailsServiceAutoConfiguration, org.springframework.boot.autoconfigure.security.oauth2.resource.servlet.OAuth2ResourceServerAutoConfiguration, org.springframework.boot.test.autoconfigure.web.servlet.MockMvcSecurityConfiguration, org.springframework.boot.test.autoconfigure.web.servlet.MockMvcWebClientAutoConfiguration, org.springframework.boot.test.autoconfigure.web.reactive.WebTestClientAutoConfiguration]], org.springframework.boot.test.context.filter.ExcludeFilterContextCustomizer@2453f95d, org.springframework.boot.test.json.DuplicateJsonObjectContextCustomizerFactory$DuplicateJsonObjectContextCustomizer@3e34ace1, org.springframework.boot.test.mock.mockito.MockitoContextCustomizer@0, org.springframework.boot.test.web.client.TestRestTemplateContextCustomizer@21aa6d6c, org.springframework.boot.test.web.reactive.server.WebTestClientContextCustomizer@3f446bef, org.springframework.boot.test.web.reactor.netty.DisableReactorResourceFactoryGlobalResourcesContextCustomizerFactory$DisableReactorResourceFactoryGlobalResourcesContextCustomizerCustomizer@4d098f9b, org.springframework.boot.test.context.SpringBootTestAnnotation@3a75cc75], resourceBasePath = "src/main/webapp", contextLoader = org.springframework.boot.test.context.SpringBootContextLoader, parent = null]
        at org.springframework.test.context.cache.DefaultCacheAwareContextLoaderDelegate.loadContext(DefaultCacheAwareContextLoaderDelegate.java:145)
        at org.springframework.test.context.support.DefaultTestContext.getApplicationContext(DefaultTestContext.java:130)
        at org.springframework.test.context.web.ServletTestExecutionListener.setUpRequestContextIfNecessary(ServletTestExecutionListener.java:191)
        at org.springframework.test.context.web.ServletTestExecutionListener.prepareTestInstance(ServletTestExecutionListener.java:130)
        at org.springframework.test.context.TestContextManager.prepareTestInstance(TestContextManager.java:260)
        at org.springframework.test.context.junit.jupiter.SpringExtension.postProcessTestInstance(SpringExtension.java:163)
        at java.base/java.util.stream.ReferencePipeline$3$1.accept(ReferencePipeline.java:197)
        at java.base/java.util.stream.ReferencePipeline$2$1.accept(ReferencePipeline.java:179)
        at java.base/java.util.ArrayList$ArrayListSpliterator.forEachRemaining(ArrayList.java:1708)
        at java.base/java.util.stream.AbstractPipeline.copyInto(AbstractPipeline.java:509)
        at java.base/java.util.stream.AbstractPipeline.wrapAndCopyInto(AbstractPipeline.java:499)
        at java.base/java.util.stream.StreamSpliterators$WrappingSpliterator.forEachRemaining(StreamSpliterators.java:310)
        at java.base/java.util.stream.Streams$ConcatSpliterator.forEachRemaining(Streams.java:735)
        at java.base/java.util.stream.Streams$ConcatSpliterator.forEachRemaining(Streams.java:734)
        at java.base/java.util.stream.ReferencePipeline$Head.forEach(ReferencePipeline.java:762)
        at java.base/java.util.Optional.orElseGet(Optional.java:364)
        at java.base/java.util.ArrayList.forEach(ArrayList.java:1596)
        at java.base/java.util.ArrayList.forEach(ArrayList.java:1596)

SecurityRoleCoverageTest STANDARD_OUT
    2026-04-13T12:41:34.760+09:00  WARN 4752 --- [    Test worker] o.s.test.context.TestContextManager      : Caught exception while allowing TestExecutionListener [org.springframework.test.context.web.ServletTestExecutionListener] to prepare test instance [com.coliving.global.config.SecurityRoleCoverageTest@9d7f247]

    java.lang.IllegalStateException: ApplicationContext failure threshold (1) exceeded: skipping repeated attempt to load context for [WebMergedContextConfiguration@3cd45cb8 testClass = com.coliving.global.config.SecurityRoleCoverageTest, locations = [], classes = [com.coliving.CoLivingApplication], contextInitializerClasses = [], activeProfiles = ["test"], propertySourceDescriptors = [], propertySourceProperties = ["org.springframework.boot.test.context.SpringBootTestContextBootstrapper=true"], contextCustomizers = [org.springframework.boot.test.autoconfigure.OnFailureConditionReportContextCustomizerFactory$OnFailureConditionReportContextCustomizer@5b7ea70d, org.springframework.boot.test.autoconfigure.actuate.observability.ObservabilityContextCustomizerFactory$DisableObservabilityContextCustomizer@1f, org.springframework.boot.test.autoconfigure.properties.PropertyMappingContextCustomizer@4b3fa0b3, org.springframework.boot.test.autoconfigure.web.servlet.WebDriverContextCustomizer@15eebbff, [ImportsContextCustomizer@4485cd1 key = [org.springframework.boot.test.autoconfigure.web.servlet.MockMvcWebDriverAutoConfiguration, org.springframework.boot.test.autoconfigure.web.servlet.MockMvcAutoConfiguration, org.springframework.boot.autoconfigure.security.oauth2.client.servlet.OAuth2ClientAutoConfiguration, org.springframework.boot.autoconfigure.security.servlet.SecurityAutoConfiguration, org.springframework.boot.autoconfigure.security.servlet.SecurityFilterAutoConfiguration, org.springframework.boot.autoconfigure.security.servlet.UserDetailsServiceAutoConfiguration, org.springframework.boot.autoconfigure.security.oauth2.resource.servlet.OAuth2ResourceServerAutoConfiguration, org.springframework.boot.test.autoconfigure.web.servlet.MockMvcSecurityConfiguration, org.springframework.boot.test.autoconfigure.web.servlet.MockMvcWebClientAutoConfiguration, org.springframework.boot.test.autoconfigure.web.reactive.WebTestClientAutoConfiguration]], org.springframework.boot.test.context.filter.ExcludeFilterContextCustomizer@2453f95d, org.springframework.boot.test.json.DuplicateJsonObjectContextCustomizerFactory$DuplicateJsonObjectContextCustomizer@3e34ace1, org.springframework.boot.test.mock.mockito.MockitoContextCustomizer@0, org.springframework.boot.test.web.client.TestRestTemplateContextCustomizer@21aa6d6c, org.springframework.boot.test.web.reactive.server.WebTestClientContextCustomizer@3f446bef, org.springframework.boot.test.web.reactor.netty.DisableReactorResourceFactoryGlobalResourcesContextCustomizerFactory$DisableReactorResourceFactoryGlobalResourcesContextCustomizerCustomizer@4d098f9b, org.springframework.boot.test.context.SpringBootTestAnnotation@3a75cc75], resourceBasePath = "src/main/webapp", contextLoader = org.springframework.boot.test.context.SpringBootContextLoader, parent = null]
    	at org.springframework.test.context.cache.DefaultCacheAwareContextLoaderDelegate.loadContext(DefaultCacheAwareContextLoaderDelegate.java:145) ~[spring-test-6.1.18.jar:6.1.18]
    	at org.springframework.test.context.support.DefaultTestContext.getApplicationContext(DefaultTestContext.java:130) ~[spring-test-6.1.18.jar:6.1.18]
    	at org.springframework.test.context.web.ServletTestExecutionListener.setUpRequestContextIfNecessary(ServletTestExecutionListener.java:191) ~[spring-test-6.1.18.jar:6.1.18]
    	at org.springframework.test.context.web.ServletTestExecutionListener.prepareTestInstance(ServletTestExecutionListener.java:130) ~[spring-test-6.1.18.jar:6.1.18]
    	at org.springframework.test.context.TestContextManager.prepareTestInstance(TestContextManager.java:260) ~[spring-test-6.1.18.jar:6.1.18]
    	at org.springframework.test.context.junit.jupiter.SpringExtension.postProcessTestInstance(SpringExtension.java:163) ~[spring-test-6.1.18.jar:6.1.18]
    	at org.junit.jupiter.engine.descriptor.ClassBasedTestDescriptor.lambda$invokeTestInstancePostProcessors$10(ClassBasedTestDescriptor.java:378) ~[junit-jupiter-engine-5.10.5.jar:5.10.5]
    	at org.junit.jupiter.engine.descriptor.ClassBasedTestDescriptor.executeAndMaskThrowable(ClassBasedTestDescriptor.java:383) ~[junit-jupiter-engine-5.10.5.jar:5.10.5]
    	at org.junit.jupiter.engine.descriptor.ClassBasedTestDescriptor.lambda$invokeTestInstancePostProcessors$11(ClassBasedTestDescriptor.java:378) ~[junit-jupiter-engine-5.10.5.jar:5.10.5]
    	at java.base/java.util.stream.ReferencePipeline$3$1.accept(ReferencePipeline.java:197) ~[na:na]
    	at java.base/java.util.stream.ReferencePipeline$2$1.accept(ReferencePipeline.java:179) ~[na:na]
    	at java.base/java.util.ArrayList$ArrayListSpliterator.forEachRemaining(ArrayList.java:1708) ~[na:na]
    	at java.base/java.util.stream.AbstractPipeline.copyInto(AbstractPipeline.java:509) ~[na:na]
    	at java.base/java.util.stream.AbstractPipeline.wrapAndCopyInto(AbstractPipeline.java:499) ~[na:na]
    	at java.base/java.util.stream.StreamSpliterators$WrappingSpliterator.forEachRemaining(StreamSpliterators.java:310) ~[na:na]
    	at java.base/java.util.stream.Streams$ConcatSpliterator.forEachRemaining(Streams.java:735) ~[na:na]
    	at java.base/java.util.stream.Streams$ConcatSpliterator.forEachRemaining(Streams.java:734) ~[na:na]
    	at java.base/java.util.stream.ReferencePipeline$Head.forEach(ReferencePipeline.java:762) ~[na:na]
    	at org.junit.jupiter.engine.descriptor.ClassBasedTestDescriptor.invokeTestInstancePostProcessors(ClassBasedTestDescriptor.java:377) ~[junit-jupiter-engine-5.10.5.jar:5.10.5]
    	at org.junit.jupiter.engine.descriptor.ClassBasedTestDescriptor.lambda$instantiateAndPostProcessTestInstance$6(ClassBasedTestDescriptor.java:290) ~[junit-jupiter-engine-5.10.5.jar:5.10.5]
    	at org.junit.platform.engine.support.hierarchical.ThrowableCollector.execute(ThrowableCollector.java:73) ~[junit-platform-engine-1.10.5.jar:1.10.5]
    	at org.junit.jupiter.engine.descriptor.ClassBasedTestDescriptor.instantiateAndPostProcessTestInstance(ClassBasedTestDescriptor.java:289) ~[junit-jupiter-engine-5.10.5.jar:5.10.5]
    	at org.junit.jupiter.engine.descriptor.ClassBasedTestDescriptor.lambda$testInstancesProvider$4(ClassBasedTestDescriptor.java:279) ~[junit-jupiter-engine-5.10.5.jar:5.10.5]
    	at java.base/java.util.Optional.orElseGet(Optional.java:364) ~[na:na]
    	at org.junit.jupiter.engine.descriptor.ClassBasedTestDescriptor.lambda$testInstancesProvider$5(ClassBasedTestDescriptor.java:278) ~[junit-jupiter-engine-5.10.5.jar:5.10.5]
    	at org.junit.jupiter.engine.execution.TestInstancesProvider.getTestInstances(TestInstancesProvider.java:31) ~[junit-jupiter-engine-5.10.5.jar:5.10.5]
    	at org.junit.jupiter.engine.descriptor.TestMethodTestDescriptor.lambda$prepare$0(TestMethodTestDescriptor.java:106) ~[junit-jupiter-engine-5.10.5.jar:5.10.5]
    	at org.junit.platform.engine.support.hierarchical.ThrowableCollector.execute(ThrowableCollector.java:73) ~[junit-platform-engine-1.10.5.jar:1.10.5]
    	at org.junit.jupiter.engine.descriptor.TestMethodTestDescriptor.prepare(TestMethodTestDescriptor.java:105) ~[junit-jupiter-engine-5.10.5.jar:5.10.5]
    	at org.junit.jupiter.engine.descriptor.TestMethodTestDescriptor.prepare(TestMethodTestDescriptor.java:69) ~[junit-jupiter-engine-5.10.5.jar:5.10.5]
    	at org.junit.platform.engine.support.hierarchical.NodeTestTask.lambda$prepare$2(NodeTestTask.java:128) ~[junit-platform-engine-1.10.5.jar:1.10.5]
    	at org.junit.platform.engine.support.hierarchical.ThrowableCollector.execute(ThrowableCollector.java:73) ~[junit-platform-engine-1.10.5.jar:1.10.5]
    	at org.junit.platform.engine.support.hierarchical.NodeTestTask.prepare(NodeTestTask.java:128) ~[junit-platform-engine-1.10.5.jar:1.10.5]
    	at org.junit.platform.engine.support.hierarchical.NodeTestTask.execute(NodeTestTask.java:95) ~[junit-platform-engine-1.10.5.jar:1.10.5]
    	at java.base/java.util.ArrayList.forEach(ArrayList.java:1596) ~[na:na]
    	at org.junit.platform.engine.support.hierarchical.SameThreadHierarchicalTestExecutorService.invokeAll(SameThreadHierarchicalTestExecutorService.java:41) ~[junit-platform-engine-1.10.5.jar:1.10.5]
    	at org.junit.platform.engine.support.hierarchical.NodeTestTask.lambda$executeRecursively$6(NodeTestTask.java:160) ~[junit-platform-engine-1.10.5.jar:1.10.5]
    	at org.junit.platform.engine.support.hierarchical.ThrowableCollector.execute(ThrowableCollector.java:73) ~[junit-platform-engine-1.10.5.jar:1.10.5]
    	at org.junit.platform.engine.support.hierarchical.NodeTestTask.lambda$executeRecursively$8(NodeTestTask.java:146) ~[junit-platform-engine-1.10.5.jar:1.10.5]
    	at org.junit.platform.engine.support.hierarchical.Node.around(Node.java:137) ~[junit-platform-engine-1.10.5.jar:1.10.5]
    	at org.junit.platform.engine.support.hierarchical.NodeTestTask.lambda$executeRecursively$9(NodeTestTask.java:144) ~[junit-platform-engine-1.10.5.jar:1.10.5]
    	at org.junit.platform.engine.support.hierarchical.ThrowableCollector.execute(ThrowableCollector.java:73) ~[junit-platform-engine-1.10.5.jar:1.10.5]
    	at org.junit.platform.engine.support.hierarchical.NodeTestTask.executeRecursively(NodeTestTask.java:143) ~[junit-platform-engine-1.10.5.jar:1.10.5]
    	at org.junit.platform.engine.support.hierarchical.NodeTestTask.execute(NodeTestTask.java:100) ~[junit-platform-engine-1.10.5.jar:1.10.5]
    	at java.base/java.util.ArrayList.forEach(ArrayList.java:1596) ~[na:na]
    	at org.junit.platform.engine.support.hierarchical.SameThreadHierarchicalTestExecutorService.invokeAll(SameThreadHierarchicalTestExecutorService.java:41) ~[junit-platform-engine-1.10.5.jar:1.10.5]
    	at org.junit.platform.engine.support.hierarchical.NodeTestTask.lambda$executeRecursively$6(NodeTestTask.java:160) ~[junit-platform-engine-1.10.5.jar:1.10.5]
    	at org.junit.platform.engine.support.hierarchical.ThrowableCollector.execute(ThrowableCollector.java:73) ~[junit-platform-engine-1.10.5.jar:1.10.5]
    	at org.junit.platform.engine.support.hierarchical.NodeTestTask.lambda$executeRecursively$8(NodeTestTask.java:146) ~[junit-platform-engine-1.10.5.jar:1.10.5]
    	at org.junit.platform.engine.support.hierarchical.Node.around(Node.java:137) ~[junit-platform-engine-1.10.5.jar:1.10.5]
    	at org.junit.platform.engine.support.hierarchical.NodeTestTask.lambda$executeRecursively$9(NodeTestTask.java:144) ~[junit-platform-engine-1.10.5.jar:1.10.5]
    	at org.junit.platform.engine.support.hierarchical.ThrowableCollector.execute(ThrowableCollector.java:73) ~[junit-platform-engine-1.10.5.jar:1.10.5]
    	at org.junit.platform.engine.support.hierarchical.NodeTestTask.executeRecursively(NodeTestTask.java:143) ~[junit-platform-engine-1.10.5.jar:1.10.5]
    	at org.junit.platform.engine.support.hierarchical.NodeTestTask.execute(NodeTestTask.java:100) ~[junit-platform-engine-1.10.5.jar:1.10.5]
    	at org.junit.platform.engine.support.hierarchical.SameThreadHierarchicalTestExecutorService.submit(SameThreadHierarchicalTestExecutorService.java:35) ~[junit-platform-engine-1.10.5.jar:1.10.5]
    	at org.junit.platform.engine.support.hierarchical.HierarchicalTestExecutor.execute(HierarchicalTestExecutor.java:57) ~[junit-platform-engine-1.10.5.jar:1.10.5]
    	at org.junit.platform.engine.support.hierarchical.HierarchicalTestEngine.execute(HierarchicalTestEngine.java:54) ~[junit-platform-engine-1.10.5.jar:1.10.5]
    	at org.junit.platform.launcher.core.EngineExecutionOrchestrator.execute(EngineExecutionOrchestrator.java:198) ~[junit-platform-launcher-1.10.5.jar:1.10.5]
    	at org.junit.platform.launcher.core.EngineExecutionOrchestrator.execute(EngineExecutionOrchestrator.java:169) ~[junit-platform-launcher-1.10.5.jar:1.10.5]
    	at org.junit.platform.launcher.core.EngineExecutionOrchestrator.execute(EngineExecutionOrchestrator.java:93) ~[junit-platform-launcher-1.10.5.jar:1.10.5]
    	at org.junit.platform.launcher.core.EngineExecutionOrchestrator.lambda$execute$0(EngineExecutionOrchestrator.java:58) ~[junit-platform-launcher-1.10.5.jar:1.10.5]
    	at org.junit.platform.launcher.core.EngineExecutionOrchestrator.withInterceptedStreams(EngineExecutionOrchestrator.java:141) ~[junit-platform-launcher-1.10.5.jar:1.10.5]
    	at org.junit.platform.launcher.core.EngineExecutionOrchestrator.execute(EngineExecutionOrchestrator.java:57) ~[junit-platform-launcher-1.10.5.jar:1.10.5]
    	at org.junit.platform.launcher.core.DefaultLauncher.execute(DefaultLauncher.java:103) ~[junit-platform-launcher-1.10.5.jar:1.10.5]
    	at org.junit.platform.launcher.core.DefaultLauncher.execute(DefaultLauncher.java:85) ~[junit-platform-launcher-1.10.5.jar:1.10.5]
    	at org.junit.platform.launcher.core.DelegatingLauncher.execute(DelegatingLauncher.java:47) ~[junit-platform-launcher-1.10.5.jar:1.10.5]
    	at org.gradle.api.internal.tasks.testing.junitplatform.JUnitPlatformTestClassProcessor$CollectAllTestClassesExecutor.processAllTestClasses(JUnitPlatformTestClassProcessor.java:124) ~[na:na]
    	at org.gradle.api.internal.tasks.testing.junitplatform.JUnitPlatformTestClassProcessor$CollectAllTestClassesExecutor.access$000(JUnitPlatformTestClassProcessor.java:99) ~[na:na]
    	at org.gradle.api.internal.tasks.testing.junitplatform.JUnitPlatformTestClassProcessor.stop(JUnitPlatformTestClassProcessor.java:94) ~[na:na]
    	at org.gradle.api.internal.tasks.testing.SuiteTestClassProcessor.stop(SuiteTestClassProcessor.java:63) ~[na:na]
    	at java.base/jdk.internal.reflect.DirectMethodHandleAccessor.invoke(DirectMethodHandleAccessor.java:103) ~[na:na]
    	at java.base/java.lang.reflect.Method.invoke(Method.java:580) ~[na:na]
    	at org.gradle.internal.dispatch.ReflectionDispatch.dispatch(ReflectionDispatch.java:36) ~[na:na]
    	at org.gradle.internal.dispatch.ReflectionDispatch.dispatch(ReflectionDispatch.java:24) ~[na:na]
    	at org.gradle.internal.dispatch.ContextClassLoaderDispatch.dispatch(ContextClassLoaderDispatch.java:33) ~[na:na]
    	at org.gradle.internal.dispatch.ProxyDispatchAdapter$DispatchingInvocationHandler.invoke(ProxyDispatchAdapter.java:92) ~[na:na]
    	at jdk.proxy1/jdk.proxy1.$Proxy4.stop(Unknown Source) ~[na:na]
    	at org.gradle.api.internal.tasks.testing.worker.TestWorker$3.run(TestWorker.java:200) ~[na:na]
    	at org.gradle.api.internal.tasks.testing.worker.TestWorker.executeAndMaintainThreadName(TestWorker.java:132) ~[na:na]
    	at org.gradle.api.internal.tasks.testing.worker.TestWorker.execute(TestWorker.java:103) ~[na:na]
    	at org.gradle.api.internal.tasks.testing.worker.TestWorker.execute(TestWorker.java:63) ~[na:na]
    	at org.gradle.process.internal.worker.child.ActionExecutionWorker.execute(ActionExecutionWorker.java:56) ~[na:na]
    	at org.gradle.process.internal.worker.child.SystemApplicationClassLoaderWorker.call(SystemApplicationClassLoaderWorker.java:121) ~[na:na]
    	at org.gradle.process.internal.worker.child.SystemApplicationClassLoaderWorker.call(SystemApplicationClassLoaderWorker.java:71) ~[na:na]
    	at worker.org.gradle.process.internal.worker.GradleWorkerMain.run(GradleWorkerMain.java:69) ~[gradle-worker.jar:na]
    	at worker.org.gradle.process.internal.worker.GradleWorkerMain.main(GradleWorkerMain.java:74) ~[gradle-worker.jar:na]


SecurityRoleCoverageTest > testAdminApiAdmin() FAILED
    java.lang.IllegalStateException: ApplicationContext failure threshold (1) exceeded: skipping repeated attempt to load context for [WebMergedContextConfiguration@3cd45cb8 testClass = com.coliving.global.config.SecurityRoleCoverageTest, locations = [], classes = [com.coliving.CoLivingApplication], contextInitializerClasses = [], activeProfiles = ["test"], propertySourceDescriptors = [], propertySourceProperties = ["org.springframework.boot.test.context.SpringBootTestContextBootstrapper=true"], contextCustomizers = [org.springframework.boot.test.autoconfigure.OnFailureConditionReportContextCustomizerFactory$OnFailureConditionReportContextCustomizer@5b7ea70d, org.springframework.boot.test.autoconfigure.actuate.observability.ObservabilityContextCustomizerFactory$DisableObservabilityContextCustomizer@1f, org.springframework.boot.test.autoconfigure.properties.PropertyMappingContextCustomizer@4b3fa0b3, org.springframework.boot.test.autoconfigure.web.servlet.WebDriverContextCustomizer@15eebbff, [ImportsContextCustomizer@4485cd1 key = [org.springframework.boot.test.autoconfigure.web.servlet.MockMvcWebDriverAutoConfiguration, org.springframework.boot.test.autoconfigure.web.servlet.MockMvcAutoConfiguration, org.springframework.boot.autoconfigure.security.oauth2.client.servlet.OAuth2ClientAutoConfiguration, org.springframework.boot.autoconfigure.security.servlet.SecurityAutoConfiguration, org.springframework.boot.autoconfigure.security.servlet.SecurityFilterAutoConfiguration, org.springframework.boot.autoconfigure.security.servlet.UserDetailsServiceAutoConfiguration, org.springframework.boot.autoconfigure.security.oauth2.resource.servlet.OAuth2ResourceServerAutoConfiguration, org.springframework.boot.test.autoconfigure.web.servlet.MockMvcSecurityConfiguration, org.springframework.boot.test.autoconfigure.web.servlet.MockMvcWebClientAutoConfiguration, org.springframework.boot.test.autoconfigure.web.reactive.WebTestClientAutoConfiguration]], org.springframework.boot.test.context.filter.ExcludeFilterContextCustomizer@2453f95d, org.springframework.boot.test.json.DuplicateJsonObjectContextCustomizerFactory$DuplicateJsonObjectContextCustomizer@3e34ace1, org.springframework.boot.test.mock.mockito.MockitoContextCustomizer@0, org.springframework.boot.test.web.client.TestRestTemplateContextCustomizer@21aa6d6c, org.springframework.boot.test.web.reactive.server.WebTestClientContextCustomizer@3f446bef, org.springframework.boot.test.web.reactor.netty.DisableReactorResourceFactoryGlobalResourcesContextCustomizerFactory$DisableReactorResourceFactoryGlobalResourcesContextCustomizerCustomizer@4d098f9b, org.springframework.boot.test.context.SpringBootTestAnnotation@3a75cc75], resourceBasePath = "src/main/webapp", contextLoader = org.springframework.boot.test.context.SpringBootContextLoader, parent = null]
        at org.springframework.test.context.cache.DefaultCacheAwareContextLoaderDelegate.loadContext(DefaultCacheAwareContextLoaderDelegate.java:145)
        at org.springframework.test.context.support.DefaultTestContext.getApplicationContext(DefaultTestContext.java:130)
        at org.springframework.test.context.web.ServletTestExecutionListener.setUpRequestContextIfNecessary(ServletTestExecutionListener.java:191)
        at org.springframework.test.context.web.ServletTestExecutionListener.prepareTestInstance(ServletTestExecutionListener.java:130)
        at org.springframework.test.context.TestContextManager.prepareTestInstance(TestContextManager.java:260)
        at org.springframework.test.context.junit.jupiter.SpringExtension.postProcessTestInstance(SpringExtension.java:163)
        at java.base/java.util.stream.ReferencePipeline$3$1.accept(ReferencePipeline.java:197)
        at java.base/java.util.stream.ReferencePipeline$2$1.accept(ReferencePipeline.java:179)
        at java.base/java.util.ArrayList$ArrayListSpliterator.forEachRemaining(ArrayList.java:1708)
        at java.base/java.util.stream.AbstractPipeline.copyInto(AbstractPipeline.java:509)
        at java.base/java.util.stream.AbstractPipeline.wrapAndCopyInto(AbstractPipeline.java:499)
        at java.base/java.util.stream.StreamSpliterators$WrappingSpliterator.forEachRemaining(StreamSpliterators.java:310)
        at java.base/java.util.stream.Streams$ConcatSpliterator.forEachRemaining(Streams.java:735)
        at java.base/java.util.stream.Streams$ConcatSpliterator.forEachRemaining(Streams.java:734)
        at java.base/java.util.stream.ReferencePipeline$Head.forEach(ReferencePipeline.java:762)
        at java.base/java.util.Optional.orElseGet(Optional.java:364)
        at java.base/java.util.ArrayList.forEach(ArrayList.java:1596)
        at java.base/java.util.ArrayList.forEach(ArrayList.java:1596)

SecurityRoleCoverageTest STANDARD_OUT
    2026-04-13T12:41:34.765+09:00  WARN 4752 --- [    Test worker] o.s.test.context.TestContextManager      : Caught exception while allowing TestExecutionListener [org.springframework.test.context.web.ServletTestExecutionListener] to prepare test instance [com.coliving.global.config.SecurityRoleCoverageTest@391e3c75]

    java.lang.IllegalStateException: ApplicationContext failure threshold (1) exceeded: skipping repeated attempt to load context for [WebMergedContextConfiguration@3cd45cb8 testClass = com.coliving.global.config.SecurityRoleCoverageTest, locations = [], classes = [com.coliving.CoLivingApplication], contextInitializerClasses = [], activeProfiles = ["test"], propertySourceDescriptors = [], propertySourceProperties = ["org.springframework.boot.test.context.SpringBootTestContextBootstrapper=true"], contextCustomizers = [org.springframework.boot.test.autoconfigure.OnFailureConditionReportContextCustomizerFactory$OnFailureConditionReportContextCustomizer@5b7ea70d, org.springframework.boot.test.autoconfigure.actuate.observability.ObservabilityContextCustomizerFactory$DisableObservabilityContextCustomizer@1f, org.springframework.boot.test.autoconfigure.properties.PropertyMappingContextCustomizer@4b3fa0b3, org.springframework.boot.test.autoconfigure.web.servlet.WebDriverContextCustomizer@15eebbff, [ImportsContextCustomizer@4485cd1 key = [org.springframework.boot.test.autoconfigure.web.servlet.MockMvcWebDriverAutoConfiguration, org.springframework.boot.test.autoconfigure.web.servlet.MockMvcAutoConfiguration, org.springframework.boot.autoconfigure.security.oauth2.client.servlet.OAuth2ClientAutoConfiguration, org.springframework.boot.autoconfigure.security.servlet.SecurityAutoConfiguration, org.springframework.boot.autoconfigure.security.servlet.SecurityFilterAutoConfiguration, org.springframework.boot.autoconfigure.security.servlet.UserDetailsServiceAutoConfiguration, org.springframework.boot.autoconfigure.security.oauth2.resource.servlet.OAuth2ResourceServerAutoConfiguration, org.springframework.boot.test.autoconfigure.web.servlet.MockMvcSecurityConfiguration, org.springframework.boot.test.autoconfigure.web.servlet.MockMvcWebClientAutoConfiguration, org.springframework.boot.test.autoconfigure.web.reactive.WebTestClientAutoConfiguration]], org.springframework.boot.test.context.filter.ExcludeFilterContextCustomizer@2453f95d, org.springframework.boot.test.json.DuplicateJsonObjectContextCustomizerFactory$DuplicateJsonObjectContextCustomizer@3e34ace1, org.springframework.boot.test.mock.mockito.MockitoContextCustomizer@0, org.springframework.boot.test.web.client.TestRestTemplateContextCustomizer@21aa6d6c, org.springframework.boot.test.web.reactive.server.WebTestClientContextCustomizer@3f446bef, org.springframework.boot.test.web.reactor.netty.DisableReactorResourceFactoryGlobalResourcesContextCustomizerFactory$DisableReactorResourceFactoryGlobalResourcesContextCustomizerCustomizer@4d098f9b, org.springframework.boot.test.context.SpringBootTestAnnotation@3a75cc75], resourceBasePath = "src/main/webapp", contextLoader = org.springframework.boot.test.context.SpringBootContextLoader, parent = null]
    	at org.springframework.test.context.cache.DefaultCacheAwareContextLoaderDelegate.loadContext(DefaultCacheAwareContextLoaderDelegate.java:145) ~[spring-test-6.1.18.jar:6.1.18]
    	at org.springframework.test.context.support.DefaultTestContext.getApplicationContext(DefaultTestContext.java:130) ~[spring-test-6.1.18.jar:6.1.18]
    	at org.springframework.test.context.web.ServletTestExecutionListener.setUpRequestContextIfNecessary(ServletTestExecutionListener.java:191) ~[spring-test-6.1.18.jar:6.1.18]
    	at org.springframework.test.context.web.ServletTestExecutionListener.prepareTestInstance(ServletTestExecutionListener.java:130) ~[spring-test-6.1.18.jar:6.1.18]
    	at org.springframework.test.context.TestContextManager.prepareTestInstance(TestContextManager.java:260) ~[spring-test-6.1.18.jar:6.1.18]
    	at org.springframework.test.context.junit.jupiter.SpringExtension.postProcessTestInstance(SpringExtension.java:163) ~[spring-test-6.1.18.jar:6.1.18]
    	at org.junit.jupiter.engine.descriptor.ClassBasedTestDescriptor.lambda$invokeTestInstancePostProcessors$10(ClassBasedTestDescriptor.java:378) ~[junit-jupiter-engine-5.10.5.jar:5.10.5]
    	at org.junit.jupiter.engine.descriptor.ClassBasedTestDescriptor.executeAndMaskThrowable(ClassBasedTestDescriptor.java:383) ~[junit-jupiter-engine-5.10.5.jar:5.10.5]
    	at org.junit.jupiter.engine.descriptor.ClassBasedTestDescriptor.lambda$invokeTestInstancePostProcessors$11(ClassBasedTestDescriptor.java:378) ~[junit-jupiter-engine-5.10.5.jar:5.10.5]
    	at java.base/java.util.stream.ReferencePipeline$3$1.accept(ReferencePipeline.java:197) ~[na:na]
    	at java.base/java.util.stream.ReferencePipeline$2$1.accept(ReferencePipeline.java:179) ~[na:na]
    	at java.base/java.util.ArrayList$ArrayListSpliterator.forEachRemaining(ArrayList.java:1708) ~[na:na]
    	at java.base/java.util.stream.AbstractPipeline.copyInto(AbstractPipeline.java:509) ~[na:na]
    	at java.base/java.util.stream.AbstractPipeline.wrapAndCopyInto(AbstractPipeline.java:499) ~[na:na]
    	at java.base/java.util.stream.StreamSpliterators$WrappingSpliterator.forEachRemaining(StreamSpliterators.java:310) ~[na:na]
    	at java.base/java.util.stream.Streams$ConcatSpliterator.forEachRemaining(Streams.java:735) ~[na:na]
    	at java.base/java.util.stream.Streams$ConcatSpliterator.forEachRemaining(Streams.java:734) ~[na:na]
    	at java.base/java.util.stream.ReferencePipeline$Head.forEach(ReferencePipeline.java:762) ~[na:na]
    	at org.junit.jupiter.engine.descriptor.ClassBasedTestDescriptor.invokeTestInstancePostProcessors(ClassBasedTestDescriptor.java:377) ~[junit-jupiter-engine-5.10.5.jar:5.10.5]
    	at org.junit.jupiter.engine.descriptor.ClassBasedTestDescriptor.lambda$instantiateAndPostProcessTestInstance$6(ClassBasedTestDescriptor.java:290) ~[junit-jupiter-engine-5.10.5.jar:5.10.5]
    	at org.junit.platform.engine.support.hierarchical.ThrowableCollector.execute(ThrowableCollector.java:73) ~[junit-platform-engine-1.10.5.jar:1.10.5]
    	at org.junit.jupiter.engine.descriptor.ClassBasedTestDescriptor.instantiateAndPostProcessTestInstance(ClassBasedTestDescriptor.java:289) ~[junit-jupiter-engine-5.10.5.jar:5.10.5]
    	at org.junit.jupiter.engine.descriptor.ClassBasedTestDescriptor.lambda$testInstancesProvider$4(ClassBasedTestDescriptor.java:279) ~[junit-jupiter-engine-5.10.5.jar:5.10.5]
    	at java.base/java.util.Optional.orElseGet(Optional.java:364) ~[na:na]
    	at org.junit.jupiter.engine.descriptor.ClassBasedTestDescriptor.lambda$testInstancesProvider$5(ClassBasedTestDescriptor.java:278) ~[junit-jupiter-engine-5.10.5.jar:5.10.5]
    	at org.junit.jupiter.engine.execution.TestInstancesProvider.getTestInstances(TestInstancesProvider.java:31) ~[junit-jupiter-engine-5.10.5.jar:5.10.5]
    	at org.junit.jupiter.engine.descriptor.TestMethodTestDescriptor.lambda$prepare$0(TestMethodTestDescriptor.java:106) ~[junit-jupiter-engine-5.10.5.jar:5.10.5]
    	at org.junit.platform.engine.support.hierarchical.ThrowableCollector.execute(ThrowableCollector.java:73) ~[junit-platform-engine-1.10.5.jar:1.10.5]
    	at org.junit.jupiter.engine.descriptor.TestMethodTestDescriptor.prepare(TestMethodTestDescriptor.java:105) ~[junit-jupiter-engine-5.10.5.jar:5.10.5]
    	at org.junit.jupiter.engine.descriptor.TestMethodTestDescriptor.prepare(TestMethodTestDescriptor.java:69) ~[junit-jupiter-engine-5.10.5.jar:5.10.5]
    	at org.junit.platform.engine.support.hierarchical.NodeTestTask.lambda$prepare$2(NodeTestTask.java:128) ~[junit-platform-engine-1.10.5.jar:1.10.5]
    	at org.junit.platform.engine.support.hierarchical.ThrowableCollector.execute(ThrowableCollector.java:73) ~[junit-platform-engine-1.10.5.jar:1.10.5]
    	at org.junit.platform.engine.support.hierarchical.NodeTestTask.prepare(NodeTestTask.java:128) ~[junit-platform-engine-1.10.5.jar:1.10.5]
    	at org.junit.platform.engine.support.hierarchical.NodeTestTask.execute(NodeTestTask.java:95) ~[junit-platform-engine-1.10.5.jar:1.10.5]
    	at java.base/java.util.ArrayList.forEach(ArrayList.java:1596) ~[na:na]
    	at org.junit.platform.engine.support.hierarchical.SameThreadHierarchicalTestExecutorService.invokeAll(SameThreadHierarchicalTestExecutorService.java:41) ~[junit-platform-engine-1.10.5.jar:1.10.5]
    	at org.junit.platform.engine.support.hierarchical.NodeTestTask.lambda$executeRecursively$6(NodeTestTask.java:160) ~[junit-platform-engine-1.10.5.jar:1.10.5]
    	at org.junit.platform.engine.support.hierarchical.ThrowableCollector.execute(ThrowableCollector.java:73) ~[junit-platform-engine-1.10.5.jar:1.10.5]
    	at org.junit.platform.engine.support.hierarchical.NodeTestTask.lambda$executeRecursively$8(NodeTestTask.java:146) ~[junit-platform-engine-1.10.5.jar:1.10.5]
    	at org.junit.platform.engine.support.hierarchical.Node.around(Node.java:137) ~[junit-platform-engine-1.10.5.jar:1.10.5]
    	at org.junit.platform.engine.support.hierarchical.NodeTestTask.lambda$executeRecursively$9(NodeTestTask.java:144) ~[junit-platform-engine-1.10.5.jar:1.10.5]
    	at org.junit.platform.engine.support.hierarchical.ThrowableCollector.execute(ThrowableCollector.java:73) ~[junit-platform-engine-1.10.5.jar:1.10.5]
    	at org.junit.platform.engine.support.hierarchical.NodeTestTask.executeRecursively(NodeTestTask.java:143) ~[junit-platform-engine-1.10.5.jar:1.10.5]
    	at org.junit.platform.engine.support.hierarchical.NodeTestTask.execute(NodeTestTask.java:100) ~[junit-platform-engine-1.10.5.jar:1.10.5]
    	at java.base/java.util.ArrayList.forEach(ArrayList.java:1596) ~[na:na]
    	at org.junit.platform.engine.support.hierarchical.SameThreadHierarchicalTestExecutorService.invokeAll(SameThreadHierarchicalTestExecutorService.java:41) ~[junit-platform-engine-1.10.5.jar:1.10.5]
    	at org.junit.platform.engine.support.hierarchical.NodeTestTask.lambda$executeRecursively$6(NodeTestTask.java:160) ~[junit-platform-engine-1.10.5.jar:1.10.5]
    	at org.junit.platform.engine.support.hierarchical.ThrowableCollector.execute(ThrowableCollector.java:73) ~[junit-platform-engine-1.10.5.jar:1.10.5]
    	at org.junit.platform.engine.support.hierarchical.NodeTestTask.lambda$executeRecursively$8(NodeTestTask.java:146) ~[junit-platform-engine-1.10.5.jar:1.10.5]
    	at org.junit.platform.engine.support.hierarchical.Node.around(Node.java:137) ~[junit-platform-engine-1.10.5.jar:1.10.5]
    	at org.junit.platform.engine.support.hierarchical.NodeTestTask.lambda$executeRecursively$9(NodeTestTask.java:144) ~[junit-platform-engine-1.10.5.jar:1.10.5]
    	at org.junit.platform.engine.support.hierarchical.ThrowableCollector.execute(ThrowableCollector.java:73) ~[junit-platform-engine-1.10.5.jar:1.10.5]
    	at org.junit.platform.engine.support.hierarchical.NodeTestTask.executeRecursively(NodeTestTask.java:143) ~[junit-platform-engine-1.10.5.jar:1.10.5]
    	at org.junit.platform.engine.support.hierarchical.NodeTestTask.execute(NodeTestTask.java:100) ~[junit-platform-engine-1.10.5.jar:1.10.5]
    	at org.junit.platform.engine.support.hierarchical.SameThreadHierarchicalTestExecutorService.submit(SameThreadHierarchicalTestExecutorService.java:35) ~[junit-platform-engine-1.10.5.jar:1.10.5]
    	at org.junit.platform.engine.support.hierarchical.HierarchicalTestExecutor.execute(HierarchicalTestExecutor.java:57) ~[junit-platform-engine-1.10.5.jar:1.10.5]
    	at org.junit.platform.engine.support.hierarchical.HierarchicalTestEngine.execute(HierarchicalTestEngine.java:54) ~[junit-platform-engine-1.10.5.jar:1.10.5]
    	at org.junit.platform.launcher.core.EngineExecutionOrchestrator.execute(EngineExecutionOrchestrator.java:198) ~[junit-platform-launcher-1.10.5.jar:1.10.5]
    	at org.junit.platform.launcher.core.EngineExecutionOrchestrator.execute(EngineExecutionOrchestrator.java:169) ~[junit-platform-launcher-1.10.5.jar:1.10.5]
    	at org.junit.platform.launcher.core.EngineExecutionOrchestrator.execute(EngineExecutionOrchestrator.java:93) ~[junit-platform-launcher-1.10.5.jar:1.10.5]
    	at org.junit.platform.launcher.core.EngineExecutionOrchestrator.lambda$execute$0(EngineExecutionOrchestrator.java:58) ~[junit-platform-launcher-1.10.5.jar:1.10.5]
    	at org.junit.platform.launcher.core.EngineExecutionOrchestrator.withInterceptedStreams(EngineExecutionOrchestrator.java:141) ~[junit-platform-launcher-1.10.5.jar:1.10.5]
    	at org.junit.platform.launcher.core.EngineExecutionOrchestrator.execute(EngineExecutionOrchestrator.java:57) ~[junit-platform-launcher-1.10.5.jar:1.10.5]
    	at org.junit.platform.launcher.core.DefaultLauncher.execute(DefaultLauncher.java:103) ~[junit-platform-launcher-1.10.5.jar:1.10.5]
    	at org.junit.platform.launcher.core.DefaultLauncher.execute(DefaultLauncher.java:85) ~[junit-platform-launcher-1.10.5.jar:1.10.5]
    	at org.junit.platform.launcher.core.DelegatingLauncher.execute(DelegatingLauncher.java:47) ~[junit-platform-launcher-1.10.5.jar:1.10.5]
    	at org.gradle.api.internal.tasks.testing.junitplatform.JUnitPlatformTestClassProcessor$CollectAllTestClassesExecutor.processAllTestClasses(JUnitPlatformTestClassProcessor.java:124) ~[na:na]
    	at org.gradle.api.internal.tasks.testing.junitplatform.JUnitPlatformTestClassProcessor$CollectAllTestClassesExecutor.access$000(JUnitPlatformTestClassProcessor.java:99) ~[na:na]
    	at org.gradle.api.internal.tasks.testing.junitplatform.JUnitPlatformTestClassProcessor.stop(JUnitPlatformTestClassProcessor.java:94) ~[na:na]
    	at org.gradle.api.internal.tasks.testing.SuiteTestClassProcessor.stop(SuiteTestClassProcessor.java:63) ~[na:na]
    	at java.base/jdk.internal.reflect.DirectMethodHandleAccessor.invoke(DirectMethodHandleAccessor.java:103) ~[na:na]
    	at java.base/java.lang.reflect.Method.invoke(Method.java:580) ~[na:na]
    	at org.gradle.internal.dispatch.ReflectionDispatch.dispatch(ReflectionDispatch.java:36) ~[na:na]
    	at org.gradle.internal.dispatch.ReflectionDispatch.dispatch(ReflectionDispatch.java:24) ~[na:na]
    	at org.gradle.internal.dispatch.ContextClassLoaderDispatch.dispatch(ContextClassLoaderDispatch.java:33) ~[na:na]
    	at org.gradle.internal.dispatch.ProxyDispatchAdapter$DispatchingInvocationHandler.invoke(ProxyDispatchAdapter.java:92) ~[na:na]
    	at jdk.proxy1/jdk.proxy1.$Proxy4.stop(Unknown Source) ~[na:na]
    	at org.gradle.api.internal.tasks.testing.worker.TestWorker$3.run(TestWorker.java:200) ~[na:na]
    	at org.gradle.api.internal.tasks.testing.worker.TestWorker.executeAndMaintainThreadName(TestWorker.java:132) ~[na:na]
    	at org.gradle.api.internal.tasks.testing.worker.TestWorker.execute(TestWorker.java:103) ~[na:na]
    	at org.gradle.api.internal.tasks.testing.worker.TestWorker.execute(TestWorker.java:63) ~[na:na]
    	at org.gradle.process.internal.worker.child.ActionExecutionWorker.execute(ActionExecutionWorker.java:56) ~[na:na]
    	at org.gradle.process.internal.worker.child.SystemApplicationClassLoaderWorker.call(SystemApplicationClassLoaderWorker.java:121) ~[na:na]
    	at org.gradle.process.internal.worker.child.SystemApplicationClassLoaderWorker.call(SystemApplicationClassLoaderWorker.java:71) ~[na:na]
    	at worker.org.gradle.process.internal.worker.GradleWorkerMain.run(GradleWorkerMain.java:69) ~[gradle-worker.jar:na]
    	at worker.org.gradle.process.internal.worker.GradleWorkerMain.main(GradleWorkerMain.java:74) ~[gradle-worker.jar:na]


SecurityRoleCoverageTest > Admin API - 沅뚰븳蹂??묎렐 ?뚯뒪??(ADMIN留??덉슜) FAILED
    java.lang.IllegalStateException: ApplicationContext failure threshold (1) exceeded: skipping repeated attempt to load context for [WebMergedContextConfiguration@3cd45cb8 testClass = com.coliving.global.config.SecurityRoleCoverageTest, locations = [], classes = [com.coliving.CoLivingApplication], contextInitializerClasses = [], activeProfiles = ["test"], propertySourceDescriptors = [], propertySourceProperties = ["org.springframework.boot.test.context.SpringBootTestContextBootstrapper=true"], contextCustomizers = [org.springframework.boot.test.autoconfigure.OnFailureConditionReportContextCustomizerFactory$OnFailureConditionReportContextCustomizer@5b7ea70d, org.springframework.boot.test.autoconfigure.actuate.observability.ObservabilityContextCustomizerFactory$DisableObservabilityContextCustomizer@1f, org.springframework.boot.test.autoconfigure.properties.PropertyMappingContextCustomizer@4b3fa0b3, org.springframework.boot.test.autoconfigure.web.servlet.WebDriverContextCustomizer@15eebbff, [ImportsContextCustomizer@4485cd1 key = [org.springframework.boot.test.autoconfigure.web.servlet.MockMvcWebDriverAutoConfiguration, org.springframework.boot.test.autoconfigure.web.servlet.MockMvcAutoConfiguration, org.springframework.boot.autoconfigure.security.oauth2.client.servlet.OAuth2ClientAutoConfiguration, org.springframework.boot.autoconfigure.security.servlet.SecurityAutoConfiguration, org.springframework.boot.autoconfigure.security.servlet.SecurityFilterAutoConfiguration, org.springframework.boot.autoconfigure.security.servlet.UserDetailsServiceAutoConfiguration, org.springframework.boot.autoconfigure.security.oauth2.resource.servlet.OAuth2ResourceServerAutoConfiguration, org.springframework.boot.test.autoconfigure.web.servlet.MockMvcSecurityConfiguration, org.springframework.boot.test.autoconfigure.web.servlet.MockMvcWebClientAutoConfiguration, org.springframework.boot.test.autoconfigure.web.reactive.WebTestClientAutoConfiguration]], org.springframework.boot.test.context.filter.ExcludeFilterContextCustomizer@2453f95d, org.springframework.boot.test.json.DuplicateJsonObjectContextCustomizerFactory$DuplicateJsonObjectContextCustomizer@3e34ace1, org.springframework.boot.test.mock.mockito.MockitoContextCustomizer@0, org.springframework.boot.test.web.client.TestRestTemplateContextCustomizer@21aa6d6c, org.springframework.boot.test.web.reactive.server.WebTestClientContextCustomizer@3f446bef, org.springframework.boot.test.web.reactor.netty.DisableReactorResourceFactoryGlobalResourcesContextCustomizerFactory$DisableReactorResourceFactoryGlobalResourcesContextCustomizerCustomizer@4d098f9b, org.springframework.boot.test.context.SpringBootTestAnnotation@3a75cc75], resourceBasePath = "src/main/webapp", contextLoader = org.springframework.boot.test.context.SpringBootContextLoader, parent = null]
        at org.springframework.test.context.cache.DefaultCacheAwareContextLoaderDelegate.loadContext(DefaultCacheAwareContextLoaderDelegate.java:145)
        at org.springframework.test.context.support.DefaultTestContext.getApplicationContext(DefaultTestContext.java:130)
        at org.springframework.test.context.web.ServletTestExecutionListener.setUpRequestContextIfNecessary(ServletTestExecutionListener.java:191)
        at org.springframework.test.context.web.ServletTestExecutionListener.prepareTestInstance(ServletTestExecutionListener.java:130)
        at org.springframework.test.context.TestContextManager.prepareTestInstance(TestContextManager.java:260)
        at org.springframework.test.context.junit.jupiter.SpringExtension.postProcessTestInstance(SpringExtension.java:163)
        at java.base/java.util.stream.ReferencePipeline$3$1.accept(ReferencePipeline.java:197)
        at java.base/java.util.stream.ReferencePipeline$2$1.accept(ReferencePipeline.java:179)
        at java.base/java.util.ArrayList$ArrayListSpliterator.forEachRemaining(ArrayList.java:1708)
        at java.base/java.util.stream.AbstractPipeline.copyInto(AbstractPipeline.java:509)
        at java.base/java.util.stream.AbstractPipeline.wrapAndCopyInto(AbstractPipeline.java:499)
        at java.base/java.util.stream.StreamSpliterators$WrappingSpliterator.forEachRemaining(StreamSpliterators.java:310)
        at java.base/java.util.stream.Streams$ConcatSpliterator.forEachRemaining(Streams.java:735)
        at java.base/java.util.stream.Streams$ConcatSpliterator.forEachRemaining(Streams.java:734)
        at java.base/java.util.stream.ReferencePipeline$Head.forEach(ReferencePipeline.java:762)
        at java.base/java.util.Optional.orElseGet(Optional.java:364)
        at java.base/java.util.ArrayList.forEach(ArrayList.java:1596)
        at java.base/java.util.ArrayList.forEach(ArrayList.java:1596)

SecurityRoleCoverageTest STANDARD_OUT
    2026-04-13T12:41:34.773+09:00  WARN 4752 --- [    Test worker] o.s.test.context.TestContextManager      : Caught exception while allowing TestExecutionListener [org.springframework.test.context.web.ServletTestExecutionListener] to prepare test instance [com.coliving.global.config.SecurityRoleCoverageTest@27bfff74]

    java.lang.IllegalStateException: ApplicationContext failure threshold (1) exceeded: skipping repeated attempt to load context for [WebMergedContextConfiguration@3cd45cb8 testClass = com.coliving.global.config.SecurityRoleCoverageTest, locations = [], classes = [com.coliving.CoLivingApplication], contextInitializerClasses = [], activeProfiles = ["test"], propertySourceDescriptors = [], propertySourceProperties = ["org.springframework.boot.test.context.SpringBootTestContextBootstrapper=true"], contextCustomizers = [org.springframework.boot.test.autoconfigure.OnFailureConditionReportContextCustomizerFactory$OnFailureConditionReportContextCustomizer@5b7ea70d, org.springframework.boot.test.autoconfigure.actuate.observability.ObservabilityContextCustomizerFactory$DisableObservabilityContextCustomizer@1f, org.springframework.boot.test.autoconfigure.properties.PropertyMappingContextCustomizer@4b3fa0b3, org.springframework.boot.test.autoconfigure.web.servlet.WebDriverContextCustomizer@15eebbff, [ImportsContextCustomizer@4485cd1 key = [org.springframework.boot.test.autoconfigure.web.servlet.MockMvcWebDriverAutoConfiguration, org.springframework.boot.test.autoconfigure.web.servlet.MockMvcAutoConfiguration, org.springframework.boot.autoconfigure.security.oauth2.client.servlet.OAuth2ClientAutoConfiguration, org.springframework.boot.autoconfigure.security.servlet.SecurityAutoConfiguration, org.springframework.boot.autoconfigure.security.servlet.SecurityFilterAutoConfiguration, org.springframework.boot.autoconfigure.security.servlet.UserDetailsServiceAutoConfiguration, org.springframework.boot.autoconfigure.security.oauth2.resource.servlet.OAuth2ResourceServerAutoConfiguration, org.springframework.boot.test.autoconfigure.web.servlet.MockMvcSecurityConfiguration, org.springframework.boot.test.autoconfigure.web.servlet.MockMvcWebClientAutoConfiguration, org.springframework.boot.test.autoconfigure.web.reactive.WebTestClientAutoConfiguration]], org.springframework.boot.test.context.filter.ExcludeFilterContextCustomizer@2453f95d, org.springframework.boot.test.json.DuplicateJsonObjectContextCustomizerFactory$DuplicateJsonObjectContextCustomizer@3e34ace1, org.springframework.boot.test.mock.mockito.MockitoContextCustomizer@0, org.springframework.boot.test.web.client.TestRestTemplateContextCustomizer@21aa6d6c, org.springframework.boot.test.web.reactive.server.WebTestClientContextCustomizer@3f446bef, org.springframework.boot.test.web.reactor.netty.DisableReactorResourceFactoryGlobalResourcesContextCustomizerFactory$DisableReactorResourceFactoryGlobalResourcesContextCustomizerCustomizer@4d098f9b, org.springframework.boot.test.context.SpringBootTestAnnotation@3a75cc75], resourceBasePath = "src/main/webapp", contextLoader = org.springframework.boot.test.context.SpringBootContextLoader, parent = null]
    	at org.springframework.test.context.cache.DefaultCacheAwareContextLoaderDelegate.loadContext(DefaultCacheAwareContextLoaderDelegate.java:145) ~[spring-test-6.1.18.jar:6.1.18]
    	at org.springframework.test.context.support.DefaultTestContext.getApplicationContext(DefaultTestContext.java:130) ~[spring-test-6.1.18.jar:6.1.18]
    	at org.springframework.test.context.web.ServletTestExecutionListener.setUpRequestContextIfNecessary(ServletTestExecutionListener.java:191) ~[spring-test-6.1.18.jar:6.1.18]
    	at org.springframework.test.context.web.ServletTestExecutionListener.prepareTestInstance(ServletTestExecutionListener.java:130) ~[spring-test-6.1.18.jar:6.1.18]
    	at org.springframework.test.context.TestContextManager.prepareTestInstance(TestContextManager.java:260) ~[spring-test-6.1.18.jar:6.1.18]
    	at org.springframework.test.context.junit.jupiter.SpringExtension.postProcessTestInstance(SpringExtension.java:163) ~[spring-test-6.1.18.jar:6.1.18]
    	at org.junit.jupiter.engine.descriptor.ClassBasedTestDescriptor.lambda$invokeTestInstancePostProcessors$10(ClassBasedTestDescriptor.java:378) ~[junit-jupiter-engine-5.10.5.jar:5.10.5]
    	at org.junit.jupiter.engine.descriptor.ClassBasedTestDescriptor.executeAndMaskThrowable(ClassBasedTestDescriptor.java:383) ~[junit-jupiter-engine-5.10.5.jar:5.10.5]
    	at org.junit.jupiter.engine.descriptor.ClassBasedTestDescriptor.lambda$invokeTestInstancePostProcessors$11(ClassBasedTestDescriptor.java:378) ~[junit-jupiter-engine-5.10.5.jar:5.10.5]
    	at java.base/java.util.stream.ReferencePipeline$3$1.accept(ReferencePipeline.java:197) ~[na:na]
    	at java.base/java.util.stream.ReferencePipeline$2$1.accept(ReferencePipeline.java:179) ~[na:na]
    	at java.base/java.util.ArrayList$ArrayListSpliterator.forEachRemaining(ArrayList.java:1708) ~[na:na]
    	at java.base/java.util.stream.AbstractPipeline.copyInto(AbstractPipeline.java:509) ~[na:na]
    	at java.base/java.util.stream.AbstractPipeline.wrapAndCopyInto(AbstractPipeline.java:499) ~[na:na]
    	at java.base/java.util.stream.StreamSpliterators$WrappingSpliterator.forEachRemaining(StreamSpliterators.java:310) ~[na:na]
    	at java.base/java.util.stream.Streams$ConcatSpliterator.forEachRemaining(Streams.java:735) ~[na:na]
    	at java.base/java.util.stream.Streams$ConcatSpliterator.forEachRemaining(Streams.java:734) ~[na:na]
    	at java.base/java.util.stream.ReferencePipeline$Head.forEach(ReferencePipeline.java:762) ~[na:na]
    	at org.junit.jupiter.engine.descriptor.ClassBasedTestDescriptor.invokeTestInstancePostProcessors(ClassBasedTestDescriptor.java:377) ~[junit-jupiter-engine-5.10.5.jar:5.10.5]
    	at org.junit.jupiter.engine.descriptor.ClassBasedTestDescriptor.lambda$instantiateAndPostProcessTestInstance$6(ClassBasedTestDescriptor.java:290) ~[junit-jupiter-engine-5.10.5.jar:5.10.5]
    	at org.junit.platform.engine.support.hierarchical.ThrowableCollector.execute(ThrowableCollector.java:73) ~[junit-platform-engine-1.10.5.jar:1.10.5]
    	at org.junit.jupiter.engine.descriptor.ClassBasedTestDescriptor.instantiateAndPostProcessTestInstance(ClassBasedTestDescriptor.java:289) ~[junit-jupiter-engine-5.10.5.jar:5.10.5]
    	at org.junit.jupiter.engine.descriptor.ClassBasedTestDescriptor.lambda$testInstancesProvider$4(ClassBasedTestDescriptor.java:279) ~[junit-jupiter-engine-5.10.5.jar:5.10.5]
    	at java.base/java.util.Optional.orElseGet(Optional.java:364) ~[na:na]
    	at org.junit.jupiter.engine.descriptor.ClassBasedTestDescriptor.lambda$testInstancesProvider$5(ClassBasedTestDescriptor.java:278) ~[junit-jupiter-engine-5.10.5.jar:5.10.5]
    	at org.junit.jupiter.engine.execution.TestInstancesProvider.getTestInstances(TestInstancesProvider.java:31) ~[junit-jupiter-engine-5.10.5.jar:5.10.5]
    	at org.junit.jupiter.engine.descriptor.TestMethodTestDescriptor.lambda$prepare$0(TestMethodTestDescriptor.java:106) ~[junit-jupiter-engine-5.10.5.jar:5.10.5]
    	at org.junit.platform.engine.support.hierarchical.ThrowableCollector.execute(ThrowableCollector.java:73) ~[junit-platform-engine-1.10.5.jar:1.10.5]
    	at org.junit.jupiter.engine.descriptor.TestMethodTestDescriptor.prepare(TestMethodTestDescriptor.java:105) ~[junit-jupiter-engine-5.10.5.jar:5.10.5]
    	at org.junit.jupiter.engine.descriptor.TestMethodTestDescriptor.prepare(TestMethodTestDescriptor.java:69) ~[junit-jupiter-engine-5.10.5.jar:5.10.5]
    	at org.junit.platform.engine.support.hierarchical.NodeTestTask.lambda$prepare$2(NodeTestTask.java:128) ~[junit-platform-engine-1.10.5.jar:1.10.5]
    	at org.junit.platform.engine.support.hierarchical.ThrowableCollector.execute(ThrowableCollector.java:73) ~[junit-platform-engine-1.10.5.jar:1.10.5]
    	at org.junit.platform.engine.support.hierarchical.NodeTestTask.prepare(NodeTestTask.java:128) ~[junit-platform-engine-1.10.5.jar:1.10.5]
    	at org.junit.platform.engine.support.hierarchical.NodeTestTask.execute(NodeTestTask.java:95) ~[junit-platform-engine-1.10.5.jar:1.10.5]
    	at java.base/java.util.ArrayList.forEach(ArrayList.java:1596) ~[na:na]
    	at org.junit.platform.engine.support.hierarchical.SameThreadHierarchicalTestExecutorService.invokeAll(SameThreadHierarchicalTestExecutorService.java:41) ~[junit-platform-engine-1.10.5.jar:1.10.5]
    	at org.junit.platform.engine.support.hierarchical.NodeTestTask.lambda$executeRecursively$6(NodeTestTask.java:160) ~[junit-platform-engine-1.10.5.jar:1.10.5]
    	at org.junit.platform.engine.support.hierarchical.ThrowableCollector.execute(ThrowableCollector.java:73) ~[junit-platform-engine-1.10.5.jar:1.10.5]
    	at org.junit.platform.engine.support.hierarchical.NodeTestTask.lambda$executeRecursively$8(NodeTestTask.java:146) ~[junit-platform-engine-1.10.5.jar:1.10.5]
    	at org.junit.platform.engine.support.hierarchical.Node.around(Node.java:137) ~[junit-platform-engine-1.10.5.jar:1.10.5]
    	at org.junit.platform.engine.support.hierarchical.NodeTestTask.lambda$executeRecursively$9(NodeTestTask.java:144) ~[junit-platform-engine-1.10.5.jar:1.10.5]
    	at org.junit.platform.engine.support.hierarchical.ThrowableCollector.execute(ThrowableCollector.java:73) ~[junit-platform-engine-1.10.5.jar:1.10.5]
    	at org.junit.platform.engine.support.hierarchical.NodeTestTask.executeRecursively(NodeTestTask.java:143) ~[junit-platform-engine-1.10.5.jar:1.10.5]
    	at org.junit.platform.engine.support.hierarchical.NodeTestTask.execute(NodeTestTask.java:100) ~[junit-platform-engine-1.10.5.jar:1.10.5]
    	at java.base/java.util.ArrayList.forEach(ArrayList.java:1596) ~[na:na]
    	at org.junit.platform.engine.support.hierarchical.SameThreadHierarchicalTestExecutorService.invokeAll(SameThreadHierarchicalTestExecutorService.java:41) ~[junit-platform-engine-1.10.5.jar:1.10.5]
    	at org.junit.platform.engine.support.hierarchical.NodeTestTask.lambda$executeRecursively$6(NodeTestTask.java:160) ~[junit-platform-engine-1.10.5.jar:1.10.5]
    	at org.junit.platform.engine.support.hierarchical.ThrowableCollector.execute(ThrowableCollector.java:73) ~[junit-platform-engine-1.10.5.jar:1.10.5]
    	at org.junit.platform.engine.support.hierarchical.NodeTestTask.lambda$executeRecursively$8(NodeTestTask.java:146) ~[junit-platform-engine-1.10.5.jar:1.10.5]
    	at org.junit.platform.engine.support.hierarchical.Node.around(Node.java:137) ~[junit-platform-engine-1.10.5.jar:1.10.5]
    	at org.junit.platform.engine.support.hierarchical.NodeTestTask.lambda$executeRecursively$9(NodeTestTask.java:144) ~[junit-platform-engine-1.10.5.jar:1.10.5]
    	at org.junit.platform.engine.support.hierarchical.ThrowableCollector.execute(ThrowableCollector.java:73) ~[junit-platform-engine-1.10.5.jar:1.10.5]
    	at org.junit.platform.engine.support.hierarchical.NodeTestTask.executeRecursively(NodeTestTask.java:143) ~[junit-platform-engine-1.10.5.jar:1.10.5]
    	at org.junit.platform.engine.support.hierarchical.NodeTestTask.execute(NodeTestTask.java:100) ~[junit-platform-engine-1.10.5.jar:1.10.5]
    	at org.junit.platform.engine.support.hierarchical.SameThreadHierarchicalTestExecutorService.submit(SameThreadHierarchicalTestExecutorService.java:35) ~[junit-platform-engine-1.10.5.jar:1.10.5]
    	at org.junit.platform.engine.support.hierarchical.HierarchicalTestExecutor.execute(HierarchicalTestExecutor.java:57) ~[junit-platform-engine-1.10.5.jar:1.10.5]
    	at org.junit.platform.engine.support.hierarchical.HierarchicalTestEngine.execute(HierarchicalTestEngine.java:54) ~[junit-platform-engine-1.10.5.jar:1.10.5]
    	at org.junit.platform.launcher.core.EngineExecutionOrchestrator.execute(EngineExecutionOrchestrator.java:198) ~[junit-platform-launcher-1.10.5.jar:1.10.5]
    	at org.junit.platform.launcher.core.EngineExecutionOrchestrator.execute(EngineExecutionOrchestrator.java:169) ~[junit-platform-launcher-1.10.5.jar:1.10.5]
    	at org.junit.platform.launcher.core.EngineExecutionOrchestrator.execute(EngineExecutionOrchestrator.java:93) ~[junit-platform-launcher-1.10.5.jar:1.10.5]
    	at org.junit.platform.launcher.core.EngineExecutionOrchestrator.lambda$execute$0(EngineExecutionOrchestrator.java:58) ~[junit-platform-launcher-1.10.5.jar:1.10.5]
    	at org.junit.platform.launcher.core.EngineExecutionOrchestrator.withInterceptedStreams(EngineExecutionOrchestrator.java:141) ~[junit-platform-launcher-1.10.5.jar:1.10.5]
    	at org.junit.platform.launcher.core.EngineExecutionOrchestrator.execute(EngineExecutionOrchestrator.java:57) ~[junit-platform-launcher-1.10.5.jar:1.10.5]
    	at org.junit.platform.launcher.core.DefaultLauncher.execute(DefaultLauncher.java:103) ~[junit-platform-launcher-1.10.5.jar:1.10.5]
    	at org.junit.platform.launcher.core.DefaultLauncher.execute(DefaultLauncher.java:85) ~[junit-platform-launcher-1.10.5.jar:1.10.5]
    	at org.junit.platform.launcher.core.DelegatingLauncher.execute(DelegatingLauncher.java:47) ~[junit-platform-launcher-1.10.5.jar:1.10.5]
    	at org.gradle.api.internal.tasks.testing.junitplatform.JUnitPlatformTestClassProcessor$CollectAllTestClassesExecutor.processAllTestClasses(JUnitPlatformTestClassProcessor.java:124) ~[na:na]
    	at org.gradle.api.internal.tasks.testing.junitplatform.JUnitPlatformTestClassProcessor$CollectAllTestClassesExecutor.access$000(JUnitPlatformTestClassProcessor.java:99) ~[na:na]
    	at org.gradle.api.internal.tasks.testing.junitplatform.JUnitPlatformTestClassProcessor.stop(JUnitPlatformTestClassProcessor.java:94) ~[na:na]
    	at org.gradle.api.internal.tasks.testing.SuiteTestClassProcessor.stop(SuiteTestClassProcessor.java:63) ~[na:na]
    	at java.base/jdk.internal.reflect.DirectMethodHandleAccessor.invoke(DirectMethodHandleAccessor.java:103) ~[na:na]
    	at java.base/java.lang.reflect.Method.invoke(Method.java:580) ~[na:na]
    	at org.gradle.internal.dispatch.ReflectionDispatch.dispatch(ReflectionDispatch.java:36) ~[na:na]
    	at org.gradle.internal.dispatch.ReflectionDispatch.dispatch(ReflectionDispatch.java:24) ~[na:na]
    	at org.gradle.internal.dispatch.ContextClassLoaderDispatch.dispatch(ContextClassLoaderDispatch.java:33) ~[na:na]
    	at org.gradle.internal.dispatch.ProxyDispatchAdapter$DispatchingInvocationHandler.invoke(ProxyDispatchAdapter.java:92) ~[na:na]
    	at jdk.proxy1/jdk.proxy1.$Proxy4.stop(Unknown Source) ~[na:na]
    	at org.gradle.api.internal.tasks.testing.worker.TestWorker$3.run(TestWorker.java:200) ~[na:na]
    	at org.gradle.api.internal.tasks.testing.worker.TestWorker.executeAndMaintainThreadName(TestWorker.java:132) ~[na:na]
    	at org.gradle.api.internal.tasks.testing.worker.TestWorker.execute(TestWorker.java:103) ~[na:na]
    	at org.gradle.api.internal.tasks.testing.worker.TestWorker.execute(TestWorker.java:63) ~[na:na]
    	at org.gradle.process.internal.worker.child.ActionExecutionWorker.execute(ActionExecutionWorker.java:56) ~[na:na]
    	at org.gradle.process.internal.worker.child.SystemApplicationClassLoaderWorker.call(SystemApplicationClassLoaderWorker.java:121) ~[na:na]
    	at org.gradle.process.internal.worker.child.SystemApplicationClassLoaderWorker.call(SystemApplicationClassLoaderWorker.java:71) ~[na:na]
    	at worker.org.gradle.process.internal.worker.GradleWorkerMain.run(GradleWorkerMain.java:69) ~[gradle-worker.jar:na]
    	at worker.org.gradle.process.internal.worker.GradleWorkerMain.main(GradleWorkerMain.java:74) ~[gradle-worker.jar:na]


SecurityRoleCoverageTest > Public API - 沅뚰븳怨?臾닿??섍쾶 ?묎렐 ?덉슜 FAILED
    java.lang.IllegalStateException: ApplicationContext failure threshold (1) exceeded: skipping repeated attempt to load context for [WebMergedContextConfiguration@3cd45cb8 testClass = com.coliving.global.config.SecurityRoleCoverageTest, locations = [], classes = [com.coliving.CoLivingApplication], contextInitializerClasses = [], activeProfiles = ["test"], propertySourceDescriptors = [], propertySourceProperties = ["org.springframework.boot.test.context.SpringBootTestContextBootstrapper=true"], contextCustomizers = [org.springframework.boot.test.autoconfigure.OnFailureConditionReportContextCustomizerFactory$OnFailureConditionReportContextCustomizer@5b7ea70d, org.springframework.boot.test.autoconfigure.actuate.observability.ObservabilityContextCustomizerFactory$DisableObservabilityContextCustomizer@1f, org.springframework.boot.test.autoconfigure.properties.PropertyMappingContextCustomizer@4b3fa0b3, org.springframework.boot.test.autoconfigure.web.servlet.WebDriverContextCustomizer@15eebbff, [ImportsContextCustomizer@4485cd1 key = [org.springframework.boot.test.autoconfigure.web.servlet.MockMvcWebDriverAutoConfiguration, org.springframework.boot.test.autoconfigure.web.servlet.MockMvcAutoConfiguration, org.springframework.boot.autoconfigure.security.oauth2.client.servlet.OAuth2ClientAutoConfiguration, org.springframework.boot.autoconfigure.security.servlet.SecurityAutoConfiguration, org.springframework.boot.autoconfigure.security.servlet.SecurityFilterAutoConfiguration, org.springframework.boot.autoconfigure.security.servlet.UserDetailsServiceAutoConfiguration, org.springframework.boot.autoconfigure.security.oauth2.resource.servlet.OAuth2ResourceServerAutoConfiguration, org.springframework.boot.test.autoconfigure.web.servlet.MockMvcSecurityConfiguration, org.springframework.boot.test.autoconfigure.web.servlet.MockMvcWebClientAutoConfiguration, org.springframework.boot.test.autoconfigure.web.reactive.WebTestClientAutoConfiguration]], org.springframework.boot.test.context.filter.ExcludeFilterContextCustomizer@2453f95d, org.springframework.boot.test.json.DuplicateJsonObjectContextCustomizerFactory$DuplicateJsonObjectContextCustomizer@3e34ace1, org.springframework.boot.test.mock.mockito.MockitoContextCustomizer@0, org.springframework.boot.test.web.client.TestRestTemplateContextCustomizer@21aa6d6c, org.springframework.boot.test.web.reactive.server.WebTestClientContextCustomizer@3f446bef, org.springframework.boot.test.web.reactor.netty.DisableReactorResourceFactoryGlobalResourcesContextCustomizerFactory$DisableReactorResourceFactoryGlobalResourcesContextCustomizerCustomizer@4d098f9b, org.springframework.boot.test.context.SpringBootTestAnnotation@3a75cc75], resourceBasePath = "src/main/webapp", contextLoader = org.springframework.boot.test.context.SpringBootContextLoader, parent = null]
        at org.springframework.test.context.cache.DefaultCacheAwareContextLoaderDelegate.loadContext(DefaultCacheAwareContextLoaderDelegate.java:145)
        at org.springframework.test.context.support.DefaultTestContext.getApplicationContext(DefaultTestContext.java:130)
        at org.springframework.test.context.web.ServletTestExecutionListener.setUpRequestContextIfNecessary(ServletTestExecutionListener.java:191)
        at org.springframework.test.context.web.ServletTestExecutionListener.prepareTestInstance(ServletTestExecutionListener.java:130)
        at org.springframework.test.context.TestContextManager.prepareTestInstance(TestContextManager.java:260)
        at org.springframework.test.context.junit.jupiter.SpringExtension.postProcessTestInstance(SpringExtension.java:163)
        at java.base/java.util.stream.ReferencePipeline$3$1.accept(ReferencePipeline.java:197)
        at java.base/java.util.stream.ReferencePipeline$2$1.accept(ReferencePipeline.java:179)
        at java.base/java.util.ArrayList$ArrayListSpliterator.forEachRemaining(ArrayList.java:1708)
        at java.base/java.util.stream.AbstractPipeline.copyInto(AbstractPipeline.java:509)
        at java.base/java.util.stream.AbstractPipeline.wrapAndCopyInto(AbstractPipeline.java:499)
        at java.base/java.util.stream.StreamSpliterators$WrappingSpliterator.forEachRemaining(StreamSpliterators.java:310)
        at java.base/java.util.stream.Streams$ConcatSpliterator.forEachRemaining(Streams.java:735)
        at java.base/java.util.stream.Streams$ConcatSpliterator.forEachRemaining(Streams.java:734)
        at java.base/java.util.stream.ReferencePipeline$Head.forEach(ReferencePipeline.java:762)
        at java.base/java.util.Optional.orElseGet(Optional.java:364)
        at java.base/java.util.ArrayList.forEach(ArrayList.java:1596)
        at java.base/java.util.ArrayList.forEach(ArrayList.java:1596)

ReservationControllerTest STANDARD_OUT
    2026-04-13T12:41:34.785+09:00  INFO 4752 --- [    Test worker] t.c.s.AnnotationConfigContextLoaderUtils : Could not detect default configuration classes for test class [com.coliving.reservation.adapter.in.web.ReservationControllerTest]: ReservationControllerTest does not declare any static, non-private, non-final, nested classes annotated with @Configuration.
    2026-04-13T12:41:34.926+09:00  INFO 4752 --- [    Test worker] .b.t.c.SpringBootTestContextBootstrapper : Found @SpringBootConfiguration com.coliving.CoLivingApplication for test class com.coliving.reservation.adapter.in.web.ReservationControllerTest

      .   ____          _            __ _ _
     /\\ / ___'_ __ _ _(_)_ __  __ _ \ \ \ \
    ( ( )\___ | '_ | '_| | '_ \/ _` | \ \ \ \
     \\/  ___)| |_)| | | | | || (_| |  ) ) ) )
      '  |____| .__|_| |_|_| |_\__, | / / / /
     =========|_|==============|___/=/_/_/_/

     :: Spring Boot ::               (v3.3.10)

    2026-04-13T12:41:34.954+09:00  INFO 4752 --- [    Test worker] c.c.r.a.i.web.ReservationControllerTest  : Starting ReservationControllerTest using Java 21.0.10 with PID 4752 (started by hi in C:\team1_cokkiri\backend)
    2026-04-13T12:41:34.954+09:00  INFO 4752 --- [    Test worker] c.c.r.a.i.web.ReservationControllerTest  : No active profile set, falling back to 1 default profile: "default"
    2026-04-13T12:41:35.585+09:00  WARN 4752 --- [    Test worker] .s.s.UserDetailsServiceAutoConfiguration : 

    Using generated security password: dad86b41-14df-4aee-83bc-f2a788a927c6

    This generated password is for development use only. Your security configuration must be updated before running your application in production.

    2026-04-13T12:41:35.596+09:00  INFO 4752 --- [    Test worker] r$InitializeUserDetailsManagerConfigurer : Global AuthenticationManager configured with UserDetailsService bean with name inMemoryUserDetailsManager
    2026-04-13T12:41:35.635+09:00  INFO 4752 --- [    Test worker] o.s.b.t.m.w.SpringBootMockServletContext : Initializing Spring TestDispatcherServlet ''
    2026-04-13T12:41:35.635+09:00  INFO 4752 --- [    Test worker] o.s.t.web.servlet.TestDispatcherServlet  : Initializing Servlet ''
    2026-04-13T12:41:35.635+09:00  INFO 4752 --- [    Test worker] o.s.t.web.servlet.TestDispatcherServlet  : Completed initialization in 0 ms
    2026-04-13T12:41:35.645+09:00  INFO 4752 --- [    Test worker] c.c.r.a.i.web.ReservationControllerTest  : Started ReservationControllerTest in 0.716 seconds (process running for 17.337)

ReservationControllerTest > ?뺤긽?곸씤 ?덉빟 ?붿껌 ??200 ?묐떟怨??④퍡 reservationId瑜?諛섑솚?쒕떎 STANDARD_OUT
    2026-04-13T12:41:35.932+09:00 ERROR 4752 --- [    Test worker] c.c.global.error.GlobalExceptionHandler  : Unhandled exception

    java.lang.NumberFormatException: For input string: "user"
    	at java.base/java.lang.NumberFormatException.forInputString(NumberFormatException.java:67) ~[na:na]
    	at java.base/java.lang.Long.parseLong(Long.java:709) ~[na:na]
    	at java.base/java.lang.Long.parseLong(Long.java:832) ~[na:na]
    	at com.coliving.reservation.adapter.in.web.ReservationController.createReservation(ReservationController.java:73) ~[main/:na]
    	at java.base/jdk.internal.reflect.DirectMethodHandleAccessor.invoke(DirectMethodHandleAccessor.java:103) ~[na:na]
    	at java.base/java.lang.reflect.Method.invoke(Method.java:580) ~[na:na]
    	at org.springframework.web.method.support.InvocableHandlerMethod.doInvoke(InvocableHandlerMethod.java:255) ~[spring-web-6.1.18.jar:6.1.18]
    	at org.springframework.web.method.support.InvocableHandlerMethod.invokeForRequest(InvocableHandlerMethod.java:188) ~[spring-web-6.1.18.jar:6.1.18]
    	at org.springframework.web.servlet.mvc.method.annotation.ServletInvocableHandlerMethod.invokeAndHandle(ServletInvocableHandlerMethod.java:118) ~[spring-webmvc-6.1.18.jar:6.1.18]
    	at org.springframework.web.servlet.mvc.method.annotation.RequestMappingHandlerAdapter.invokeHandlerMethod(RequestMappingHandlerAdapter.java:926) ~[spring-webmvc-6.1.18.jar:6.1.18]
    	at org.springframework.web.servlet.mvc.method.annotation.RequestMappingHandlerAdapter.handleInternal(RequestMappingHandlerAdapter.java:831) ~[spring-webmvc-6.1.18.jar:6.1.18]
    	at org.springframework.web.servlet.mvc.method.AbstractHandlerMethodAdapter.handle(AbstractHandlerMethodAdapter.java:87) ~[spring-webmvc-6.1.18.jar:6.1.18]
    	at org.springframework.web.servlet.DispatcherServlet.doDispatch(DispatcherServlet.java:1089) ~[spring-webmvc-6.1.18.jar:6.1.18]
    	at org.springframework.web.servlet.DispatcherServlet.doService(DispatcherServlet.java:979) ~[spring-webmvc-6.1.18.jar:6.1.18]
    	at org.springframework.web.servlet.FrameworkServlet.processRequest(FrameworkServlet.java:1014) ~[spring-webmvc-6.1.18.jar:6.1.18]
    	at org.springframework.web.servlet.FrameworkServlet.doPost(FrameworkServlet.java:914) ~[spring-webmvc-6.1.18.jar:6.1.18]
    	at jakarta.servlet.http.HttpServlet.service(HttpServlet.java:590) ~[tomcat-embed-core-10.1.39.jar:6.0]
    	at org.springframework.web.servlet.FrameworkServlet.service(FrameworkServlet.java:885) ~[spring-webmvc-6.1.18.jar:6.1.18]
    	at org.springframework.test.web.servlet.TestDispatcherServlet.service(TestDispatcherServlet.java:72) ~[spring-test-6.1.18.jar:6.1.18]
    	at jakarta.servlet.http.HttpServlet.service(HttpServlet.java:658) ~[tomcat-embed-core-10.1.39.jar:6.0]
    	at org.springframework.mock.web.MockFilterChain$ServletFilterProxy.doFilter(MockFilterChain.java:165) ~[spring-test-6.1.18.jar:6.1.18]
    	at org.springframework.mock.web.MockFilterChain.doFilter(MockFilterChain.java:132) ~[spring-test-6.1.18.jar:6.1.18]
    	at org.springframework.web.filter.CompositeFilter$VirtualFilterChain.doFilter(CompositeFilter.java:108) ~[spring-web-6.1.18.jar:6.1.18]
    	at org.springframework.security.web.FilterChainProxy.lambda$doFilterInternal$3(FilterChainProxy.java:231) ~[spring-security-web-6.3.8.jar:6.3.8]
    	at org.springframework.security.web.FilterChainProxy$VirtualFilterChain.doFilter(FilterChainProxy.java:365) ~[spring-security-web-6.3.8.jar:6.3.8]
    	at org.springframework.security.web.access.intercept.AuthorizationFilter.doFilter(AuthorizationFilter.java:100) ~[spring-security-web-6.3.8.jar:6.3.8]
    	at org.springframework.security.web.FilterChainProxy$VirtualFilterChain.doFilter(FilterChainProxy.java:374) ~[spring-security-web-6.3.8.jar:6.3.8]
    	at org.springframework.security.web.access.ExceptionTranslationFilter.doFilter(ExceptionTranslationFilter.java:126) ~[spring-security-web-6.3.8.jar:6.3.8]
    	at org.springframework.security.web.access.ExceptionTranslationFilter.doFilter(ExceptionTranslationFilter.java:120) ~[spring-security-web-6.3.8.jar:6.3.8]
    	at org.springframework.security.web.FilterChainProxy$VirtualFilterChain.doFilter(FilterChainProxy.java:374) ~[spring-security-web-6.3.8.jar:6.3.8]
    	at org.springframework.security.web.authentication.AnonymousAuthenticationFilter.doFilter(AnonymousAuthenticationFilter.java:100) ~[spring-security-web-6.3.8.jar:6.3.8]
    	at org.springframework.security.web.FilterChainProxy$VirtualFilterChain.doFilter(FilterChainProxy.java:374) ~[spring-security-web-6.3.8.jar:6.3.8]
    	at org.springframework.security.web.servletapi.SecurityContextHolderAwareRequestFilter.doFilter(SecurityContextHolderAwareRequestFilter.java:179) ~[spring-security-web-6.3.8.jar:6.3.8]
    	at org.springframework.security.web.FilterChainProxy$VirtualFilterChain.doFilter(FilterChainProxy.java:374) ~[spring-security-web-6.3.8.jar:6.3.8]
    	at org.springframework.security.web.savedrequest.RequestCacheAwareFilter.doFilter(RequestCacheAwareFilter.java:63) ~[spring-security-web-6.3.8.jar:6.3.8]
    	at org.springframework.security.web.FilterChainProxy$VirtualFilterChain.doFilter(FilterChainProxy.java:374) ~[spring-security-web-6.3.8.jar:6.3.8]
    	at org.springframework.security.web.authentication.www.BasicAuthenticationFilter.doFilterInternal(BasicAuthenticationFilter.java:181) ~[spring-security-web-6.3.8.jar:6.3.8]
    	at org.springframework.web.filter.OncePerRequestFilter.doFilter(OncePerRequestFilter.java:116) ~[spring-web-6.1.18.jar:6.1.18]
    	at org.springframework.security.web.FilterChainProxy$VirtualFilterChain.doFilter(FilterChainProxy.java:374) ~[spring-security-web-6.3.8.jar:6.3.8]
    	at org.springframework.security.web.authentication.ui.DefaultLogoutPageGeneratingFilter.doFilterInternal(DefaultLogoutPageGeneratingFilter.java:58) ~[spring-security-web-6.3.8.jar:6.3.8]
    	at org.springframework.web.filter.OncePerRequestFilter.doFilter(OncePerRequestFilter.java:116) ~[spring-web-6.1.18.jar:6.1.18]
    	at org.springframework.security.web.FilterChainProxy$VirtualFilterChain.doFilter(FilterChainProxy.java:374) ~[spring-security-web-6.3.8.jar:6.3.8]
    	at org.springframework.security.web.authentication.ui.DefaultLoginPageGeneratingFilter.doFilter(DefaultLoginPageGeneratingFilter.java:189) ~[spring-security-web-6.3.8.jar:6.3.8]
    	at org.springframework.security.web.authentication.ui.DefaultLoginPageGeneratingFilter.doFilter(DefaultLoginPageGeneratingFilter.java:175) ~[spring-security-web-6.3.8.jar:6.3.8]
    	at org.springframework.security.web.FilterChainProxy$VirtualFilterChain.doFilter(FilterChainProxy.java:374) ~[spring-security-web-6.3.8.jar:6.3.8]
    	at org.springframework.security.web.authentication.AbstractAuthenticationProcessingFilter.doFilter(AbstractAuthenticationProcessingFilter.java:227) ~[spring-security-web-6.3.8.jar:6.3.8]
    	at org.springframework.security.web.authentication.AbstractAuthenticationProcessingFilter.doFilter(AbstractAuthenticationProcessingFilter.java:221) ~[spring-security-web-6.3.8.jar:6.3.8]
    	at org.springframework.security.web.FilterChainProxy$VirtualFilterChain.doFilter(FilterChainProxy.java:374) ~[spring-security-web-6.3.8.jar:6.3.8]
    	at org.springframework.security.web.authentication.logout.LogoutFilter.doFilter(LogoutFilter.java:107) ~[spring-security-web-6.3.8.jar:6.3.8]
    	at org.springframework.security.web.authentication.logout.LogoutFilter.doFilter(LogoutFilter.java:93) ~[spring-security-web-6.3.8.jar:6.3.8]
    	at org.springframework.security.web.FilterChainProxy$VirtualFilterChain.doFilter(FilterChainProxy.java:374) ~[spring-security-web-6.3.8.jar:6.3.8]
    	at org.springframework.security.web.csrf.CsrfFilter.doFilterInternal(CsrfFilter.java:131) ~[spring-security-web-6.3.8.jar:6.3.8]
    	at org.springframework.web.filter.OncePerRequestFilter.doFilter(OncePerRequestFilter.java:116) ~[spring-web-6.1.18.jar:6.1.18]
    	at org.springframework.security.web.FilterChainProxy$VirtualFilterChain.doFilter(FilterChainProxy.java:374) ~[spring-security-web-6.3.8.jar:6.3.8]
    	at org.springframework.security.web.header.HeaderWriterFilter.doHeadersAfter(HeaderWriterFilter.java:90) ~[spring-security-web-6.3.8.jar:6.3.8]
    	at org.springframework.security.web.header.HeaderWriterFilter.doFilterInternal(HeaderWriterFilter.java:75) ~[spring-security-web-6.3.8.jar:6.3.8]
    	at org.springframework.web.filter.OncePerRequestFilter.doFilter(OncePerRequestFilter.java:116) ~[spring-web-6.1.18.jar:6.1.18]
    	at org.springframework.security.web.FilterChainProxy$VirtualFilterChain.doFilter(FilterChainProxy.java:374) ~[spring-security-web-6.3.8.jar:6.3.8]
    	at org.springframework.security.web.context.SecurityContextHolderFilter.doFilter(SecurityContextHolderFilter.java:82) ~[spring-security-web-6.3.8.jar:6.3.8]
    	at org.springframework.security.web.context.SecurityContextHolderFilter.doFilter(SecurityContextHolderFilter.java:69) ~[spring-security-web-6.3.8.jar:6.3.8]
    	at org.springframework.security.web.FilterChainProxy$VirtualFilterChain.doFilter(FilterChainProxy.java:374) ~[spring-security-web-6.3.8.jar:6.3.8]
    	at org.springframework.security.web.context.request.async.WebAsyncManagerIntegrationFilter.doFilterInternal(WebAsyncManagerIntegrationFilter.java:62) ~[spring-security-web-6.3.8.jar:6.3.8]
    	at org.springframework.web.filter.OncePerRequestFilter.doFilter(OncePerRequestFilter.java:116) ~[spring-web-6.1.18.jar:6.1.18]
    	at org.springframework.security.web.FilterChainProxy$VirtualFilterChain.doFilter(FilterChainProxy.java:374) ~[spring-security-web-6.3.8.jar:6.3.8]
    	at org.springframework.security.web.session.DisableEncodeUrlFilter.doFilterInternal(DisableEncodeUrlFilter.java:42) ~[spring-security-web-6.3.8.jar:6.3.8]
    	at org.springframework.web.filter.OncePerRequestFilter.doFilter(OncePerRequestFilter.java:116) ~[spring-web-6.1.18.jar:6.1.18]
    	at org.springframework.security.web.FilterChainProxy$VirtualFilterChain.doFilter(FilterChainProxy.java:374) ~[spring-security-web-6.3.8.jar:6.3.8]
    	at org.springframework.security.web.FilterChainProxy.doFilterInternal(FilterChainProxy.java:233) ~[spring-security-web-6.3.8.jar:6.3.8]
    	at org.springframework.security.web.FilterChainProxy.doFilter(FilterChainProxy.java:191) ~[spring-security-web-6.3.8.jar:6.3.8]
    	at org.springframework.web.filter.CompositeFilter$VirtualFilterChain.doFilter(CompositeFilter.java:113) ~[spring-web-6.1.18.jar:6.1.18]
    	at org.springframework.web.servlet.handler.HandlerMappingIntrospector.lambda$createCacheFilter$3(HandlerMappingIntrospector.java:195) ~[spring-webmvc-6.1.18.jar:6.1.18]
    	at org.springframework.web.filter.CompositeFilter$VirtualFilterChain.doFilter(CompositeFilter.java:113) ~[spring-web-6.1.18.jar:6.1.18]
    	at org.springframework.web.filter.CompositeFilter.doFilter(CompositeFilter.java:74) ~[spring-web-6.1.18.jar:6.1.18]
    	at org.springframework.security.config.annotation.web.configuration.WebMvcSecurityConfiguration$CompositeFilterChainProxy.doFilter(WebMvcSecurityConfiguration.java:230) ~[spring-security-config-6.3.8.jar:6.3.8]
    	at org.springframework.web.filter.DelegatingFilterProxy.invokeDelegate(DelegatingFilterProxy.java:362) ~[spring-web-6.1.18.jar:6.1.18]
    	at org.springframework.web.filter.DelegatingFilterProxy.doFilter(DelegatingFilterProxy.java:278) ~[spring-web-6.1.18.jar:6.1.18]
    	at org.springframework.test.web.servlet.setup.MockMvcFilterDecorator.doFilter(MockMvcFilterDecorator.java:151) ~[spring-test-6.1.18.jar:6.1.18]
    	at org.springframework.mock.web.MockFilterChain.doFilter(MockFilterChain.java:132) ~[spring-test-6.1.18.jar:6.1.18]
    	at org.springframework.web.filter.RequestContextFilter.doFilterInternal(RequestContextFilter.java:100) ~[spring-web-6.1.18.jar:6.1.18]
    	at org.springframework.web.filter.OncePerRequestFilter.doFilter(OncePerRequestFilter.java:116) ~[spring-web-6.1.18.jar:6.1.18]
    	at org.springframework.test.web.servlet.setup.MockMvcFilterDecorator.doFilter(MockMvcFilterDecorator.java:151) ~[spring-test-6.1.18.jar:6.1.18]
    	at org.springframework.mock.web.MockFilterChain.doFilter(MockFilterChain.java:132) ~[spring-test-6.1.18.jar:6.1.18]
    	at org.springframework.web.filter.FormContentFilter.doFilterInternal(FormContentFilter.java:93) ~[spring-web-6.1.18.jar:6.1.18]
    	at org.springframework.web.filter.OncePerRequestFilter.doFilter(OncePerRequestFilter.java:116) ~[spring-web-6.1.18.jar:6.1.18]
    	at org.springframework.test.web.servlet.setup.MockMvcFilterDecorator.doFilter(MockMvcFilterDecorator.java:151) ~[spring-test-6.1.18.jar:6.1.18]
    	at org.springframework.mock.web.MockFilterChain.doFilter(MockFilterChain.java:132) ~[spring-test-6.1.18.jar:6.1.18]
    	at org.springframework.web.filter.CharacterEncodingFilter.doFilterInternal(CharacterEncodingFilter.java:201) ~[spring-web-6.1.18.jar:6.1.18]
    	at org.springframework.web.filter.OncePerRequestFilter.doFilter(OncePerRequestFilter.java:116) ~[spring-web-6.1.18.jar:6.1.18]
    	at org.springframework.test.web.servlet.setup.MockMvcFilterDecorator.doFilter(MockMvcFilterDecorator.java:151) ~[spring-test-6.1.18.jar:6.1.18]
    	at org.springframework.mock.web.MockFilterChain.doFilter(MockFilterChain.java:132) ~[spring-test-6.1.18.jar:6.1.18]
    	at com.coliving.global.filter.CorrelationIdFilter.doFilterInternal(CorrelationIdFilter.java:38) ~[main/:na]
    	at org.springframework.web.filter.OncePerRequestFilter.doFilter(OncePerRequestFilter.java:116) ~[spring-web-6.1.18.jar:6.1.18]
    	at org.springframework.test.web.servlet.setup.MockMvcFilterDecorator.doFilter(MockMvcFilterDecorator.java:151) ~[spring-test-6.1.18.jar:6.1.18]
    	at org.springframework.mock.web.MockFilterChain.doFilter(MockFilterChain.java:132) ~[spring-test-6.1.18.jar:6.1.18]
    	at org.springframework.test.web.servlet.MockMvc.perform(MockMvc.java:201) ~[spring-test-6.1.18.jar:6.1.18]
    	at com.coliving.reservation.adapter.in.web.ReservationControllerTest.createReservation_Success(ReservationControllerTest.java:76) ~[test/:na]
    	at java.base/jdk.internal.reflect.DirectMethodHandleAccessor.invoke(DirectMethodHandleAccessor.java:103) ~[na:na]
    	at java.base/java.lang.reflect.Method.invoke(Method.java:580) ~[na:na]
    	at org.junit.platform.commons.util.ReflectionUtils.invokeMethod(ReflectionUtils.java:728) ~[junit-platform-commons-1.10.5.jar:1.10.5]
    	at org.junit.jupiter.engine.execution.MethodInvocation.proceed(MethodInvocation.java:60) ~[junit-jupiter-engine-5.10.5.jar:5.10.5]
    	at org.junit.jupiter.engine.execution.InvocationInterceptorChain$ValidatingInvocation.proceed(InvocationInterceptorChain.java:131) ~[junit-jupiter-engine-5.10.5.jar:5.10.5]
    	at org.junit.jupiter.engine.extension.TimeoutExtension.intercept(TimeoutExtension.java:156) ~[junit-jupiter-engine-5.10.5.jar:5.10.5]
    	at org.junit.jupiter.engine.extension.TimeoutExtension.interceptTestableMethod(TimeoutExtension.java:147) ~[junit-jupiter-engine-5.10.5.jar:5.10.5]
    	at org.junit.jupiter.engine.extension.TimeoutExtension.interceptTestMethod(TimeoutExtension.java:86) ~[junit-jupiter-engine-5.10.5.jar:5.10.5]
    	at org.junit.jupiter.engine.execution.InterceptingExecutableInvoker$ReflectiveInterceptorCall.lambda$ofVoidMethod$0(InterceptingExecutableInvoker.java:103) ~[junit-jupiter-engine-5.10.5.jar:5.10.5]
    	at org.junit.jupiter.engine.execution.InterceptingExecutableInvoker.lambda$invoke$0(InterceptingExecutableInvoker.java:93) ~[junit-jupiter-engine-5.10.5.jar:5.10.5]
    	at org.junit.jupiter.engine.execution.InvocationInterceptorChain$InterceptedInvocation.proceed(InvocationInterceptorChain.java:106) ~[junit-jupiter-engine-5.10.5.jar:5.10.5]
    	at org.junit.jupiter.engine.execution.InvocationInterceptorChain.proceed(InvocationInterceptorChain.java:64) ~[junit-jupiter-engine-5.10.5.jar:5.10.5]
    	at org.junit.jupiter.engine.execution.InvocationInterceptorChain.chainAndInvoke(InvocationInterceptorChain.java:45) ~[junit-jupiter-engine-5.10.5.jar:5.10.5]
    	at org.junit.jupiter.engine.execution.InvocationInterceptorChain.invoke(InvocationInterceptorChain.java:37) ~[junit-jupiter-engine-5.10.5.jar:5.10.5]
    	at org.junit.jupiter.engine.execution.InterceptingExecutableInvoker.invoke(InterceptingExecutableInvoker.java:92) ~[junit-jupiter-engine-5.10.5.jar:5.10.5]
    	at org.junit.jupiter.engine.execution.InterceptingExecutableInvoker.invoke(InterceptingExecutableInvoker.java:86) ~[junit-jupiter-engine-5.10.5.jar:5.10.5]
    	at org.junit.jupiter.engine.descriptor.TestMethodTestDescriptor.lambda$invokeTestMethod$7(TestMethodTestDescriptor.java:218) ~[junit-jupiter-engine-5.10.5.jar:5.10.5]
    	at org.junit.platform.engine.support.hierarchical.ThrowableCollector.execute(ThrowableCollector.java:73) ~[junit-platform-engine-1.10.5.jar:1.10.5]
    	at org.junit.jupiter.engine.descriptor.TestMethodTestDescriptor.invokeTestMethod(TestMethodTestDescriptor.java:214) ~[junit-jupiter-engine-5.10.5.jar:5.10.5]
    	at org.junit.jupiter.engine.descriptor.TestMethodTestDescriptor.execute(TestMethodTestDescriptor.java:139) ~[junit-jupiter-engine-5.10.5.jar:5.10.5]
    	at org.junit.jupiter.engine.descriptor.TestMethodTestDescriptor.execute(TestMethodTestDescriptor.java:69) ~[junit-jupiter-engine-5.10.5.jar:5.10.5]
    	at org.junit.platform.engine.support.hierarchical.NodeTestTask.lambda$executeRecursively$6(NodeTestTask.java:156) ~[junit-platform-engine-1.10.5.jar:1.10.5]
    	at org.junit.platform.engine.support.hierarchical.ThrowableCollector.execute(ThrowableCollector.java:73) ~[junit-platform-engine-1.10.5.jar:1.10.5]
    	at org.junit.platform.engine.support.hierarchical.NodeTestTask.lambda$executeRecursively$8(NodeTestTask.java:146) ~[junit-platform-engine-1.10.5.jar:1.10.5]
    	at org.junit.platform.engine.support.hierarchical.Node.around(Node.java:137) ~[junit-platform-engine-1.10.5.jar:1.10.5]
    	at org.junit.platform.engine.support.hierarchical.NodeTestTask.lambda$executeRecursively$9(NodeTestTask.java:144) ~[junit-platform-engine-1.10.5.jar:1.10.5]
    	at org.junit.platform.engine.support.hierarchical.ThrowableCollector.execute(ThrowableCollector.java:73) ~[junit-platform-engine-1.10.5.jar:1.10.5]
    	at org.junit.platform.engine.support.hierarchical.NodeTestTask.executeRecursively(NodeTestTask.java:143) ~[junit-platform-engine-1.10.5.jar:1.10.5]
    	at org.junit.platform.engine.support.hierarchical.NodeTestTask.execute(NodeTestTask.java:100) ~[junit-platform-engine-1.10.5.jar:1.10.5]
    	at java.base/java.util.ArrayList.forEach(ArrayList.java:1596) ~[na:na]
    	at org.junit.platform.engine.support.hierarchical.SameThreadHierarchicalTestExecutorService.invokeAll(SameThreadHierarchicalTestExecutorService.java:41) ~[junit-platform-engine-1.10.5.jar:1.10.5]
    	at org.junit.platform.engine.support.hierarchical.NodeTestTask.lambda$executeRecursively$6(NodeTestTask.java:160) ~[junit-platform-engine-1.10.5.jar:1.10.5]
    	at org.junit.platform.engine.support.hierarchical.ThrowableCollector.execute(ThrowableCollector.java:73) ~[junit-platform-engine-1.10.5.jar:1.10.5]
    	at org.junit.platform.engine.support.hierarchical.NodeTestTask.lambda$executeRecursively$8(NodeTestTask.java:146) ~[junit-platform-engine-1.10.5.jar:1.10.5]
    	at org.junit.platform.engine.support.hierarchical.Node.around(Node.java:137) ~[junit-platform-engine-1.10.5.jar:1.10.5]
    	at org.junit.platform.engine.support.hierarchical.NodeTestTask.lambda$executeRecursively$9(NodeTestTask.java:144) ~[junit-platform-engine-1.10.5.jar:1.10.5]
    	at org.junit.platform.engine.support.hierarchical.ThrowableCollector.execute(ThrowableCollector.java:73) ~[junit-platform-engine-1.10.5.jar:1.10.5]
    	at org.junit.platform.engine.support.hierarchical.NodeTestTask.executeRecursively(NodeTestTask.java:143) ~[junit-platform-engine-1.10.5.jar:1.10.5]
    	at org.junit.platform.engine.support.hierarchical.NodeTestTask.execute(NodeTestTask.java:100) ~[junit-platform-engine-1.10.5.jar:1.10.5]
    	at java.base/java.util.ArrayList.forEach(ArrayList.java:1596) ~[na:na]
    	at org.junit.platform.engine.support.hierarchical.SameThreadHierarchicalTestExecutorService.invokeAll(SameThreadHierarchicalTestExecutorService.java:41) ~[junit-platform-engine-1.10.5.jar:1.10.5]
    	at org.junit.platform.engine.support.hierarchical.NodeTestTask.lambda$executeRecursively$6(NodeTestTask.java:160) ~[junit-platform-engine-1.10.5.jar:1.10.5]
    	at org.junit.platform.engine.support.hierarchical.ThrowableCollector.execute(ThrowableCollector.java:73) ~[junit-platform-engine-1.10.5.jar:1.10.5]
    	at org.junit.platform.engine.support.hierarchical.NodeTestTask.lambda$executeRecursively$8(NodeTestTask.java:146) ~[junit-platform-engine-1.10.5.jar:1.10.5]
    	at org.junit.platform.engine.support.hierarchical.Node.around(Node.java:137) ~[junit-platform-engine-1.10.5.jar:1.10.5]
    	at org.junit.platform.engine.support.hierarchical.NodeTestTask.lambda$executeRecursively$9(NodeTestTask.java:144) ~[junit-platform-engine-1.10.5.jar:1.10.5]
    	at org.junit.platform.engine.support.hierarchical.ThrowableCollector.execute(ThrowableCollector.java:73) ~[junit-platform-engine-1.10.5.jar:1.10.5]
    	at org.junit.platform.engine.support.hierarchical.NodeTestTask.executeRecursively(NodeTestTask.java:143) ~[junit-platform-engine-1.10.5.jar:1.10.5]
    	at org.junit.platform.engine.support.hierarchical.NodeTestTask.execute(NodeTestTask.java:100) ~[junit-platform-engine-1.10.5.jar:1.10.5]
    	at org.junit.platform.engine.support.hierarchical.SameThreadHierarchicalTestExecutorService.submit(SameThreadHierarchicalTestExecutorService.java:35) ~[junit-platform-engine-1.10.5.jar:1.10.5]
    	at org.junit.platform.engine.support.hierarchical.HierarchicalTestExecutor.execute(HierarchicalTestExecutor.java:57) ~[junit-platform-engine-1.10.5.jar:1.10.5]
    	at org.junit.platform.engine.support.hierarchical.HierarchicalTestEngine.execute(HierarchicalTestEngine.java:54) ~[junit-platform-engine-1.10.5.jar:1.10.5]
    	at org.junit.platform.launcher.core.EngineExecutionOrchestrator.execute(EngineExecutionOrchestrator.java:198) ~[junit-platform-launcher-1.10.5.jar:1.10.5]
    	at org.junit.platform.launcher.core.EngineExecutionOrchestrator.execute(EngineExecutionOrchestrator.java:169) ~[junit-platform-launcher-1.10.5.jar:1.10.5]
    	at org.junit.platform.launcher.core.EngineExecutionOrchestrator.execute(EngineExecutionOrchestrator.java:93) ~[junit-platform-launcher-1.10.5.jar:1.10.5]
    	at org.junit.platform.launcher.core.EngineExecutionOrchestrator.lambda$execute$0(EngineExecutionOrchestrator.java:58) ~[junit-platform-launcher-1.10.5.jar:1.10.5]
    	at org.junit.platform.launcher.core.EngineExecutionOrchestrator.withInterceptedStreams(EngineExecutionOrchestrator.java:141) ~[junit-platform-launcher-1.10.5.jar:1.10.5]
    	at org.junit.platform.launcher.core.EngineExecutionOrchestrator.execute(EngineExecutionOrchestrator.java:57) ~[junit-platform-launcher-1.10.5.jar:1.10.5]
    	at org.junit.platform.launcher.core.DefaultLauncher.execute(DefaultLauncher.java:103) ~[junit-platform-launcher-1.10.5.jar:1.10.5]
    	at org.junit.platform.launcher.core.DefaultLauncher.execute(DefaultLauncher.java:85) ~[junit-platform-launcher-1.10.5.jar:1.10.5]
    	at org.junit.platform.launcher.core.DelegatingLauncher.execute(DelegatingLauncher.java:47) ~[junit-platform-launcher-1.10.5.jar:1.10.5]
    	at org.gradle.api.internal.tasks.testing.junitplatform.JUnitPlatformTestClassProcessor$CollectAllTestClassesExecutor.processAllTestClasses(JUnitPlatformTestClassProcessor.java:124) ~[na:na]
    	at org.gradle.api.internal.tasks.testing.junitplatform.JUnitPlatformTestClassProcessor$CollectAllTestClassesExecutor.access$000(JUnitPlatformTestClassProcessor.java:99) ~[na:na]
    	at org.gradle.api.internal.tasks.testing.junitplatform.JUnitPlatformTestClassProcessor.stop(JUnitPlatformTestClassProcessor.java:94) ~[na:na]
    	at org.gradle.api.internal.tasks.testing.SuiteTestClassProcessor.stop(SuiteTestClassProcessor.java:63) ~[na:na]
    	at java.base/jdk.internal.reflect.DirectMethodHandleAccessor.invoke(DirectMethodHandleAccessor.java:103) ~[na:na]
    	at java.base/java.lang.reflect.Method.invoke(Method.java:580) ~[na:na]
    	at org.gradle.internal.dispatch.ReflectionDispatch.dispatch(ReflectionDispatch.java:36) ~[na:na]
    	at org.gradle.internal.dispatch.ReflectionDispatch.dispatch(ReflectionDispatch.java:24) ~[na:na]
    	at org.gradle.internal.dispatch.ContextClassLoaderDispatch.dispatch(ContextClassLoaderDispatch.java:33) ~[na:na]
    	at org.gradle.internal.dispatch.ProxyDispatchAdapter$DispatchingInvocationHandler.invoke(ProxyDispatchAdapter.java:92) ~[na:na]
    	at jdk.proxy1/jdk.proxy1.$Proxy4.stop(Unknown Source) ~[na:na]
    	at org.gradle.api.internal.tasks.testing.worker.TestWorker$3.run(TestWorker.java:200) ~[na:na]
    	at org.gradle.api.internal.tasks.testing.worker.TestWorker.executeAndMaintainThreadName(TestWorker.java:132) ~[na:na]
    	at org.gradle.api.internal.tasks.testing.worker.TestWorker.execute(TestWorker.java:103) ~[na:na]
    	at org.gradle.api.internal.tasks.testing.worker.TestWorker.execute(TestWorker.java:63) ~[na:na]
    	at org.gradle.process.internal.worker.child.ActionExecutionWorker.execute(ActionExecutionWorker.java:56) ~[na:na]
    	at org.gradle.process.internal.worker.child.SystemApplicationClassLoaderWorker.call(SystemApplicationClassLoaderWorker.java:121) ~[na:na]
    	at org.gradle.process.internal.worker.child.SystemApplicationClassLoaderWorker.call(SystemApplicationClassLoaderWorker.java:71) ~[na:na]
    	at worker.org.gradle.process.internal.worker.GradleWorkerMain.run(GradleWorkerMain.java:69) ~[gradle-worker.jar:na]
    	at worker.org.gradle.process.internal.worker.GradleWorkerMain.main(GradleWorkerMain.java:74) ~[gradle-worker.jar:na]


    MockHttpServletRequest:
          HTTP Method = POST
          Request URI = /api/reservations
           Parameters = {_csrf=[ZRUVn0LVakyLqn_b2O7K76WAPh3cmd1zfo0QloJN2Lz-2-rdACYiryTgUiqmnB3vvcP-jMSzE3-6oeheGu90r7V0voyfuoi_]}
              Headers = [Content-Type:"application/json;charset=UTF-8", X-User-Id:"1", Content-Length:"110"]
                 Body = {"spaceId":1,"reservationDate":"2026-05-01","startTime":"14:00:00","endTime":"16:00:00","validTimeRange":true}
        Session Attrs = {SPRING_SECURITY_CONTEXT=SecurityContextImpl [Authentication=UsernamePasswordAuthenticationToken [Principal=org.springframework.security.core.userdetails.User [Username=user, Password=[PROTECTED], Enabled=true, AccountNonExpired=true, CredentialsNonExpired=true, AccountNonLocked=true, Granted Authorities=[ROLE_USER]], Credentials=[PROTECTED], Authenticated=true, Details=null, Granted Authorities=[ROLE_USER]]]}

    Handler:
                 Type = com.coliving.reservation.adapter.in.web.ReservationController
               Method = com.coliving.reservation.adapter.in.web.ReservationController#createReservation(Authentication, ReservationCreateRequestDto)

    Async:
        Async started = false
         Async result = null

    Resolved Exception:
                 Type = java.lang.NumberFormatException

    ModelAndView:
            View name = null
                 View = null
                Model = null

    FlashMap:
           Attributes = null

    MockHttpServletResponse:
               Status = 500
        Error message = null
              Headers = [X-Correlation-Id:"434d67a1-8756-4766-a6d8-3623aabd5a84", Vary:"Origin", "Access-Control-Request-Method", "Access-Control-Request-Headers", Content-Type:"application/json", X-Content-Type-Options:"nosniff", X-XSS-Protection:"0", Cache-Control:"no-cache, no-store, max-age=0, must-revalidate", Pragma:"no-cache", Expires:"0", X-Frame-Options:"DENY"]
         Content type = application/json
                 Body = {"success":false,"message":"?쒕쾭 ?대? ?ㅻ쪟媛 諛쒖깮?덉뒿?덈떎","errorCode":"INTERNAL_SERVER_ERROR"}
        Forwarded URL = null
       Redirected URL = null
              Cookies = []

ReservationControllerTest > ?뺤긽?곸씤 ?덉빟 ?붿껌 ??200 ?묐떟怨??④퍡 reservationId瑜?諛섑솚?쒕떎 FAILED
    java.lang.AssertionError: Status expected:<200> but was:<500>
        at org.springframework.test.util.AssertionErrors.fail(AssertionErrors.java:59)
        at org.springframework.test.util.AssertionErrors.assertEquals(AssertionErrors.java:122)
        at org.springframework.test.web.servlet.result.StatusResultMatchers.lambda$matcher$9(StatusResultMatchers.java:637)
        at org.springframework.test.web.servlet.MockMvc$1.andExpect(MockMvc.java:214)
        at com.coliving.reservation.adapter.in.web.ReservationControllerTest.createReservation_Success(ReservationControllerTest.java:81)

ReservationControllerTest > 以묐났 ?덉빟 諛쒖깮 ??409 Conflict ?먮윭 ?묐떟??諛섑솚?쒕떎 STANDARD_OUT
    2026-04-13T12:41:35.996+09:00 ERROR 4752 --- [    Test worker] c.c.global.error.GlobalExceptionHandler  : Unhandled exception

    java.lang.NumberFormatException: For input string: "user"
    	at java.base/java.lang.NumberFormatException.forInputString(NumberFormatException.java:67) ~[na:na]
    	at java.base/java.lang.Long.parseLong(Long.java:709) ~[na:na]
    	at java.base/java.lang.Long.parseLong(Long.java:832) ~[na:na]
    	at com.coliving.reservation.adapter.in.web.ReservationController.createReservation(ReservationController.java:73) ~[main/:na]
    	at java.base/jdk.internal.reflect.DirectMethodHandleAccessor.invoke(DirectMethodHandleAccessor.java:103) ~[na:na]
    	at java.base/java.lang.reflect.Method.invoke(Method.java:580) ~[na:na]
    	at org.springframework.web.method.support.InvocableHandlerMethod.doInvoke(InvocableHandlerMethod.java:255) ~[spring-web-6.1.18.jar:6.1.18]
    	at org.springframework.web.method.support.InvocableHandlerMethod.invokeForRequest(InvocableHandlerMethod.java:188) ~[spring-web-6.1.18.jar:6.1.18]
    	at org.springframework.web.servlet.mvc.method.annotation.ServletInvocableHandlerMethod.invokeAndHandle(ServletInvocableHandlerMethod.java:118) ~[spring-webmvc-6.1.18.jar:6.1.18]
    	at org.springframework.web.servlet.mvc.method.annotation.RequestMappingHandlerAdapter.invokeHandlerMethod(RequestMappingHandlerAdapter.java:926) ~[spring-webmvc-6.1.18.jar:6.1.18]
    	at org.springframework.web.servlet.mvc.method.annotation.RequestMappingHandlerAdapter.handleInternal(RequestMappingHandlerAdapter.java:831) ~[spring-webmvc-6.1.18.jar:6.1.18]
    	at org.springframework.web.servlet.mvc.method.AbstractHandlerMethodAdapter.handle(AbstractHandlerMethodAdapter.java:87) ~[spring-webmvc-6.1.18.jar:6.1.18]
    	at org.springframework.web.servlet.DispatcherServlet.doDispatch(DispatcherServlet.java:1089) ~[spring-webmvc-6.1.18.jar:6.1.18]
    	at org.springframework.web.servlet.DispatcherServlet.doService(DispatcherServlet.java:979) ~[spring-webmvc-6.1.18.jar:6.1.18]
    	at org.springframework.web.servlet.FrameworkServlet.processRequest(FrameworkServlet.java:1014) ~[spring-webmvc-6.1.18.jar:6.1.18]
    	at org.springframework.web.servlet.FrameworkServlet.doPost(FrameworkServlet.java:914) ~[spring-webmvc-6.1.18.jar:6.1.18]
    	at jakarta.servlet.http.HttpServlet.service(HttpServlet.java:590) ~[tomcat-embed-core-10.1.39.jar:6.0]
    	at org.springframework.web.servlet.FrameworkServlet.service(FrameworkServlet.java:885) ~[spring-webmvc-6.1.18.jar:6.1.18]
    	at org.springframework.test.web.servlet.TestDispatcherServlet.service(TestDispatcherServlet.java:72) ~[spring-test-6.1.18.jar:6.1.18]
    	at jakarta.servlet.http.HttpServlet.service(HttpServlet.java:658) ~[tomcat-embed-core-10.1.39.jar:6.0]
    	at org.springframework.mock.web.MockFilterChain$ServletFilterProxy.doFilter(MockFilterChain.java:165) ~[spring-test-6.1.18.jar:6.1.18]
    	at org.springframework.mock.web.MockFilterChain.doFilter(MockFilterChain.java:132) ~[spring-test-6.1.18.jar:6.1.18]
    	at org.springframework.web.filter.CompositeFilter$VirtualFilterChain.doFilter(CompositeFilter.java:108) ~[spring-web-6.1.18.jar:6.1.18]
    	at org.springframework.security.web.FilterChainProxy.lambda$doFilterInternal$3(FilterChainProxy.java:231) ~[spring-security-web-6.3.8.jar:6.3.8]
    	at org.springframework.security.web.FilterChainProxy$VirtualFilterChain.doFilter(FilterChainProxy.java:365) ~[spring-security-web-6.3.8.jar:6.3.8]
    	at org.springframework.security.web.access.intercept.AuthorizationFilter.doFilter(AuthorizationFilter.java:100) ~[spring-security-web-6.3.8.jar:6.3.8]
    	at org.springframework.security.web.FilterChainProxy$VirtualFilterChain.doFilter(FilterChainProxy.java:374) ~[spring-security-web-6.3.8.jar:6.3.8]
    	at org.springframework.security.web.access.ExceptionTranslationFilter.doFilter(ExceptionTranslationFilter.java:126) ~[spring-security-web-6.3.8.jar:6.3.8]
    	at org.springframework.security.web.access.ExceptionTranslationFilter.doFilter(ExceptionTranslationFilter.java:120) ~[spring-security-web-6.3.8.jar:6.3.8]
    	at org.springframework.security.web.FilterChainProxy$VirtualFilterChain.doFilter(FilterChainProxy.java:374) ~[spring-security-web-6.3.8.jar:6.3.8]
    	at org.springframework.security.web.authentication.AnonymousAuthenticationFilter.doFilter(AnonymousAuthenticationFilter.java:100) ~[spring-security-web-6.3.8.jar:6.3.8]
    	at org.springframework.security.web.FilterChainProxy$VirtualFilterChain.doFilter(FilterChainProxy.java:374) ~[spring-security-web-6.3.8.jar:6.3.8]
    	at org.springframework.security.web.servletapi.SecurityContextHolderAwareRequestFilter.doFilter(SecurityContextHolderAwareRequestFilter.java:179) ~[spring-security-web-6.3.8.jar:6.3.8]
    	at org.springframework.security.web.FilterChainProxy$VirtualFilterChain.doFilter(FilterChainProxy.java:374) ~[spring-security-web-6.3.8.jar:6.3.8]
    	at org.springframework.security.web.savedrequest.RequestCacheAwareFilter.doFilter(RequestCacheAwareFilter.java:63) ~[spring-security-web-6.3.8.jar:6.3.8]
    	at org.springframework.security.web.FilterChainProxy$VirtualFilterChain.doFilter(FilterChainProxy.java:374) ~[spring-security-web-6.3.8.jar:6.3.8]
    	at org.springframework.security.web.authentication.www.BasicAuthenticationFilter.doFilterInternal(BasicAuthenticationFilter.java:181) ~[spring-security-web-6.3.8.jar:6.3.8]
    	at org.springframework.web.filter.OncePerRequestFilter.doFilter(OncePerRequestFilter.java:116) ~[spring-web-6.1.18.jar:6.1.18]
    	at org.springframework.security.web.FilterChainProxy$VirtualFilterChain.doFilter(FilterChainProxy.java:374) ~[spring-security-web-6.3.8.jar:6.3.8]
    	at org.springframework.security.web.authentication.ui.DefaultLogoutPageGeneratingFilter.doFilterInternal(DefaultLogoutPageGeneratingFilter.java:58) ~[spring-security-web-6.3.8.jar:6.3.8]
    	at org.springframework.web.filter.OncePerRequestFilter.doFilter(OncePerRequestFilter.java:116) ~[spring-web-6.1.18.jar:6.1.18]
    	at org.springframework.security.web.FilterChainProxy$VirtualFilterChain.doFilter(FilterChainProxy.java:374) ~[spring-security-web-6.3.8.jar:6.3.8]
    	at org.springframework.security.web.authentication.ui.DefaultLoginPageGeneratingFilter.doFilter(DefaultLoginPageGeneratingFilter.java:189) ~[spring-security-web-6.3.8.jar:6.3.8]
    	at org.springframework.security.web.authentication.ui.DefaultLoginPageGeneratingFilter.doFilter(DefaultLoginPageGeneratingFilter.java:175) ~[spring-security-web-6.3.8.jar:6.3.8]
    	at org.springframework.security.web.FilterChainProxy$VirtualFilterChain.doFilter(FilterChainProxy.java:374) ~[spring-security-web-6.3.8.jar:6.3.8]
    	at org.springframework.security.web.authentication.AbstractAuthenticationProcessingFilter.doFilter(AbstractAuthenticationProcessingFilter.java:227) ~[spring-security-web-6.3.8.jar:6.3.8]
    	at org.springframework.security.web.authentication.AbstractAuthenticationProcessingFilter.doFilter(AbstractAuthenticationProcessingFilter.java:221) ~[spring-security-web-6.3.8.jar:6.3.8]
    	at org.springframework.security.web.FilterChainProxy$VirtualFilterChain.doFilter(FilterChainProxy.java:374) ~[spring-security-web-6.3.8.jar:6.3.8]
    	at org.springframework.security.web.authentication.logout.LogoutFilter.doFilter(LogoutFilter.java:107) ~[spring-security-web-6.3.8.jar:6.3.8]
    	at org.springframework.security.web.authentication.logout.LogoutFilter.doFilter(LogoutFilter.java:93) ~[spring-security-web-6.3.8.jar:6.3.8]
    	at org.springframework.security.web.FilterChainProxy$VirtualFilterChain.doFilter(FilterChainProxy.java:374) ~[spring-security-web-6.3.8.jar:6.3.8]
    	at org.springframework.security.web.csrf.CsrfFilter.doFilterInternal(CsrfFilter.java:131) ~[spring-security-web-6.3.8.jar:6.3.8]
    	at org.springframework.web.filter.OncePerRequestFilter.doFilter(OncePerRequestFilter.java:116) ~[spring-web-6.1.18.jar:6.1.18]
    	at org.springframework.security.web.FilterChainProxy$VirtualFilterChain.doFilter(FilterChainProxy.java:374) ~[spring-security-web-6.3.8.jar:6.3.8]
    	at org.springframework.security.web.header.HeaderWriterFilter.doHeadersAfter(HeaderWriterFilter.java:90) ~[spring-security-web-6.3.8.jar:6.3.8]
    	at org.springframework.security.web.header.HeaderWriterFilter.doFilterInternal(HeaderWriterFilter.java:75) ~[spring-security-web-6.3.8.jar:6.3.8]
    	at org.springframework.web.filter.OncePerRequestFilter.doFilter(OncePerRequestFilter.java:116) ~[spring-web-6.1.18.jar:6.1.18]
    	at org.springframework.security.web.FilterChainProxy$VirtualFilterChain.doFilter(FilterChainProxy.java:374) ~[spring-security-web-6.3.8.jar:6.3.8]
    	at org.springframework.security.web.context.SecurityContextHolderFilter.doFilter(SecurityContextHolderFilter.java:82) ~[spring-security-web-6.3.8.jar:6.3.8]
    	at org.springframework.security.web.context.SecurityContextHolderFilter.doFilter(SecurityContextHolderFilter.java:69) ~[spring-security-web-6.3.8.jar:6.3.8]
    	at org.springframework.security.web.FilterChainProxy$VirtualFilterChain.doFilter(FilterChainProxy.java:374) ~[spring-security-web-6.3.8.jar:6.3.8]
    	at org.springframework.security.web.context.request.async.WebAsyncManagerIntegrationFilter.doFilterInternal(WebAsyncManagerIntegrationFilter.java:62) ~[spring-security-web-6.3.8.jar:6.3.8]
    	at org.springframework.web.filter.OncePerRequestFilter.doFilter(OncePerRequestFilter.java:116) ~[spring-web-6.1.18.jar:6.1.18]
    	at org.springframework.security.web.FilterChainProxy$VirtualFilterChain.doFilter(FilterChainProxy.java:374) ~[spring-security-web-6.3.8.jar:6.3.8]
    	at org.springframework.security.web.session.DisableEncodeUrlFilter.doFilterInternal(DisableEncodeUrlFilter.java:42) ~[spring-security-web-6.3.8.jar:6.3.8]
    	at org.springframework.web.filter.OncePerRequestFilter.doFilter(OncePerRequestFilter.java:116) ~[spring-web-6.1.18.jar:6.1.18]
    	at org.springframework.security.web.FilterChainProxy$VirtualFilterChain.doFilter(FilterChainProxy.java:374) ~[spring-security-web-6.3.8.jar:6.3.8]
    	at org.springframework.security.web.FilterChainProxy.doFilterInternal(FilterChainProxy.java:233) ~[spring-security-web-6.3.8.jar:6.3.8]
    	at org.springframework.security.web.FilterChainProxy.doFilter(FilterChainProxy.java:191) ~[spring-security-web-6.3.8.jar:6.3.8]
    	at org.springframework.web.filter.CompositeFilter$VirtualFilterChain.doFilter(CompositeFilter.java:113) ~[spring-web-6.1.18.jar:6.1.18]
    	at org.springframework.web.servlet.handler.HandlerMappingIntrospector.lambda$createCacheFilter$3(HandlerMappingIntrospector.java:195) ~[spring-webmvc-6.1.18.jar:6.1.18]
    	at org.springframework.web.filter.CompositeFilter$VirtualFilterChain.doFilter(CompositeFilter.java:113) ~[spring-web-6.1.18.jar:6.1.18]
    	at org.springframework.web.filter.CompositeFilter.doFilter(CompositeFilter.java:74) ~[spring-web-6.1.18.jar:6.1.18]
    	at org.springframework.security.config.annotation.web.configuration.WebMvcSecurityConfiguration$CompositeFilterChainProxy.doFilter(WebMvcSecurityConfiguration.java:230) ~[spring-security-config-6.3.8.jar:6.3.8]
    	at org.springframework.web.filter.DelegatingFilterProxy.invokeDelegate(DelegatingFilterProxy.java:362) ~[spring-web-6.1.18.jar:6.1.18]
    	at org.springframework.web.filter.DelegatingFilterProxy.doFilter(DelegatingFilterProxy.java:278) ~[spring-web-6.1.18.jar:6.1.18]
    	at org.springframework.test.web.servlet.setup.MockMvcFilterDecorator.doFilter(MockMvcFilterDecorator.java:151) ~[spring-test-6.1.18.jar:6.1.18]
    	at org.springframework.mock.web.MockFilterChain.doFilter(MockFilterChain.java:132) ~[spring-test-6.1.18.jar:6.1.18]
    	at org.springframework.web.filter.RequestContextFilter.doFilterInternal(RequestContextFilter.java:100) ~[spring-web-6.1.18.jar:6.1.18]
    	at org.springframework.web.filter.OncePerRequestFilter.doFilter(OncePerRequestFilter.java:116) ~[spring-web-6.1.18.jar:6.1.18]
    	at org.springframework.test.web.servlet.setup.MockMvcFilterDecorator.doFilter(MockMvcFilterDecorator.java:151) ~[spring-test-6.1.18.jar:6.1.18]
    	at org.springframework.mock.web.MockFilterChain.doFilter(MockFilterChain.java:132) ~[spring-test-6.1.18.jar:6.1.18]
    	at org.springframework.web.filter.FormContentFilter.doFilterInternal(FormContentFilter.java:93) ~[spring-web-6.1.18.jar:6.1.18]
    	at org.springframework.web.filter.OncePerRequestFilter.doFilter(OncePerRequestFilter.java:116) ~[spring-web-6.1.18.jar:6.1.18]
    	at org.springframework.test.web.servlet.setup.MockMvcFilterDecorator.doFilter(MockMvcFilterDecorator.java:151) ~[spring-test-6.1.18.jar:6.1.18]
    	at org.springframework.mock.web.MockFilterChain.doFilter(MockFilterChain.java:132) ~[spring-test-6.1.18.jar:6.1.18]
    	at org.springframework.web.filter.CharacterEncodingFilter.doFilterInternal(CharacterEncodingFilter.java:201) ~[spring-web-6.1.18.jar:6.1.18]
    	at org.springframework.web.filter.OncePerRequestFilter.doFilter(OncePerRequestFilter.java:116) ~[spring-web-6.1.18.jar:6.1.18]
    	at org.springframework.test.web.servlet.setup.MockMvcFilterDecorator.doFilter(MockMvcFilterDecorator.java:151) ~[spring-test-6.1.18.jar:6.1.18]
    	at org.springframework.mock.web.MockFilterChain.doFilter(MockFilterChain.java:132) ~[spring-test-6.1.18.jar:6.1.18]
    	at com.coliving.global.filter.CorrelationIdFilter.doFilterInternal(CorrelationIdFilter.java:38) ~[main/:na]
    	at org.springframework.web.filter.OncePerRequestFilter.doFilter(OncePerRequestFilter.java:116) ~[spring-web-6.1.18.jar:6.1.18]
    	at org.springframework.test.web.servlet.setup.MockMvcFilterDecorator.doFilter(MockMvcFilterDecorator.java:151) ~[spring-test-6.1.18.jar:6.1.18]
    	at org.springframework.mock.web.MockFilterChain.doFilter(MockFilterChain.java:132) ~[spring-test-6.1.18.jar:6.1.18]
    	at org.springframework.test.web.servlet.MockMvc.perform(MockMvc.java:201) ~[spring-test-6.1.18.jar:6.1.18]
    	at com.coliving.reservation.adapter.in.web.ReservationControllerTest.createReservation_Conflict(ReservationControllerTest.java:95) ~[test/:na]
    	at java.base/jdk.internal.reflect.DirectMethodHandleAccessor.invoke(DirectMethodHandleAccessor.java:103) ~[na:na]
    	at java.base/java.lang.reflect.Method.invoke(Method.java:580) ~[na:na]
    	at org.junit.platform.commons.util.ReflectionUtils.invokeMethod(ReflectionUtils.java:728) ~[junit-platform-commons-1.10.5.jar:1.10.5]
    	at org.junit.jupiter.engine.execution.MethodInvocation.proceed(MethodInvocation.java:60) ~[junit-jupiter-engine-5.10.5.jar:5.10.5]
    	at org.junit.jupiter.engine.execution.InvocationInterceptorChain$ValidatingInvocation.proceed(InvocationInterceptorChain.java:131) ~[junit-jupiter-engine-5.10.5.jar:5.10.5]
    	at org.junit.jupiter.engine.extension.TimeoutExtension.intercept(TimeoutExtension.java:156) ~[junit-jupiter-engine-5.10.5.jar:5.10.5]
    	at org.junit.jupiter.engine.extension.TimeoutExtension.interceptTestableMethod(TimeoutExtension.java:147) ~[junit-jupiter-engine-5.10.5.jar:5.10.5]
    	at org.junit.jupiter.engine.extension.TimeoutExtension.interceptTestMethod(TimeoutExtension.java:86) ~[junit-jupiter-engine-5.10.5.jar:5.10.5]
    	at org.junit.jupiter.engine.execution.InterceptingExecutableInvoker$ReflectiveInterceptorCall.lambda$ofVoidMethod$0(InterceptingExecutableInvoker.java:103) ~[junit-jupiter-engine-5.10.5.jar:5.10.5]
    	at org.junit.jupiter.engine.execution.InterceptingExecutableInvoker.lambda$invoke$0(InterceptingExecutableInvoker.java:93) ~[junit-jupiter-engine-5.10.5.jar:5.10.5]
    	at org.junit.jupiter.engine.execution.InvocationInterceptorChain$InterceptedInvocation.proceed(InvocationInterceptorChain.java:106) ~[junit-jupiter-engine-5.10.5.jar:5.10.5]
    	at org.junit.jupiter.engine.execution.InvocationInterceptorChain.proceed(InvocationInterceptorChain.java:64) ~[junit-jupiter-engine-5.10.5.jar:5.10.5]
    	at org.junit.jupiter.engine.execution.InvocationInterceptorChain.chainAndInvoke(InvocationInterceptorChain.java:45) ~[junit-jupiter-engine-5.10.5.jar:5.10.5]
    	at org.junit.jupiter.engine.execution.InvocationInterceptorChain.invoke(InvocationInterceptorChain.java:37) ~[junit-jupiter-engine-5.10.5.jar:5.10.5]
    	at org.junit.jupiter.engine.execution.InterceptingExecutableInvoker.invoke(InterceptingExecutableInvoker.java:92) ~[junit-jupiter-engine-5.10.5.jar:5.10.5]
    	at org.junit.jupiter.engine.execution.InterceptingExecutableInvoker.invoke(InterceptingExecutableInvoker.java:86) ~[junit-jupiter-engine-5.10.5.jar:5.10.5]
    	at org.junit.jupiter.engine.descriptor.TestMethodTestDescriptor.lambda$invokeTestMethod$7(TestMethodTestDescriptor.java:218) ~[junit-jupiter-engine-5.10.5.jar:5.10.5]
    	at org.junit.platform.engine.support.hierarchical.ThrowableCollector.execute(ThrowableCollector.java:73) ~[junit-platform-engine-1.10.5.jar:1.10.5]
    	at org.junit.jupiter.engine.descriptor.TestMethodTestDescriptor.invokeTestMethod(TestMethodTestDescriptor.java:214) ~[junit-jupiter-engine-5.10.5.jar:5.10.5]
    	at org.junit.jupiter.engine.descriptor.TestMethodTestDescriptor.execute(TestMethodTestDescriptor.java:139) ~[junit-jupiter-engine-5.10.5.jar:5.10.5]
    	at org.junit.jupiter.engine.descriptor.TestMethodTestDescriptor.execute(TestMethodTestDescriptor.java:69) ~[junit-jupiter-engine-5.10.5.jar:5.10.5]
    	at org.junit.platform.engine.support.hierarchical.NodeTestTask.lambda$executeRecursively$6(NodeTestTask.java:156) ~[junit-platform-engine-1.10.5.jar:1.10.5]
    	at org.junit.platform.engine.support.hierarchical.ThrowableCollector.execute(ThrowableCollector.java:73) ~[junit-platform-engine-1.10.5.jar:1.10.5]
    	at org.junit.platform.engine.support.hierarchical.NodeTestTask.lambda$executeRecursively$8(NodeTestTask.java:146) ~[junit-platform-engine-1.10.5.jar:1.10.5]
    	at org.junit.platform.engine.support.hierarchical.Node.around(Node.java:137) ~[junit-platform-engine-1.10.5.jar:1.10.5]
    	at org.junit.platform.engine.support.hierarchical.NodeTestTask.lambda$executeRecursively$9(NodeTestTask.java:144) ~[junit-platform-engine-1.10.5.jar:1.10.5]
    	at org.junit.platform.engine.support.hierarchical.ThrowableCollector.execute(ThrowableCollector.java:73) ~[junit-platform-engine-1.10.5.jar:1.10.5]
    	at org.junit.platform.engine.support.hierarchical.NodeTestTask.executeRecursively(NodeTestTask.java:143) ~[junit-platform-engine-1.10.5.jar:1.10.5]
    	at org.junit.platform.engine.support.hierarchical.NodeTestTask.execute(NodeTestTask.java:100) ~[junit-platform-engine-1.10.5.jar:1.10.5]
    	at java.base/java.util.ArrayList.forEach(ArrayList.java:1596) ~[na:na]
    	at org.junit.platform.engine.support.hierarchical.SameThreadHierarchicalTestExecutorService.invokeAll(SameThreadHierarchicalTestExecutorService.java:41) ~[junit-platform-engine-1.10.5.jar:1.10.5]
    	at org.junit.platform.engine.support.hierarchical.NodeTestTask.lambda$executeRecursively$6(NodeTestTask.java:160) ~[junit-platform-engine-1.10.5.jar:1.10.5]
    	at org.junit.platform.engine.support.hierarchical.ThrowableCollector.execute(ThrowableCollector.java:73) ~[junit-platform-engine-1.10.5.jar:1.10.5]
    	at org.junit.platform.engine.support.hierarchical.NodeTestTask.lambda$executeRecursively$8(NodeTestTask.java:146) ~[junit-platform-engine-1.10.5.jar:1.10.5]
    	at org.junit.platform.engine.support.hierarchical.Node.around(Node.java:137) ~[junit-platform-engine-1.10.5.jar:1.10.5]
    	at org.junit.platform.engine.support.hierarchical.NodeTestTask.lambda$executeRecursively$9(NodeTestTask.java:144) ~[junit-platform-engine-1.10.5.jar:1.10.5]
    	at org.junit.platform.engine.support.hierarchical.ThrowableCollector.execute(ThrowableCollector.java:73) ~[junit-platform-engine-1.10.5.jar:1.10.5]
    	at org.junit.platform.engine.support.hierarchical.NodeTestTask.executeRecursively(NodeTestTask.java:143) ~[junit-platform-engine-1.10.5.jar:1.10.5]
    	at org.junit.platform.engine.support.hierarchical.NodeTestTask.execute(NodeTestTask.java:100) ~[junit-platform-engine-1.10.5.jar:1.10.5]
    	at java.base/java.util.ArrayList.forEach(ArrayList.java:1596) ~[na:na]
    	at org.junit.platform.engine.support.hierarchical.SameThreadHierarchicalTestExecutorService.invokeAll(SameThreadHierarchicalTestExecutorService.java:41) ~[junit-platform-engine-1.10.5.jar:1.10.5]
    	at org.junit.platform.engine.support.hierarchical.NodeTestTask.lambda$executeRecursively$6(NodeTestTask.java:160) ~[junit-platform-engine-1.10.5.jar:1.10.5]
    	at org.junit.platform.engine.support.hierarchical.ThrowableCollector.execute(ThrowableCollector.java:73) ~[junit-platform-engine-1.10.5.jar:1.10.5]
    	at org.junit.platform.engine.support.hierarchical.NodeTestTask.lambda$executeRecursively$8(NodeTestTask.java:146) ~[junit-platform-engine-1.10.5.jar:1.10.5]
    	at org.junit.platform.engine.support.hierarchical.Node.around(Node.java:137) ~[junit-platform-engine-1.10.5.jar:1.10.5]
    	at org.junit.platform.engine.support.hierarchical.NodeTestTask.lambda$executeRecursively$9(NodeTestTask.java:144) ~[junit-platform-engine-1.10.5.jar:1.10.5]
    	at org.junit.platform.engine.support.hierarchical.ThrowableCollector.execute(ThrowableCollector.java:73) ~[junit-platform-engine-1.10.5.jar:1.10.5]
    	at org.junit.platform.engine.support.hierarchical.NodeTestTask.executeRecursively(NodeTestTask.java:143) ~[junit-platform-engine-1.10.5.jar:1.10.5]
    	at org.junit.platform.engine.support.hierarchical.NodeTestTask.execute(NodeTestTask.java:100) ~[junit-platform-engine-1.10.5.jar:1.10.5]
    	at org.junit.platform.engine.support.hierarchical.SameThreadHierarchicalTestExecutorService.submit(SameThreadHierarchicalTestExecutorService.java:35) ~[junit-platform-engine-1.10.5.jar:1.10.5]
    	at org.junit.platform.engine.support.hierarchical.HierarchicalTestExecutor.execute(HierarchicalTestExecutor.java:57) ~[junit-platform-engine-1.10.5.jar:1.10.5]
    	at org.junit.platform.engine.support.hierarchical.HierarchicalTestEngine.execute(HierarchicalTestEngine.java:54) ~[junit-platform-engine-1.10.5.jar:1.10.5]
    	at org.junit.platform.launcher.core.EngineExecutionOrchestrator.execute(EngineExecutionOrchestrator.java:198) ~[junit-platform-launcher-1.10.5.jar:1.10.5]
    	at org.junit.platform.launcher.core.EngineExecutionOrchestrator.execute(EngineExecutionOrchestrator.java:169) ~[junit-platform-launcher-1.10.5.jar:1.10.5]
    	at org.junit.platform.launcher.core.EngineExecutionOrchestrator.execute(EngineExecutionOrchestrator.java:93) ~[junit-platform-launcher-1.10.5.jar:1.10.5]
    	at org.junit.platform.launcher.core.EngineExecutionOrchestrator.lambda$execute$0(EngineExecutionOrchestrator.java:58) ~[junit-platform-launcher-1.10.5.jar:1.10.5]
    	at org.junit.platform.launcher.core.EngineExecutionOrchestrator.withInterceptedStreams(EngineExecutionOrchestrator.java:141) ~[junit-platform-launcher-1.10.5.jar:1.10.5]
    	at org.junit.platform.launcher.core.EngineExecutionOrchestrator.execute(EngineExecutionOrchestrator.java:57) ~[junit-platform-launcher-1.10.5.jar:1.10.5]
    	at org.junit.platform.launcher.core.DefaultLauncher.execute(DefaultLauncher.java:103) ~[junit-platform-launcher-1.10.5.jar:1.10.5]
    	at org.junit.platform.launcher.core.DefaultLauncher.execute(DefaultLauncher.java:85) ~[junit-platform-launcher-1.10.5.jar:1.10.5]
    	at org.junit.platform.launcher.core.DelegatingLauncher.execute(DelegatingLauncher.java:47) ~[junit-platform-launcher-1.10.5.jar:1.10.5]
    	at org.gradle.api.internal.tasks.testing.junitplatform.JUnitPlatformTestClassProcessor$CollectAllTestClassesExecutor.processAllTestClasses(JUnitPlatformTestClassProcessor.java:124) ~[na:na]
    	at org.gradle.api.internal.tasks.testing.junitplatform.JUnitPlatformTestClassProcessor$CollectAllTestClassesExecutor.access$000(JUnitPlatformTestClassProcessor.java:99) ~[na:na]
    	at org.gradle.api.internal.tasks.testing.junitplatform.JUnitPlatformTestClassProcessor.stop(JUnitPlatformTestClassProcessor.java:94) ~[na:na]
    	at org.gradle.api.internal.tasks.testing.SuiteTestClassProcessor.stop(SuiteTestClassProcessor.java:63) ~[na:na]
    	at java.base/jdk.internal.reflect.DirectMethodHandleAccessor.invoke(DirectMethodHandleAccessor.java:103) ~[na:na]
    	at java.base/java.lang.reflect.Method.invoke(Method.java:580) ~[na:na]
    	at org.gradle.internal.dispatch.ReflectionDispatch.dispatch(ReflectionDispatch.java:36) ~[na:na]
    	at org.gradle.internal.dispatch.ReflectionDispatch.dispatch(ReflectionDispatch.java:24) ~[na:na]
    	at org.gradle.internal.dispatch.ContextClassLoaderDispatch.dispatch(ContextClassLoaderDispatch.java:33) ~[na:na]
    	at org.gradle.internal.dispatch.ProxyDispatchAdapter$DispatchingInvocationHandler.invoke(ProxyDispatchAdapter.java:92) ~[na:na]
    	at jdk.proxy1/jdk.proxy1.$Proxy4.stop(Unknown Source) ~[na:na]
    	at org.gradle.api.internal.tasks.testing.worker.TestWorker$3.run(TestWorker.java:200) ~[na:na]
    	at org.gradle.api.internal.tasks.testing.worker.TestWorker.executeAndMaintainThreadName(TestWorker.java:132) ~[na:na]
    	at org.gradle.api.internal.tasks.testing.worker.TestWorker.execute(TestWorker.java:103) ~[na:na]
    	at org.gradle.api.internal.tasks.testing.worker.TestWorker.execute(TestWorker.java:63) ~[na:na]
    	at org.gradle.process.internal.worker.child.ActionExecutionWorker.execute(ActionExecutionWorker.java:56) ~[na:na]
    	at org.gradle.process.internal.worker.child.SystemApplicationClassLoaderWorker.call(SystemApplicationClassLoaderWorker.java:121) ~[na:na]
    	at org.gradle.process.internal.worker.child.SystemApplicationClassLoaderWorker.call(SystemApplicationClassLoaderWorker.java:71) ~[na:na]
    	at worker.org.gradle.process.internal.worker.GradleWorkerMain.run(GradleWorkerMain.java:69) ~[gradle-worker.jar:na]
    	at worker.org.gradle.process.internal.worker.GradleWorkerMain.main(GradleWorkerMain.java:74) ~[gradle-worker.jar:na]


    MockHttpServletRequest:
          HTTP Method = POST
          Request URI = /api/reservations
           Parameters = {_csrf=[cLXgKgFdMPkERzObK2nWJ9Wieci-18Q9vLiR-h7XKIql2YuoFdPSSDhpBZspf1atGUTiQbDHVPCGsvYQhIyhnie2HbySvOmZ]}
              Headers = [Content-Type:"application/json;charset=UTF-8", X-User-Id:"1", Content-Length:"110"]
                 Body = {"spaceId":1,"reservationDate":"2026-05-01","startTime":"14:00:00","endTime":"16:00:00","validTimeRange":true}
        Session Attrs = {SPRING_SECURITY_CONTEXT=SecurityContextImpl [Authentication=UsernamePasswordAuthenticationToken [Principal=org.springframework.security.core.userdetails.User [Username=user, Password=[PROTECTED], Enabled=true, AccountNonExpired=true, CredentialsNonExpired=true, AccountNonLocked=true, Granted Authorities=[ROLE_USER]], Credentials=[PROTECTED], Authenticated=true, Details=null, Granted Authorities=[ROLE_USER]]]}

    Handler:
                 Type = com.coliving.reservation.adapter.in.web.ReservationController
               Method = com.coliving.reservation.adapter.in.web.ReservationController#createReservation(Authentication, ReservationCreateRequestDto)

    Async:
        Async started = false
         Async result = null

    Resolved Exception:
                 Type = java.lang.NumberFormatException

    ModelAndView:
            View name = null
                 View = null
                Model = null

    FlashMap:
           Attributes = null

    MockHttpServletResponse:
               Status = 500
        Error message = null
              Headers = [X-Correlation-Id:"7a245069-60ad-4a9d-af8a-d5a738dcb28f", Vary:"Origin", "Access-Control-Request-Method", "Access-Control-Request-Headers", Content-Type:"application/json", X-Content-Type-Options:"nosniff", X-XSS-Protection:"0", Cache-Control:"no-cache, no-store, max-age=0, must-revalidate", Pragma:"no-cache", Expires:"0", X-Frame-Options:"DENY"]
         Content type = application/json
                 Body = {"success":false,"message":"?쒕쾭 ?대? ?ㅻ쪟媛 諛쒖깮?덉뒿?덈떎","errorCode":"INTERNAL_SERVER_ERROR"}
        Forwarded URL = null
       Redirected URL = null
              Cookies = []

ReservationControllerTest > 以묐났 ?덉빟 諛쒖깮 ??409 Conflict ?먮윭 ?묐떟??諛섑솚?쒕떎 FAILED
    java.lang.AssertionError: Status expected:<409> but was:<500>
        at org.springframework.test.util.AssertionErrors.fail(AssertionErrors.java:59)
        at org.springframework.test.util.AssertionErrors.assertEquals(AssertionErrors.java:122)
        at org.springframework.test.web.servlet.result.StatusResultMatchers.lambda$matcher$9(StatusResultMatchers.java:637)
        at org.springframework.test.web.servlet.MockMvc$1.andExpect(MockMvc.java:214)
        at com.coliving.reservation.adapter.in.web.ReservationControllerTest.createReservation_Conflict(ReservationControllerTest.java:100)

ReservationControllerTest > ?덉빟 痍⑥냼 API POST /api/reservations/{id}/cancel ?몄텧 ??200??諛섑솚?쒕떎 STANDARD_OUT
    2026-04-13T12:41:36.011+09:00 ERROR 4752 --- [    Test worker] c.c.global.error.GlobalExceptionHandler  : Unhandled exception

    java.lang.NumberFormatException: For input string: "user"
    	at java.base/java.lang.NumberFormatException.forInputString(NumberFormatException.java:67) ~[na:na]
    	at java.base/java.lang.Long.parseLong(Long.java:709) ~[na:na]
    	at java.base/java.lang.Long.parseLong(Long.java:832) ~[na:na]
    	at com.coliving.reservation.adapter.in.web.ReservationController.cancelReservation(ReservationController.java:93) ~[main/:na]
    	at java.base/jdk.internal.reflect.DirectMethodHandleAccessor.invoke(DirectMethodHandleAccessor.java:103) ~[na:na]
    	at java.base/java.lang.reflect.Method.invoke(Method.java:580) ~[na:na]
    	at org.springframework.web.method.support.InvocableHandlerMethod.doInvoke(InvocableHandlerMethod.java:255) ~[spring-web-6.1.18.jar:6.1.18]
    	at org.springframework.web.method.support.InvocableHandlerMethod.invokeForRequest(InvocableHandlerMethod.java:188) ~[spring-web-6.1.18.jar:6.1.18]
    	at org.springframework.web.servlet.mvc.method.annotation.ServletInvocableHandlerMethod.invokeAndHandle(ServletInvocableHandlerMethod.java:118) ~[spring-webmvc-6.1.18.jar:6.1.18]
    	at org.springframework.web.servlet.mvc.method.annotation.RequestMappingHandlerAdapter.invokeHandlerMethod(RequestMappingHandlerAdapter.java:926) ~[spring-webmvc-6.1.18.jar:6.1.18]
    	at org.springframework.web.servlet.mvc.method.annotation.RequestMappingHandlerAdapter.handleInternal(RequestMappingHandlerAdapter.java:831) ~[spring-webmvc-6.1.18.jar:6.1.18]
    	at org.springframework.web.servlet.mvc.method.AbstractHandlerMethodAdapter.handle(AbstractHandlerMethodAdapter.java:87) ~[spring-webmvc-6.1.18.jar:6.1.18]
    	at org.springframework.web.servlet.DispatcherServlet.doDispatch(DispatcherServlet.java:1089) ~[spring-webmvc-6.1.18.jar:6.1.18]
    	at org.springframework.web.servlet.DispatcherServlet.doService(DispatcherServlet.java:979) ~[spring-webmvc-6.1.18.jar:6.1.18]
    	at org.springframework.web.servlet.FrameworkServlet.processRequest(FrameworkServlet.java:1014) ~[spring-webmvc-6.1.18.jar:6.1.18]
    	at org.springframework.web.servlet.FrameworkServlet.doPost(FrameworkServlet.java:914) ~[spring-webmvc-6.1.18.jar:6.1.18]
    	at jakarta.servlet.http.HttpServlet.service(HttpServlet.java:590) ~[tomcat-embed-core-10.1.39.jar:6.0]
    	at org.springframework.web.servlet.FrameworkServlet.service(FrameworkServlet.java:885) ~[spring-webmvc-6.1.18.jar:6.1.18]
    	at org.springframework.test.web.servlet.TestDispatcherServlet.service(TestDispatcherServlet.java:72) ~[spring-test-6.1.18.jar:6.1.18]
    	at jakarta.servlet.http.HttpServlet.service(HttpServlet.java:658) ~[tomcat-embed-core-10.1.39.jar:6.0]
    	at org.springframework.mock.web.MockFilterChain$ServletFilterProxy.doFilter(MockFilterChain.java:165) ~[spring-test-6.1.18.jar:6.1.18]
    	at org.springframework.mock.web.MockFilterChain.doFilter(MockFilterChain.java:132) ~[spring-test-6.1.18.jar:6.1.18]
    	at org.springframework.web.filter.CompositeFilter$VirtualFilterChain.doFilter(CompositeFilter.java:108) ~[spring-web-6.1.18.jar:6.1.18]
    	at org.springframework.security.web.FilterChainProxy.lambda$doFilterInternal$3(FilterChainProxy.java:231) ~[spring-security-web-6.3.8.jar:6.3.8]
    	at org.springframework.security.web.FilterChainProxy$VirtualFilterChain.doFilter(FilterChainProxy.java:365) ~[spring-security-web-6.3.8.jar:6.3.8]
    	at org.springframework.security.web.access.intercept.AuthorizationFilter.doFilter(AuthorizationFilter.java:100) ~[spring-security-web-6.3.8.jar:6.3.8]
    	at org.springframework.security.web.FilterChainProxy$VirtualFilterChain.doFilter(FilterChainProxy.java:374) ~[spring-security-web-6.3.8.jar:6.3.8]
    	at org.springframework.security.web.access.ExceptionTranslationFilter.doFilter(ExceptionTranslationFilter.java:126) ~[spring-security-web-6.3.8.jar:6.3.8]
    	at org.springframework.security.web.access.ExceptionTranslationFilter.doFilter(ExceptionTranslationFilter.java:120) ~[spring-security-web-6.3.8.jar:6.3.8]
    	at org.springframework.security.web.FilterChainProxy$VirtualFilterChain.doFilter(FilterChainProxy.java:374) ~[spring-security-web-6.3.8.jar:6.3.8]
    	at org.springframework.security.web.authentication.AnonymousAuthenticationFilter.doFilter(AnonymousAuthenticationFilter.java:100) ~[spring-security-web-6.3.8.jar:6.3.8]
    	at org.springframework.security.web.FilterChainProxy$VirtualFilterChain.doFilter(FilterChainProxy.java:374) ~[spring-security-web-6.3.8.jar:6.3.8]
    	at org.springframework.security.web.servletapi.SecurityContextHolderAwareRequestFilter.doFilter(SecurityContextHolderAwareRequestFilter.java:179) ~[spring-security-web-6.3.8.jar:6.3.8]
    	at org.springframework.security.web.FilterChainProxy$VirtualFilterChain.doFilter(FilterChainProxy.java:374) ~[spring-security-web-6.3.8.jar:6.3.8]
    	at org.springframework.security.web.savedrequest.RequestCacheAwareFilter.doFilter(RequestCacheAwareFilter.java:63) ~[spring-security-web-6.3.8.jar:6.3.8]
    	at org.springframework.security.web.FilterChainProxy$VirtualFilterChain.doFilter(FilterChainProxy.java:374) ~[spring-security-web-6.3.8.jar:6.3.8]
    	at org.springframework.security.web.authentication.www.BasicAuthenticationFilter.doFilterInternal(BasicAuthenticationFilter.java:181) ~[spring-security-web-6.3.8.jar:6.3.8]
    	at org.springframework.web.filter.OncePerRequestFilter.doFilter(OncePerRequestFilter.java:116) ~[spring-web-6.1.18.jar:6.1.18]
    	at org.springframework.security.web.FilterChainProxy$VirtualFilterChain.doFilter(FilterChainProxy.java:374) ~[spring-security-web-6.3.8.jar:6.3.8]
    	at org.springframework.security.web.authentication.ui.DefaultLogoutPageGeneratingFilter.doFilterInternal(DefaultLogoutPageGeneratingFilter.java:58) ~[spring-security-web-6.3.8.jar:6.3.8]
    	at org.springframework.web.filter.OncePerRequestFilter.doFilter(OncePerRequestFilter.java:116) ~[spring-web-6.1.18.jar:6.1.18]
    	at org.springframework.security.web.FilterChainProxy$VirtualFilterChain.doFilter(FilterChainProxy.java:374) ~[spring-security-web-6.3.8.jar:6.3.8]
    	at org.springframework.security.web.authentication.ui.DefaultLoginPageGeneratingFilter.doFilter(DefaultLoginPageGeneratingFilter.java:189) ~[spring-security-web-6.3.8.jar:6.3.8]
    	at org.springframework.security.web.authentication.ui.DefaultLoginPageGeneratingFilter.doFilter(DefaultLoginPageGeneratingFilter.java:175) ~[spring-security-web-6.3.8.jar:6.3.8]
    	at org.springframework.security.web.FilterChainProxy$VirtualFilterChain.doFilter(FilterChainProxy.java:374) ~[spring-security-web-6.3.8.jar:6.3.8]
    	at org.springframework.security.web.authentication.AbstractAuthenticationProcessingFilter.doFilter(AbstractAuthenticationProcessingFilter.java:227) ~[spring-security-web-6.3.8.jar:6.3.8]
    	at org.springframework.security.web.authentication.AbstractAuthenticationProcessingFilter.doFilter(AbstractAuthenticationProcessingFilter.java:221) ~[spring-security-web-6.3.8.jar:6.3.8]
    	at org.springframework.security.web.FilterChainProxy$VirtualFilterChain.doFilter(FilterChainProxy.java:374) ~[spring-security-web-6.3.8.jar:6.3.8]
    	at org.springframework.security.web.authentication.logout.LogoutFilter.doFilter(LogoutFilter.java:107) ~[spring-security-web-6.3.8.jar:6.3.8]
    	at org.springframework.security.web.authentication.logout.LogoutFilter.doFilter(LogoutFilter.java:93) ~[spring-security-web-6.3.8.jar:6.3.8]
    	at org.springframework.security.web.FilterChainProxy$VirtualFilterChain.doFilter(FilterChainProxy.java:374) ~[spring-security-web-6.3.8.jar:6.3.8]
    	at org.springframework.security.web.csrf.CsrfFilter.doFilterInternal(CsrfFilter.java:131) ~[spring-security-web-6.3.8.jar:6.3.8]
    	at org.springframework.web.filter.OncePerRequestFilter.doFilter(OncePerRequestFilter.java:116) ~[spring-web-6.1.18.jar:6.1.18]
    	at org.springframework.security.web.FilterChainProxy$VirtualFilterChain.doFilter(FilterChainProxy.java:374) ~[spring-security-web-6.3.8.jar:6.3.8]
    	at org.springframework.security.web.header.HeaderWriterFilter.doHeadersAfter(HeaderWriterFilter.java:90) ~[spring-security-web-6.3.8.jar:6.3.8]
    	at org.springframework.security.web.header.HeaderWriterFilter.doFilterInternal(HeaderWriterFilter.java:75) ~[spring-security-web-6.3.8.jar:6.3.8]
    	at org.springframework.web.filter.OncePerRequestFilter.doFilter(OncePerRequestFilter.java:116) ~[spring-web-6.1.18.jar:6.1.18]
    	at org.springframework.security.web.FilterChainProxy$VirtualFilterChain.doFilter(FilterChainProxy.java:374) ~[spring-security-web-6.3.8.jar:6.3.8]
    	at org.springframework.security.web.context.SecurityContextHolderFilter.doFilter(SecurityContextHolderFilter.java:82) ~[spring-security-web-6.3.8.jar:6.3.8]
    	at org.springframework.security.web.context.SecurityContextHolderFilter.doFilter(SecurityContextHolderFilter.java:69) ~[spring-security-web-6.3.8.jar:6.3.8]
    	at org.springframework.security.web.FilterChainProxy$VirtualFilterChain.doFilter(FilterChainProxy.java:374) ~[spring-security-web-6.3.8.jar:6.3.8]
    	at org.springframework.security.web.context.request.async.WebAsyncManagerIntegrationFilter.doFilterInternal(WebAsyncManagerIntegrationFilter.java:62) ~[spring-security-web-6.3.8.jar:6.3.8]
    	at org.springframework.web.filter.OncePerRequestFilter.doFilter(OncePerRequestFilter.java:116) ~[spring-web-6.1.18.jar:6.1.18]
    	at org.springframework.security.web.FilterChainProxy$VirtualFilterChain.doFilter(FilterChainProxy.java:374) ~[spring-security-web-6.3.8.jar:6.3.8]
    	at org.springframework.security.web.session.DisableEncodeUrlFilter.doFilterInternal(DisableEncodeUrlFilter.java:42) ~[spring-security-web-6.3.8.jar:6.3.8]
    	at org.springframework.web.filter.OncePerRequestFilter.doFilter(OncePerRequestFilter.java:116) ~[spring-web-6.1.18.jar:6.1.18]
    	at org.springframework.security.web.FilterChainProxy$VirtualFilterChain.doFilter(FilterChainProxy.java:374) ~[spring-security-web-6.3.8.jar:6.3.8]
    	at org.springframework.security.web.FilterChainProxy.doFilterInternal(FilterChainProxy.java:233) ~[spring-security-web-6.3.8.jar:6.3.8]
    	at org.springframework.security.web.FilterChainProxy.doFilter(FilterChainProxy.java:191) ~[spring-security-web-6.3.8.jar:6.3.8]
    	at org.springframework.web.filter.CompositeFilter$VirtualFilterChain.doFilter(CompositeFilter.java:113) ~[spring-web-6.1.18.jar:6.1.18]
    	at org.springframework.web.servlet.handler.HandlerMappingIntrospector.lambda$createCacheFilter$3(HandlerMappingIntrospector.java:195) ~[spring-webmvc-6.1.18.jar:6.1.18]
    	at org.springframework.web.filter.CompositeFilter$VirtualFilterChain.doFilter(CompositeFilter.java:113) ~[spring-web-6.1.18.jar:6.1.18]
    	at org.springframework.web.filter.CompositeFilter.doFilter(CompositeFilter.java:74) ~[spring-web-6.1.18.jar:6.1.18]
    	at org.springframework.security.config.annotation.web.configuration.WebMvcSecurityConfiguration$CompositeFilterChainProxy.doFilter(WebMvcSecurityConfiguration.java:230) ~[spring-security-config-6.3.8.jar:6.3.8]
    	at org.springframework.web.filter.DelegatingFilterProxy.invokeDelegate(DelegatingFilterProxy.java:362) ~[spring-web-6.1.18.jar:6.1.18]
    	at org.springframework.web.filter.DelegatingFilterProxy.doFilter(DelegatingFilterProxy.java:278) ~[spring-web-6.1.18.jar:6.1.18]
    	at org.springframework.test.web.servlet.setup.MockMvcFilterDecorator.doFilter(MockMvcFilterDecorator.java:151) ~[spring-test-6.1.18.jar:6.1.18]
    	at org.springframework.mock.web.MockFilterChain.doFilter(MockFilterChain.java:132) ~[spring-test-6.1.18.jar:6.1.18]
    	at org.springframework.web.filter.RequestContextFilter.doFilterInternal(RequestContextFilter.java:100) ~[spring-web-6.1.18.jar:6.1.18]
    	at org.springframework.web.filter.OncePerRequestFilter.doFilter(OncePerRequestFilter.java:116) ~[spring-web-6.1.18.jar:6.1.18]
    	at org.springframework.test.web.servlet.setup.MockMvcFilterDecorator.doFilter(MockMvcFilterDecorator.java:151) ~[spring-test-6.1.18.jar:6.1.18]
    	at org.springframework.mock.web.MockFilterChain.doFilter(MockFilterChain.java:132) ~[spring-test-6.1.18.jar:6.1.18]
    	at org.springframework.web.filter.FormContentFilter.doFilterInternal(FormContentFilter.java:93) ~[spring-web-6.1.18.jar:6.1.18]
    	at org.springframework.web.filter.OncePerRequestFilter.doFilter(OncePerRequestFilter.java:116) ~[spring-web-6.1.18.jar:6.1.18]
    	at org.springframework.test.web.servlet.setup.MockMvcFilterDecorator.doFilter(MockMvcFilterDecorator.java:151) ~[spring-test-6.1.18.jar:6.1.18]
    	at org.springframework.mock.web.MockFilterChain.doFilter(MockFilterChain.java:132) ~[spring-test-6.1.18.jar:6.1.18]
    	at org.springframework.web.filter.CharacterEncodingFilter.doFilterInternal(CharacterEncodingFilter.java:201) ~[spring-web-6.1.18.jar:6.1.18]
    	at org.springframework.web.filter.OncePerRequestFilter.doFilter(OncePerRequestFilter.java:116) ~[spring-web-6.1.18.jar:6.1.18]
    	at org.springframework.test.web.servlet.setup.MockMvcFilterDecorator.doFilter(MockMvcFilterDecorator.java:151) ~[spring-test-6.1.18.jar:6.1.18]
    	at org.springframework.mock.web.MockFilterChain.doFilter(MockFilterChain.java:132) ~[spring-test-6.1.18.jar:6.1.18]
    	at com.coliving.global.filter.CorrelationIdFilter.doFilterInternal(CorrelationIdFilter.java:38) ~[main/:na]
    	at org.springframework.web.filter.OncePerRequestFilter.doFilter(OncePerRequestFilter.java:116) ~[spring-web-6.1.18.jar:6.1.18]
    	at org.springframework.test.web.servlet.setup.MockMvcFilterDecorator.doFilter(MockMvcFilterDecorator.java:151) ~[spring-test-6.1.18.jar:6.1.18]
    	at org.springframework.mock.web.MockFilterChain.doFilter(MockFilterChain.java:132) ~[spring-test-6.1.18.jar:6.1.18]
    	at org.springframework.test.web.servlet.MockMvc.perform(MockMvc.java:201) ~[spring-test-6.1.18.jar:6.1.18]
    	at com.coliving.reservation.adapter.in.web.ReservationControllerTest.cancelReservation_Success(ReservationControllerTest.java:132) ~[test/:na]
    	at java.base/jdk.internal.reflect.DirectMethodHandleAccessor.invoke(DirectMethodHandleAccessor.java:103) ~[na:na]
    	at java.base/java.lang.reflect.Method.invoke(Method.java:580) ~[na:na]
    	at org.junit.platform.commons.util.ReflectionUtils.invokeMethod(ReflectionUtils.java:728) ~[junit-platform-commons-1.10.5.jar:1.10.5]
    	at org.junit.jupiter.engine.execution.MethodInvocation.proceed(MethodInvocation.java:60) ~[junit-jupiter-engine-5.10.5.jar:5.10.5]
    	at org.junit.jupiter.engine.execution.InvocationInterceptorChain$ValidatingInvocation.proceed(InvocationInterceptorChain.java:131) ~[junit-jupiter-engine-5.10.5.jar:5.10.5]
    	at org.junit.jupiter.engine.extension.TimeoutExtension.intercept(TimeoutExtension.java:156) ~[junit-jupiter-engine-5.10.5.jar:5.10.5]
    	at org.junit.jupiter.engine.extension.TimeoutExtension.interceptTestableMethod(TimeoutExtension.java:147) ~[junit-jupiter-engine-5.10.5.jar:5.10.5]
    	at org.junit.jupiter.engine.extension.TimeoutExtension.interceptTestMethod(TimeoutExtension.java:86) ~[junit-jupiter-engine-5.10.5.jar:5.10.5]
    	at org.junit.jupiter.engine.execution.InterceptingExecutableInvoker$ReflectiveInterceptorCall.lambda$ofVoidMethod$0(InterceptingExecutableInvoker.java:103) ~[junit-jupiter-engine-5.10.5.jar:5.10.5]
    	at org.junit.jupiter.engine.execution.InterceptingExecutableInvoker.lambda$invoke$0(InterceptingExecutableInvoker.java:93) ~[junit-jupiter-engine-5.10.5.jar:5.10.5]
    	at org.junit.jupiter.engine.execution.InvocationInterceptorChain$InterceptedInvocation.proceed(InvocationInterceptorChain.java:106) ~[junit-jupiter-engine-5.10.5.jar:5.10.5]
    	at org.junit.jupiter.engine.execution.InvocationInterceptorChain.proceed(InvocationInterceptorChain.java:64) ~[junit-jupiter-engine-5.10.5.jar:5.10.5]
    	at org.junit.jupiter.engine.execution.InvocationInterceptorChain.chainAndInvoke(InvocationInterceptorChain.java:45) ~[junit-jupiter-engine-5.10.5.jar:5.10.5]
    	at org.junit.jupiter.engine.execution.InvocationInterceptorChain.invoke(InvocationInterceptorChain.java:37) ~[junit-jupiter-engine-5.10.5.jar:5.10.5]
    	at org.junit.jupiter.engine.execution.InterceptingExecutableInvoker.invoke(InterceptingExecutableInvoker.java:92) ~[junit-jupiter-engine-5.10.5.jar:5.10.5]
    	at org.junit.jupiter.engine.execution.InterceptingExecutableInvoker.invoke(InterceptingExecutableInvoker.java:86) ~[junit-jupiter-engine-5.10.5.jar:5.10.5]
    	at org.junit.jupiter.engine.descriptor.TestMethodTestDescriptor.lambda$invokeTestMethod$7(TestMethodTestDescriptor.java:218) ~[junit-jupiter-engine-5.10.5.jar:5.10.5]
    	at org.junit.platform.engine.support.hierarchical.ThrowableCollector.execute(ThrowableCollector.java:73) ~[junit-platform-engine-1.10.5.jar:1.10.5]
    	at org.junit.jupiter.engine.descriptor.TestMethodTestDescriptor.invokeTestMethod(TestMethodTestDescriptor.java:214) ~[junit-jupiter-engine-5.10.5.jar:5.10.5]
    	at org.junit.jupiter.engine.descriptor.TestMethodTestDescriptor.execute(TestMethodTestDescriptor.java:139) ~[junit-jupiter-engine-5.10.5.jar:5.10.5]
    	at org.junit.jupiter.engine.descriptor.TestMethodTestDescriptor.execute(TestMethodTestDescriptor.java:69) ~[junit-jupiter-engine-5.10.5.jar:5.10.5]
    	at org.junit.platform.engine.support.hierarchical.NodeTestTask.lambda$executeRecursively$6(NodeTestTask.java:156) ~[junit-platform-engine-1.10.5.jar:1.10.5]
    	at org.junit.platform.engine.support.hierarchical.ThrowableCollector.execute(ThrowableCollector.java:73) ~[junit-platform-engine-1.10.5.jar:1.10.5]
    	at org.junit.platform.engine.support.hierarchical.NodeTestTask.lambda$executeRecursively$8(NodeTestTask.java:146) ~[junit-platform-engine-1.10.5.jar:1.10.5]
    	at org.junit.platform.engine.support.hierarchical.Node.around(Node.java:137) ~[junit-platform-engine-1.10.5.jar:1.10.5]
    	at org.junit.platform.engine.support.hierarchical.NodeTestTask.lambda$executeRecursively$9(NodeTestTask.java:144) ~[junit-platform-engine-1.10.5.jar:1.10.5]
    	at org.junit.platform.engine.support.hierarchical.ThrowableCollector.execute(ThrowableCollector.java:73) ~[junit-platform-engine-1.10.5.jar:1.10.5]
    	at org.junit.platform.engine.support.hierarchical.NodeTestTask.executeRecursively(NodeTestTask.java:143) ~[junit-platform-engine-1.10.5.jar:1.10.5]
    	at org.junit.platform.engine.support.hierarchical.NodeTestTask.execute(NodeTestTask.java:100) ~[junit-platform-engine-1.10.5.jar:1.10.5]
    	at java.base/java.util.ArrayList.forEach(ArrayList.java:1596) ~[na:na]
    	at org.junit.platform.engine.support.hierarchical.SameThreadHierarchicalTestExecutorService.invokeAll(SameThreadHierarchicalTestExecutorService.java:41) ~[junit-platform-engine-1.10.5.jar:1.10.5]
    	at org.junit.platform.engine.support.hierarchical.NodeTestTask.lambda$executeRecursively$6(NodeTestTask.java:160) ~[junit-platform-engine-1.10.5.jar:1.10.5]
    	at org.junit.platform.engine.support.hierarchical.ThrowableCollector.execute(ThrowableCollector.java:73) ~[junit-platform-engine-1.10.5.jar:1.10.5]
    	at org.junit.platform.engine.support.hierarchical.NodeTestTask.lambda$executeRecursively$8(NodeTestTask.java:146) ~[junit-platform-engine-1.10.5.jar:1.10.5]
    	at org.junit.platform.engine.support.hierarchical.Node.around(Node.java:137) ~[junit-platform-engine-1.10.5.jar:1.10.5]
    	at org.junit.platform.engine.support.hierarchical.NodeTestTask.lambda$executeRecursively$9(NodeTestTask.java:144) ~[junit-platform-engine-1.10.5.jar:1.10.5]
    	at org.junit.platform.engine.support.hierarchical.ThrowableCollector.execute(ThrowableCollector.java:73) ~[junit-platform-engine-1.10.5.jar:1.10.5]
    	at org.junit.platform.engine.support.hierarchical.NodeTestTask.executeRecursively(NodeTestTask.java:143) ~[junit-platform-engine-1.10.5.jar:1.10.5]
    	at org.junit.platform.engine.support.hierarchical.NodeTestTask.execute(NodeTestTask.java:100) ~[junit-platform-engine-1.10.5.jar:1.10.5]
    	at java.base/java.util.ArrayList.forEach(ArrayList.java:1596) ~[na:na]
    	at org.junit.platform.engine.support.hierarchical.SameThreadHierarchicalTestExecutorService.invokeAll(SameThreadHierarchicalTestExecutorService.java:41) ~[junit-platform-engine-1.10.5.jar:1.10.5]
    	at org.junit.platform.engine.support.hierarchical.NodeTestTask.lambda$executeRecursively$6(NodeTestTask.java:160) ~[junit-platform-engine-1.10.5.jar:1.10.5]
    	at org.junit.platform.engine.support.hierarchical.ThrowableCollector.execute(ThrowableCollector.java:73) ~[junit-platform-engine-1.10.5.jar:1.10.5]
    	at org.junit.platform.engine.support.hierarchical.NodeTestTask.lambda$executeRecursively$8(NodeTestTask.java:146) ~[junit-platform-engine-1.10.5.jar:1.10.5]
    	at org.junit.platform.engine.support.hierarchical.Node.around(Node.java:137) ~[junit-platform-engine-1.10.5.jar:1.10.5]
    	at org.junit.platform.engine.support.hierarchical.NodeTestTask.lambda$executeRecursively$9(NodeTestTask.java:144) ~[junit-platform-engine-1.10.5.jar:1.10.5]
    	at org.junit.platform.engine.support.hierarchical.ThrowableCollector.execute(ThrowableCollector.java:73) ~[junit-platform-engine-1.10.5.jar:1.10.5]
    	at org.junit.platform.engine.support.hierarchical.NodeTestTask.executeRecursively(NodeTestTask.java:143) ~[junit-platform-engine-1.10.5.jar:1.10.5]
    	at org.junit.platform.engine.support.hierarchical.NodeTestTask.execute(NodeTestTask.java:100) ~[junit-platform-engine-1.10.5.jar:1.10.5]
    	at org.junit.platform.engine.support.hierarchical.SameThreadHierarchicalTestExecutorService.submit(SameThreadHierarchicalTestExecutorService.java:35) ~[junit-platform-engine-1.10.5.jar:1.10.5]
    	at org.junit.platform.engine.support.hierarchical.HierarchicalTestExecutor.execute(HierarchicalTestExecutor.java:57) ~[junit-platform-engine-1.10.5.jar:1.10.5]
    	at org.junit.platform.engine.support.hierarchical.HierarchicalTestEngine.execute(HierarchicalTestEngine.java:54) ~[junit-platform-engine-1.10.5.jar:1.10.5]
    	at org.junit.platform.launcher.core.EngineExecutionOrchestrator.execute(EngineExecutionOrchestrator.java:198) ~[junit-platform-launcher-1.10.5.jar:1.10.5]
    	at org.junit.platform.launcher.core.EngineExecutionOrchestrator.execute(EngineExecutionOrchestrator.java:169) ~[junit-platform-launcher-1.10.5.jar:1.10.5]
    	at org.junit.platform.launcher.core.EngineExecutionOrchestrator.execute(EngineExecutionOrchestrator.java:93) ~[junit-platform-launcher-1.10.5.jar:1.10.5]
    	at org.junit.platform.launcher.core.EngineExecutionOrchestrator.lambda$execute$0(EngineExecutionOrchestrator.java:58) ~[junit-platform-launcher-1.10.5.jar:1.10.5]
    	at org.junit.platform.launcher.core.EngineExecutionOrchestrator.withInterceptedStreams(EngineExecutionOrchestrator.java:141) ~[junit-platform-launcher-1.10.5.jar:1.10.5]
    	at org.junit.platform.launcher.core.EngineExecutionOrchestrator.execute(EngineExecutionOrchestrator.java:57) ~[junit-platform-launcher-1.10.5.jar:1.10.5]
    	at org.junit.platform.launcher.core.DefaultLauncher.execute(DefaultLauncher.java:103) ~[junit-platform-launcher-1.10.5.jar:1.10.5]
    	at org.junit.platform.launcher.core.DefaultLauncher.execute(DefaultLauncher.java:85) ~[junit-platform-launcher-1.10.5.jar:1.10.5]
    	at org.junit.platform.launcher.core.DelegatingLauncher.execute(DelegatingLauncher.java:47) ~[junit-platform-launcher-1.10.5.jar:1.10.5]
    	at org.gradle.api.internal.tasks.testing.junitplatform.JUnitPlatformTestClassProcessor$CollectAllTestClassesExecutor.processAllTestClasses(JUnitPlatformTestClassProcessor.java:124) ~[na:na]
    	at org.gradle.api.internal.tasks.testing.junitplatform.JUnitPlatformTestClassProcessor$CollectAllTestClassesExecutor.access$000(JUnitPlatformTestClassProcessor.java:99) ~[na:na]
    	at org.gradle.api.internal.tasks.testing.junitplatform.JUnitPlatformTestClassProcessor.stop(JUnitPlatformTestClassProcessor.java:94) ~[na:na]
    	at org.gradle.api.internal.tasks.testing.SuiteTestClassProcessor.stop(SuiteTestClassProcessor.java:63) ~[na:na]
    	at java.base/jdk.internal.reflect.DirectMethodHandleAccessor.invoke(DirectMethodHandleAccessor.java:103) ~[na:na]
    	at java.base/java.lang.reflect.Method.invoke(Method.java:580) ~[na:na]
    	at org.gradle.internal.dispatch.ReflectionDispatch.dispatch(ReflectionDispatch.java:36) ~[na:na]
    	at org.gradle.internal.dispatch.ReflectionDispatch.dispatch(ReflectionDispatch.java:24) ~[na:na]
    	at org.gradle.internal.dispatch.ContextClassLoaderDispatch.dispatch(ContextClassLoaderDispatch.java:33) ~[na:na]
    	at org.gradle.internal.dispatch.ProxyDispatchAdapter$DispatchingInvocationHandler.invoke(ProxyDispatchAdapter.java:92) ~[na:na]
    	at jdk.proxy1/jdk.proxy1.$Proxy4.stop(Unknown Source) ~[na:na]
    	at org.gradle.api.internal.tasks.testing.worker.TestWorker$3.run(TestWorker.java:200) ~[na:na]
    	at org.gradle.api.internal.tasks.testing.worker.TestWorker.executeAndMaintainThreadName(TestWorker.java:132) ~[na:na]
    	at org.gradle.api.internal.tasks.testing.worker.TestWorker.execute(TestWorker.java:103) ~[na:na]
    	at org.gradle.api.internal.tasks.testing.worker.TestWorker.execute(TestWorker.java:63) ~[na:na]
    	at org.gradle.process.internal.worker.child.ActionExecutionWorker.execute(ActionExecutionWorker.java:56) ~[na:na]
    	at org.gradle.process.internal.worker.child.SystemApplicationClassLoaderWorker.call(SystemApplicationClassLoaderWorker.java:121) ~[na:na]
    	at org.gradle.process.internal.worker.child.SystemApplicationClassLoaderWorker.call(SystemApplicationClassLoaderWorker.java:71) ~[na:na]
    	at worker.org.gradle.process.internal.worker.GradleWorkerMain.run(GradleWorkerMain.java:69) ~[gradle-worker.jar:na]
    	at worker.org.gradle.process.internal.worker.GradleWorkerMain.main(GradleWorkerMain.java:74) ~[gradle-worker.jar:na]


    MockHttpServletRequest:
          HTTP Method = POST
          Request URI = /api/reservations/999/cancel
           Parameters = {_csrf=[IfauHVDlMiA--NKcABaF8oPc9kFt9wlTUnp3BYidGjD-y_8HGcbILzOHBkYTnbCvODuxxeDo23hflTp-Z0hBY7qtLALP-J03]}
              Headers = [X-User-Id:"1"]
                 Body = null
        Session Attrs = {SPRING_SECURITY_CONTEXT=SecurityContextImpl [Authentication=UsernamePasswordAuthenticationToken [Principal=org.springframework.security.core.userdetails.User [Username=user, Password=[PROTECTED], Enabled=true, AccountNonExpired=true, CredentialsNonExpired=true, AccountNonLocked=true, Granted Authorities=[ROLE_USER]], Credentials=[PROTECTED], Authenticated=true, Details=null, Granted Authorities=[ROLE_USER]]]}

    Handler:
                 Type = com.coliving.reservation.adapter.in.web.ReservationController
               Method = com.coliving.reservation.adapter.in.web.ReservationController#cancelReservation(Authentication, Long)

    Async:
        Async started = false
         Async result = null

    Resolved Exception:
                 Type = java.lang.NumberFormatException

    ModelAndView:
            View name = null
                 View = null
                Model = null

    FlashMap:
           Attributes = null

    MockHttpServletResponse:
               Status = 500
        Error message = null
              Headers = [X-Correlation-Id:"292f0695-0789-424b-8769-1b3c7bf0fd38", Vary:"Origin", "Access-Control-Request-Method", "Access-Control-Request-Headers", Content-Type:"application/json", X-Content-Type-Options:"nosniff", X-XSS-Protection:"0", Cache-Control:"no-cache, no-store, max-age=0, must-revalidate", Pragma:"no-cache", Expires:"0", X-Frame-Options:"DENY"]
         Content type = application/json
                 Body = {"success":false,"message":"?쒕쾭 ?대? ?ㅻ쪟媛 諛쒖깮?덉뒿?덈떎","errorCode":"INTERNAL_SERVER_ERROR"}
        Forwarded URL = null
       Redirected URL = null
              Cookies = []

ReservationControllerTest > ?덉빟 痍⑥냼 API POST /api/reservations/{id}/cancel ?몄텧 ??200??諛섑솚?쒕떎 FAILED
    java.lang.AssertionError: Status expected:<200> but was:<500>
        at org.springframework.test.util.AssertionErrors.fail(AssertionErrors.java:59)
        at org.springframework.test.util.AssertionErrors.assertEquals(AssertionErrors.java:122)
        at org.springframework.test.web.servlet.result.StatusResultMatchers.lambda$matcher$9(StatusResultMatchers.java:637)
        at org.springframework.test.web.servlet.MockMvc$1.andExpect(MockMvc.java:214)
        at com.coliving.reservation.adapter.in.web.ReservationControllerTest.cancelReservation_Success(ReservationControllerTest.java:135)

ReservationControllerTest > 蹂몄씤???덉빟 ?댁뿭??GET /api/reservations/my 濡?議고쉶?????덈떎 STANDARD_OUT
    2026-04-13T12:41:36.038+09:00 ERROR 4752 --- [    Test worker] c.c.global.error.GlobalExceptionHandler  : Unhandled exception

    java.lang.NumberFormatException: For input string: "user"
    	at java.base/java.lang.NumberFormatException.forInputString(NumberFormatException.java:67) ~[na:na]
    	at java.base/java.lang.Long.parseLong(Long.java:709) ~[na:na]
    	at java.base/java.lang.Long.parseLong(Long.java:832) ~[na:na]
    	at com.coliving.reservation.adapter.in.web.ReservationController.getMyReservations(ReservationController.java:50) ~[main/:na]
    	at java.base/jdk.internal.reflect.DirectMethodHandleAccessor.invoke(DirectMethodHandleAccessor.java:103) ~[na:na]
    	at java.base/java.lang.reflect.Method.invoke(Method.java:580) ~[na:na]
    	at org.springframework.web.method.support.InvocableHandlerMethod.doInvoke(InvocableHandlerMethod.java:255) ~[spring-web-6.1.18.jar:6.1.18]
    	at org.springframework.web.method.support.InvocableHandlerMethod.invokeForRequest(InvocableHandlerMethod.java:188) ~[spring-web-6.1.18.jar:6.1.18]
    	at org.springframework.web.servlet.mvc.method.annotation.ServletInvocableHandlerMethod.invokeAndHandle(ServletInvocableHandlerMethod.java:118) ~[spring-webmvc-6.1.18.jar:6.1.18]
    	at org.springframework.web.servlet.mvc.method.annotation.RequestMappingHandlerAdapter.invokeHandlerMethod(RequestMappingHandlerAdapter.java:926) ~[spring-webmvc-6.1.18.jar:6.1.18]
    	at org.springframework.web.servlet.mvc.method.annotation.RequestMappingHandlerAdapter.handleInternal(RequestMappingHandlerAdapter.java:831) ~[spring-webmvc-6.1.18.jar:6.1.18]
    	at org.springframework.web.servlet.mvc.method.AbstractHandlerMethodAdapter.handle(AbstractHandlerMethodAdapter.java:87) ~[spring-webmvc-6.1.18.jar:6.1.18]
    	at org.springframework.web.servlet.DispatcherServlet.doDispatch(DispatcherServlet.java:1089) ~[spring-webmvc-6.1.18.jar:6.1.18]
    	at org.springframework.web.servlet.DispatcherServlet.doService(DispatcherServlet.java:979) ~[spring-webmvc-6.1.18.jar:6.1.18]
    	at org.springframework.web.servlet.FrameworkServlet.processRequest(FrameworkServlet.java:1014) ~[spring-webmvc-6.1.18.jar:6.1.18]
    	at org.springframework.web.servlet.FrameworkServlet.doGet(FrameworkServlet.java:903) ~[spring-webmvc-6.1.18.jar:6.1.18]
    	at jakarta.servlet.http.HttpServlet.service(HttpServlet.java:564) ~[tomcat-embed-core-10.1.39.jar:6.0]
    	at org.springframework.web.servlet.FrameworkServlet.service(FrameworkServlet.java:885) ~[spring-webmvc-6.1.18.jar:6.1.18]
    	at org.springframework.test.web.servlet.TestDispatcherServlet.service(TestDispatcherServlet.java:72) ~[spring-test-6.1.18.jar:6.1.18]
    	at jakarta.servlet.http.HttpServlet.service(HttpServlet.java:658) ~[tomcat-embed-core-10.1.39.jar:6.0]
    	at org.springframework.mock.web.MockFilterChain$ServletFilterProxy.doFilter(MockFilterChain.java:165) ~[spring-test-6.1.18.jar:6.1.18]
    	at org.springframework.mock.web.MockFilterChain.doFilter(MockFilterChain.java:132) ~[spring-test-6.1.18.jar:6.1.18]
    	at org.springframework.web.filter.CompositeFilter$VirtualFilterChain.doFilter(CompositeFilter.java:108) ~[spring-web-6.1.18.jar:6.1.18]
    	at org.springframework.security.web.FilterChainProxy.lambda$doFilterInternal$3(FilterChainProxy.java:231) ~[spring-security-web-6.3.8.jar:6.3.8]
    	at org.springframework.security.web.FilterChainProxy$VirtualFilterChain.doFilter(FilterChainProxy.java:365) ~[spring-security-web-6.3.8.jar:6.3.8]
    	at org.springframework.security.web.access.intercept.AuthorizationFilter.doFilter(AuthorizationFilter.java:100) ~[spring-security-web-6.3.8.jar:6.3.8]
    	at org.springframework.security.web.FilterChainProxy$VirtualFilterChain.doFilter(FilterChainProxy.java:374) ~[spring-security-web-6.3.8.jar:6.3.8]
    	at org.springframework.security.web.access.ExceptionTranslationFilter.doFilter(ExceptionTranslationFilter.java:126) ~[spring-security-web-6.3.8.jar:6.3.8]
    	at org.springframework.security.web.access.ExceptionTranslationFilter.doFilter(ExceptionTranslationFilter.java:120) ~[spring-security-web-6.3.8.jar:6.3.8]
    	at org.springframework.security.web.FilterChainProxy$VirtualFilterChain.doFilter(FilterChainProxy.java:374) ~[spring-security-web-6.3.8.jar:6.3.8]
    	at org.springframework.security.web.authentication.AnonymousAuthenticationFilter.doFilter(AnonymousAuthenticationFilter.java:100) ~[spring-security-web-6.3.8.jar:6.3.8]
    	at org.springframework.security.web.FilterChainProxy$VirtualFilterChain.doFilter(FilterChainProxy.java:374) ~[spring-security-web-6.3.8.jar:6.3.8]
    	at org.springframework.security.web.servletapi.SecurityContextHolderAwareRequestFilter.doFilter(SecurityContextHolderAwareRequestFilter.java:179) ~[spring-security-web-6.3.8.jar:6.3.8]
    	at org.springframework.security.web.FilterChainProxy$VirtualFilterChain.doFilter(FilterChainProxy.java:374) ~[spring-security-web-6.3.8.jar:6.3.8]
    	at org.springframework.security.web.savedrequest.RequestCacheAwareFilter.doFilter(RequestCacheAwareFilter.java:63) ~[spring-security-web-6.3.8.jar:6.3.8]
    	at org.springframework.security.web.FilterChainProxy$VirtualFilterChain.doFilter(FilterChainProxy.java:374) ~[spring-security-web-6.3.8.jar:6.3.8]
    	at org.springframework.security.web.authentication.www.BasicAuthenticationFilter.doFilterInternal(BasicAuthenticationFilter.java:181) ~[spring-security-web-6.3.8.jar:6.3.8]
    	at org.springframework.web.filter.OncePerRequestFilter.doFilter(OncePerRequestFilter.java:116) ~[spring-web-6.1.18.jar:6.1.18]
    	at org.springframework.security.web.FilterChainProxy$VirtualFilterChain.doFilter(FilterChainProxy.java:374) ~[spring-security-web-6.3.8.jar:6.3.8]
    	at org.springframework.security.web.authentication.ui.DefaultLogoutPageGeneratingFilter.doFilterInternal(DefaultLogoutPageGeneratingFilter.java:58) ~[spring-security-web-6.3.8.jar:6.3.8]
    	at org.springframework.web.filter.OncePerRequestFilter.doFilter(OncePerRequestFilter.java:116) ~[spring-web-6.1.18.jar:6.1.18]
    	at org.springframework.security.web.FilterChainProxy$VirtualFilterChain.doFilter(FilterChainProxy.java:374) ~[spring-security-web-6.3.8.jar:6.3.8]
    	at org.springframework.security.web.authentication.ui.DefaultLoginPageGeneratingFilter.doFilter(DefaultLoginPageGeneratingFilter.java:189) ~[spring-security-web-6.3.8.jar:6.3.8]
    	at org.springframework.security.web.authentication.ui.DefaultLoginPageGeneratingFilter.doFilter(DefaultLoginPageGeneratingFilter.java:175) ~[spring-security-web-6.3.8.jar:6.3.8]
    	at org.springframework.security.web.FilterChainProxy$VirtualFilterChain.doFilter(FilterChainProxy.java:374) ~[spring-security-web-6.3.8.jar:6.3.8]
    	at org.springframework.security.web.authentication.AbstractAuthenticationProcessingFilter.doFilter(AbstractAuthenticationProcessingFilter.java:227) ~[spring-security-web-6.3.8.jar:6.3.8]
    	at org.springframework.security.web.authentication.AbstractAuthenticationProcessingFilter.doFilter(AbstractAuthenticationProcessingFilter.java:221) ~[spring-security-web-6.3.8.jar:6.3.8]
    	at org.springframework.security.web.FilterChainProxy$VirtualFilterChain.doFilter(FilterChainProxy.java:374) ~[spring-security-web-6.3.8.jar:6.3.8]
    	at org.springframework.security.web.authentication.logout.LogoutFilter.doFilter(LogoutFilter.java:107) ~[spring-security-web-6.3.8.jar:6.3.8]
    	at org.springframework.security.web.authentication.logout.LogoutFilter.doFilter(LogoutFilter.java:93) ~[spring-security-web-6.3.8.jar:6.3.8]
    	at org.springframework.security.web.FilterChainProxy$VirtualFilterChain.doFilter(FilterChainProxy.java:374) ~[spring-security-web-6.3.8.jar:6.3.8]
    	at org.springframework.security.web.csrf.CsrfFilter.doFilterInternal(CsrfFilter.java:117) ~[spring-security-web-6.3.8.jar:6.3.8]
    	at org.springframework.web.filter.OncePerRequestFilter.doFilter(OncePerRequestFilter.java:116) ~[spring-web-6.1.18.jar:6.1.18]
    	at org.springframework.security.web.FilterChainProxy$VirtualFilterChain.doFilter(FilterChainProxy.java:374) ~[spring-security-web-6.3.8.jar:6.3.8]
    	at org.springframework.security.web.header.HeaderWriterFilter.doHeadersAfter(HeaderWriterFilter.java:90) ~[spring-security-web-6.3.8.jar:6.3.8]
    	at org.springframework.security.web.header.HeaderWriterFilter.doFilterInternal(HeaderWriterFilter.java:75) ~[spring-security-web-6.3.8.jar:6.3.8]
    	at org.springframework.web.filter.OncePerRequestFilter.doFilter(OncePerRequestFilter.java:116) ~[spring-web-6.1.18.jar:6.1.18]
    	at org.springframework.security.web.FilterChainProxy$VirtualFilterChain.doFilter(FilterChainProxy.java:374) ~[spring-security-web-6.3.8.jar:6.3.8]
    	at org.springframework.security.web.context.SecurityContextHolderFilter.doFilter(SecurityContextHolderFilter.java:82) ~[spring-security-web-6.3.8.jar:6.3.8]
    	at org.springframework.security.web.context.SecurityContextHolderFilter.doFilter(SecurityContextHolderFilter.java:69) ~[spring-security-web-6.3.8.jar:6.3.8]
    	at org.springframework.security.web.FilterChainProxy$VirtualFilterChain.doFilter(FilterChainProxy.java:374) ~[spring-security-web-6.3.8.jar:6.3.8]
    	at org.springframework.security.web.context.request.async.WebAsyncManagerIntegrationFilter.doFilterInternal(WebAsyncManagerIntegrationFilter.java:62) ~[spring-security-web-6.3.8.jar:6.3.8]
    	at org.springframework.web.filter.OncePerRequestFilter.doFilter(OncePerRequestFilter.java:116) ~[spring-web-6.1.18.jar:6.1.18]
    	at org.springframework.security.web.FilterChainProxy$VirtualFilterChain.doFilter(FilterChainProxy.java:374) ~[spring-security-web-6.3.8.jar:6.3.8]
    	at org.springframework.security.web.session.DisableEncodeUrlFilter.doFilterInternal(DisableEncodeUrlFilter.java:42) ~[spring-security-web-6.3.8.jar:6.3.8]
    	at org.springframework.web.filter.OncePerRequestFilter.doFilter(OncePerRequestFilter.java:116) ~[spring-web-6.1.18.jar:6.1.18]
    	at org.springframework.security.web.FilterChainProxy$VirtualFilterChain.doFilter(FilterChainProxy.java:374) ~[spring-security-web-6.3.8.jar:6.3.8]
    	at org.springframework.security.web.FilterChainProxy.doFilterInternal(FilterChainProxy.java:233) ~[spring-security-web-6.3.8.jar:6.3.8]
    	at org.springframework.security.web.FilterChainProxy.doFilter(FilterChainProxy.java:191) ~[spring-security-web-6.3.8.jar:6.3.8]
    	at org.springframework.web.filter.CompositeFilter$VirtualFilterChain.doFilter(CompositeFilter.java:113) ~[spring-web-6.1.18.jar:6.1.18]
    	at org.springframework.web.servlet.handler.HandlerMappingIntrospector.lambda$createCacheFilter$3(HandlerMappingIntrospector.java:195) ~[spring-webmvc-6.1.18.jar:6.1.18]
    	at org.springframework.web.filter.CompositeFilter$VirtualFilterChain.doFilter(CompositeFilter.java:113) ~[spring-web-6.1.18.jar:6.1.18]
    	at org.springframework.web.filter.CompositeFilter.doFilter(CompositeFilter.java:74) ~[spring-web-6.1.18.jar:6.1.18]
    	at org.springframework.security.config.annotation.web.configuration.WebMvcSecurityConfiguration$CompositeFilterChainProxy.doFilter(WebMvcSecurityConfiguration.java:230) ~[spring-security-config-6.3.8.jar:6.3.8]
    	at org.springframework.web.filter.DelegatingFilterProxy.invokeDelegate(DelegatingFilterProxy.java:362) ~[spring-web-6.1.18.jar:6.1.18]
    	at org.springframework.web.filter.DelegatingFilterProxy.doFilter(DelegatingFilterProxy.java:278) ~[spring-web-6.1.18.jar:6.1.18]
    	at org.springframework.test.web.servlet.setup.MockMvcFilterDecorator.doFilter(MockMvcFilterDecorator.java:151) ~[spring-test-6.1.18.jar:6.1.18]
    	at org.springframework.mock.web.MockFilterChain.doFilter(MockFilterChain.java:132) ~[spring-test-6.1.18.jar:6.1.18]
    	at org.springframework.web.filter.RequestContextFilter.doFilterInternal(RequestContextFilter.java:100) ~[spring-web-6.1.18.jar:6.1.18]
    	at org.springframework.web.filter.OncePerRequestFilter.doFilter(OncePerRequestFilter.java:116) ~[spring-web-6.1.18.jar:6.1.18]
    	at org.springframework.test.web.servlet.setup.MockMvcFilterDecorator.doFilter(MockMvcFilterDecorator.java:151) ~[spring-test-6.1.18.jar:6.1.18]
    	at org.springframework.mock.web.MockFilterChain.doFilter(MockFilterChain.java:132) ~[spring-test-6.1.18.jar:6.1.18]
    	at org.springframework.web.filter.FormContentFilter.doFilterInternal(FormContentFilter.java:93) ~[spring-web-6.1.18.jar:6.1.18]
    	at org.springframework.web.filter.OncePerRequestFilter.doFilter(OncePerRequestFilter.java:116) ~[spring-web-6.1.18.jar:6.1.18]
    	at org.springframework.test.web.servlet.setup.MockMvcFilterDecorator.doFilter(MockMvcFilterDecorator.java:151) ~[spring-test-6.1.18.jar:6.1.18]
    	at org.springframework.mock.web.MockFilterChain.doFilter(MockFilterChain.java:132) ~[spring-test-6.1.18.jar:6.1.18]
    	at org.springframework.web.filter.CharacterEncodingFilter.doFilterInternal(CharacterEncodingFilter.java:201) ~[spring-web-6.1.18.jar:6.1.18]
    	at org.springframework.web.filter.OncePerRequestFilter.doFilter(OncePerRequestFilter.java:116) ~[spring-web-6.1.18.jar:6.1.18]
    	at org.springframework.test.web.servlet.setup.MockMvcFilterDecorator.doFilter(MockMvcFilterDecorator.java:151) ~[spring-test-6.1.18.jar:6.1.18]
    	at org.springframework.mock.web.MockFilterChain.doFilter(MockFilterChain.java:132) ~[spring-test-6.1.18.jar:6.1.18]
    	at com.coliving.global.filter.CorrelationIdFilter.doFilterInternal(CorrelationIdFilter.java:38) ~[main/:na]
    	at org.springframework.web.filter.OncePerRequestFilter.doFilter(OncePerRequestFilter.java:116) ~[spring-web-6.1.18.jar:6.1.18]
    	at org.springframework.test.web.servlet.setup.MockMvcFilterDecorator.doFilter(MockMvcFilterDecorator.java:151) ~[spring-test-6.1.18.jar:6.1.18]
    	at org.springframework.mock.web.MockFilterChain.doFilter(MockFilterChain.java:132) ~[spring-test-6.1.18.jar:6.1.18]
    	at org.springframework.test.web.servlet.MockMvc.perform(MockMvc.java:201) ~[spring-test-6.1.18.jar:6.1.18]
    	at com.coliving.reservation.adapter.in.web.ReservationControllerTest.getMyReservations_Success(ReservationControllerTest.java:119) ~[test/:na]
    	at java.base/jdk.internal.reflect.DirectMethodHandleAccessor.invoke(DirectMethodHandleAccessor.java:103) ~[na:na]
    	at java.base/java.lang.reflect.Method.invoke(Method.java:580) ~[na:na]
    	at org.junit.platform.commons.util.ReflectionUtils.invokeMethod(ReflectionUtils.java:728) ~[junit-platform-commons-1.10.5.jar:1.10.5]
    	at org.junit.jupiter.engine.execution.MethodInvocation.proceed(MethodInvocation.java:60) ~[junit-jupiter-engine-5.10.5.jar:5.10.5]
    	at org.junit.jupiter.engine.execution.InvocationInterceptorChain$ValidatingInvocation.proceed(InvocationInterceptorChain.java:131) ~[junit-jupiter-engine-5.10.5.jar:5.10.5]
    	at org.junit.jupiter.engine.extension.TimeoutExtension.intercept(TimeoutExtension.java:156) ~[junit-jupiter-engine-5.10.5.jar:5.10.5]
    	at org.junit.jupiter.engine.extension.TimeoutExtension.interceptTestableMethod(TimeoutExtension.java:147) ~[junit-jupiter-engine-5.10.5.jar:5.10.5]
    	at org.junit.jupiter.engine.extension.TimeoutExtension.interceptTestMethod(TimeoutExtension.java:86) ~[junit-jupiter-engine-5.10.5.jar:5.10.5]
    	at org.junit.jupiter.engine.execution.InterceptingExecutableInvoker$ReflectiveInterceptorCall.lambda$ofVoidMethod$0(InterceptingExecutableInvoker.java:103) ~[junit-jupiter-engine-5.10.5.jar:5.10.5]
    	at org.junit.jupiter.engine.execution.InterceptingExecutableInvoker.lambda$invoke$0(InterceptingExecutableInvoker.java:93) ~[junit-jupiter-engine-5.10.5.jar:5.10.5]
    	at org.junit.jupiter.engine.execution.InvocationInterceptorChain$InterceptedInvocation.proceed(InvocationInterceptorChain.java:106) ~[junit-jupiter-engine-5.10.5.jar:5.10.5]
    	at org.junit.jupiter.engine.execution.InvocationInterceptorChain.proceed(InvocationInterceptorChain.java:64) ~[junit-jupiter-engine-5.10.5.jar:5.10.5]
    	at org.junit.jupiter.engine.execution.InvocationInterceptorChain.chainAndInvoke(InvocationInterceptorChain.java:45) ~[junit-jupiter-engine-5.10.5.jar:5.10.5]
    	at org.junit.jupiter.engine.execution.InvocationInterceptorChain.invoke(InvocationInterceptorChain.java:37) ~[junit-jupiter-engine-5.10.5.jar:5.10.5]
    	at org.junit.jupiter.engine.execution.InterceptingExecutableInvoker.invoke(InterceptingExecutableInvoker.java:92) ~[junit-jupiter-engine-5.10.5.jar:5.10.5]
    	at org.junit.jupiter.engine.execution.InterceptingExecutableInvoker.invoke(InterceptingExecutableInvoker.java:86) ~[junit-jupiter-engine-5.10.5.jar:5.10.5]
    	at org.junit.jupiter.engine.descriptor.TestMethodTestDescriptor.lambda$invokeTestMethod$7(TestMethodTestDescriptor.java:218) ~[junit-jupiter-engine-5.10.5.jar:5.10.5]
    	at org.junit.platform.engine.support.hierarchical.ThrowableCollector.execute(ThrowableCollector.java:73) ~[junit-platform-engine-1.10.5.jar:1.10.5]
    	at org.junit.jupiter.engine.descriptor.TestMethodTestDescriptor.invokeTestMethod(TestMethodTestDescriptor.java:214) ~[junit-jupiter-engine-5.10.5.jar:5.10.5]
    	at org.junit.jupiter.engine.descriptor.TestMethodTestDescriptor.execute(TestMethodTestDescriptor.java:139) ~[junit-jupiter-engine-5.10.5.jar:5.10.5]
    	at org.junit.jupiter.engine.descriptor.TestMethodTestDescriptor.execute(TestMethodTestDescriptor.java:69) ~[junit-jupiter-engine-5.10.5.jar:5.10.5]
    	at org.junit.platform.engine.support.hierarchical.NodeTestTask.lambda$executeRecursively$6(NodeTestTask.java:156) ~[junit-platform-engine-1.10.5.jar:1.10.5]
    	at org.junit.platform.engine.support.hierarchical.ThrowableCollector.execute(ThrowableCollector.java:73) ~[junit-platform-engine-1.10.5.jar:1.10.5]
    	at org.junit.platform.engine.support.hierarchical.NodeTestTask.lambda$executeRecursively$8(NodeTestTask.java:146) ~[junit-platform-engine-1.10.5.jar:1.10.5]
    	at org.junit.platform.engine.support.hierarchical.Node.around(Node.java:137) ~[junit-platform-engine-1.10.5.jar:1.10.5]
    	at org.junit.platform.engine.support.hierarchical.NodeTestTask.lambda$executeRecursively$9(NodeTestTask.java:144) ~[junit-platform-engine-1.10.5.jar:1.10.5]
    	at org.junit.platform.engine.support.hierarchical.ThrowableCollector.execute(ThrowableCollector.java:73) ~[junit-platform-engine-1.10.5.jar:1.10.5]
    	at org.junit.platform.engine.support.hierarchical.NodeTestTask.executeRecursively(NodeTestTask.java:143) ~[junit-platform-engine-1.10.5.jar:1.10.5]
    	at org.junit.platform.engine.support.hierarchical.NodeTestTask.execute(NodeTestTask.java:100) ~[junit-platform-engine-1.10.5.jar:1.10.5]
    	at java.base/java.util.ArrayList.forEach(ArrayList.java:1596) ~[na:na]
    	at org.junit.platform.engine.support.hierarchical.SameThreadHierarchicalTestExecutorService.invokeAll(SameThreadHierarchicalTestExecutorService.java:41) ~[junit-platform-engine-1.10.5.jar:1.10.5]
    	at org.junit.platform.engine.support.hierarchical.NodeTestTask.lambda$executeRecursively$6(NodeTestTask.java:160) ~[junit-platform-engine-1.10.5.jar:1.10.5]
    	at org.junit.platform.engine.support.hierarchical.ThrowableCollector.execute(ThrowableCollector.java:73) ~[junit-platform-engine-1.10.5.jar:1.10.5]
    	at org.junit.platform.engine.support.hierarchical.NodeTestTask.lambda$executeRecursively$8(NodeTestTask.java:146) ~[junit-platform-engine-1.10.5.jar:1.10.5]
    	at org.junit.platform.engine.support.hierarchical.Node.around(Node.java:137) ~[junit-platform-engine-1.10.5.jar:1.10.5]
    	at org.junit.platform.engine.support.hierarchical.NodeTestTask.lambda$executeRecursively$9(NodeTestTask.java:144) ~[junit-platform-engine-1.10.5.jar:1.10.5]
    	at org.junit.platform.engine.support.hierarchical.ThrowableCollector.execute(ThrowableCollector.java:73) ~[junit-platform-engine-1.10.5.jar:1.10.5]
    	at org.junit.platform.engine.support.hierarchical.NodeTestTask.executeRecursively(NodeTestTask.java:143) ~[junit-platform-engine-1.10.5.jar:1.10.5]
    	at org.junit.platform.engine.support.hierarchical.NodeTestTask.execute(NodeTestTask.java:100) ~[junit-platform-engine-1.10.5.jar:1.10.5]
    	at java.base/java.util.ArrayList.forEach(ArrayList.java:1596) ~[na:na]
    	at org.junit.platform.engine.support.hierarchical.SameThreadHierarchicalTestExecutorService.invokeAll(SameThreadHierarchicalTestExecutorService.java:41) ~[junit-platform-engine-1.10.5.jar:1.10.5]
    	at org.junit.platform.engine.support.hierarchical.NodeTestTask.lambda$executeRecursively$6(NodeTestTask.java:160) ~[junit-platform-engine-1.10.5.jar:1.10.5]
    	at org.junit.platform.engine.support.hierarchical.ThrowableCollector.execute(ThrowableCollector.java:73) ~[junit-platform-engine-1.10.5.jar:1.10.5]
    	at org.junit.platform.engine.support.hierarchical.NodeTestTask.lambda$executeRecursively$8(NodeTestTask.java:146) ~[junit-platform-engine-1.10.5.jar:1.10.5]
    	at org.junit.platform.engine.support.hierarchical.Node.around(Node.java:137) ~[junit-platform-engine-1.10.5.jar:1.10.5]
    	at org.junit.platform.engine.support.hierarchical.NodeTestTask.lambda$executeRecursively$9(NodeTestTask.java:144) ~[junit-platform-engine-1.10.5.jar:1.10.5]
    	at org.junit.platform.engine.support.hierarchical.ThrowableCollector.execute(ThrowableCollector.java:73) ~[junit-platform-engine-1.10.5.jar:1.10.5]
    	at org.junit.platform.engine.support.hierarchical.NodeTestTask.executeRecursively(NodeTestTask.java:143) ~[junit-platform-engine-1.10.5.jar:1.10.5]
    	at org.junit.platform.engine.support.hierarchical.NodeTestTask.execute(NodeTestTask.java:100) ~[junit-platform-engine-1.10.5.jar:1.10.5]
    	at org.junit.platform.engine.support.hierarchical.SameThreadHierarchicalTestExecutorService.submit(SameThreadHierarchicalTestExecutorService.java:35) ~[junit-platform-engine-1.10.5.jar:1.10.5]
    	at org.junit.platform.engine.support.hierarchical.HierarchicalTestExecutor.execute(HierarchicalTestExecutor.java:57) ~[junit-platform-engine-1.10.5.jar:1.10.5]
    	at org.junit.platform.engine.support.hierarchical.HierarchicalTestEngine.execute(HierarchicalTestEngine.java:54) ~[junit-platform-engine-1.10.5.jar:1.10.5]
    	at org.junit.platform.launcher.core.EngineExecutionOrchestrator.execute(EngineExecutionOrchestrator.java:198) ~[junit-platform-launcher-1.10.5.jar:1.10.5]
    	at org.junit.platform.launcher.core.EngineExecutionOrchestrator.execute(EngineExecutionOrchestrator.java:169) ~[junit-platform-launcher-1.10.5.jar:1.10.5]
    	at org.junit.platform.launcher.core.EngineExecutionOrchestrator.execute(EngineExecutionOrchestrator.java:93) ~[junit-platform-launcher-1.10.5.jar:1.10.5]
    	at org.junit.platform.launcher.core.EngineExecutionOrchestrator.lambda$execute$0(EngineExecutionOrchestrator.java:58) ~[junit-platform-launcher-1.10.5.jar:1.10.5]
    	at org.junit.platform.launcher.core.EngineExecutionOrchestrator.withInterceptedStreams(EngineExecutionOrchestrator.java:141) ~[junit-platform-launcher-1.10.5.jar:1.10.5]
    	at org.junit.platform.launcher.core.EngineExecutionOrchestrator.execute(EngineExecutionOrchestrator.java:57) ~[junit-platform-launcher-1.10.5.jar:1.10.5]
    	at org.junit.platform.launcher.core.DefaultLauncher.execute(DefaultLauncher.java:103) ~[junit-platform-launcher-1.10.5.jar:1.10.5]
    	at org.junit.platform.launcher.core.DefaultLauncher.execute(DefaultLauncher.java:85) ~[junit-platform-launcher-1.10.5.jar:1.10.5]
    	at org.junit.platform.launcher.core.DelegatingLauncher.execute(DelegatingLauncher.java:47) ~[junit-platform-launcher-1.10.5.jar:1.10.5]
    	at org.gradle.api.internal.tasks.testing.junitplatform.JUnitPlatformTestClassProcessor$CollectAllTestClassesExecutor.processAllTestClasses(JUnitPlatformTestClassProcessor.java:124) ~[na:na]
    	at org.gradle.api.internal.tasks.testing.junitplatform.JUnitPlatformTestClassProcessor$CollectAllTestClassesExecutor.access$000(JUnitPlatformTestClassProcessor.java:99) ~[na:na]
    	at org.gradle.api.internal.tasks.testing.junitplatform.JUnitPlatformTestClassProcessor.stop(JUnitPlatformTestClassProcessor.java:94) ~[na:na]
    	at org.gradle.api.internal.tasks.testing.SuiteTestClassProcessor.stop(SuiteTestClassProcessor.java:63) ~[na:na]
    	at java.base/jdk.internal.reflect.DirectMethodHandleAccessor.invoke(DirectMethodHandleAccessor.java:103) ~[na:na]
    	at java.base/java.lang.reflect.Method.invoke(Method.java:580) ~[na:na]
    	at org.gradle.internal.dispatch.ReflectionDispatch.dispatch(ReflectionDispatch.java:36) ~[na:na]
    	at org.gradle.internal.dispatch.ReflectionDispatch.dispatch(ReflectionDispatch.java:24) ~[na:na]
    	at org.gradle.internal.dispatch.ContextClassLoaderDispatch.dispatch(ContextClassLoaderDispatch.java:33) ~[na:na]
    	at org.gradle.internal.dispatch.ProxyDispatchAdapter$DispatchingInvocationHandler.invoke(ProxyDispatchAdapter.java:92) ~[na:na]
    	at jdk.proxy1/jdk.proxy1.$Proxy4.stop(Unknown Source) ~[na:na]
    	at org.gradle.api.internal.tasks.testing.worker.TestWorker$3.run(TestWorker.java:200) ~[na:na]
    	at org.gradle.api.internal.tasks.testing.worker.TestWorker.executeAndMaintainThreadName(TestWorker.java:132) ~[na:na]
    	at org.gradle.api.internal.tasks.testing.worker.TestWorker.execute(TestWorker.java:103) ~[na:na]
    	at org.gradle.api.internal.tasks.testing.worker.TestWorker.execute(TestWorker.java:63) ~[na:na]
    	at org.gradle.process.internal.worker.child.ActionExecutionWorker.execute(ActionExecutionWorker.java:56) ~[na:na]
    	at org.gradle.process.internal.worker.child.SystemApplicationClassLoaderWorker.call(SystemApplicationClassLoaderWorker.java:121) ~[na:na]
    	at org.gradle.process.internal.worker.child.SystemApplicationClassLoaderWorker.call(SystemApplicationClassLoaderWorker.java:71) ~[na:na]
    	at worker.org.gradle.process.internal.worker.GradleWorkerMain.run(GradleWorkerMain.java:69) ~[gradle-worker.jar:na]
    	at worker.org.gradle.process.internal.worker.GradleWorkerMain.main(GradleWorkerMain.java:74) ~[gradle-worker.jar:na]


    MockHttpServletRequest:
          HTTP Method = GET
          Request URI = /api/reservations/my
           Parameters = {}
              Headers = [X-User-Id:"1"]
                 Body = null
        Session Attrs = {SPRING_SECURITY_CONTEXT=SecurityContextImpl [Authentication=UsernamePasswordAuthenticationToken [Principal=org.springframework.security.core.userdetails.User [Username=user, Password=[PROTECTED], Enabled=true, AccountNonExpired=true, CredentialsNonExpired=true, AccountNonLocked=true, Granted Authorities=[ROLE_USER]], Credentials=[PROTECTED], Authenticated=true, Details=null, Granted Authorities=[ROLE_USER]]]}

    Handler:
                 Type = com.coliving.reservation.adapter.in.web.ReservationController
               Method = com.coliving.reservation.adapter.in.web.ReservationController#getMyReservations(Authentication)

    Async:
        Async started = false
         Async result = null

    Resolved Exception:
                 Type = java.lang.NumberFormatException

    ModelAndView:
            View name = null
                 View = null
                Model = null

    FlashMap:
           Attributes = null

    MockHttpServletResponse:
               Status = 500
        Error message = null
              Headers = [X-Correlation-Id:"46ad1c98-5127-4fc9-b944-fc8bfc7b2fbe", Vary:"Origin", "Access-Control-Request-Method", "Access-Control-Request-Headers", Content-Type:"application/json", X-Content-Type-Options:"nosniff", X-XSS-Protection:"0", Cache-Control:"no-cache, no-store, max-age=0, must-revalidate", Pragma:"no-cache", Expires:"0", X-Frame-Options:"DENY"]
         Content type = application/json
                 Body = {"success":false,"message":"?쒕쾭 ?대? ?ㅻ쪟媛 諛쒖깮?덉뒿?덈떎","errorCode":"INTERNAL_SERVER_ERROR"}
        Forwarded URL = null
       Redirected URL = null
              Cookies = []

ReservationControllerTest > 蹂몄씤???덉빟 ?댁뿭??GET /api/reservations/my 濡?議고쉶?????덈떎 FAILED
    java.lang.AssertionError: Status expected:<200> but was:<500>
        at org.springframework.test.util.AssertionErrors.fail(AssertionErrors.java:59)
        at org.springframework.test.util.AssertionErrors.assertEquals(AssertionErrors.java:122)
        at org.springframework.test.web.servlet.result.StatusResultMatchers.lambda$matcher$9(StatusResultMatchers.java:637)
        at org.springframework.test.web.servlet.MockMvc$1.andExpect(MockMvc.java:214)
        at com.coliving.reservation.adapter.in.web.ReservationControllerTest.getMyReservations_Success(ReservationControllerTest.java:121)

ReservationCommandServiceTest > ?뺤긽?곸씤 ?쒓컙 踰붿쐞? 以묐났???놁쓣 寃쎌슦 ?덉빟???깃났?섍퀬 ID瑜?諛섑솚?쒕떎. FAILED
    java.lang.NullPointerException: Cannot invoke "com.coliving.user.contract.adapter.out.jpa.ContractJpaRepository.findByUserIdAndStatus(java.lang.Long, com.coliving.user.contract.model.ContractStatus)" because "this.contractJpaRepository" is null
        at com.coliving.reservation.application.service.ReservationCommandService.reserveFacility(ReservationCommandService.java:79)
        at com.coliving.reservation.application.service.ReservationCommandServiceTest.reserveFacility_Success(ReservationCommandServiceTest.java:132)

ReservationCommandServiceTest > 愿由ъ옄媛 ?덉빟??諛섎젮(痍⑥냼)?쒕떎. STANDARD_OUT
    2026-04-13T12:41:36.303+09:00  INFO 4752 --- [    Test worker] c.c.r.a.s.ReservationCommandService      : ?덉빟 諛섎젮(痍⑥냼) ?깃났 - reservationId: 100, adminId: 999

ReservationCommandServiceTest > 愿由ъ옄媛 ?덉빟???뺤긽?곸쑝濡??뱀씤?쒕떎. STANDARD_OUT
    2026-04-13T12:41:36.352+09:00  INFO 4752 --- [    Test worker] c.c.r.a.s.ReservationCommandService      : ?덉빟 ?뱀씤 ?깃났 - reservationId: 100, adminId: 999

ReservationCommandServiceTest > ?좏깮???쒓컙???대? ?뱀씤???ㅻⅨ ?덉빟???덈떎硫??덉빟 ?좎껌??嫄곗젅(Exception)?쒕떎. FAILED
    java.lang.AssertionError: 
    Expecting actual throwable to be an instance of:
      com.coliving.reservation.exception.ReservationOverlapException
    but was:
      java.lang.NullPointerException: Cannot invoke "com.coliving.user.contract.adapter.out.jpa.ContractJpaRepository.findByUserIdAndStatus(java.lang.Long, com.coliving.user.contract.model.ContractStatus)" because "this.contractJpaRepository" is null
    	at com.coliving.reservation.application.service.ReservationCommandService.reserveFacility(ReservationCommandService.java:79)
    	at com.coliving.reservation.application.service.ReservationCommandServiceTest.lambda$reserveFacility_OverlapException$1(ReservationCommandServiceTest.java:155)
    	at org.assertj.core.api.ThrowableAssert.catchThrowable(ThrowableAssert.java:63)
    	...(85 remaining lines not displayed - this can be changed with Assertions.setMaxStackTraceElementsDisplayed)
        at com.coliving.reservation.application.service.ReservationCommandServiceTest.reserveFacility_OverlapException(ReservationCommandServiceTest.java:156)

UserAuthJpaIntegrationTest STANDARD_OUT
    2026-04-13T12:41:36.399+09:00  INFO 4752 --- [    Test worker] t.c.s.AnnotationConfigContextLoaderUtils : Could not detect default configuration classes for test class [com.coliving.common.auth.adapter.out.jpa.UserAuthJpaIntegrationTest]: UserAuthJpaIntegrationTest does not declare any static, non-private, non-final, nested classes annotated with @Configuration.
    2026-04-13T12:41:36.542+09:00  INFO 4752 --- [    Test worker] .b.t.c.SpringBootTestContextBootstrapper : Found @SpringBootConfiguration com.coliving.CoLivingApplication for test class com.coliving.common.auth.adapter.out.jpa.UserAuthJpaIntegrationTest

      .   ____          _            __ _ _
     /\\ / ___'_ __ _ _(_)_ __  __ _ \ \ \ \
    ( ( )\___ | '_ | '_| | '_ \/ _` | \ \ \ \
     \\/  ___)| |_)| | | | | || (_| |  ) ) ) )
      '  |____| .__|_| |_|_| |_\__, | / / / /
     =========|_|==============|___/=/_/_/_/

     :: Spring Boot ::               (v3.3.10)

    2026-04-13T12:41:36.564+09:00  INFO 4752 --- [    Test worker] c.c.c.a.a.o.j.UserAuthJpaIntegrationTest : Starting UserAuthJpaIntegrationTest using Java 21.0.10 with PID 4752 (started by hi in C:\team1_cokkiri\backend)
    2026-04-13T12:41:36.564+09:00  INFO 4752 --- [    Test worker] c.c.c.a.a.o.j.UserAuthJpaIntegrationTest : The following 1 profile is active: "test"
    2026-04-13T12:41:36.904+09:00  INFO 4752 --- [    Test worker] .s.d.r.c.RepositoryConfigurationDelegate : Multiple Spring Data modules found, entering strict repository configuration mode
    2026-04-13T12:41:36.905+09:00  INFO 4752 --- [    Test worker] .s.d.r.c.RepositoryConfigurationDelegate : Bootstrapping Spring Data JPA repositories in DEFAULT mode.
    2026-04-13T12:41:37.143+09:00  INFO 4752 --- [    Test worker] .s.d.r.c.RepositoryConfigurationDelegate : Finished Spring Data repository scanning in 244 ms. Found 22 JPA repository interfaces.
    2026-04-13T12:41:37.158+09:00  INFO 4752 --- [    Test worker] beddedDataSourceBeanFactoryPostProcessor : Replacing 'dataSource' DataSource bean with embedded version
    2026-04-13T12:41:37.179+09:00  INFO 4752 --- [    Test worker] o.s.j.d.e.EmbeddedDatabaseFactory        : Starting embedded database: url='jdbc:h2:mem:02bb11db-c539-4b0a-8d13-00981d71f729;DB_CLOSE_DELAY=-1;DB_CLOSE_ON_EXIT=false', username='sa'
    2026-04-13T12:41:37.296+09:00  INFO 4752 --- [    Test worker] o.hibernate.jpa.internal.util.LogHelper  : HHH000204: Processing PersistenceUnitInfo [name: default]
    2026-04-13T12:41:37.300+09:00  INFO 4752 --- [    Test worker] o.h.c.internal.RegionFactoryInitiator    : HHH000026: Second-level cache disabled
    2026-04-13T12:41:37.310+09:00  INFO 4752 --- [    Test worker] o.s.o.j.p.SpringPersistenceUnitInfo      : No LoadTimeWeaver setup: ignoring JPA class transformer
    2026-04-13T12:41:37.312+09:00  WARN 4752 --- [    Test worker] org.hibernate.orm.deprecation            : HHH90000025: H2Dialect does not need to be specified explicitly using 'hibernate.dialect' (remove the property setting and it will be selected by default)
    2026-04-13T12:41:37.620+09:00  INFO 4752 --- [    Test worker] o.h.e.t.j.p.i.JtaPlatformInitiator       : HHH000489: No JTA platform available (set 'hibernate.transaction.jta.platform' to enable JTA platform integration)
    2026-04-13T12:41:37.620+09:00 DEBUG 4752 --- [    Test worker] org.hibernate.SQL                        : 
        drop table if exists annotation_types cascade 
    Hibernate: 
        drop table if exists annotation_types cascade 
    2026-04-13T12:41:37.620+09:00 DEBUG 4752 --- [    Test worker] org.hibernate.SQL                        : 
        drop table if exists comments cascade 
    Hibernate: 
        drop table if exists comments cascade 
    2026-04-13T12:41:37.620+09:00 DEBUG 4752 --- [    Test worker] org.hibernate.SQL                        : 
        drop table if exists common_space_details cascade 
    Hibernate: 
        drop table if exists common_space_details cascade 
    2026-04-13T12:41:37.624+09:00 DEBUG 4752 --- [    Test worker] org.hibernate.SQL                        : 
        drop table if exists contracts cascade 
    Hibernate: 
        drop table if exists contracts cascade 
    2026-04-13T12:41:37.624+09:00 DEBUG 4752 --- [    Test worker] org.hibernate.SQL                        : 
        drop table if exists control_logs cascade 
    Hibernate: 
        drop table if exists control_logs cascade 
    2026-04-13T12:41:37.624+09:00 DEBUG 4752 --- [    Test worker] org.hibernate.SQL                        : 
        drop table if exists device_types cascade 
    Hibernate: 
        drop table if exists device_types cascade 
    2026-04-13T12:41:37.624+09:00 DEBUG 4752 --- [    Test worker] org.hibernate.SQL                        : 
        drop table if exists devices cascade 
    Hibernate: 
        drop table if exists devices cascade 
    2026-04-13T12:41:37.624+09:00 DEBUG 4752 --- [    Test worker] org.hibernate.SQL                        : 
        drop table if exists floor_plans cascade 
    Hibernate: 
        drop table if exists floor_plans cascade 
    2026-04-13T12:41:37.624+09:00 DEBUG 4752 --- [    Test worker] org.hibernate.SQL                        : 
        drop table if exists notifications cascade 
    Hibernate: 
        drop table if exists notifications cascade 
    2026-04-13T12:41:37.625+09:00 DEBUG 4752 --- [    Test worker] org.hibernate.SQL                        : 
        drop table if exists payments cascade 
    Hibernate: 
        drop table if exists payments cascade 
    2026-04-13T12:41:37.625+09:00 DEBUG 4752 --- [    Test worker] org.hibernate.SQL                        : 
        drop table if exists post_likes cascade 
    Hibernate: 
        drop table if exists post_likes cascade 
    2026-04-13T12:41:37.625+09:00 DEBUG 4752 --- [    Test worker] org.hibernate.SQL                        : 
        drop table if exists posts cascade 
    Hibernate: 
        drop table if exists posts cascade 
    2026-04-13T12:41:37.625+09:00 DEBUG 4752 --- [    Test worker] org.hibernate.SQL                        : 
        drop table if exists private_space_details cascade 
    Hibernate: 
        drop table if exists private_space_details cascade 
    2026-04-13T12:41:37.625+09:00 DEBUG 4752 --- [    Test worker] org.hibernate.SQL                        : 
        drop table if exists refresh_tokens cascade 
    Hibernate: 
        drop table if exists refresh_tokens cascade 
    2026-04-13T12:41:37.625+09:00 DEBUG 4752 --- [    Test worker] org.hibernate.SQL                        : 
        drop table if exists reservations cascade 
    Hibernate: 
        drop table if exists reservations cascade 
    2026-04-13T12:41:37.625+09:00 DEBUG 4752 --- [    Test worker] org.hibernate.SQL                        : 
        drop table if exists role_change_logs cascade 
    Hibernate: 
        drop table if exists role_change_logs cascade 
    2026-04-13T12:41:37.625+09:00 DEBUG 4752 --- [    Test worker] org.hibernate.SQL                        : 
        drop table if exists room_types cascade 
    Hibernate: 
        drop table if exists room_types cascade 
    2026-04-13T12:41:37.625+09:00 DEBUG 4752 --- [    Test worker] org.hibernate.SQL                        : 
        drop table if exists space_images cascade 
    Hibernate: 
        drop table if exists space_images cascade 
    2026-04-13T12:41:37.625+09:00 DEBUG 4752 --- [    Test worker] org.hibernate.SQL                        : 
        drop table if exists spaces cascade 
    Hibernate: 
        drop table if exists spaces cascade 
    2026-04-13T12:41:37.625+09:00 DEBUG 4752 --- [    Test worker] org.hibernate.SQL                        : 
        drop table if exists token_blacklists cascade 
    Hibernate: 
        drop table if exists token_blacklists cascade 
    2026-04-13T12:41:37.625+09:00 DEBUG 4752 --- [    Test worker] org.hibernate.SQL                        : 
        drop table if exists users cascade 
    Hibernate: 
        drop table if exists users cascade 
    2026-04-13T12:41:37.625+09:00 DEBUG 4752 --- [    Test worker] org.hibernate.SQL                        : 
        drop table if exists vocs cascade 
    Hibernate: 
        drop table if exists vocs cascade 
    2026-04-13T12:41:37.626+09:00 DEBUG 4752 --- [    Test worker] org.hibernate.SQL                        : 
        create table annotation_types (
            is_system_default boolean not null,
            annotation_type_id bigint generated by default as identity,
            created_at timestamp(6) with time zone not null,
            deleted_at timestamp(6) with time zone,
            updated_at timestamp(6) with time zone not null,
            default_color varchar(30) not null,
            code varchar(50) not null unique,
            icon_name varchar(50) not null,
            name varchar(100) not null,
            primary key (annotation_type_id)
        )
    Hibernate: 
        create table annotation_types (
            is_system_default boolean not null,
            annotation_type_id bigint generated by default as identity,
            created_at timestamp(6) with time zone not null,
            deleted_at timestamp(6) with time zone,
            updated_at timestamp(6) with time zone not null,
            default_color varchar(30) not null,
            code varchar(50) not null unique,
            icon_name varchar(50) not null,
            name varchar(100) not null,
            primary key (annotation_type_id)
        )
    2026-04-13T12:41:37.626+09:00 DEBUG 4752 --- [    Test worker] org.hibernate.SQL                        : 
        create table comments (
            comment_id bigint generated by default as identity,
            created_at timestamp(6) with time zone not null,
            deleted_at timestamp(6) with time zone,
            parent_comment_id bigint,
            post_id bigint not null,
            updated_at timestamp(6) with time zone not null,
            user_id bigint not null,
            content varchar(255) not null,
            primary key (comment_id)
        )
    Hibernate: 
        create table comments (
            comment_id bigint generated by default as identity,
            created_at timestamp(6) with time zone not null,
            deleted_at timestamp(6) with time zone,
            parent_comment_id bigint,
            post_id bigint not null,
            updated_at timestamp(6) with time zone not null,
            user_id bigint not null,
            content varchar(255) not null,
            primary key (comment_id)
        )
    2026-04-13T12:41:37.629+09:00 DEBUG 4752 --- [    Test worker] org.hibernate.SQL                        : 
        create table common_space_details (
            is_reservable boolean,
            max_capacity integer,
            usage_fee numeric(15,2),
            created_at timestamp(6) with time zone not null,
            deleted_at timestamp(6) with time zone,
            space_id bigint not null,
            updated_at timestamp(6) with time zone not null,
            operating_hours varchar(50),
            primary key (space_id)
        )
    Hibernate: 
        create table common_space_details (
            is_reservable boolean,
            max_capacity integer,
            usage_fee numeric(15,2),
            created_at timestamp(6) with time zone not null,
            deleted_at timestamp(6) with time zone,
            space_id bigint not null,
            updated_at timestamp(6) with time zone not null,
            operating_hours varchar(50),
            primary key (space_id)
        )
    2026-04-13T12:41:37.629+09:00 DEBUG 4752 --- [    Test worker] org.hibernate.SQL                        : 
        create table contracts (
            deposit numeric(15,0),
            desired_duration_months integer,
            desired_start_date date,
            end_date date,
            monthly_rent numeric(15,0),
            privacy_agreed boolean,
            start_date date,
            approved_by bigint,
            contract_id bigint generated by default as identity,
            contracted_at timestamp(6) with time zone,
            created_at timestamp(6) with time zone not null,
            deleted_at timestamp(6) with time zone,
            space_id bigint not null,
            terms_agreed_at timestamp(6) with time zone,
            updated_at timestamp(6) with time zone not null,
            user_id bigint not null,
            version bigint,
            status varchar(15) not null,
            bank_account varchar(100),
            usage_purpose varchar(200),
            address varchar(500),
            rejected_reason TEXT,
            request_note TEXT,
            signature_data TEXT,
            special_terms TEXT,
            contract_language enum ('EN','KO'),
            origin enum ('ADMIN_INITIATED','USER_INITIATED') not null,
            primary key (contract_id)
        )
    Hibernate: 
        create table contracts (
            deposit numeric(15,0),
            desired_duration_months integer,
            desired_start_date date,
            end_date date,
            monthly_rent numeric(15,0),
            privacy_agreed boolean,
            start_date date,
            approved_by bigint,
            contract_id bigint generated by default as identity,
            contracted_at timestamp(6) with time zone,
            created_at timestamp(6) with time zone not null,
            deleted_at timestamp(6) with time zone,
            space_id bigint not null,
            terms_agreed_at timestamp(6) with time zone,
            updated_at timestamp(6) with time zone not null,
            user_id bigint not null,
            version bigint,
            status varchar(15) not null,
            bank_account varchar(100),
            usage_purpose varchar(200),
            address varchar(500),
            rejected_reason TEXT,
            request_note TEXT,
            signature_data TEXT,
            special_terms TEXT,
            contract_language enum ('EN','KO'),
            origin enum ('ADMIN_INITIATED','USER_INITIATED') not null,
            primary key (contract_id)
        )
    2026-04-13T12:41:37.629+09:00 DEBUG 4752 --- [    Test worker] org.hibernate.SQL                        : 
        create table control_logs (
            control_log_id bigint generated by default as identity,
            created_at timestamp(6) with time zone not null,
            deleted_at timestamp(6) with time zone,
            device_id bigint not null,
            updated_at timestamp(6) with time zone not null,
            user_id bigint not null,
            command varchar(50) not null,
            correlation_id varchar(100),
            error_message TEXT,
            actor_type enum ('ADMIN','RESIDENT') not null,
            command_params jsonb,
            result enum ('FAILURE','SUCCESS') not null,
            primary key (control_log_id)
        )
    Hibernate: 
        create table control_logs (
            control_log_id bigint generated by default as identity,
            created_at timestamp(6) with time zone not null,
            deleted_at timestamp(6) with time zone,
            device_id bigint not null,
            updated_at timestamp(6) with time zone not null,
            user_id bigint not null,
            command varchar(50) not null,
            correlation_id varchar(100),
            error_message TEXT,
            actor_type enum ('ADMIN','RESIDENT') not null,
            command_params jsonb,
            result enum ('FAILURE','SUCCESS') not null,
            primary key (control_log_id)
        )
    2026-04-13T12:41:37.629+09:00  WARN 4752 --- [    Test worker] o.h.t.s.i.ExceptionHandlerLoggedImpl     : GenerationTarget encountered exception accepting command : Error executing DDL "
        create table control_logs (
            control_log_id bigint generated by default as identity,
            created_at timestamp(6) with time zone not null,
            deleted_at timestamp(6) with time zone,
            device_id bigint not null,
            updated_at timestamp(6) with time zone not null,
            user_id bigint not null,
            command varchar(50) not null,
            correlation_id varchar(100),
            error_message TEXT,
            actor_type enum ('ADMIN','RESIDENT') not null,
            command_params jsonb,
            result enum ('FAILURE','SUCCESS') not null,
            primary key (control_log_id)
        )" via JDBC [Unknown data type: "JSONB";]

    org.hibernate.tool.schema.spi.CommandAcceptanceException: Error executing DDL "
        create table control_logs (
            control_log_id bigint generated by default as identity,
            created_at timestamp(6) with time zone not null,
            deleted_at timestamp(6) with time zone,
            device_id bigint not null,
            updated_at timestamp(6) with time zone not null,
            user_id bigint not null,
            command varchar(50) not null,
            correlation_id varchar(100),
            error_message TEXT,
            actor_type enum ('ADMIN','RESIDENT') not null,
            command_params jsonb,
            result enum ('FAILURE','SUCCESS') not null,
            primary key (control_log_id)
        )" via JDBC [Unknown data type: "JSONB";]
    	at org.hibernate.tool.schema.internal.exec.GenerationTargetToDatabase.accept(GenerationTargetToDatabase.java:94) ~[hibernate-core-6.5.3.Final.jar:6.5.3.Final]
    	at org.hibernate.tool.schema.internal.Helper.applySqlString(Helper.java:233) ~[hibernate-core-6.5.3.Final.jar:6.5.3.Final]
    	at org.hibernate.tool.schema.internal.Helper.applySqlStrings(Helper.java:217) ~[hibernate-core-6.5.3.Final.jar:6.5.3.Final]
    	at org.hibernate.tool.schema.internal.SchemaCreatorImpl.createTables(SchemaCreatorImpl.java:428) ~[hibernate-core-6.5.3.Final.jar:6.5.3.Final]
    	at org.hibernate.tool.schema.internal.SchemaCreatorImpl.createSequencesTablesConstraints(SchemaCreatorImpl.java:344) ~[hibernate-core-6.5.3.Final.jar:6.5.3.Final]
    	at org.hibernate.tool.schema.internal.SchemaCreatorImpl.createFromMetadata(SchemaCreatorImpl.java:239) ~[hibernate-core-6.5.3.Final.jar:6.5.3.Final]
    	at org.hibernate.tool.schema.internal.SchemaCreatorImpl.performCreation(SchemaCreatorImpl.java:172) ~[hibernate-core-6.5.3.Final.jar:6.5.3.Final]
    	at org.hibernate.tool.schema.internal.SchemaCreatorImpl.doCreation(SchemaCreatorImpl.java:142) ~[hibernate-core-6.5.3.Final.jar:6.5.3.Final]
    	at org.hibernate.tool.schema.internal.SchemaCreatorImpl.doCreation(SchemaCreatorImpl.java:118) ~[hibernate-core-6.5.3.Final.jar:6.5.3.Final]
    	at org.hibernate.tool.schema.spi.SchemaManagementToolCoordinator.performDatabaseAction(SchemaManagementToolCoordinator.java:250) ~[hibernate-core-6.5.3.Final.jar:6.5.3.Final]
    	at org.hibernate.tool.schema.spi.SchemaManagementToolCoordinator.lambda$process$5(SchemaManagementToolCoordinator.java:144) ~[hibernate-core-6.5.3.Final.jar:6.5.3.Final]
    	at java.base/java.util.HashMap.forEach(HashMap.java:1429) ~[na:na]
    	at org.hibernate.tool.schema.spi.SchemaManagementToolCoordinator.process(SchemaManagementToolCoordinator.java:141) ~[hibernate-core-6.5.3.Final.jar:6.5.3.Final]
    	at org.hibernate.boot.internal.SessionFactoryObserverForSchemaExport.sessionFactoryCreated(SessionFactoryObserverForSchemaExport.java:37) ~[hibernate-core-6.5.3.Final.jar:6.5.3.Final]
    	at org.hibernate.internal.SessionFactoryObserverChain.sessionFactoryCreated(SessionFactoryObserverChain.java:35) ~[hibernate-core-6.5.3.Final.jar:6.5.3.Final]
    	at org.hibernate.internal.SessionFactoryImpl.<init>(SessionFactoryImpl.java:322) ~[hibernate-core-6.5.3.Final.jar:6.5.3.Final]
    	at org.hibernate.boot.internal.SessionFactoryBuilderImpl.build(SessionFactoryBuilderImpl.java:457) ~[hibernate-core-6.5.3.Final.jar:6.5.3.Final]
    	at org.hibernate.jpa.boot.internal.EntityManagerFactoryBuilderImpl.build(EntityManagerFactoryBuilderImpl.java:1506) ~[hibernate-core-6.5.3.Final.jar:6.5.3.Final]
    	at org.springframework.orm.jpa.vendor.SpringHibernateJpaPersistenceProvider.createContainerEntityManagerFactory(SpringHibernateJpaPersistenceProvider.java:75) ~[spring-orm-6.1.18.jar:6.1.18]
    	at org.springframework.orm.jpa.LocalContainerEntityManagerFactoryBean.createNativeEntityManagerFactory(LocalContainerEntityManagerFactoryBean.java:390) ~[spring-orm-6.1.18.jar:6.1.18]
    	at org.springframework.orm.jpa.AbstractEntityManagerFactoryBean.buildNativeEntityManagerFactory(AbstractEntityManagerFactoryBean.java:409) ~[spring-orm-6.1.18.jar:6.1.18]
    	at org.springframework.orm.jpa.AbstractEntityManagerFactoryBean.afterPropertiesSet(AbstractEntityManagerFactoryBean.java:396) ~[spring-orm-6.1.18.jar:6.1.18]
    	at org.springframework.orm.jpa.LocalContainerEntityManagerFactoryBean.afterPropertiesSet(LocalContainerEntityManagerFactoryBean.java:366) ~[spring-orm-6.1.18.jar:6.1.18]
    	at org.springframework.beans.factory.support.AbstractAutowireCapableBeanFactory.invokeInitMethods(AbstractAutowireCapableBeanFactory.java:1853) ~[spring-beans-6.1.18.jar:6.1.18]
    	at org.springframework.beans.factory.support.AbstractAutowireCapableBeanFactory.initializeBean(AbstractAutowireCapableBeanFactory.java:1802) ~[spring-beans-6.1.18.jar:6.1.18]
    	at org.springframework.beans.factory.support.AbstractAutowireCapableBeanFactory.doCreateBean(AbstractAutowireCapableBeanFactory.java:600) ~[spring-beans-6.1.18.jar:6.1.18]
    	at org.springframework.beans.factory.support.AbstractAutowireCapableBeanFactory.createBean(AbstractAutowireCapableBeanFactory.java:522) ~[spring-beans-6.1.18.jar:6.1.18]
    	at org.springframework.beans.factory.support.AbstractBeanFactory.lambda$doGetBean$0(AbstractBeanFactory.java:337) ~[spring-beans-6.1.18.jar:6.1.18]
    	at org.springframework.beans.factory.support.DefaultSingletonBeanRegistry.getSingleton(DefaultSingletonBeanRegistry.java:234) ~[spring-beans-6.1.18.jar:6.1.18]
    	at org.springframework.beans.factory.support.AbstractBeanFactory.doGetBean(AbstractBeanFactory.java:335) ~[spring-beans-6.1.18.jar:6.1.18]
    	at org.springframework.beans.factory.support.AbstractBeanFactory.getBean(AbstractBeanFactory.java:205) ~[spring-beans-6.1.18.jar:6.1.18]
    	at org.springframework.context.support.AbstractApplicationContext.finishBeanFactoryInitialization(AbstractApplicationContext.java:954) ~[spring-context-6.1.18.jar:6.1.18]
    	at org.springframework.context.support.AbstractApplicationContext.refresh(AbstractApplicationContext.java:625) ~[spring-context-6.1.18.jar:6.1.18]
    	at org.springframework.boot.SpringApplication.refresh(SpringApplication.java:754) ~[spring-boot-3.3.10.jar:3.3.10]
    	at org.springframework.boot.SpringApplication.refreshContext(SpringApplication.java:456) ~[spring-boot-3.3.10.jar:3.3.10]
    	at org.springframework.boot.SpringApplication.run(SpringApplication.java:335) ~[spring-boot-3.3.10.jar:3.3.10]
    	at org.springframework.boot.test.context.SpringBootContextLoader.lambda$loadContext$3(SpringBootContextLoader.java:145) ~[spring-boot-test-3.3.10.jar:3.3.10]
    	at org.springframework.util.function.ThrowingSupplier.get(ThrowingSupplier.java:58) ~[spring-core-6.1.18.jar:6.1.18]
    	at org.springframework.util.function.ThrowingSupplier.get(ThrowingSupplier.java:46) ~[spring-core-6.1.18.jar:6.1.18]
    	at org.springframework.boot.SpringApplication.withHook(SpringApplication.java:1463) ~[spring-boot-3.3.10.jar:3.3.10]
    	at org.springframework.boot.test.context.SpringBootContextLoader$ContextLoaderHook.run(SpringBootContextLoader.java:564) ~[spring-boot-test-3.3.10.jar:3.3.10]
    	at org.springframework.boot.test.context.SpringBootContextLoader.loadContext(SpringBootContextLoader.java:145) ~[spring-boot-test-3.3.10.jar:3.3.10]
    	at org.springframework.boot.test.context.SpringBootContextLoader.loadContext(SpringBootContextLoader.java:116) ~[spring-boot-test-3.3.10.jar:3.3.10]
    	at org.springframework.test.context.cache.DefaultCacheAwareContextLoaderDelegate.loadContextInternal(DefaultCacheAwareContextLoaderDelegate.java:225) ~[spring-test-6.1.18.jar:6.1.18]
    	at org.springframework.test.context.cache.DefaultCacheAwareContextLoaderDelegate.loadContext(DefaultCacheAwareContextLoaderDelegate.java:152) ~[spring-test-6.1.18.jar:6.1.18]
    	at org.springframework.test.context.support.DefaultTestContext.getApplicationContext(DefaultTestContext.java:130) ~[spring-test-6.1.18.jar:6.1.18]
    	at org.springframework.test.context.support.DependencyInjectionTestExecutionListener.injectDependencies(DependencyInjectionTestExecutionListener.java:142) ~[spring-test-6.1.18.jar:6.1.18]
    	at org.springframework.test.context.support.DependencyInjectionTestExecutionListener.prepareTestInstance(DependencyInjectionTestExecutionListener.java:98) ~[spring-test-6.1.18.jar:6.1.18]
    	at org.springframework.test.context.TestContextManager.prepareTestInstance(TestContextManager.java:260) ~[spring-test-6.1.18.jar:6.1.18]
    	at org.springframework.test.context.junit.jupiter.SpringExtension.postProcessTestInstance(SpringExtension.java:163) ~[spring-test-6.1.18.jar:6.1.18]
    	at org.junit.jupiter.engine.descriptor.ClassBasedTestDescriptor.lambda$invokeTestInstancePostProcessors$10(ClassBasedTestDescriptor.java:378) ~[junit-jupiter-engine-5.10.5.jar:5.10.5]
    	at org.junit.jupiter.engine.descriptor.ClassBasedTestDescriptor.executeAndMaskThrowable(ClassBasedTestDescriptor.java:383) ~[junit-jupiter-engine-5.10.5.jar:5.10.5]
    	at org.junit.jupiter.engine.descriptor.ClassBasedTestDescriptor.lambda$invokeTestInstancePostProcessors$11(ClassBasedTestDescriptor.java:378) ~[junit-jupiter-engine-5.10.5.jar:5.10.5]
    	at java.base/java.util.stream.ReferencePipeline$3$1.accept(ReferencePipeline.java:197) ~[na:na]
    	at java.base/java.util.stream.ReferencePipeline$2$1.accept(ReferencePipeline.java:179) ~[na:na]
    	at java.base/java.util.ArrayList$ArrayListSpliterator.forEachRemaining(ArrayList.java:1708) ~[na:na]
    	at java.base/java.util.stream.AbstractPipeline.copyInto(AbstractPipeline.java:509) ~[na:na]
    	at java.base/java.util.stream.AbstractPipeline.wrapAndCopyInto(AbstractPipeline.java:499) ~[na:na]
    	at java.base/java.util.stream.StreamSpliterators$WrappingSpliterator.forEachRemaining(StreamSpliterators.java:310) ~[na:na]
    	at java.base/java.util.stream.Streams$ConcatSpliterator.forEachRemaining(Streams.java:735) ~[na:na]
    	at java.base/java.util.stream.Streams$ConcatSpliterator.forEachRemaining(Streams.java:734) ~[na:na]
    	at java.base/java.util.stream.ReferencePipeline$Head.forEach(ReferencePipeline.java:762) ~[na:na]
    	at org.junit.jupiter.engine.descriptor.ClassBasedTestDescriptor.invokeTestInstancePostProcessors(ClassBasedTestDescriptor.java:377) ~[junit-jupiter-engine-5.10.5.jar:5.10.5]
    	at org.junit.jupiter.engine.descriptor.ClassBasedTestDescriptor.lambda$instantiateAndPostProcessTestInstance$6(ClassBasedTestDescriptor.java:290) ~[junit-jupiter-engine-5.10.5.jar:5.10.5]
    	at org.junit.platform.engine.support.hierarchical.ThrowableCollector.execute(ThrowableCollector.java:73) ~[junit-platform-engine-1.10.5.jar:1.10.5]
    	at org.junit.jupiter.engine.descriptor.ClassBasedTestDescriptor.instantiateAndPostProcessTestInstance(ClassBasedTestDescriptor.java:289) ~[junit-jupiter-engine-5.10.5.jar:5.10.5]
    	at org.junit.jupiter.engine.descriptor.ClassBasedTestDescriptor.lambda$testInstancesProvider$4(ClassBasedTestDescriptor.java:279) ~[junit-jupiter-engine-5.10.5.jar:5.10.5]
    	at java.base/java.util.Optional.orElseGet(Optional.java:364) ~[na:na]
    	at org.junit.jupiter.engine.descriptor.ClassBasedTestDescriptor.lambda$testInstancesProvider$5(ClassBasedTestDescriptor.java:278) ~[junit-jupiter-engine-5.10.5.jar:5.10.5]
    	at org.junit.jupiter.engine.execution.TestInstancesProvider.getTestInstances(TestInstancesProvider.java:31) ~[junit-jupiter-engine-5.10.5.jar:5.10.5]
    	at org.junit.jupiter.engine.descriptor.TestMethodTestDescriptor.lambda$prepare$0(TestMethodTestDescriptor.java:106) ~[junit-jupiter-engine-5.10.5.jar:5.10.5]
    	at org.junit.platform.engine.support.hierarchical.ThrowableCollector.execute(ThrowableCollector.java:73) ~[junit-platform-engine-1.10.5.jar:1.10.5]
    	at org.junit.jupiter.engine.descriptor.TestMethodTestDescriptor.prepare(TestMethodTestDescriptor.java:105) ~[junit-jupiter-engine-5.10.5.jar:5.10.5]
    	at org.junit.jupiter.engine.descriptor.TestMethodTestDescriptor.prepare(TestMethodTestDescriptor.java:69) ~[junit-jupiter-engine-5.10.5.jar:5.10.5]
    	at org.junit.platform.engine.support.hierarchical.NodeTestTask.lambda$prepare$2(NodeTestTask.java:128) ~[junit-platform-engine-1.10.5.jar:1.10.5]
    	at org.junit.platform.engine.support.hierarchical.ThrowableCollector.execute(ThrowableCollector.java:73) ~[junit-platform-engine-1.10.5.jar:1.10.5]
    	at org.junit.platform.engine.support.hierarchical.NodeTestTask.prepare(NodeTestTask.java:128) ~[junit-platform-engine-1.10.5.jar:1.10.5]
    	at org.junit.platform.engine.support.hierarchical.NodeTestTask.execute(NodeTestTask.java:95) ~[junit-platform-engine-1.10.5.jar:1.10.5]
    	at java.base/java.util.ArrayList.forEach(ArrayList.java:1596) ~[na:na]
    	at org.junit.platform.engine.support.hierarchical.SameThreadHierarchicalTestExecutorService.invokeAll(SameThreadHierarchicalTestExecutorService.java:41) ~[junit-platform-engine-1.10.5.jar:1.10.5]
    	at org.junit.platform.engine.support.hierarchical.NodeTestTask.lambda$executeRecursively$6(NodeTestTask.java:160) ~[junit-platform-engine-1.10.5.jar:1.10.5]
    	at org.junit.platform.engine.support.hierarchical.ThrowableCollector.execute(ThrowableCollector.java:73) ~[junit-platform-engine-1.10.5.jar:1.10.5]
    	at org.junit.platform.engine.support.hierarchical.NodeTestTask.lambda$executeRecursively$8(NodeTestTask.java:146) ~[junit-platform-engine-1.10.5.jar:1.10.5]
    	at org.junit.platform.engine.support.hierarchical.Node.around(Node.java:137) ~[junit-platform-engine-1.10.5.jar:1.10.5]
    	at org.junit.platform.engine.support.hierarchical.NodeTestTask.lambda$executeRecursively$9(NodeTestTask.java:144) ~[junit-platform-engine-1.10.5.jar:1.10.5]
    	at org.junit.platform.engine.support.hierarchical.ThrowableCollector.execute(ThrowableCollector.java:73) ~[junit-platform-engine-1.10.5.jar:1.10.5]
    	at org.junit.platform.engine.support.hierarchical.NodeTestTask.executeRecursively(NodeTestTask.java:143) ~[junit-platform-engine-1.10.5.jar:1.10.5]
    	at org.junit.platform.engine.support.hierarchical.NodeTestTask.execute(NodeTestTask.java:100) ~[junit-platform-engine-1.10.5.jar:1.10.5]
    	at java.base/java.util.ArrayList.forEach(ArrayList.java:1596) ~[na:na]
    	at org.junit.platform.engine.support.hierarchical.SameThreadHierarchicalTestExecutorService.invokeAll(SameThreadHierarchicalTestExecutorService.java:41) ~[junit-platform-engine-1.10.5.jar:1.10.5]
    	at org.junit.platform.engine.support.hierarchical.NodeTestTask.lambda$executeRecursively$6(NodeTestTask.java:160) ~[junit-platform-engine-1.10.5.jar:1.10.5]
    	at org.junit.platform.engine.support.hierarchical.ThrowableCollector.execute(ThrowableCollector.java:73) ~[junit-platform-engine-1.10.5.jar:1.10.5]
    	at org.junit.platform.engine.support.hierarchical.NodeTestTask.lambda$executeRecursively$8(NodeTestTask.java:146) ~[junit-platform-engine-1.10.5.jar:1.10.5]
    	at org.junit.platform.engine.support.hierarchical.Node.around(Node.java:137) ~[junit-platform-engine-1.10.5.jar:1.10.5]
    	at org.junit.platform.engine.support.hierarchical.NodeTestTask.lambda$executeRecursively$9(NodeTestTask.java:144) ~[junit-platform-engine-1.10.5.jar:1.10.5]
    	at org.junit.platform.engine.support.hierarchical.ThrowableCollector.execute(ThrowableCollector.java:73) ~[junit-platform-engine-1.10.5.jar:1.10.5]
    	at org.junit.platform.engine.support.hierarchical.NodeTestTask.executeRecursively(NodeTestTask.java:143) ~[junit-platform-engine-1.10.5.jar:1.10.5]
    	at org.junit.platform.engine.support.hierarchical.NodeTestTask.execute(NodeTestTask.java:100) ~[junit-platform-engine-1.10.5.jar:1.10.5]
    	at org.junit.platform.engine.support.hierarchical.SameThreadHierarchicalTestExecutorService.submit(SameThreadHierarchicalTestExecutorService.java:35) ~[junit-platform-engine-1.10.5.jar:1.10.5]
    	at org.junit.platform.engine.support.hierarchical.HierarchicalTestExecutor.execute(HierarchicalTestExecutor.java:57) ~[junit-platform-engine-1.10.5.jar:1.10.5]
    	at org.junit.platform.engine.support.hierarchical.HierarchicalTestEngine.execute(HierarchicalTestEngine.java:54) ~[junit-platform-engine-1.10.5.jar:1.10.5]
    	at org.junit.platform.launcher.core.EngineExecutionOrchestrator.execute(EngineExecutionOrchestrator.java:198) ~[junit-platform-launcher-1.10.5.jar:1.10.5]
    	at org.junit.platform.launcher.core.EngineExecutionOrchestrator.execute(EngineExecutionOrchestrator.java:169) ~[junit-platform-launcher-1.10.5.jar:1.10.5]
    	at org.junit.platform.launcher.core.EngineExecutionOrchestrator.execute(EngineExecutionOrchestrator.java:93) ~[junit-platform-launcher-1.10.5.jar:1.10.5]
    	at org.junit.platform.launcher.core.EngineExecutionOrchestrator.lambda$execute$0(EngineExecutionOrchestrator.java:58) ~[junit-platform-launcher-1.10.5.jar:1.10.5]
    	at org.junit.platform.launcher.core.EngineExecutionOrchestrator.withInterceptedStreams(EngineExecutionOrchestrator.java:141) ~[junit-platform-launcher-1.10.5.jar:1.10.5]
    	at org.junit.platform.launcher.core.EngineExecutionOrchestrator.execute(EngineExecutionOrchestrator.java:57) ~[junit-platform-launcher-1.10.5.jar:1.10.5]
    	at org.junit.platform.launcher.core.DefaultLauncher.execute(DefaultLauncher.java:103) ~[junit-platform-launcher-1.10.5.jar:1.10.5]
    	at org.junit.platform.launcher.core.DefaultLauncher.execute(DefaultLauncher.java:85) ~[junit-platform-launcher-1.10.5.jar:1.10.5]
    	at org.junit.platform.launcher.core.DelegatingLauncher.execute(DelegatingLauncher.java:47) ~[junit-platform-launcher-1.10.5.jar:1.10.5]
    	at org.gradle.api.internal.tasks.testing.junitplatform.JUnitPlatformTestClassProcessor$CollectAllTestClassesExecutor.processAllTestClasses(JUnitPlatformTestClassProcessor.java:124) ~[na:na]
    	at org.gradle.api.internal.tasks.testing.junitplatform.JUnitPlatformTestClassProcessor$CollectAllTestClassesExecutor.access$000(JUnitPlatformTestClassProcessor.java:99) ~[na:na]
    	at org.gradle.api.internal.tasks.testing.junitplatform.JUnitPlatformTestClassProcessor.stop(JUnitPlatformTestClassProcessor.java:94) ~[na:na]
    	at org.gradle.api.internal.tasks.testing.SuiteTestClassProcessor.stop(SuiteTestClassProcessor.java:63) ~[na:na]
    	at java.base/jdk.internal.reflect.DirectMethodHandleAccessor.invoke(DirectMethodHandleAccessor.java:103) ~[na:na]
    	at java.base/java.lang.reflect.Method.invoke(Method.java:580) ~[na:na]
    	at org.gradle.internal.dispatch.ReflectionDispatch.dispatch(ReflectionDispatch.java:36) ~[na:na]
    	at org.gradle.internal.dispatch.ReflectionDispatch.dispatch(ReflectionDispatch.java:24) ~[na:na]
    	at org.gradle.internal.dispatch.ContextClassLoaderDispatch.dispatch(ContextClassLoaderDispatch.java:33) ~[na:na]
    	at org.gradle.internal.dispatch.ProxyDispatchAdapter$DispatchingInvocationHandler.invoke(ProxyDispatchAdapter.java:92) ~[na:na]
    	at jdk.proxy1/jdk.proxy1.$Proxy4.stop(Unknown Source) ~[na:na]
    	at org.gradle.api.internal.tasks.testing.worker.TestWorker$3.run(TestWorker.java:200) ~[na:na]
    	at org.gradle.api.internal.tasks.testing.worker.TestWorker.executeAndMaintainThreadName(TestWorker.java:132) ~[na:na]
    	at org.gradle.api.internal.tasks.testing.worker.TestWorker.execute(TestWorker.java:103) ~[na:na]
    	at org.gradle.api.internal.tasks.testing.worker.TestWorker.execute(TestWorker.java:63) ~[na:na]
    	at org.gradle.process.internal.worker.child.ActionExecutionWorker.execute(ActionExecutionWorker.java:56) ~[na:na]
    	at org.gradle.process.internal.worker.child.SystemApplicationClassLoaderWorker.call(SystemApplicationClassLoaderWorker.java:121) ~[na:na]
    	at org.gradle.process.internal.worker.child.SystemApplicationClassLoaderWorker.call(SystemApplicationClassLoaderWorker.java:71) ~[na:na]
    	at worker.org.gradle.process.internal.worker.GradleWorkerMain.run(GradleWorkerMain.java:69) ~[gradle-worker.jar:na]
    	at worker.org.gradle.process.internal.worker.GradleWorkerMain.main(GradleWorkerMain.java:74) ~[gradle-worker.jar:na]
    Caused by: org.h2.jdbc.JdbcSQLNonTransientException: Unknown data type: "JSONB"; SQL statement:

        create table control_logs (
            control_log_id bigint generated by default as identity,
            created_at timestamp(6) with time zone not null,
            deleted_at timestamp(6) with time zone,
            device_id bigint not null,
            updated_at timestamp(6) with time zone not null,
            user_id bigint not null,
            command varchar(50) not null,
            correlation_id varchar(100),
            error_message TEXT,
            actor_type enum ('ADMIN','RESIDENT') not null,
            command_params jsonb,
            result enum ('FAILURE','SUCCESS') not null,
            primary key (control_log_id)
        ) [50004-224]
    	at org.h2.message.DbException.getJdbcSQLException(DbException.java:566) ~[h2-2.2.224.jar:2.2.224]
    	at org.h2.message.DbException.getJdbcSQLException(DbException.java:489) ~[h2-2.2.224.jar:2.2.224]
    	at org.h2.message.DbException.get(DbException.java:223) ~[h2-2.2.224.jar:2.2.224]
    	at org.h2.message.DbException.get(DbException.java:199) ~[h2-2.2.224.jar:2.2.224]
    	at org.h2.command.Parser.readIfDataType1(Parser.java:5866) ~[h2-2.2.224.jar:2.2.224]
    	at org.h2.command.Parser.readIfDataType(Parser.java:5704) ~[h2-2.2.224.jar:2.2.224]
    	at org.h2.command.Parser.parseColumnWithType(Parser.java:5686) ~[h2-2.2.224.jar:2.2.224]
    	at org.h2.command.Parser.parseColumnForTable(Parser.java:5565) ~[h2-2.2.224.jar:2.2.224]
    	at org.h2.command.Parser.parseTableColumnDefinition(Parser.java:8999) ~[h2-2.2.224.jar:2.2.224]
    	at org.h2.command.Parser.parseCreateTable(Parser.java:8939) ~[h2-2.2.224.jar:2.2.224]
    	at org.h2.command.Parser.parseCreate(Parser.java:6404) ~[h2-2.2.224.jar:2.2.224]
    	at org.h2.command.Parser.parsePrepared(Parser.java:666) ~[h2-2.2.224.jar:2.2.224]
    	at org.h2.command.Parser.parse(Parser.java:592) ~[h2-2.2.224.jar:2.2.224]
    	at org.h2.command.Parser.parse(Parser.java:564) ~[h2-2.2.224.jar:2.2.224]
    	at org.h2.command.Parser.prepareCommand(Parser.java:483) ~[h2-2.2.224.jar:2.2.224]
    	at org.h2.engine.SessionLocal.prepareLocal(SessionLocal.java:639) ~[h2-2.2.224.jar:2.2.224]
    	at org.h2.engine.SessionLocal.prepareCommand(SessionLocal.java:559) ~[h2-2.2.224.jar:2.2.224]
    	at org.h2.jdbc.JdbcConnection.prepareCommand(JdbcConnection.java:1166) ~[h2-2.2.224.jar:2.2.224]
    	at org.h2.jdbc.JdbcStatement.executeInternal(JdbcStatement.java:245) ~[h2-2.2.224.jar:2.2.224]
    	at org.h2.jdbc.JdbcStatement.execute(JdbcStatement.java:231) ~[h2-2.2.224.jar:2.2.224]
    	at org.hibernate.tool.schema.internal.exec.GenerationTargetToDatabase.accept(GenerationTargetToDatabase.java:80) ~[hibernate-core-6.5.3.Final.jar:6.5.3.Final]
    	... 129 common frames omitted

    2026-04-13T12:41:37.635+09:00 DEBUG 4752 --- [    Test worker] org.hibernate.SQL                        : 
        create table device_types (
            is_system_default boolean not null,
            created_at timestamp(6) with time zone not null,
            deleted_at timestamp(6) with time zone,
            device_type_id bigint generated by default as identity,
            updated_at timestamp(6) with time zone not null,
            ui_type varchar(30),
            code varchar(50) not null,
            name varchar(100) not null,
            commands jsonb,
            primary key (device_type_id),
            unique (code)
        )
    Hibernate: 
        create table device_types (
            is_system_default boolean not null,
            created_at timestamp(6) with time zone not null,
            deleted_at timestamp(6) with time zone,
            device_type_id bigint generated by default as identity,
            updated_at timestamp(6) with time zone not null,
            ui_type varchar(30),
            code varchar(50) not null,
            name varchar(100) not null,
            commands jsonb,
            primary key (device_type_id),
            unique (code)
        )
    2026-04-13T12:41:37.635+09:00  WARN 4752 --- [    Test worker] o.h.t.s.i.ExceptionHandlerLoggedImpl     : GenerationTarget encountered exception accepting command : Error executing DDL "
        create table device_types (
            is_system_default boolean not null,
            created_at timestamp(6) with time zone not null,
            deleted_at timestamp(6) with time zone,
            device_type_id bigint generated by default as identity,
            updated_at timestamp(6) with time zone not null,
            ui_type varchar(30),
            code varchar(50) not null,
            name varchar(100) not null,
            commands jsonb,
            primary key (device_type_id),
            unique (code)
        )" via JDBC [Unknown data type: "JSONB";]

    org.hibernate.tool.schema.spi.CommandAcceptanceException: Error executing DDL "
        create table device_types (
            is_system_default boolean not null,
            created_at timestamp(6) with time zone not null,
            deleted_at timestamp(6) with time zone,
            device_type_id bigint generated by default as identity,
            updated_at timestamp(6) with time zone not null,
            ui_type varchar(30),
            code varchar(50) not null,
            name varchar(100) not null,
            commands jsonb,
            primary key (device_type_id),
            unique (code)
        )" via JDBC [Unknown data type: "JSONB";]
    	at org.hibernate.tool.schema.internal.exec.GenerationTargetToDatabase.accept(GenerationTargetToDatabase.java:94) ~[hibernate-core-6.5.3.Final.jar:6.5.3.Final]
    	at org.hibernate.tool.schema.internal.Helper.applySqlString(Helper.java:233) ~[hibernate-core-6.5.3.Final.jar:6.5.3.Final]
    	at org.hibernate.tool.schema.internal.Helper.applySqlStrings(Helper.java:217) ~[hibernate-core-6.5.3.Final.jar:6.5.3.Final]
    	at org.hibernate.tool.schema.internal.SchemaCreatorImpl.createTables(SchemaCreatorImpl.java:428) ~[hibernate-core-6.5.3.Final.jar:6.5.3.Final]
    	at org.hibernate.tool.schema.internal.SchemaCreatorImpl.createSequencesTablesConstraints(SchemaCreatorImpl.java:344) ~[hibernate-core-6.5.3.Final.jar:6.5.3.Final]
    	at org.hibernate.tool.schema.internal.SchemaCreatorImpl.createFromMetadata(SchemaCreatorImpl.java:239) ~[hibernate-core-6.5.3.Final.jar:6.5.3.Final]
    	at org.hibernate.tool.schema.internal.SchemaCreatorImpl.performCreation(SchemaCreatorImpl.java:172) ~[hibernate-core-6.5.3.Final.jar:6.5.3.Final]
    	at org.hibernate.tool.schema.internal.SchemaCreatorImpl.doCreation(SchemaCreatorImpl.java:142) ~[hibernate-core-6.5.3.Final.jar:6.5.3.Final]
    	at org.hibernate.tool.schema.internal.SchemaCreatorImpl.doCreation(SchemaCreatorImpl.java:118) ~[hibernate-core-6.5.3.Final.jar:6.5.3.Final]
    	at org.hibernate.tool.schema.spi.SchemaManagementToolCoordinator.performDatabaseAction(SchemaManagementToolCoordinator.java:250) ~[hibernate-core-6.5.3.Final.jar:6.5.3.Final]
    	at org.hibernate.tool.schema.spi.SchemaManagementToolCoordinator.lambda$process$5(SchemaManagementToolCoordinator.java:144) ~[hibernate-core-6.5.3.Final.jar:6.5.3.Final]
    	at java.base/java.util.HashMap.forEach(HashMap.java:1429) ~[na:na]
    	at org.hibernate.tool.schema.spi.SchemaManagementToolCoordinator.process(SchemaManagementToolCoordinator.java:141) ~[hibernate-core-6.5.3.Final.jar:6.5.3.Final]
    	at org.hibernate.boot.internal.SessionFactoryObserverForSchemaExport.sessionFactoryCreated(SessionFactoryObserverForSchemaExport.java:37) ~[hibernate-core-6.5.3.Final.jar:6.5.3.Final]
    	at org.hibernate.internal.SessionFactoryObserverChain.sessionFactoryCreated(SessionFactoryObserverChain.java:35) ~[hibernate-core-6.5.3.Final.jar:6.5.3.Final]
    	at org.hibernate.internal.SessionFactoryImpl.<init>(SessionFactoryImpl.java:322) ~[hibernate-core-6.5.3.Final.jar:6.5.3.Final]
    	at org.hibernate.boot.internal.SessionFactoryBuilderImpl.build(SessionFactoryBuilderImpl.java:457) ~[hibernate-core-6.5.3.Final.jar:6.5.3.Final]
    	at org.hibernate.jpa.boot.internal.EntityManagerFactoryBuilderImpl.build(EntityManagerFactoryBuilderImpl.java:1506) ~[hibernate-core-6.5.3.Final.jar:6.5.3.Final]
    	at org.springframework.orm.jpa.vendor.SpringHibernateJpaPersistenceProvider.createContainerEntityManagerFactory(SpringHibernateJpaPersistenceProvider.java:75) ~[spring-orm-6.1.18.jar:6.1.18]
    	at org.springframework.orm.jpa.LocalContainerEntityManagerFactoryBean.createNativeEntityManagerFactory(LocalContainerEntityManagerFactoryBean.java:390) ~[spring-orm-6.1.18.jar:6.1.18]
    	at org.springframework.orm.jpa.AbstractEntityManagerFactoryBean.buildNativeEntityManagerFactory(AbstractEntityManagerFactoryBean.java:409) ~[spring-orm-6.1.18.jar:6.1.18]
    	at org.springframework.orm.jpa.AbstractEntityManagerFactoryBean.afterPropertiesSet(AbstractEntityManagerFactoryBean.java:396) ~[spring-orm-6.1.18.jar:6.1.18]
    	at org.springframework.orm.jpa.LocalContainerEntityManagerFactoryBean.afterPropertiesSet(LocalContainerEntityManagerFactoryBean.java:366) ~[spring-orm-6.1.18.jar:6.1.18]
    	at org.springframework.beans.factory.support.AbstractAutowireCapableBeanFactory.invokeInitMethods(AbstractAutowireCapableBeanFactory.java:1853) ~[spring-beans-6.1.18.jar:6.1.18]
    	at org.springframework.beans.factory.support.AbstractAutowireCapableBeanFactory.initializeBean(AbstractAutowireCapableBeanFactory.java:1802) ~[spring-beans-6.1.18.jar:6.1.18]
    	at org.springframework.beans.factory.support.AbstractAutowireCapableBeanFactory.doCreateBean(AbstractAutowireCapableBeanFactory.java:600) ~[spring-beans-6.1.18.jar:6.1.18]
    	at org.springframework.beans.factory.support.AbstractAutowireCapableBeanFactory.createBean(AbstractAutowireCapableBeanFactory.java:522) ~[spring-beans-6.1.18.jar:6.1.18]
    	at org.springframework.beans.factory.support.AbstractBeanFactory.lambda$doGetBean$0(AbstractBeanFactory.java:337) ~[spring-beans-6.1.18.jar:6.1.18]
    	at org.springframework.beans.factory.support.DefaultSingletonBeanRegistry.getSingleton(DefaultSingletonBeanRegistry.java:234) ~[spring-beans-6.1.18.jar:6.1.18]
    	at org.springframework.beans.factory.support.AbstractBeanFactory.doGetBean(AbstractBeanFactory.java:335) ~[spring-beans-6.1.18.jar:6.1.18]
    	at org.springframework.beans.factory.support.AbstractBeanFactory.getBean(AbstractBeanFactory.java:205) ~[spring-beans-6.1.18.jar:6.1.18]
    	at org.springframework.context.support.AbstractApplicationContext.finishBeanFactoryInitialization(AbstractApplicationContext.java:954) ~[spring-context-6.1.18.jar:6.1.18]
    	at org.springframework.context.support.AbstractApplicationContext.refresh(AbstractApplicationContext.java:625) ~[spring-context-6.1.18.jar:6.1.18]
    	at org.springframework.boot.SpringApplication.refresh(SpringApplication.java:754) ~[spring-boot-3.3.10.jar:3.3.10]
    	at org.springframework.boot.SpringApplication.refreshContext(SpringApplication.java:456) ~[spring-boot-3.3.10.jar:3.3.10]
    	at org.springframework.boot.SpringApplication.run(SpringApplication.java:335) ~[spring-boot-3.3.10.jar:3.3.10]
    	at org.springframework.boot.test.context.SpringBootContextLoader.lambda$loadContext$3(SpringBootContextLoader.java:145) ~[spring-boot-test-3.3.10.jar:3.3.10]
    	at org.springframework.util.function.ThrowingSupplier.get(ThrowingSupplier.java:58) ~[spring-core-6.1.18.jar:6.1.18]
    	at org.springframework.util.function.ThrowingSupplier.get(ThrowingSupplier.java:46) ~[spring-core-6.1.18.jar:6.1.18]
    	at org.springframework.boot.SpringApplication.withHook(SpringApplication.java:1463) ~[spring-boot-3.3.10.jar:3.3.10]
    	at org.springframework.boot.test.context.SpringBootContextLoader$ContextLoaderHook.run(SpringBootContextLoader.java:564) ~[spring-boot-test-3.3.10.jar:3.3.10]
    	at org.springframework.boot.test.context.SpringBootContextLoader.loadContext(SpringBootContextLoader.java:145) ~[spring-boot-test-3.3.10.jar:3.3.10]
    	at org.springframework.boot.test.context.SpringBootContextLoader.loadContext(SpringBootContextLoader.java:116) ~[spring-boot-test-3.3.10.jar:3.3.10]
    	at org.springframework.test.context.cache.DefaultCacheAwareContextLoaderDelegate.loadContextInternal(DefaultCacheAwareContextLoaderDelegate.java:225) ~[spring-test-6.1.18.jar:6.1.18]
    	at org.springframework.test.context.cache.DefaultCacheAwareContextLoaderDelegate.loadContext(DefaultCacheAwareContextLoaderDelegate.java:152) ~[spring-test-6.1.18.jar:6.1.18]
    	at org.springframework.test.context.support.DefaultTestContext.getApplicationContext(DefaultTestContext.java:130) ~[spring-test-6.1.18.jar:6.1.18]
    	at org.springframework.test.context.support.DependencyInjectionTestExecutionListener.injectDependencies(DependencyInjectionTestExecutionListener.java:142) ~[spring-test-6.1.18.jar:6.1.18]
    	at org.springframework.test.context.support.DependencyInjectionTestExecutionListener.prepareTestInstance(DependencyInjectionTestExecutionListener.java:98) ~[spring-test-6.1.18.jar:6.1.18]
    	at org.springframework.test.context.TestContextManager.prepareTestInstance(TestContextManager.java:260) ~[spring-test-6.1.18.jar:6.1.18]
    	at org.springframework.test.context.junit.jupiter.SpringExtension.postProcessTestInstance(SpringExtension.java:163) ~[spring-test-6.1.18.jar:6.1.18]
    	at org.junit.jupiter.engine.descriptor.ClassBasedTestDescriptor.lambda$invokeTestInstancePostProcessors$10(ClassBasedTestDescriptor.java:378) ~[junit-jupiter-engine-5.10.5.jar:5.10.5]
    	at org.junit.jupiter.engine.descriptor.ClassBasedTestDescriptor.executeAndMaskThrowable(ClassBasedTestDescriptor.java:383) ~[junit-jupiter-engine-5.10.5.jar:5.10.5]
    	at org.junit.jupiter.engine.descriptor.ClassBasedTestDescriptor.lambda$invokeTestInstancePostProcessors$11(ClassBasedTestDescriptor.java:378) ~[junit-jupiter-engine-5.10.5.jar:5.10.5]
    	at java.base/java.util.stream.ReferencePipeline$3$1.accept(ReferencePipeline.java:197) ~[na:na]
    	at java.base/java.util.stream.ReferencePipeline$2$1.accept(ReferencePipeline.java:179) ~[na:na]
    	at java.base/java.util.ArrayList$ArrayListSpliterator.forEachRemaining(ArrayList.java:1708) ~[na:na]
    	at java.base/java.util.stream.AbstractPipeline.copyInto(AbstractPipeline.java:509) ~[na:na]
    	at java.base/java.util.stream.AbstractPipeline.wrapAndCopyInto(AbstractPipeline.java:499) ~[na:na]
    	at java.base/java.util.stream.StreamSpliterators$WrappingSpliterator.forEachRemaining(StreamSpliterators.java:310) ~[na:na]
    	at java.base/java.util.stream.Streams$ConcatSpliterator.forEachRemaining(Streams.java:735) ~[na:na]
    	at java.base/java.util.stream.Streams$ConcatSpliterator.forEachRemaining(Streams.java:734) ~[na:na]
    	at java.base/java.util.stream.ReferencePipeline$Head.forEach(ReferencePipeline.java:762) ~[na:na]
    	at org.junit.jupiter.engine.descriptor.ClassBasedTestDescriptor.invokeTestInstancePostProcessors(ClassBasedTestDescriptor.java:377) ~[junit-jupiter-engine-5.10.5.jar:5.10.5]
    	at org.junit.jupiter.engine.descriptor.ClassBasedTestDescriptor.lambda$instantiateAndPostProcessTestInstance$6(ClassBasedTestDescriptor.java:290) ~[junit-jupiter-engine-5.10.5.jar:5.10.5]
    	at org.junit.platform.engine.support.hierarchical.ThrowableCollector.execute(ThrowableCollector.java:73) ~[junit-platform-engine-1.10.5.jar:1.10.5]
    	at org.junit.jupiter.engine.descriptor.ClassBasedTestDescriptor.instantiateAndPostProcessTestInstance(ClassBasedTestDescriptor.java:289) ~[junit-jupiter-engine-5.10.5.jar:5.10.5]
    	at org.junit.jupiter.engine.descriptor.ClassBasedTestDescriptor.lambda$testInstancesProvider$4(ClassBasedTestDescriptor.java:279) ~[junit-jupiter-engine-5.10.5.jar:5.10.5]
    	at java.base/java.util.Optional.orElseGet(Optional.java:364) ~[na:na]
    	at org.junit.jupiter.engine.descriptor.ClassBasedTestDescriptor.lambda$testInstancesProvider$5(ClassBasedTestDescriptor.java:278) ~[junit-jupiter-engine-5.10.5.jar:5.10.5]
    	at org.junit.jupiter.engine.execution.TestInstancesProvider.getTestInstances(TestInstancesProvider.java:31) ~[junit-jupiter-engine-5.10.5.jar:5.10.5]
    	at org.junit.jupiter.engine.descriptor.TestMethodTestDescriptor.lambda$prepare$0(TestMethodTestDescriptor.java:106) ~[junit-jupiter-engine-5.10.5.jar:5.10.5]
    	at org.junit.platform.engine.support.hierarchical.ThrowableCollector.execute(ThrowableCollector.java:73) ~[junit-platform-engine-1.10.5.jar:1.10.5]
    	at org.junit.jupiter.engine.descriptor.TestMethodTestDescriptor.prepare(TestMethodTestDescriptor.java:105) ~[junit-jupiter-engine-5.10.5.jar:5.10.5]
    	at org.junit.jupiter.engine.descriptor.TestMethodTestDescriptor.prepare(TestMethodTestDescriptor.java:69) ~[junit-jupiter-engine-5.10.5.jar:5.10.5]
    	at org.junit.platform.engine.support.hierarchical.NodeTestTask.lambda$prepare$2(NodeTestTask.java:128) ~[junit-platform-engine-1.10.5.jar:1.10.5]
    	at org.junit.platform.engine.support.hierarchical.ThrowableCollector.execute(ThrowableCollector.java:73) ~[junit-platform-engine-1.10.5.jar:1.10.5]
    	at org.junit.platform.engine.support.hierarchical.NodeTestTask.prepare(NodeTestTask.java:128) ~[junit-platform-engine-1.10.5.jar:1.10.5]
    	at org.junit.platform.engine.support.hierarchical.NodeTestTask.execute(NodeTestTask.java:95) ~[junit-platform-engine-1.10.5.jar:1.10.5]
    	at java.base/java.util.ArrayList.forEach(ArrayList.java:1596) ~[na:na]
    	at org.junit.platform.engine.support.hierarchical.SameThreadHierarchicalTestExecutorService.invokeAll(SameThreadHierarchicalTestExecutorService.java:41) ~[junit-platform-engine-1.10.5.jar:1.10.5]
    	at org.junit.platform.engine.support.hierarchical.NodeTestTask.lambda$executeRecursively$6(NodeTestTask.java:160) ~[junit-platform-engine-1.10.5.jar:1.10.5]
    	at org.junit.platform.engine.support.hierarchical.ThrowableCollector.execute(ThrowableCollector.java:73) ~[junit-platform-engine-1.10.5.jar:1.10.5]
    	at org.junit.platform.engine.support.hierarchical.NodeTestTask.lambda$executeRecursively$8(NodeTestTask.java:146) ~[junit-platform-engine-1.10.5.jar:1.10.5]
    	at org.junit.platform.engine.support.hierarchical.Node.around(Node.java:137) ~[junit-platform-engine-1.10.5.jar:1.10.5]
    	at org.junit.platform.engine.support.hierarchical.NodeTestTask.lambda$executeRecursively$9(NodeTestTask.java:144) ~[junit-platform-engine-1.10.5.jar:1.10.5]
    	at org.junit.platform.engine.support.hierarchical.ThrowableCollector.execute(ThrowableCollector.java:73) ~[junit-platform-engine-1.10.5.jar:1.10.5]
    	at org.junit.platform.engine.support.hierarchical.NodeTestTask.executeRecursively(NodeTestTask.java:143) ~[junit-platform-engine-1.10.5.jar:1.10.5]
    	at org.junit.platform.engine.support.hierarchical.NodeTestTask.execute(NodeTestTask.java:100) ~[junit-platform-engine-1.10.5.jar:1.10.5]
    	at java.base/java.util.ArrayList.forEach(ArrayList.java:1596) ~[na:na]
    	at org.junit.platform.engine.support.hierarchical.SameThreadHierarchicalTestExecutorService.invokeAll(SameThreadHierarchicalTestExecutorService.java:41) ~[junit-platform-engine-1.10.5.jar:1.10.5]
    	at org.junit.platform.engine.support.hierarchical.NodeTestTask.lambda$executeRecursively$6(NodeTestTask.java:160) ~[junit-platform-engine-1.10.5.jar:1.10.5]
    	at org.junit.platform.engine.support.hierarchical.ThrowableCollector.execute(ThrowableCollector.java:73) ~[junit-platform-engine-1.10.5.jar:1.10.5]
    	at org.junit.platform.engine.support.hierarchical.NodeTestTask.lambda$executeRecursively$8(NodeTestTask.java:146) ~[junit-platform-engine-1.10.5.jar:1.10.5]
    	at org.junit.platform.engine.support.hierarchical.Node.around(Node.java:137) ~[junit-platform-engine-1.10.5.jar:1.10.5]
    	at org.junit.platform.engine.support.hierarchical.NodeTestTask.lambda$executeRecursively$9(NodeTestTask.java:144) ~[junit-platform-engine-1.10.5.jar:1.10.5]
    	at org.junit.platform.engine.support.hierarchical.ThrowableCollector.execute(ThrowableCollector.java:73) ~[junit-platform-engine-1.10.5.jar:1.10.5]
    	at org.junit.platform.engine.support.hierarchical.NodeTestTask.executeRecursively(NodeTestTask.java:143) ~[junit-platform-engine-1.10.5.jar:1.10.5]
    	at org.junit.platform.engine.support.hierarchical.NodeTestTask.execute(NodeTestTask.java:100) ~[junit-platform-engine-1.10.5.jar:1.10.5]
    	at org.junit.platform.engine.support.hierarchical.SameThreadHierarchicalTestExecutorService.submit(SameThreadHierarchicalTestExecutorService.java:35) ~[junit-platform-engine-1.10.5.jar:1.10.5]
    	at org.junit.platform.engine.support.hierarchical.HierarchicalTestExecutor.execute(HierarchicalTestExecutor.java:57) ~[junit-platform-engine-1.10.5.jar:1.10.5]
    	at org.junit.platform.engine.support.hierarchical.HierarchicalTestEngine.execute(HierarchicalTestEngine.java:54) ~[junit-platform-engine-1.10.5.jar:1.10.5]
    	at org.junit.platform.launcher.core.EngineExecutionOrchestrator.execute(EngineExecutionOrchestrator.java:198) ~[junit-platform-launcher-1.10.5.jar:1.10.5]
    	at org.junit.platform.launcher.core.EngineExecutionOrchestrator.execute(EngineExecutionOrchestrator.java:169) ~[junit-platform-launcher-1.10.5.jar:1.10.5]
    	at org.junit.platform.launcher.core.EngineExecutionOrchestrator.execute(EngineExecutionOrchestrator.java:93) ~[junit-platform-launcher-1.10.5.jar:1.10.5]
    	at org.junit.platform.launcher.core.EngineExecutionOrchestrator.lambda$execute$0(EngineExecutionOrchestrator.java:58) ~[junit-platform-launcher-1.10.5.jar:1.10.5]
    	at org.junit.platform.launcher.core.EngineExecutionOrchestrator.withInterceptedStreams(EngineExecutionOrchestrator.java:141) ~[junit-platform-launcher-1.10.5.jar:1.10.5]
    	at org.junit.platform.launcher.core.EngineExecutionOrchestrator.execute(EngineExecutionOrchestrator.java:57) ~[junit-platform-launcher-1.10.5.jar:1.10.5]
    	at org.junit.platform.launcher.core.DefaultLauncher.execute(DefaultLauncher.java:103) ~[junit-platform-launcher-1.10.5.jar:1.10.5]
    	at org.junit.platform.launcher.core.DefaultLauncher.execute(DefaultLauncher.java:85) ~[junit-platform-launcher-1.10.5.jar:1.10.5]
    	at org.junit.platform.launcher.core.DelegatingLauncher.execute(DelegatingLauncher.java:47) ~[junit-platform-launcher-1.10.5.jar:1.10.5]
    	at org.gradle.api.internal.tasks.testing.junitplatform.JUnitPlatformTestClassProcessor$CollectAllTestClassesExecutor.processAllTestClasses(JUnitPlatformTestClassProcessor.java:124) ~[na:na]
    	at org.gradle.api.internal.tasks.testing.junitplatform.JUnitPlatformTestClassProcessor$CollectAllTestClassesExecutor.access$000(JUnitPlatformTestClassProcessor.java:99) ~[na:na]
    	at org.gradle.api.internal.tasks.testing.junitplatform.JUnitPlatformTestClassProcessor.stop(JUnitPlatformTestClassProcessor.java:94) ~[na:na]
    	at org.gradle.api.internal.tasks.testing.SuiteTestClassProcessor.stop(SuiteTestClassProcessor.java:63) ~[na:na]
    	at java.base/jdk.internal.reflect.DirectMethodHandleAccessor.invoke(DirectMethodHandleAccessor.java:103) ~[na:na]
    	at java.base/java.lang.reflect.Method.invoke(Method.java:580) ~[na:na]
    	at org.gradle.internal.dispatch.ReflectionDispatch.dispatch(ReflectionDispatch.java:36) ~[na:na]
    	at org.gradle.internal.dispatch.ReflectionDispatch.dispatch(ReflectionDispatch.java:24) ~[na:na]
    	at org.gradle.internal.dispatch.ContextClassLoaderDispatch.dispatch(ContextClassLoaderDispatch.java:33) ~[na:na]
    	at org.gradle.internal.dispatch.ProxyDispatchAdapter$DispatchingInvocationHandler.invoke(ProxyDispatchAdapter.java:92) ~[na:na]
    	at jdk.proxy1/jdk.proxy1.$Proxy4.stop(Unknown Source) ~[na:na]
    	at org.gradle.api.internal.tasks.testing.worker.TestWorker$3.run(TestWorker.java:200) ~[na:na]
    	at org.gradle.api.internal.tasks.testing.worker.TestWorker.executeAndMaintainThreadName(TestWorker.java:132) ~[na:na]
    	at org.gradle.api.internal.tasks.testing.worker.TestWorker.execute(TestWorker.java:103) ~[na:na]
    	at org.gradle.api.internal.tasks.testing.worker.TestWorker.execute(TestWorker.java:63) ~[na:na]
    	at org.gradle.process.internal.worker.child.ActionExecutionWorker.execute(ActionExecutionWorker.java:56) ~[na:na]
    	at org.gradle.process.internal.worker.child.SystemApplicationClassLoaderWorker.call(SystemApplicationClassLoaderWorker.java:121) ~[na:na]
    	at org.gradle.process.internal.worker.child.SystemApplicationClassLoaderWorker.call(SystemApplicationClassLoaderWorker.java:71) ~[na:na]
    	at worker.org.gradle.process.internal.worker.GradleWorkerMain.run(GradleWorkerMain.java:69) ~[gradle-worker.jar:na]
    	at worker.org.gradle.process.internal.worker.GradleWorkerMain.main(GradleWorkerMain.java:74) ~[gradle-worker.jar:na]
    Caused by: org.h2.jdbc.JdbcSQLNonTransientException: Unknown data type: "JSONB"; SQL statement:

        create table device_types (
            is_system_default boolean not null,
            created_at timestamp(6) with time zone not null,
            deleted_at timestamp(6) with time zone,
            device_type_id bigint generated by default as identity,
            updated_at timestamp(6) with time zone not null,
            ui_type varchar(30),
            code varchar(50) not null,
            name varchar(100) not null,
            commands jsonb,
            primary key (device_type_id),
            unique (code)
        ) [50004-224]
    	at org.h2.message.DbException.getJdbcSQLException(DbException.java:566) ~[h2-2.2.224.jar:2.2.224]
    	at org.h2.message.DbException.getJdbcSQLException(DbException.java:489) ~[h2-2.2.224.jar:2.2.224]
    	at org.h2.message.DbException.get(DbException.java:223) ~[h2-2.2.224.jar:2.2.224]
    	at org.h2.message.DbException.get(DbException.java:199) ~[h2-2.2.224.jar:2.2.224]
    	at org.h2.command.Parser.readIfDataType1(Parser.java:5866) ~[h2-2.2.224.jar:2.2.224]
    	at org.h2.command.Parser.readIfDataType(Parser.java:5704) ~[h2-2.2.224.jar:2.2.224]
    	at org.h2.command.Parser.parseColumnWithType(Parser.java:5686) ~[h2-2.2.224.jar:2.2.224]
    	at org.h2.command.Parser.parseColumnForTable(Parser.java:5565) ~[h2-2.2.224.jar:2.2.224]
    	at org.h2.command.Parser.parseTableColumnDefinition(Parser.java:8999) ~[h2-2.2.224.jar:2.2.224]
    	at org.h2.command.Parser.parseCreateTable(Parser.java:8939) ~[h2-2.2.224.jar:2.2.224]
    	at org.h2.command.Parser.parseCreate(Parser.java:6404) ~[h2-2.2.224.jar:2.2.224]
    	at org.h2.command.Parser.parsePrepared(Parser.java:666) ~[h2-2.2.224.jar:2.2.224]
    	at org.h2.command.Parser.parse(Parser.java:592) ~[h2-2.2.224.jar:2.2.224]
    	at org.h2.command.Parser.parse(Parser.java:564) ~[h2-2.2.224.jar:2.2.224]
    	at org.h2.command.Parser.prepareCommand(Parser.java:483) ~[h2-2.2.224.jar:2.2.224]
    	at org.h2.engine.SessionLocal.prepareLocal(SessionLocal.java:639) ~[h2-2.2.224.jar:2.2.224]
    	at org.h2.engine.SessionLocal.prepareCommand(SessionLocal.java:559) ~[h2-2.2.224.jar:2.2.224]
    	at org.h2.jdbc.JdbcConnection.prepareCommand(JdbcConnection.java:1166) ~[h2-2.2.224.jar:2.2.224]
    	at org.h2.jdbc.JdbcStatement.executeInternal(JdbcStatement.java:245) ~[h2-2.2.224.jar:2.2.224]
    	at org.h2.jdbc.JdbcStatement.execute(JdbcStatement.java:231) ~[h2-2.2.224.jar:2.2.224]
    	at org.hibernate.tool.schema.internal.exec.GenerationTargetToDatabase.accept(GenerationTargetToDatabase.java:80) ~[hibernate-core-6.5.3.Final.jar:6.5.3.Final]
    	... 129 common frames omitted

    2026-04-13T12:41:37.645+09:00 DEBUG 4752 --- [    Test worker] org.hibernate.SQL                        : 
        create table devices (
            is_active boolean not null,
            created_at timestamp(6) with time zone not null,
            deleted_at timestamp(6) with time zone,
            device_id bigint generated by default as identity,
            device_type_id bigint not null,
            installed_at timestamp(6) with time zone,
            last_online_at timestamp(6) with time zone,
            space_id bigint not null,
            updated_at timestamp(6) with time zone not null,
            mac_address varchar(50) unique,
            model_name varchar(100),
            name varchar(100) not null,
            mock_endpoint varchar(255),
            current_state jsonb,
            status enum ('ERROR','OFFLINE','ONLINE') not null,
            primary key (device_id)
        )
    Hibernate: 
        create table devices (
            is_active boolean not null,
            created_at timestamp(6) with time zone not null,
            deleted_at timestamp(6) with time zone,
            device_id bigint generated by default as identity,
            device_type_id bigint not null,
            installed_at timestamp(6) with time zone,
            last_online_at timestamp(6) with time zone,
            space_id bigint not null,
            updated_at timestamp(6) with time zone not null,
            mac_address varchar(50) unique,
            model_name varchar(100),
            name varchar(100) not null,
            mock_endpoint varchar(255),
            current_state jsonb,
            status enum ('ERROR','OFFLINE','ONLINE') not null,
            primary key (device_id)
        )
    2026-04-13T12:41:37.645+09:00  WARN 4752 --- [    Test worker] o.h.t.s.i.ExceptionHandlerLoggedImpl     : GenerationTarget encountered exception accepting command : Error executing DDL "
        create table devices (
            is_active boolean not null,
            created_at timestamp(6) with time zone not null,
            deleted_at timestamp(6) with time zone,
            device_id bigint generated by default as identity,
            device_type_id bigint not null,
            installed_at timestamp(6) with time zone,
            last_online_at timestamp(6) with time zone,
            space_id bigint not null,
            updated_at timestamp(6) with time zone not null,
            mac_address varchar(50) unique,
            model_name varchar(100),
            name varchar(100) not null,
            mock_endpoint varchar(255),
            current_state jsonb,
            status enum ('ERROR','OFFLINE','ONLINE') not null,
            primary key (device_id)
        )" via JDBC [Unknown data type: "JSONB";]

    org.hibernate.tool.schema.spi.CommandAcceptanceException: Error executing DDL "
        create table devices (
            is_active boolean not null,
            created_at timestamp(6) with time zone not null,
            deleted_at timestamp(6) with time zone,
            device_id bigint generated by default as identity,
            device_type_id bigint not null,
            installed_at timestamp(6) with time zone,
            last_online_at timestamp(6) with time zone,
            space_id bigint not null,
            updated_at timestamp(6) with time zone not null,
            mac_address varchar(50) unique,
            model_name varchar(100),
            name varchar(100) not null,
            mock_endpoint varchar(255),
            current_state jsonb,
            status enum ('ERROR','OFFLINE','ONLINE') not null,
            primary key (device_id)
        )" via JDBC [Unknown data type: "JSONB";]
    	at org.hibernate.tool.schema.internal.exec.GenerationTargetToDatabase.accept(GenerationTargetToDatabase.java:94) ~[hibernate-core-6.5.3.Final.jar:6.5.3.Final]
    	at org.hibernate.tool.schema.internal.Helper.applySqlString(Helper.java:233) ~[hibernate-core-6.5.3.Final.jar:6.5.3.Final]
    	at org.hibernate.tool.schema.internal.Helper.applySqlStrings(Helper.java:217) ~[hibernate-core-6.5.3.Final.jar:6.5.3.Final]
    	at org.hibernate.tool.schema.internal.SchemaCreatorImpl.createTables(SchemaCreatorImpl.java:428) ~[hibernate-core-6.5.3.Final.jar:6.5.3.Final]
    	at org.hibernate.tool.schema.internal.SchemaCreatorImpl.createSequencesTablesConstraints(SchemaCreatorImpl.java:344) ~[hibernate-core-6.5.3.Final.jar:6.5.3.Final]
    	at org.hibernate.tool.schema.internal.SchemaCreatorImpl.createFromMetadata(SchemaCreatorImpl.java:239) ~[hibernate-core-6.5.3.Final.jar:6.5.3.Final]
    	at org.hibernate.tool.schema.internal.SchemaCreatorImpl.performCreation(SchemaCreatorImpl.java:172) ~[hibernate-core-6.5.3.Final.jar:6.5.3.Final]
    	at org.hibernate.tool.schema.internal.SchemaCreatorImpl.doCreation(SchemaCreatorImpl.java:142) ~[hibernate-core-6.5.3.Final.jar:6.5.3.Final]
    	at org.hibernate.tool.schema.internal.SchemaCreatorImpl.doCreation(SchemaCreatorImpl.java:118) ~[hibernate-core-6.5.3.Final.jar:6.5.3.Final]
    	at org.hibernate.tool.schema.spi.SchemaManagementToolCoordinator.performDatabaseAction(SchemaManagementToolCoordinator.java:250) ~[hibernate-core-6.5.3.Final.jar:6.5.3.Final]
    	at org.hibernate.tool.schema.spi.SchemaManagementToolCoordinator.lambda$process$5(SchemaManagementToolCoordinator.java:144) ~[hibernate-core-6.5.3.Final.jar:6.5.3.Final]
    	at java.base/java.util.HashMap.forEach(HashMap.java:1429) ~[na:na]
    	at org.hibernate.tool.schema.spi.SchemaManagementToolCoordinator.process(SchemaManagementToolCoordinator.java:141) ~[hibernate-core-6.5.3.Final.jar:6.5.3.Final]
    	at org.hibernate.boot.internal.SessionFactoryObserverForSchemaExport.sessionFactoryCreated(SessionFactoryObserverForSchemaExport.java:37) ~[hibernate-core-6.5.3.Final.jar:6.5.3.Final]
    	at org.hibernate.internal.SessionFactoryObserverChain.sessionFactoryCreated(SessionFactoryObserverChain.java:35) ~[hibernate-core-6.5.3.Final.jar:6.5.3.Final]
    	at org.hibernate.internal.SessionFactoryImpl.<init>(SessionFactoryImpl.java:322) ~[hibernate-core-6.5.3.Final.jar:6.5.3.Final]
    	at org.hibernate.boot.internal.SessionFactoryBuilderImpl.build(SessionFactoryBuilderImpl.java:457) ~[hibernate-core-6.5.3.Final.jar:6.5.3.Final]
    	at org.hibernate.jpa.boot.internal.EntityManagerFactoryBuilderImpl.build(EntityManagerFactoryBuilderImpl.java:1506) ~[hibernate-core-6.5.3.Final.jar:6.5.3.Final]
    	at org.springframework.orm.jpa.vendor.SpringHibernateJpaPersistenceProvider.createContainerEntityManagerFactory(SpringHibernateJpaPersistenceProvider.java:75) ~[spring-orm-6.1.18.jar:6.1.18]
    	at org.springframework.orm.jpa.LocalContainerEntityManagerFactoryBean.createNativeEntityManagerFactory(LocalContainerEntityManagerFactoryBean.java:390) ~[spring-orm-6.1.18.jar:6.1.18]
    	at org.springframework.orm.jpa.AbstractEntityManagerFactoryBean.buildNativeEntityManagerFactory(AbstractEntityManagerFactoryBean.java:409) ~[spring-orm-6.1.18.jar:6.1.18]
    	at org.springframework.orm.jpa.AbstractEntityManagerFactoryBean.afterPropertiesSet(AbstractEntityManagerFactoryBean.java:396) ~[spring-orm-6.1.18.jar:6.1.18]
    	at org.springframework.orm.jpa.LocalContainerEntityManagerFactoryBean.afterPropertiesSet(LocalContainerEntityManagerFactoryBean.java:366) ~[spring-orm-6.1.18.jar:6.1.18]
    	at org.springframework.beans.factory.support.AbstractAutowireCapableBeanFactory.invokeInitMethods(AbstractAutowireCapableBeanFactory.java:1853) ~[spring-beans-6.1.18.jar:6.1.18]
    	at org.springframework.beans.factory.support.AbstractAutowireCapableBeanFactory.initializeBean(AbstractAutowireCapableBeanFactory.java:1802) ~[spring-beans-6.1.18.jar:6.1.18]
    	at org.springframework.beans.factory.support.AbstractAutowireCapableBeanFactory.doCreateBean(AbstractAutowireCapableBeanFactory.java:600) ~[spring-beans-6.1.18.jar:6.1.18]
    	at org.springframework.beans.factory.support.AbstractAutowireCapableBeanFactory.createBean(AbstractAutowireCapableBeanFactory.java:522) ~[spring-beans-6.1.18.jar:6.1.18]
    	at org.springframework.beans.factory.support.AbstractBeanFactory.lambda$doGetBean$0(AbstractBeanFactory.java:337) ~[spring-beans-6.1.18.jar:6.1.18]
    	at org.springframework.beans.factory.support.DefaultSingletonBeanRegistry.getSingleton(DefaultSingletonBeanRegistry.java:234) ~[spring-beans-6.1.18.jar:6.1.18]
    	at org.springframework.beans.factory.support.AbstractBeanFactory.doGetBean(AbstractBeanFactory.java:335) ~[spring-beans-6.1.18.jar:6.1.18]
    	at org.springframework.beans.factory.support.AbstractBeanFactory.getBean(AbstractBeanFactory.java:205) ~[spring-beans-6.1.18.jar:6.1.18]
    	at org.springframework.context.support.AbstractApplicationContext.finishBeanFactoryInitialization(AbstractApplicationContext.java:954) ~[spring-context-6.1.18.jar:6.1.18]
    	at org.springframework.context.support.AbstractApplicationContext.refresh(AbstractApplicationContext.java:625) ~[spring-context-6.1.18.jar:6.1.18]
    	at org.springframework.boot.SpringApplication.refresh(SpringApplication.java:754) ~[spring-boot-3.3.10.jar:3.3.10]
    	at org.springframework.boot.SpringApplication.refreshContext(SpringApplication.java:456) ~[spring-boot-3.3.10.jar:3.3.10]
    	at org.springframework.boot.SpringApplication.run(SpringApplication.java:335) ~[spring-boot-3.3.10.jar:3.3.10]
    	at org.springframework.boot.test.context.SpringBootContextLoader.lambda$loadContext$3(SpringBootContextLoader.java:145) ~[spring-boot-test-3.3.10.jar:3.3.10]
    	at org.springframework.util.function.ThrowingSupplier.get(ThrowingSupplier.java:58) ~[spring-core-6.1.18.jar:6.1.18]
    	at org.springframework.util.function.ThrowingSupplier.get(ThrowingSupplier.java:46) ~[spring-core-6.1.18.jar:6.1.18]
    	at org.springframework.boot.SpringApplication.withHook(SpringApplication.java:1463) ~[spring-boot-3.3.10.jar:3.3.10]
    	at org.springframework.boot.test.context.SpringBootContextLoader$ContextLoaderHook.run(SpringBootContextLoader.java:564) ~[spring-boot-test-3.3.10.jar:3.3.10]
    	at org.springframework.boot.test.context.SpringBootContextLoader.loadContext(SpringBootContextLoader.java:145) ~[spring-boot-test-3.3.10.jar:3.3.10]
    	at org.springframework.boot.test.context.SpringBootContextLoader.loadContext(SpringBootContextLoader.java:116) ~[spring-boot-test-3.3.10.jar:3.3.10]
    	at org.springframework.test.context.cache.DefaultCacheAwareContextLoaderDelegate.loadContextInternal(DefaultCacheAwareContextLoaderDelegate.java:225) ~[spring-test-6.1.18.jar:6.1.18]
    	at org.springframework.test.context.cache.DefaultCacheAwareContextLoaderDelegate.loadContext(DefaultCacheAwareContextLoaderDelegate.java:152) ~[spring-test-6.1.18.jar:6.1.18]
    	at org.springframework.test.context.support.DefaultTestContext.getApplicationContext(DefaultTestContext.java:130) ~[spring-test-6.1.18.jar:6.1.18]
    	at org.springframework.test.context.support.DependencyInjectionTestExecutionListener.injectDependencies(DependencyInjectionTestExecutionListener.java:142) ~[spring-test-6.1.18.jar:6.1.18]
    	at org.springframework.test.context.support.DependencyInjectionTestExecutionListener.prepareTestInstance(DependencyInjectionTestExecutionListener.java:98) ~[spring-test-6.1.18.jar:6.1.18]
    	at org.springframework.test.context.TestContextManager.prepareTestInstance(TestContextManager.java:260) ~[spring-test-6.1.18.jar:6.1.18]
    	at org.springframework.test.context.junit.jupiter.SpringExtension.postProcessTestInstance(SpringExtension.java:163) ~[spring-test-6.1.18.jar:6.1.18]
    	at org.junit.jupiter.engine.descriptor.ClassBasedTestDescriptor.lambda$invokeTestInstancePostProcessors$10(ClassBasedTestDescriptor.java:378) ~[junit-jupiter-engine-5.10.5.jar:5.10.5]
    	at org.junit.jupiter.engine.descriptor.ClassBasedTestDescriptor.executeAndMaskThrowable(ClassBasedTestDescriptor.java:383) ~[junit-jupiter-engine-5.10.5.jar:5.10.5]
    	at org.junit.jupiter.engine.descriptor.ClassBasedTestDescriptor.lambda$invokeTestInstancePostProcessors$11(ClassBasedTestDescriptor.java:378) ~[junit-jupiter-engine-5.10.5.jar:5.10.5]
    	at java.base/java.util.stream.ReferencePipeline$3$1.accept(ReferencePipeline.java:197) ~[na:na]
    	at java.base/java.util.stream.ReferencePipeline$2$1.accept(ReferencePipeline.java:179) ~[na:na]
    	at java.base/java.util.ArrayList$ArrayListSpliterator.forEachRemaining(ArrayList.java:1708) ~[na:na]
    	at java.base/java.util.stream.AbstractPipeline.copyInto(AbstractPipeline.java:509) ~[na:na]
    	at java.base/java.util.stream.AbstractPipeline.wrapAndCopyInto(AbstractPipeline.java:499) ~[na:na]
    	at java.base/java.util.stream.StreamSpliterators$WrappingSpliterator.forEachRemaining(StreamSpliterators.java:310) ~[na:na]
    	at java.base/java.util.stream.Streams$ConcatSpliterator.forEachRemaining(Streams.java:735) ~[na:na]
    	at java.base/java.util.stream.Streams$ConcatSpliterator.forEachRemaining(Streams.java:734) ~[na:na]
    	at java.base/java.util.stream.ReferencePipeline$Head.forEach(ReferencePipeline.java:762) ~[na:na]
    	at org.junit.jupiter.engine.descriptor.ClassBasedTestDescriptor.invokeTestInstancePostProcessors(ClassBasedTestDescriptor.java:377) ~[junit-jupiter-engine-5.10.5.jar:5.10.5]
    	at org.junit.jupiter.engine.descriptor.ClassBasedTestDescriptor.lambda$instantiateAndPostProcessTestInstance$6(ClassBasedTestDescriptor.java:290) ~[junit-jupiter-engine-5.10.5.jar:5.10.5]
    	at org.junit.platform.engine.support.hierarchical.ThrowableCollector.execute(ThrowableCollector.java:73) ~[junit-platform-engine-1.10.5.jar:1.10.5]
    	at org.junit.jupiter.engine.descriptor.ClassBasedTestDescriptor.instantiateAndPostProcessTestInstance(ClassBasedTestDescriptor.java:289) ~[junit-jupiter-engine-5.10.5.jar:5.10.5]
    	at org.junit.jupiter.engine.descriptor.ClassBasedTestDescriptor.lambda$testInstancesProvider$4(ClassBasedTestDescriptor.java:279) ~[junit-jupiter-engine-5.10.5.jar:5.10.5]
    	at java.base/java.util.Optional.orElseGet(Optional.java:364) ~[na:na]
    	at org.junit.jupiter.engine.descriptor.ClassBasedTestDescriptor.lambda$testInstancesProvider$5(ClassBasedTestDescriptor.java:278) ~[junit-jupiter-engine-5.10.5.jar:5.10.5]
    	at org.junit.jupiter.engine.execution.TestInstancesProvider.getTestInstances(TestInstancesProvider.java:31) ~[junit-jupiter-engine-5.10.5.jar:5.10.5]
    	at org.junit.jupiter.engine.descriptor.TestMethodTestDescriptor.lambda$prepare$0(TestMethodTestDescriptor.java:106) ~[junit-jupiter-engine-5.10.5.jar:5.10.5]
    	at org.junit.platform.engine.support.hierarchical.ThrowableCollector.execute(ThrowableCollector.java:73) ~[junit-platform-engine-1.10.5.jar:1.10.5]
    	at org.junit.jupiter.engine.descriptor.TestMethodTestDescriptor.prepare(TestMethodTestDescriptor.java:105) ~[junit-jupiter-engine-5.10.5.jar:5.10.5]
    	at org.junit.jupiter.engine.descriptor.TestMethodTestDescriptor.prepare(TestMethodTestDescriptor.java:69) ~[junit-jupiter-engine-5.10.5.jar:5.10.5]
    	at org.junit.platform.engine.support.hierarchical.NodeTestTask.lambda$prepare$2(NodeTestTask.java:128) ~[junit-platform-engine-1.10.5.jar:1.10.5]
    	at org.junit.platform.engine.support.hierarchical.ThrowableCollector.execute(ThrowableCollector.java:73) ~[junit-platform-engine-1.10.5.jar:1.10.5]
    	at org.junit.platform.engine.support.hierarchical.NodeTestTask.prepare(NodeTestTask.java:128) ~[junit-platform-engine-1.10.5.jar:1.10.5]
    	at org.junit.platform.engine.support.hierarchical.NodeTestTask.execute(NodeTestTask.java:95) ~[junit-platform-engine-1.10.5.jar:1.10.5]
    	at java.base/java.util.ArrayList.forEach(ArrayList.java:1596) ~[na:na]
    	at org.junit.platform.engine.support.hierarchical.SameThreadHierarchicalTestExecutorService.invokeAll(SameThreadHierarchicalTestExecutorService.java:41) ~[junit-platform-engine-1.10.5.jar:1.10.5]
    	at org.junit.platform.engine.support.hierarchical.NodeTestTask.lambda$executeRecursively$6(NodeTestTask.java:160) ~[junit-platform-engine-1.10.5.jar:1.10.5]
    	at org.junit.platform.engine.support.hierarchical.ThrowableCollector.execute(ThrowableCollector.java:73) ~[junit-platform-engine-1.10.5.jar:1.10.5]
    	at org.junit.platform.engine.support.hierarchical.NodeTestTask.lambda$executeRecursively$8(NodeTestTask.java:146) ~[junit-platform-engine-1.10.5.jar:1.10.5]
    	at org.junit.platform.engine.support.hierarchical.Node.around(Node.java:137) ~[junit-platform-engine-1.10.5.jar:1.10.5]
    	at org.junit.platform.engine.support.hierarchical.NodeTestTask.lambda$executeRecursively$9(NodeTestTask.java:144) ~[junit-platform-engine-1.10.5.jar:1.10.5]
    	at org.junit.platform.engine.support.hierarchical.ThrowableCollector.execute(ThrowableCollector.java:73) ~[junit-platform-engine-1.10.5.jar:1.10.5]
    	at org.junit.platform.engine.support.hierarchical.NodeTestTask.executeRecursively(NodeTestTask.java:143) ~[junit-platform-engine-1.10.5.jar:1.10.5]
    	at org.junit.platform.engine.support.hierarchical.NodeTestTask.execute(NodeTestTask.java:100) ~[junit-platform-engine-1.10.5.jar:1.10.5]
    	at java.base/java.util.ArrayList.forEach(ArrayList.java:1596) ~[na:na]
    	at org.junit.platform.engine.support.hierarchical.SameThreadHierarchicalTestExecutorService.invokeAll(SameThreadHierarchicalTestExecutorService.java:41) ~[junit-platform-engine-1.10.5.jar:1.10.5]
    	at org.junit.platform.engine.support.hierarchical.NodeTestTask.lambda$executeRecursively$6(NodeTestTask.java:160) ~[junit-platform-engine-1.10.5.jar:1.10.5]
    	at org.junit.platform.engine.support.hierarchical.ThrowableCollector.execute(ThrowableCollector.java:73) ~[junit-platform-engine-1.10.5.jar:1.10.5]
    	at org.junit.platform.engine.support.hierarchical.NodeTestTask.lambda$executeRecursively$8(NodeTestTask.java:146) ~[junit-platform-engine-1.10.5.jar:1.10.5]
    	at org.junit.platform.engine.support.hierarchical.Node.around(Node.java:137) ~[junit-platform-engine-1.10.5.jar:1.10.5]
    	at org.junit.platform.engine.support.hierarchical.NodeTestTask.lambda$executeRecursively$9(NodeTestTask.java:144) ~[junit-platform-engine-1.10.5.jar:1.10.5]
    	at org.junit.platform.engine.support.hierarchical.ThrowableCollector.execute(ThrowableCollector.java:73) ~[junit-platform-engine-1.10.5.jar:1.10.5]
    	at org.junit.platform.engine.support.hierarchical.NodeTestTask.executeRecursively(NodeTestTask.java:143) ~[junit-platform-engine-1.10.5.jar:1.10.5]
    	at org.junit.platform.engine.support.hierarchical.NodeTestTask.execute(NodeTestTask.java:100) ~[junit-platform-engine-1.10.5.jar:1.10.5]
    	at org.junit.platform.engine.support.hierarchical.SameThreadHierarchicalTestExecutorService.submit(SameThreadHierarchicalTestExecutorService.java:35) ~[junit-platform-engine-1.10.5.jar:1.10.5]
    	at org.junit.platform.engine.support.hierarchical.HierarchicalTestExecutor.execute(HierarchicalTestExecutor.java:57) ~[junit-platform-engine-1.10.5.jar:1.10.5]
    	at org.junit.platform.engine.support.hierarchical.HierarchicalTestEngine.execute(HierarchicalTestEngine.java:54) ~[junit-platform-engine-1.10.5.jar:1.10.5]
    	at org.junit.platform.launcher.core.EngineExecutionOrchestrator.execute(EngineExecutionOrchestrator.java:198) ~[junit-platform-launcher-1.10.5.jar:1.10.5]
    	at org.junit.platform.launcher.core.EngineExecutionOrchestrator.execute(EngineExecutionOrchestrator.java:169) ~[junit-platform-launcher-1.10.5.jar:1.10.5]
    	at org.junit.platform.launcher.core.EngineExecutionOrchestrator.execute(EngineExecutionOrchestrator.java:93) ~[junit-platform-launcher-1.10.5.jar:1.10.5]
    	at org.junit.platform.launcher.core.EngineExecutionOrchestrator.lambda$execute$0(EngineExecutionOrchestrator.java:58) ~[junit-platform-launcher-1.10.5.jar:1.10.5]
    	at org.junit.platform.launcher.core.EngineExecutionOrchestrator.withInterceptedStreams(EngineExecutionOrchestrator.java:141) ~[junit-platform-launcher-1.10.5.jar:1.10.5]
    	at org.junit.platform.launcher.core.EngineExecutionOrchestrator.execute(EngineExecutionOrchestrator.java:57) ~[junit-platform-launcher-1.10.5.jar:1.10.5]
    	at org.junit.platform.launcher.core.DefaultLauncher.execute(DefaultLauncher.java:103) ~[junit-platform-launcher-1.10.5.jar:1.10.5]
    	at org.junit.platform.launcher.core.DefaultLauncher.execute(DefaultLauncher.java:85) ~[junit-platform-launcher-1.10.5.jar:1.10.5]
    	at org.junit.platform.launcher.core.DelegatingLauncher.execute(DelegatingLauncher.java:47) ~[junit-platform-launcher-1.10.5.jar:1.10.5]
    	at org.gradle.api.internal.tasks.testing.junitplatform.JUnitPlatformTestClassProcessor$CollectAllTestClassesExecutor.processAllTestClasses(JUnitPlatformTestClassProcessor.java:124) ~[na:na]
    	at org.gradle.api.internal.tasks.testing.junitplatform.JUnitPlatformTestClassProcessor$CollectAllTestClassesExecutor.access$000(JUnitPlatformTestClassProcessor.java:99) ~[na:na]
    	at org.gradle.api.internal.tasks.testing.junitplatform.JUnitPlatformTestClassProcessor.stop(JUnitPlatformTestClassProcessor.java:94) ~[na:na]
    	at org.gradle.api.internal.tasks.testing.SuiteTestClassProcessor.stop(SuiteTestClassProcessor.java:63) ~[na:na]
    	at java.base/jdk.internal.reflect.DirectMethodHandleAccessor.invoke(DirectMethodHandleAccessor.java:103) ~[na:na]
    	at java.base/java.lang.reflect.Method.invoke(Method.java:580) ~[na:na]
    	at org.gradle.internal.dispatch.ReflectionDispatch.dispatch(ReflectionDispatch.java:36) ~[na:na]
    	at org.gradle.internal.dispatch.ReflectionDispatch.dispatch(ReflectionDispatch.java:24) ~[na:na]
    	at org.gradle.internal.dispatch.ContextClassLoaderDispatch.dispatch(ContextClassLoaderDispatch.java:33) ~[na:na]
    	at org.gradle.internal.dispatch.ProxyDispatchAdapter$DispatchingInvocationHandler.invoke(ProxyDispatchAdapter.java:92) ~[na:na]
    	at jdk.proxy1/jdk.proxy1.$Proxy4.stop(Unknown Source) ~[na:na]
    	at org.gradle.api.internal.tasks.testing.worker.TestWorker$3.run(TestWorker.java:200) ~[na:na]
    	at org.gradle.api.internal.tasks.testing.worker.TestWorker.executeAndMaintainThreadName(TestWorker.java:132) ~[na:na]
    	at org.gradle.api.internal.tasks.testing.worker.TestWorker.execute(TestWorker.java:103) ~[na:na]
    	at org.gradle.api.internal.tasks.testing.worker.TestWorker.execute(TestWorker.java:63) ~[na:na]
    	at org.gradle.process.internal.worker.child.ActionExecutionWorker.execute(ActionExecutionWorker.java:56) ~[na:na]
    	at org.gradle.process.internal.worker.child.SystemApplicationClassLoaderWorker.call(SystemApplicationClassLoaderWorker.java:121) ~[na:na]
    	at org.gradle.process.internal.worker.child.SystemApplicationClassLoaderWorker.call(SystemApplicationClassLoaderWorker.java:71) ~[na:na]
    	at worker.org.gradle.process.internal.worker.GradleWorkerMain.run(GradleWorkerMain.java:69) ~[gradle-worker.jar:na]
    	at worker.org.gradle.process.internal.worker.GradleWorkerMain.main(GradleWorkerMain.java:74) ~[gradle-worker.jar:na]
    Caused by: org.h2.jdbc.JdbcSQLNonTransientException: Unknown data type: "JSONB"; SQL statement:

        create table devices (
            is_active boolean not null,
            created_at timestamp(6) with time zone not null,
            deleted_at timestamp(6) with time zone,
            device_id bigint generated by default as identity,
            device_type_id bigint not null,
            installed_at timestamp(6) with time zone,
            last_online_at timestamp(6) with time zone,
            space_id bigint not null,
            updated_at timestamp(6) with time zone not null,
            mac_address varchar(50) unique,
            model_name varchar(100),
            name varchar(100) not null,
            mock_endpoint varchar(255),
            current_state jsonb,
            status enum ('ERROR','OFFLINE','ONLINE') not null,
            primary key (device_id)
        ) [50004-224]
    	at org.h2.message.DbException.getJdbcSQLException(DbException.java:566) ~[h2-2.2.224.jar:2.2.224]
    	at org.h2.message.DbException.getJdbcSQLException(DbException.java:489) ~[h2-2.2.224.jar:2.2.224]
    	at org.h2.message.DbException.get(DbException.java:223) ~[h2-2.2.224.jar:2.2.224]
    	at org.h2.message.DbException.get(DbException.java:199) ~[h2-2.2.224.jar:2.2.224]
    	at org.h2.command.Parser.readIfDataType1(Parser.java:5866) ~[h2-2.2.224.jar:2.2.224]
    	at org.h2.command.Parser.readIfDataType(Parser.java:5704) ~[h2-2.2.224.jar:2.2.224]
    	at org.h2.command.Parser.parseColumnWithType(Parser.java:5686) ~[h2-2.2.224.jar:2.2.224]
    	at org.h2.command.Parser.parseColumnForTable(Parser.java:5565) ~[h2-2.2.224.jar:2.2.224]
    	at org.h2.command.Parser.parseTableColumnDefinition(Parser.java:8999) ~[h2-2.2.224.jar:2.2.224]
    	at org.h2.command.Parser.parseCreateTable(Parser.java:8939) ~[h2-2.2.224.jar:2.2.224]
    	at org.h2.command.Parser.parseCreate(Parser.java:6404) ~[h2-2.2.224.jar:2.2.224]
    	at org.h2.command.Parser.parsePrepared(Parser.java:666) ~[h2-2.2.224.jar:2.2.224]
    	at org.h2.command.Parser.parse(Parser.java:592) ~[h2-2.2.224.jar:2.2.224]
    	at org.h2.command.Parser.parse(Parser.java:564) ~[h2-2.2.224.jar:2.2.224]
    	at org.h2.command.Parser.prepareCommand(Parser.java:483) ~[h2-2.2.224.jar:2.2.224]
    	at org.h2.engine.SessionLocal.prepareLocal(SessionLocal.java:639) ~[h2-2.2.224.jar:2.2.224]
    	at org.h2.engine.SessionLocal.prepareCommand(SessionLocal.java:559) ~[h2-2.2.224.jar:2.2.224]
    	at org.h2.jdbc.JdbcConnection.prepareCommand(JdbcConnection.java:1166) ~[h2-2.2.224.jar:2.2.224]
    	at org.h2.jdbc.JdbcStatement.executeInternal(JdbcStatement.java:245) ~[h2-2.2.224.jar:2.2.224]
    	at org.h2.jdbc.JdbcStatement.execute(JdbcStatement.java:231) ~[h2-2.2.224.jar:2.2.224]
    	at org.hibernate.tool.schema.internal.exec.GenerationTargetToDatabase.accept(GenerationTargetToDatabase.java:80) ~[hibernate-core-6.5.3.Final.jar:6.5.3.Final]
    	... 129 common frames omitted

    2026-04-13T12:41:37.645+09:00 DEBUG 4752 --- [    Test worker] org.hibernate.SQL                        : 
        create table floor_plans (
            blueprint_opacity numeric(3,2),
            floor integer not null unique,
            created_at timestamp(6) with time zone not null,
            deleted_at timestamp(6) with time zone,
            floor_plan_id bigint generated by default as identity,
            updated_at timestamp(6) with time zone not null,
            blueprint_url varchar(255),
            annotations jsonb,
            primary key (floor_plan_id)
        )
    Hibernate: 
        create table floor_plans (
            blueprint_opacity numeric(3,2),
            floor integer not null unique,
            created_at timestamp(6) with time zone not null,
            deleted_at timestamp(6) with time zone,
            floor_plan_id bigint generated by default as identity,
            updated_at timestamp(6) with time zone not null,
            blueprint_url varchar(255),
            annotations jsonb,
            primary key (floor_plan_id)
        )
    2026-04-13T12:41:37.645+09:00  WARN 4752 --- [    Test worker] o.h.t.s.i.ExceptionHandlerLoggedImpl     : GenerationTarget encountered exception accepting command : Error executing DDL "
        create table floor_plans (
            blueprint_opacity numeric(3,2),
            floor integer not null unique,
            created_at timestamp(6) with time zone not null,
            deleted_at timestamp(6) with time zone,
            floor_plan_id bigint generated by default as identity,
            updated_at timestamp(6) with time zone not null,
            blueprint_url varchar(255),
            annotations jsonb,
            primary key (floor_plan_id)
        )" via JDBC [Unknown data type: "JSONB";]

    org.hibernate.tool.schema.spi.CommandAcceptanceException: Error executing DDL "
        create table floor_plans (
            blueprint_opacity numeric(3,2),
            floor integer not null unique,
            created_at timestamp(6) with time zone not null,
            deleted_at timestamp(6) with time zone,
            floor_plan_id bigint generated by default as identity,
            updated_at timestamp(6) with time zone not null,
            blueprint_url varchar(255),
            annotations jsonb,
            primary key (floor_plan_id)
        )" via JDBC [Unknown data type: "JSONB";]
    	at org.hibernate.tool.schema.internal.exec.GenerationTargetToDatabase.accept(GenerationTargetToDatabase.java:94) ~[hibernate-core-6.5.3.Final.jar:6.5.3.Final]
    	at org.hibernate.tool.schema.internal.Helper.applySqlString(Helper.java:233) ~[hibernate-core-6.5.3.Final.jar:6.5.3.Final]
    	at org.hibernate.tool.schema.internal.Helper.applySqlStrings(Helper.java:217) ~[hibernate-core-6.5.3.Final.jar:6.5.3.Final]
    	at org.hibernate.tool.schema.internal.SchemaCreatorImpl.createTables(SchemaCreatorImpl.java:428) ~[hibernate-core-6.5.3.Final.jar:6.5.3.Final]
    	at org.hibernate.tool.schema.internal.SchemaCreatorImpl.createSequencesTablesConstraints(SchemaCreatorImpl.java:344) ~[hibernate-core-6.5.3.Final.jar:6.5.3.Final]
    	at org.hibernate.tool.schema.internal.SchemaCreatorImpl.createFromMetadata(SchemaCreatorImpl.java:239) ~[hibernate-core-6.5.3.Final.jar:6.5.3.Final]
    	at org.hibernate.tool.schema.internal.SchemaCreatorImpl.performCreation(SchemaCreatorImpl.java:172) ~[hibernate-core-6.5.3.Final.jar:6.5.3.Final]
    	at org.hibernate.tool.schema.internal.SchemaCreatorImpl.doCreation(SchemaCreatorImpl.java:142) ~[hibernate-core-6.5.3.Final.jar:6.5.3.Final]
    	at org.hibernate.tool.schema.internal.SchemaCreatorImpl.doCreation(SchemaCreatorImpl.java:118) ~[hibernate-core-6.5.3.Final.jar:6.5.3.Final]
    	at org.hibernate.tool.schema.spi.SchemaManagementToolCoordinator.performDatabaseAction(SchemaManagementToolCoordinator.java:250) ~[hibernate-core-6.5.3.Final.jar:6.5.3.Final]
    	at org.hibernate.tool.schema.spi.SchemaManagementToolCoordinator.lambda$process$5(SchemaManagementToolCoordinator.java:144) ~[hibernate-core-6.5.3.Final.jar:6.5.3.Final]
    	at java.base/java.util.HashMap.forEach(HashMap.java:1429) ~[na:na]
    	at org.hibernate.tool.schema.spi.SchemaManagementToolCoordinator.process(SchemaManagementToolCoordinator.java:141) ~[hibernate-core-6.5.3.Final.jar:6.5.3.Final]
    	at org.hibernate.boot.internal.SessionFactoryObserverForSchemaExport.sessionFactoryCreated(SessionFactoryObserverForSchemaExport.java:37) ~[hibernate-core-6.5.3.Final.jar:6.5.3.Final]
    	at org.hibernate.internal.SessionFactoryObserverChain.sessionFactoryCreated(SessionFactoryObserverChain.java:35) ~[hibernate-core-6.5.3.Final.jar:6.5.3.Final]
    	at org.hibernate.internal.SessionFactoryImpl.<init>(SessionFactoryImpl.java:322) ~[hibernate-core-6.5.3.Final.jar:6.5.3.Final]
    	at org.hibernate.boot.internal.SessionFactoryBuilderImpl.build(SessionFactoryBuilderImpl.java:457) ~[hibernate-core-6.5.3.Final.jar:6.5.3.Final]
    	at org.hibernate.jpa.boot.internal.EntityManagerFactoryBuilderImpl.build(EntityManagerFactoryBuilderImpl.java:1506) ~[hibernate-core-6.5.3.Final.jar:6.5.3.Final]
    	at org.springframework.orm.jpa.vendor.SpringHibernateJpaPersistenceProvider.createContainerEntityManagerFactory(SpringHibernateJpaPersistenceProvider.java:75) ~[spring-orm-6.1.18.jar:6.1.18]
    	at org.springframework.orm.jpa.LocalContainerEntityManagerFactoryBean.createNativeEntityManagerFactory(LocalContainerEntityManagerFactoryBean.java:390) ~[spring-orm-6.1.18.jar:6.1.18]
    	at org.springframework.orm.jpa.AbstractEntityManagerFactoryBean.buildNativeEntityManagerFactory(AbstractEntityManagerFactoryBean.java:409) ~[spring-orm-6.1.18.jar:6.1.18]
    	at org.springframework.orm.jpa.AbstractEntityManagerFactoryBean.afterPropertiesSet(AbstractEntityManagerFactoryBean.java:396) ~[spring-orm-6.1.18.jar:6.1.18]
    	at org.springframework.orm.jpa.LocalContainerEntityManagerFactoryBean.afterPropertiesSet(LocalContainerEntityManagerFactoryBean.java:366) ~[spring-orm-6.1.18.jar:6.1.18]
    	at org.springframework.beans.factory.support.AbstractAutowireCapableBeanFactory.invokeInitMethods(AbstractAutowireCapableBeanFactory.java:1853) ~[spring-beans-6.1.18.jar:6.1.18]
    	at org.springframework.beans.factory.support.AbstractAutowireCapableBeanFactory.initializeBean(AbstractAutowireCapableBeanFactory.java:1802) ~[spring-beans-6.1.18.jar:6.1.18]
    	at org.springframework.beans.factory.support.AbstractAutowireCapableBeanFactory.doCreateBean(AbstractAutowireCapableBeanFactory.java:600) ~[spring-beans-6.1.18.jar:6.1.18]
    	at org.springframework.beans.factory.support.AbstractAutowireCapableBeanFactory.createBean(AbstractAutowireCapableBeanFactory.java:522) ~[spring-beans-6.1.18.jar:6.1.18]
    	at org.springframework.beans.factory.support.AbstractBeanFactory.lambda$doGetBean$0(AbstractBeanFactory.java:337) ~[spring-beans-6.1.18.jar:6.1.18]
    	at org.springframework.beans.factory.support.DefaultSingletonBeanRegistry.getSingleton(DefaultSingletonBeanRegistry.java:234) ~[spring-beans-6.1.18.jar:6.1.18]
    	at org.springframework.beans.factory.support.AbstractBeanFactory.doGetBean(AbstractBeanFactory.java:335) ~[spring-beans-6.1.18.jar:6.1.18]
    	at org.springframework.beans.factory.support.AbstractBeanFactory.getBean(AbstractBeanFactory.java:205) ~[spring-beans-6.1.18.jar:6.1.18]
    	at org.springframework.context.support.AbstractApplicationContext.finishBeanFactoryInitialization(AbstractApplicationContext.java:954) ~[spring-context-6.1.18.jar:6.1.18]
    	at org.springframework.context.support.AbstractApplicationContext.refresh(AbstractApplicationContext.java:625) ~[spring-context-6.1.18.jar:6.1.18]
    	at org.springframework.boot.SpringApplication.refresh(SpringApplication.java:754) ~[spring-boot-3.3.10.jar:3.3.10]
    	at org.springframework.boot.SpringApplication.refreshContext(SpringApplication.java:456) ~[spring-boot-3.3.10.jar:3.3.10]
    	at org.springframework.boot.SpringApplication.run(SpringApplication.java:335) ~[spring-boot-3.3.10.jar:3.3.10]
    	at org.springframework.boot.test.context.SpringBootContextLoader.lambda$loadContext$3(SpringBootContextLoader.java:145) ~[spring-boot-test-3.3.10.jar:3.3.10]
    	at org.springframework.util.function.ThrowingSupplier.get(ThrowingSupplier.java:58) ~[spring-core-6.1.18.jar:6.1.18]
    	at org.springframework.util.function.ThrowingSupplier.get(ThrowingSupplier.java:46) ~[spring-core-6.1.18.jar:6.1.18]
    	at org.springframework.boot.SpringApplication.withHook(SpringApplication.java:1463) ~[spring-boot-3.3.10.jar:3.3.10]
    	at org.springframework.boot.test.context.SpringBootContextLoader$ContextLoaderHook.run(SpringBootContextLoader.java:564) ~[spring-boot-test-3.3.10.jar:3.3.10]
    	at org.springframework.boot.test.context.SpringBootContextLoader.loadContext(SpringBootContextLoader.java:145) ~[spring-boot-test-3.3.10.jar:3.3.10]
    	at org.springframework.boot.test.context.SpringBootContextLoader.loadContext(SpringBootContextLoader.java:116) ~[spring-boot-test-3.3.10.jar:3.3.10]
    	at org.springframework.test.context.cache.DefaultCacheAwareContextLoaderDelegate.loadContextInternal(DefaultCacheAwareContextLoaderDelegate.java:225) ~[spring-test-6.1.18.jar:6.1.18]
    	at org.springframework.test.context.cache.DefaultCacheAwareContextLoaderDelegate.loadContext(DefaultCacheAwareContextLoaderDelegate.java:152) ~[spring-test-6.1.18.jar:6.1.18]
    	at org.springframework.test.context.support.DefaultTestContext.getApplicationContext(DefaultTestContext.java:130) ~[spring-test-6.1.18.jar:6.1.18]
    	at org.springframework.test.context.support.DependencyInjectionTestExecutionListener.injectDependencies(DependencyInjectionTestExecutionListener.java:142) ~[spring-test-6.1.18.jar:6.1.18]
    	at org.springframework.test.context.support.DependencyInjectionTestExecutionListener.prepareTestInstance(DependencyInjectionTestExecutionListener.java:98) ~[spring-test-6.1.18.jar:6.1.18]
    	at org.springframework.test.context.TestContextManager.prepareTestInstance(TestContextManager.java:260) ~[spring-test-6.1.18.jar:6.1.18]
    	at org.springframework.test.context.junit.jupiter.SpringExtension.postProcessTestInstance(SpringExtension.java:163) ~[spring-test-6.1.18.jar:6.1.18]
    	at org.junit.jupiter.engine.descriptor.ClassBasedTestDescriptor.lambda$invokeTestInstancePostProcessors$10(ClassBasedTestDescriptor.java:378) ~[junit-jupiter-engine-5.10.5.jar:5.10.5]
    	at org.junit.jupiter.engine.descriptor.ClassBasedTestDescriptor.executeAndMaskThrowable(ClassBasedTestDescriptor.java:383) ~[junit-jupiter-engine-5.10.5.jar:5.10.5]
    	at org.junit.jupiter.engine.descriptor.ClassBasedTestDescriptor.lambda$invokeTestInstancePostProcessors$11(ClassBasedTestDescriptor.java:378) ~[junit-jupiter-engine-5.10.5.jar:5.10.5]
    	at java.base/java.util.stream.ReferencePipeline$3$1.accept(ReferencePipeline.java:197) ~[na:na]
    	at java.base/java.util.stream.ReferencePipeline$2$1.accept(ReferencePipeline.java:179) ~[na:na]
    	at java.base/java.util.ArrayList$ArrayListSpliterator.forEachRemaining(ArrayList.java:1708) ~[na:na]
    	at java.base/java.util.stream.AbstractPipeline.copyInto(AbstractPipeline.java:509) ~[na:na]
    	at java.base/java.util.stream.AbstractPipeline.wrapAndCopyInto(AbstractPipeline.java:499) ~[na:na]
    	at java.base/java.util.stream.StreamSpliterators$WrappingSpliterator.forEachRemaining(StreamSpliterators.java:310) ~[na:na]
    	at java.base/java.util.stream.Streams$ConcatSpliterator.forEachRemaining(Streams.java:735) ~[na:na]
    	at java.base/java.util.stream.Streams$ConcatSpliterator.forEachRemaining(Streams.java:734) ~[na:na]
    	at java.base/java.util.stream.ReferencePipeline$Head.forEach(ReferencePipeline.java:762) ~[na:na]
    	at org.junit.jupiter.engine.descriptor.ClassBasedTestDescriptor.invokeTestInstancePostProcessors(ClassBasedTestDescriptor.java:377) ~[junit-jupiter-engine-5.10.5.jar:5.10.5]
    	at org.junit.jupiter.engine.descriptor.ClassBasedTestDescriptor.lambda$instantiateAndPostProcessTestInstance$6(ClassBasedTestDescriptor.java:290) ~[junit-jupiter-engine-5.10.5.jar:5.10.5]
    	at org.junit.platform.engine.support.hierarchical.ThrowableCollector.execute(ThrowableCollector.java:73) ~[junit-platform-engine-1.10.5.jar:1.10.5]
    	at org.junit.jupiter.engine.descriptor.ClassBasedTestDescriptor.instantiateAndPostProcessTestInstance(ClassBasedTestDescriptor.java:289) ~[junit-jupiter-engine-5.10.5.jar:5.10.5]
    	at org.junit.jupiter.engine.descriptor.ClassBasedTestDescriptor.lambda$testInstancesProvider$4(ClassBasedTestDescriptor.java:279) ~[junit-jupiter-engine-5.10.5.jar:5.10.5]
    	at java.base/java.util.Optional.orElseGet(Optional.java:364) ~[na:na]
    	at org.junit.jupiter.engine.descriptor.ClassBasedTestDescriptor.lambda$testInstancesProvider$5(ClassBasedTestDescriptor.java:278) ~[junit-jupiter-engine-5.10.5.jar:5.10.5]
    	at org.junit.jupiter.engine.execution.TestInstancesProvider.getTestInstances(TestInstancesProvider.java:31) ~[junit-jupiter-engine-5.10.5.jar:5.10.5]
    	at org.junit.jupiter.engine.descriptor.TestMethodTestDescriptor.lambda$prepare$0(TestMethodTestDescriptor.java:106) ~[junit-jupiter-engine-5.10.5.jar:5.10.5]
    	at org.junit.platform.engine.support.hierarchical.ThrowableCollector.execute(ThrowableCollector.java:73) ~[junit-platform-engine-1.10.5.jar:1.10.5]
    	at org.junit.jupiter.engine.descriptor.TestMethodTestDescriptor.prepare(TestMethodTestDescriptor.java:105) ~[junit-jupiter-engine-5.10.5.jar:5.10.5]
    	at org.junit.jupiter.engine.descriptor.TestMethodTestDescriptor.prepare(TestMethodTestDescriptor.java:69) ~[junit-jupiter-engine-5.10.5.jar:5.10.5]
    	at org.junit.platform.engine.support.hierarchical.NodeTestTask.lambda$prepare$2(NodeTestTask.java:128) ~[junit-platform-engine-1.10.5.jar:1.10.5]
    	at org.junit.platform.engine.support.hierarchical.ThrowableCollector.execute(ThrowableCollector.java:73) ~[junit-platform-engine-1.10.5.jar:1.10.5]
    	at org.junit.platform.engine.support.hierarchical.NodeTestTask.prepare(NodeTestTask.java:128) ~[junit-platform-engine-1.10.5.jar:1.10.5]
    	at org.junit.platform.engine.support.hierarchical.NodeTestTask.execute(NodeTestTask.java:95) ~[junit-platform-engine-1.10.5.jar:1.10.5]
    	at java.base/java.util.ArrayList.forEach(ArrayList.java:1596) ~[na:na]
    	at org.junit.platform.engine.support.hierarchical.SameThreadHierarchicalTestExecutorService.invokeAll(SameThreadHierarchicalTestExecutorService.java:41) ~[junit-platform-engine-1.10.5.jar:1.10.5]
    	at org.junit.platform.engine.support.hierarchical.NodeTestTask.lambda$executeRecursively$6(NodeTestTask.java:160) ~[junit-platform-engine-1.10.5.jar:1.10.5]
    	at org.junit.platform.engine.support.hierarchical.ThrowableCollector.execute(ThrowableCollector.java:73) ~[junit-platform-engine-1.10.5.jar:1.10.5]
    	at org.junit.platform.engine.support.hierarchical.NodeTestTask.lambda$executeRecursively$8(NodeTestTask.java:146) ~[junit-platform-engine-1.10.5.jar:1.10.5]
    	at org.junit.platform.engine.support.hierarchical.Node.around(Node.java:137) ~[junit-platform-engine-1.10.5.jar:1.10.5]
    	at org.junit.platform.engine.support.hierarchical.NodeTestTask.lambda$executeRecursively$9(NodeTestTask.java:144) ~[junit-platform-engine-1.10.5.jar:1.10.5]
    	at org.junit.platform.engine.support.hierarchical.ThrowableCollector.execute(ThrowableCollector.java:73) ~[junit-platform-engine-1.10.5.jar:1.10.5]
    	at org.junit.platform.engine.support.hierarchical.NodeTestTask.executeRecursively(NodeTestTask.java:143) ~[junit-platform-engine-1.10.5.jar:1.10.5]
    	at org.junit.platform.engine.support.hierarchical.NodeTestTask.execute(NodeTestTask.java:100) ~[junit-platform-engine-1.10.5.jar:1.10.5]
    	at java.base/java.util.ArrayList.forEach(ArrayList.java:1596) ~[na:na]
    	at org.junit.platform.engine.support.hierarchical.SameThreadHierarchicalTestExecutorService.invokeAll(SameThreadHierarchicalTestExecutorService.java:41) ~[junit-platform-engine-1.10.5.jar:1.10.5]
    	at org.junit.platform.engine.support.hierarchical.NodeTestTask.lambda$executeRecursively$6(NodeTestTask.java:160) ~[junit-platform-engine-1.10.5.jar:1.10.5]
    	at org.junit.platform.engine.support.hierarchical.ThrowableCollector.execute(ThrowableCollector.java:73) ~[junit-platform-engine-1.10.5.jar:1.10.5]
    	at org.junit.platform.engine.support.hierarchical.NodeTestTask.lambda$executeRecursively$8(NodeTestTask.java:146) ~[junit-platform-engine-1.10.5.jar:1.10.5]
    	at org.junit.platform.engine.support.hierarchical.Node.around(Node.java:137) ~[junit-platform-engine-1.10.5.jar:1.10.5]
    	at org.junit.platform.engine.support.hierarchical.NodeTestTask.lambda$executeRecursively$9(NodeTestTask.java:144) ~[junit-platform-engine-1.10.5.jar:1.10.5]
    	at org.junit.platform.engine.support.hierarchical.ThrowableCollector.execute(ThrowableCollector.java:73) ~[junit-platform-engine-1.10.5.jar:1.10.5]
    	at org.junit.platform.engine.support.hierarchical.NodeTestTask.executeRecursively(NodeTestTask.java:143) ~[junit-platform-engine-1.10.5.jar:1.10.5]
    	at org.junit.platform.engine.support.hierarchical.NodeTestTask.execute(NodeTestTask.java:100) ~[junit-platform-engine-1.10.5.jar:1.10.5]
    	at org.junit.platform.engine.support.hierarchical.SameThreadHierarchicalTestExecutorService.submit(SameThreadHierarchicalTestExecutorService.java:35) ~[junit-platform-engine-1.10.5.jar:1.10.5]
    	at org.junit.platform.engine.support.hierarchical.HierarchicalTestExecutor.execute(HierarchicalTestExecutor.java:57) ~[junit-platform-engine-1.10.5.jar:1.10.5]
    	at org.junit.platform.engine.support.hierarchical.HierarchicalTestEngine.execute(HierarchicalTestEngine.java:54) ~[junit-platform-engine-1.10.5.jar:1.10.5]
    	at org.junit.platform.launcher.core.EngineExecutionOrchestrator.execute(EngineExecutionOrchestrator.java:198) ~[junit-platform-launcher-1.10.5.jar:1.10.5]
    	at org.junit.platform.launcher.core.EngineExecutionOrchestrator.execute(EngineExecutionOrchestrator.java:169) ~[junit-platform-launcher-1.10.5.jar:1.10.5]
    	at org.junit.platform.launcher.core.EngineExecutionOrchestrator.execute(EngineExecutionOrchestrator.java:93) ~[junit-platform-launcher-1.10.5.jar:1.10.5]
    	at org.junit.platform.launcher.core.EngineExecutionOrchestrator.lambda$execute$0(EngineExecutionOrchestrator.java:58) ~[junit-platform-launcher-1.10.5.jar:1.10.5]
    	at org.junit.platform.launcher.core.EngineExecutionOrchestrator.withInterceptedStreams(EngineExecutionOrchestrator.java:141) ~[junit-platform-launcher-1.10.5.jar:1.10.5]
    	at org.junit.platform.launcher.core.EngineExecutionOrchestrator.execute(EngineExecutionOrchestrator.java:57) ~[junit-platform-launcher-1.10.5.jar:1.10.5]
    	at org.junit.platform.launcher.core.DefaultLauncher.execute(DefaultLauncher.java:103) ~[junit-platform-launcher-1.10.5.jar:1.10.5]
    	at org.junit.platform.launcher.core.DefaultLauncher.execute(DefaultLauncher.java:85) ~[junit-platform-launcher-1.10.5.jar:1.10.5]
    	at org.junit.platform.launcher.core.DelegatingLauncher.execute(DelegatingLauncher.java:47) ~[junit-platform-launcher-1.10.5.jar:1.10.5]
    	at org.gradle.api.internal.tasks.testing.junitplatform.JUnitPlatformTestClassProcessor$CollectAllTestClassesExecutor.processAllTestClasses(JUnitPlatformTestClassProcessor.java:124) ~[na:na]
    	at org.gradle.api.internal.tasks.testing.junitplatform.JUnitPlatformTestClassProcessor$CollectAllTestClassesExecutor.access$000(JUnitPlatformTestClassProcessor.java:99) ~[na:na]
    	at org.gradle.api.internal.tasks.testing.junitplatform.JUnitPlatformTestClassProcessor.stop(JUnitPlatformTestClassProcessor.java:94) ~[na:na]
    	at org.gradle.api.internal.tasks.testing.SuiteTestClassProcessor.stop(SuiteTestClassProcessor.java:63) ~[na:na]
    	at java.base/jdk.internal.reflect.DirectMethodHandleAccessor.invoke(DirectMethodHandleAccessor.java:103) ~[na:na]
    	at java.base/java.lang.reflect.Method.invoke(Method.java:580) ~[na:na]
    	at org.gradle.internal.dispatch.ReflectionDispatch.dispatch(ReflectionDispatch.java:36) ~[na:na]
    	at org.gradle.internal.dispatch.ReflectionDispatch.dispatch(ReflectionDispatch.java:24) ~[na:na]
    	at org.gradle.internal.dispatch.ContextClassLoaderDispatch.dispatch(ContextClassLoaderDispatch.java:33) ~[na:na]
    	at org.gradle.internal.dispatch.ProxyDispatchAdapter$DispatchingInvocationHandler.invoke(ProxyDispatchAdapter.java:92) ~[na:na]
    	at jdk.proxy1/jdk.proxy1.$Proxy4.stop(Unknown Source) ~[na:na]
    	at org.gradle.api.internal.tasks.testing.worker.TestWorker$3.run(TestWorker.java:200) ~[na:na]
    	at org.gradle.api.internal.tasks.testing.worker.TestWorker.executeAndMaintainThreadName(TestWorker.java:132) ~[na:na]
    	at org.gradle.api.internal.tasks.testing.worker.TestWorker.execute(TestWorker.java:103) ~[na:na]
    	at org.gradle.api.internal.tasks.testing.worker.TestWorker.execute(TestWorker.java:63) ~[na:na]
    	at org.gradle.process.internal.worker.child.ActionExecutionWorker.execute(ActionExecutionWorker.java:56) ~[na:na]
    	at org.gradle.process.internal.worker.child.SystemApplicationClassLoaderWorker.call(SystemApplicationClassLoaderWorker.java:121) ~[na:na]
    	at org.gradle.process.internal.worker.child.SystemApplicationClassLoaderWorker.call(SystemApplicationClassLoaderWorker.java:71) ~[na:na]
    	at worker.org.gradle.process.internal.worker.GradleWorkerMain.run(GradleWorkerMain.java:69) ~[gradle-worker.jar:na]
    	at worker.org.gradle.process.internal.worker.GradleWorkerMain.main(GradleWorkerMain.java:74) ~[gradle-worker.jar:na]
    Caused by: org.h2.jdbc.JdbcSQLNonTransientException: Unknown data type: "JSONB"; SQL statement:

        create table floor_plans (
            blueprint_opacity numeric(3,2),
            floor integer not null unique,
            created_at timestamp(6) with time zone not null,
            deleted_at timestamp(6) with time zone,
            floor_plan_id bigint generated by default as identity,
            updated_at timestamp(6) with time zone not null,
            blueprint_url varchar(255),
            annotations jsonb,
            primary key (floor_plan_id)
        ) [50004-224]
    	at org.h2.message.DbException.getJdbcSQLException(DbException.java:566) ~[h2-2.2.224.jar:2.2.224]
    	at org.h2.message.DbException.getJdbcSQLException(DbException.java:489) ~[h2-2.2.224.jar:2.2.224]
    	at org.h2.message.DbException.get(DbException.java:223) ~[h2-2.2.224.jar:2.2.224]
    	at org.h2.message.DbException.get(DbException.java:199) ~[h2-2.2.224.jar:2.2.224]
    	at org.h2.command.Parser.readIfDataType1(Parser.java:5866) ~[h2-2.2.224.jar:2.2.224]
    	at org.h2.command.Parser.readIfDataType(Parser.java:5704) ~[h2-2.2.224.jar:2.2.224]
    	at org.h2.command.Parser.parseColumnWithType(Parser.java:5686) ~[h2-2.2.224.jar:2.2.224]
    	at org.h2.command.Parser.parseColumnForTable(Parser.java:5565) ~[h2-2.2.224.jar:2.2.224]
    	at org.h2.command.Parser.parseTableColumnDefinition(Parser.java:8999) ~[h2-2.2.224.jar:2.2.224]
    	at org.h2.command.Parser.parseCreateTable(Parser.java:8939) ~[h2-2.2.224.jar:2.2.224]
    	at org.h2.command.Parser.parseCreate(Parser.java:6404) ~[h2-2.2.224.jar:2.2.224]
    	at org.h2.command.Parser.parsePrepared(Parser.java:666) ~[h2-2.2.224.jar:2.2.224]
    	at org.h2.command.Parser.parse(Parser.java:592) ~[h2-2.2.224.jar:2.2.224]
    	at org.h2.command.Parser.parse(Parser.java:564) ~[h2-2.2.224.jar:2.2.224]
    	at org.h2.command.Parser.prepareCommand(Parser.java:483) ~[h2-2.2.224.jar:2.2.224]
    	at org.h2.engine.SessionLocal.prepareLocal(SessionLocal.java:639) ~[h2-2.2.224.jar:2.2.224]
    	at org.h2.engine.SessionLocal.prepareCommand(SessionLocal.java:559) ~[h2-2.2.224.jar:2.2.224]
    	at org.h2.jdbc.JdbcConnection.prepareCommand(JdbcConnection.java:1166) ~[h2-2.2.224.jar:2.2.224]
    	at org.h2.jdbc.JdbcStatement.executeInternal(JdbcStatement.java:245) ~[h2-2.2.224.jar:2.2.224]
    	at org.h2.jdbc.JdbcStatement.execute(JdbcStatement.java:231) ~[h2-2.2.224.jar:2.2.224]
    	at org.hibernate.tool.schema.internal.exec.GenerationTargetToDatabase.accept(GenerationTargetToDatabase.java:80) ~[hibernate-core-6.5.3.Final.jar:6.5.3.Final]
    	... 129 common frames omitted

    2026-04-13T12:41:37.645+09:00 DEBUG 4752 --- [    Test worker] org.hibernate.SQL                        : 
        create table notifications (
            is_read boolean not null,
            created_at timestamp(6) with time zone not null,
            deleted_at timestamp(6) with time zone,
            notification_id bigint generated by default as identity,
            reference_id bigint,
            updated_at timestamp(6) with time zone not null,
            user_id bigint not null,
            title varchar(200) not null,
            message TEXT not null,
            reference_type enum ('COMMUNITY','CONTRACT','PAYMENT','RESERVATION','VOC'),
            type enum ('COMMUNITY_COMMENT','COMMUNITY_NOTICE','CONTRACT_ACTIVATED','CONTRACT_APPROVED','CONTRACT_EXPIRED','CONTRACT_REJECTED','CONTRACT_SUBMITTED','CONTRACT_UPDATED','PAYMENT_SUCCESS','RESERVATION_APPROVED','RESERVATION_PENDING','RESERVATION_REJECTED','VOC_CREATED','VOC_REPLIED','VOC_RESOLVED') not null,
            primary key (notification_id)
        )
    Hibernate: 
        create table notifications (
            is_read boolean not null,
            created_at timestamp(6) with time zone not null,
            deleted_at timestamp(6) with time zone,
            notification_id bigint generated by default as identity,
            reference_id bigint,
            updated_at timestamp(6) with time zone not null,
            user_id bigint not null,
            title varchar(200) not null,
            message TEXT not null,
            reference_type enum ('COMMUNITY','CONTRACT','PAYMENT','RESERVATION','VOC'),
            type enum ('COMMUNITY_COMMENT','COMMUNITY_NOTICE','CONTRACT_ACTIVATED','CONTRACT_APPROVED','CONTRACT_EXPIRED','CONTRACT_REJECTED','CONTRACT_SUBMITTED','CONTRACT_UPDATED','PAYMENT_SUCCESS','RESERVATION_APPROVED','RESERVATION_PENDING','RESERVATION_REJECTED','VOC_CREATED','VOC_REPLIED','VOC_RESOLVED') not null,
            primary key (notification_id)
        )
    2026-04-13T12:41:37.645+09:00 DEBUG 4752 --- [    Test worker] org.hibernate.SQL                        : 
        create table payments (
            amount numeric(15,0) not null,
            billing_date date not null,
            paid_date date,
            contract_id bigint,
            created_at timestamp(6) with time zone not null,
            deleted_at timestamp(6) with time zone,
            payment_id bigint generated by default as identity,
            reservation_id bigint,
            updated_at timestamp(6) with time zone not null,
            user_id bigint not null,
            payment_method enum ('CARD','CASH','TRANSFER'),
            status enum ('PAID','PENDING','UNPAID') not null,
            type enum ('FACILITY','MAINTENANCE','RENT') not null,
            primary key (payment_id)
        )
    Hibernate: 
        create table payments (
            amount numeric(15,0) not null,
            billing_date date not null,
            paid_date date,
            contract_id bigint,
            created_at timestamp(6) with time zone not null,
            deleted_at timestamp(6) with time zone,
            payment_id bigint generated by default as identity,
            reservation_id bigint,
            updated_at timestamp(6) with time zone not null,
            user_id bigint not null,
            payment_method enum ('CARD','CASH','TRANSFER'),
            status enum ('PAID','PENDING','UNPAID') not null,
            type enum ('FACILITY','MAINTENANCE','RENT') not null,
            primary key (payment_id)
        )
    2026-04-13T12:41:37.645+09:00 DEBUG 4752 --- [    Test worker] org.hibernate.SQL                        : 
        create table post_likes (
            created_at timestamp(6) with time zone not null,
            deleted_at timestamp(6) with time zone,
            post_id bigint not null,
            post_like_id bigint generated by default as identity,
            updated_at timestamp(6) with time zone not null,
            user_id bigint not null,
            primary key (post_like_id)
        )
    Hibernate: 
        create table post_likes (
            created_at timestamp(6) with time zone not null,
            deleted_at timestamp(6) with time zone,
            post_id bigint not null,
            post_like_id bigint generated by default as identity,
            updated_at timestamp(6) with time zone not null,
            user_id bigint not null,
            primary key (post_like_id)
        )
    2026-04-13T12:41:37.645+09:00 DEBUG 4752 --- [    Test worker] org.hibernate.SQL                        : 
        create table posts (
            comment_count integer not null,
            like_count integer not null,
            view_count integer not null,
            created_at timestamp(6) with time zone not null,
            deleted_at timestamp(6) with time zone,
            post_id bigint generated by default as identity,
            updated_at timestamp(6) with time zone not null,
            user_id bigint not null,
            category varchar(15) not null,
            title varchar(100) not null,
            content varchar(255) not null,
            attachments json not null,
            links json not null,
            primary key (post_id)
        )
    Hibernate: 
        create table posts (
            comment_count integer not null,
            like_count integer not null,
            view_count integer not null,
            created_at timestamp(6) with time zone not null,
            deleted_at timestamp(6) with time zone,
            post_id bigint generated by default as identity,
            updated_at timestamp(6) with time zone not null,
            user_id bigint not null,
            category varchar(15) not null,
            title varchar(100) not null,
            content varchar(255) not null,
            attachments json not null,
            links json not null,
            primary key (post_id)
        )
    2026-04-13T12:41:37.645+09:00 DEBUG 4752 --- [    Test worker] org.hibernate.SQL                        : 
        create table private_space_details (
            bathroom_count integer,
            deposit numeric(15,2),
            maintenance_fee numeric(15,2),
            monthly_rent numeric(15,2),
            parking_available boolean,
            room_count integer,
            created_at timestamp(6) with time zone not null,
            deleted_at timestamp(6) with time zone,
            room_type_id bigint not null,
            space_id bigint not null,
            updated_at timestamp(6) with time zone not null,
            direction varchar(20),
            primary key (space_id)
        )
    Hibernate: 
        create table private_space_details (
            bathroom_count integer,
            deposit numeric(15,2),
            maintenance_fee numeric(15,2),
            monthly_rent numeric(15,2),
            parking_available boolean,
            room_count integer,
            created_at timestamp(6) with time zone not null,
            deleted_at timestamp(6) with time zone,
            room_type_id bigint not null,
            space_id bigint not null,
            updated_at timestamp(6) with time zone not null,
            direction varchar(20),
            primary key (space_id)
        )
    2026-04-13T12:41:37.645+09:00 DEBUG 4752 --- [    Test worker] org.hibernate.SQL                        : 
        create table refresh_tokens (
            is_revoked boolean not null,
            created_at timestamp(6) with time zone not null,
            deleted_at timestamp(6) with time zone,
            expires_at timestamp(6) with time zone not null,
            refresh_token_id bigint generated by default as identity,
            updated_at timestamp(6) with time zone not null,
            user_id bigint not null,
            token varchar(512) not null unique,
            primary key (refresh_token_id)
        )
    Hibernate: 
        create table refresh_tokens (
            is_revoked boolean not null,
            created_at timestamp(6) with time zone not null,
            deleted_at timestamp(6) with time zone,
            expires_at timestamp(6) with time zone not null,
            refresh_token_id bigint generated by default as identity,
            updated_at timestamp(6) with time zone not null,
            user_id bigint not null,
            token varchar(512) not null unique,
            primary key (refresh_token_id)
        )
    2026-04-13T12:41:37.661+09:00 DEBUG 4752 --- [    Test worker] org.hibernate.SQL                        : 
        create table reservations (
            end_time time(6) not null,
            reservation_date date not null,
            start_time time(6) not null,
            approved_by bigint,
            created_at timestamp(6) with time zone not null,
            deleted_at timestamp(6) with time zone,
            reservation_id bigint generated by default as identity,
            space_id bigint not null,
            updated_at timestamp(6) with time zone not null,
            user_id bigint not null,
            status enum ('APPROVED','CANCELLED','COMPLETED','PENDING') not null,
            primary key (reservation_id)
        )
    Hibernate: 
        create table reservations (
            end_time time(6) not null,
            reservation_date date not null,
            start_time time(6) not null,
            approved_by bigint,
            created_at timestamp(6) with time zone not null,
            deleted_at timestamp(6) with time zone,
            reservation_id bigint generated by default as identity,
            space_id bigint not null,
            updated_at timestamp(6) with time zone not null,
            user_id bigint not null,
            status enum ('APPROVED','CANCELLED','COMPLETED','PENDING') not null,
            primary key (reservation_id)
        )
    2026-04-13T12:41:37.661+09:00 DEBUG 4752 --- [    Test worker] org.hibernate.SQL                        : 
        create table role_change_logs (
            changed_by bigint,
            contract_id bigint,
            created_at timestamp(6) with time zone not null,
            deleted_at timestamp(6) with time zone,
            role_change_log_id bigint generated by default as identity,
            updated_at timestamp(6) with time zone not null,
            user_id bigint not null,
            reason varchar(100),
            new_role enum ('ADMIN','RESIDENT','USER') not null,
            old_role enum ('ADMIN','RESIDENT','USER') not null,
            primary key (role_change_log_id)
        )
    Hibernate: 
        create table role_change_logs (
            changed_by bigint,
            contract_id bigint,
            created_at timestamp(6) with time zone not null,
            deleted_at timestamp(6) with time zone,
            role_change_log_id bigint generated by default as identity,
            updated_at timestamp(6) with time zone not null,
            user_id bigint not null,
            reason varchar(100),
            new_role enum ('ADMIN','RESIDENT','USER') not null,
            old_role enum ('ADMIN','RESIDENT','USER') not null,
            primary key (role_change_log_id)
        )
    2026-04-13T12:41:37.661+09:00 DEBUG 4752 --- [    Test worker] org.hibernate.SQL                        : 
        create table room_types (
            is_system_default boolean not null,
            created_at timestamp(6) with time zone not null,
            deleted_at timestamp(6) with time zone,
            room_type_id bigint generated by default as identity,
            updated_at timestamp(6) with time zone not null,
            code varchar(50) not null unique,
            name varchar(100) not null,
            primary key (room_type_id)
        )
    Hibernate: 
        create table room_types (
            is_system_default boolean not null,
            created_at timestamp(6) with time zone not null,
            deleted_at timestamp(6) with time zone,
            room_type_id bigint generated by default as identity,
            updated_at timestamp(6) with time zone not null,
            code varchar(50) not null unique,
            name varchar(100) not null,
            primary key (room_type_id)
        )
    2026-04-13T12:41:37.664+09:00 DEBUG 4752 --- [    Test worker] org.hibernate.SQL                        : 
        create table space_images (
            is_thumbnail boolean,
            sort_order integer,
            created_at timestamp(6) with time zone not null,
            deleted_at timestamp(6) with time zone,
            space_id bigint not null,
            space_image_id bigint generated by default as identity,
            updated_at timestamp(6) with time zone not null,
            image_url varchar(255) not null,
            image_type enum ('FLOOR_PLAN','PHOTO') not null,
            primary key (space_image_id)
        )
    Hibernate: 
        create table space_images (
            is_thumbnail boolean,
            sort_order integer,
            created_at timestamp(6) with time zone not null,
            deleted_at timestamp(6) with time zone,
            space_id bigint not null,
            space_image_id bigint generated by default as identity,
            updated_at timestamp(6) with time zone not null,
            image_url varchar(255) not null,
            image_type enum ('FLOOR_PLAN','PHOTO') not null,
            primary key (space_image_id)
        )
    2026-04-13T12:41:37.664+09:00 DEBUG 4752 --- [    Test worker] org.hibernate.SQL                        : 
        create table spaces (
            area numeric(10,2),
            floor integer,
            position_h integer,
            position_w integer,
            position_x integer,
            position_y integer,
            created_at timestamp(6) with time zone not null,
            deleted_at timestamp(6) with time zone,
            space_id bigint generated by default as identity,
            updated_at timestamp(6) with time zone not null,
            name varchar(100) not null,
            amenities TEXT,
            description TEXT,
            status enum ('AVAILABLE','MAINTENANCE','OCCUPIED') not null,
            type enum ('COMMON','PRIVATE') not null,
            primary key (space_id)
        )
    Hibernate: 
        create table spaces (
            area numeric(10,2),
            floor integer,
            position_h integer,
            position_w integer,
            position_x integer,
            position_y integer,
            created_at timestamp(6) with time zone not null,
            deleted_at timestamp(6) with time zone,
            space_id bigint generated by default as identity,
            updated_at timestamp(6) with time zone not null,
            name varchar(100) not null,
            amenities TEXT,
            description TEXT,
            status enum ('AVAILABLE','MAINTENANCE','OCCUPIED') not null,
            type enum ('COMMON','PRIVATE') not null,
            primary key (space_id)
        )
    2026-04-13T12:41:37.664+09:00 DEBUG 4752 --- [    Test worker] org.hibernate.SQL                        : 
        create table token_blacklists (
            created_at timestamp(6) with time zone not null,
            deleted_at timestamp(6) with time zone,
            expires_at timestamp(6) with time zone not null,
            token_blacklist_id bigint generated by default as identity,
            updated_at timestamp(6) with time zone not null,
            reason varchar(255),
            token_jti varchar(255) not null unique,
            primary key (token_blacklist_id)
        )
    Hibernate: 
        create table token_blacklists (
            created_at timestamp(6) with time zone not null,
            deleted_at timestamp(6) with time zone,
            expires_at timestamp(6) with time zone not null,
            token_blacklist_id bigint generated by default as identity,
            updated_at timestamp(6) with time zone not null,
            reason varchar(255),
            token_jti varchar(255) not null unique,
            primary key (token_blacklist_id)
        )
    2026-04-13T12:41:37.664+09:00 DEBUG 4752 --- [    Test worker] org.hibernate.SQL                        : 
        create table users (
            birth_date varchar(6),
            created_at timestamp(6) with time zone not null,
            deleted_at timestamp(6) with time zone,
            email_verified_at timestamp(6) with time zone,
            phone_verified_at timestamp(6) with time zone,
            updated_at timestamp(6) with time zone not null,
            user_id bigint generated by default as identity,
            phone varchar(20),
            login_id varchar(50) not null unique,
            name varchar(50) not null,
            nationality varchar(50),
            email varchar(100),
            profile_image varchar(500),
            password_hash varchar(255) not null,
            gender enum ('FEMALE','MALE'),
            role enum ('ADMIN','RESIDENT','USER') not null,
            status enum ('ACTIVE','DEACTIVATED') not null,
            primary key (user_id)
        )
    Hibernate: 
        create table users (
            birth_date varchar(6),
            created_at timestamp(6) with time zone not null,
            deleted_at timestamp(6) with time zone,
            email_verified_at timestamp(6) with time zone,
            phone_verified_at timestamp(6) with time zone,
            updated_at timestamp(6) with time zone not null,
            user_id bigint generated by default as identity,
            phone varchar(20),
            login_id varchar(50) not null unique,
            name varchar(50) not null,
            nationality varchar(50),
            email varchar(100),
            profile_image varchar(500),
            password_hash varchar(255) not null,
            gender enum ('FEMALE','MALE'),
            role enum ('ADMIN','RESIDENT','USER') not null,
            status enum ('ACTIVE','DEACTIVATED') not null,
            primary key (user_id)
        )
    2026-04-13T12:41:37.664+09:00 DEBUG 4752 --- [    Test worker] org.hibernate.SQL                        : 
        create table vocs (
            created_at timestamp(6) with time zone not null,
            deleted_at timestamp(6) with time zone,
            replied_at timestamp(6) with time zone,
            reply_user_id bigint,
            updated_at timestamp(6) with time zone not null,
            user_id bigint not null,
            voc_id bigint generated by default as identity,
            title varchar(200) not null,
            admin_reply TEXT,
            content TEXT not null,
            attachments json,
            category enum ('DEVICE','FACILITY','NOISE','OTHER') not null,
            status enum ('CANCELLED','IN_PROGRESS','OPEN','RESOLVED') not null,
            primary key (voc_id)
        )
    Hibernate: 
        create table vocs (
            created_at timestamp(6) with time zone not null,
            deleted_at timestamp(6) with time zone,
            replied_at timestamp(6) with time zone,
            reply_user_id bigint,
            updated_at timestamp(6) with time zone not null,
            user_id bigint not null,
            voc_id bigint generated by default as identity,
            title varchar(200) not null,
            admin_reply TEXT,
            content TEXT not null,
            attachments json,
            category enum ('DEVICE','FACILITY','NOISE','OTHER') not null,
            status enum ('CANCELLED','IN_PROGRESS','OPEN','RESOLVED') not null,
            primary key (voc_id)
        )
    2026-04-13T12:41:37.664+09:00 DEBUG 4752 --- [    Test worker] org.hibernate.SQL                        : 
        create index idx_refresh_token_user_id 
           on refresh_tokens (user_id)
    Hibernate: 
        create index idx_refresh_token_user_id 
           on refresh_tokens (user_id)
    2026-04-13T12:41:37.664+09:00 DEBUG 4752 --- [    Test worker] org.hibernate.SQL                        : 
        create index idx_role_change_log_user_id 
           on role_change_logs (user_id)
    Hibernate: 
        create index idx_role_change_log_user_id 
           on role_change_logs (user_id)
    2026-04-13T12:41:37.664+09:00 DEBUG 4752 --- [    Test worker] org.hibernate.SQL                        : 
        create index idx_token_blacklist_expires_at 
           on token_blacklists (expires_at)
    Hibernate: 
        create index idx_token_blacklist_expires_at 
           on token_blacklists (expires_at)
    2026-04-13T12:41:37.664+09:00 DEBUG 4752 --- [    Test worker] org.hibernate.SQL                        : 
        create index idx_users_role 
           on users (role)
    Hibernate: 
        create index idx_users_role 
           on users (role)
    2026-04-13T12:41:37.664+09:00 DEBUG 4752 --- [    Test worker] org.hibernate.SQL                        : 
        create index idx_users_email 
           on users (email)
    Hibernate: 
        create index idx_users_email 
           on users (email)
    2026-04-13T12:41:37.670+09:00 DEBUG 4752 --- [    Test worker] org.hibernate.SQL                        : 
        alter table if exists comments 
           add constraint FK7h839m3lkvhbyv3bcdv7sm4fj 
           foreign key (parent_comment_id) 
           references comments
    Hibernate: 
        alter table if exists comments 
           add constraint FK7h839m3lkvhbyv3bcdv7sm4fj 
           foreign key (parent_comment_id) 
           references comments
    2026-04-13T12:41:37.671+09:00 DEBUG 4752 --- [    Test worker] org.hibernate.SQL                        : 
        alter table if exists comments 
           add constraint FKh4c7lvsc298whoyd4w9ta25cr 
           foreign key (post_id) 
           references posts
    Hibernate: 
        alter table if exists comments 
           add constraint FKh4c7lvsc298whoyd4w9ta25cr 
           foreign key (post_id) 
           references posts
    2026-04-13T12:41:37.671+09:00 DEBUG 4752 --- [    Test worker] org.hibernate.SQL                        : 
        alter table if exists common_space_details 
           add constraint FKorjuc8846rh6km5k4h08u492t 
           foreign key (space_id) 
           references spaces
    Hibernate: 
        alter table if exists common_space_details 
           add constraint FKorjuc8846rh6km5k4h08u492t 
           foreign key (space_id) 
           references spaces
    2026-04-13T12:41:37.671+09:00 DEBUG 4752 --- [    Test worker] org.hibernate.SQL                        : 
        alter table if exists devices 
           add constraint FKthsup9yv35eehh6hkt0jj3naw 
           foreign key (device_type_id) 
           references device_types
    Hibernate: 
        alter table if exists devices 
           add constraint FKthsup9yv35eehh6hkt0jj3naw 
           foreign key (device_type_id) 
           references device_types
    2026-04-13T12:41:37.671+09:00 DEBUG 4752 --- [    Test worker] org.hibernate.SQL                        : 
        alter table if exists payments 
           add constraint FKqywegtqyijw241foqfkseq1l6 
           foreign key (contract_id) 
           references contracts
    Hibernate: 
        alter table if exists payments 
           add constraint FKqywegtqyijw241foqfkseq1l6 
           foreign key (contract_id) 
           references contracts
    2026-04-13T12:41:37.671+09:00 DEBUG 4752 --- [    Test worker] org.hibernate.SQL                        : 
        alter table if exists post_likes 
           add constraint FKa5wxsgl4doibhbed9gm7ikie2 
           foreign key (post_id) 
           references posts
    Hibernate: 
        alter table if exists post_likes 
           add constraint FKa5wxsgl4doibhbed9gm7ikie2 
           foreign key (post_id) 
           references posts
    2026-04-13T12:41:37.675+09:00 DEBUG 4752 --- [    Test worker] org.hibernate.SQL                        : 
        alter table if exists private_space_details 
           add constraint FKr7sa1976wkxc4w2k007ydb91h 
           foreign key (room_type_id) 
           references room_types
    Hibernate: 
        alter table if exists private_space_details 
           add constraint FKr7sa1976wkxc4w2k007ydb91h 
           foreign key (room_type_id) 
           references room_types
    2026-04-13T12:41:37.677+09:00 DEBUG 4752 --- [    Test worker] org.hibernate.SQL                        : 
        alter table if exists private_space_details 
           add constraint FK6382cn43x300u3pbrr1dplvea 
           foreign key (space_id) 
           references spaces
    Hibernate: 
        alter table if exists private_space_details 
           add constraint FK6382cn43x300u3pbrr1dplvea 
           foreign key (space_id) 
           references spaces
    2026-04-13T12:41:37.677+09:00 DEBUG 4752 --- [    Test worker] org.hibernate.SQL                        : 
        alter table if exists refresh_tokens 
           add constraint fk_refresh_token_user 
           foreign key (user_id) 
           references users
    Hibernate: 
        alter table if exists refresh_tokens 
           add constraint fk_refresh_token_user 
           foreign key (user_id) 
           references users
    2026-04-13T12:41:37.678+09:00 DEBUG 4752 --- [    Test worker] org.hibernate.SQL                        : 
        alter table if exists reservations 
           add constraint FKn4dmyiu3hojk0dnk9j8lrykkr 
           foreign key (approved_by) 
           references users
    Hibernate: 
        alter table if exists reservations 
           add constraint FKn4dmyiu3hojk0dnk9j8lrykkr 
           foreign key (approved_by) 
           references users
    2026-04-13T12:41:37.679+09:00 DEBUG 4752 --- [    Test worker] org.hibernate.SQL                        : 
        alter table if exists reservations 
           add constraint FKamig3ih2d03a4kb15cuoax1rm 
           foreign key (space_id) 
           references spaces
    Hibernate: 
        alter table if exists reservations 
           add constraint FKamig3ih2d03a4kb15cuoax1rm 
           foreign key (space_id) 
           references spaces
    2026-04-13T12:41:37.679+09:00 DEBUG 4752 --- [    Test worker] org.hibernate.SQL                        : 
        alter table if exists reservations 
           add constraint FKb5g9io5h54iwl2inkno50ppln 
           foreign key (user_id) 
           references users
    Hibernate: 
        alter table if exists reservations 
           add constraint FKb5g9io5h54iwl2inkno50ppln 
           foreign key (user_id) 
           references users
    2026-04-13T12:41:37.679+09:00 DEBUG 4752 --- [    Test worker] org.hibernate.SQL                        : 
        alter table if exists role_change_logs 
           add constraint fk_role_change_log_user 
           foreign key (user_id) 
           references users
    Hibernate: 
        alter table if exists role_change_logs 
           add constraint fk_role_change_log_user 
           foreign key (user_id) 
           references users
    2026-04-13T12:41:37.679+09:00 DEBUG 4752 --- [    Test worker] org.hibernate.SQL                        : 
        alter table if exists space_images 
           add constraint FK9f50voo0hn2hs0nhbkyqfob8a 
           foreign key (space_id) 
           references spaces
    Hibernate: 
        alter table if exists space_images 
           add constraint FK9f50voo0hn2hs0nhbkyqfob8a 
           foreign key (space_id) 
           references spaces
    2026-04-13T12:41:37.679+09:00  INFO 4752 --- [    Test worker] j.LocalContainerEntityManagerFactoryBean : Initialized JPA EntityManagerFactory for persistence unit 'default'
    2026-04-13T12:41:37.961+09:00  INFO 4752 --- [    Test worker] c.c.c.a.a.o.j.UserAuthJpaIntegrationTest : Started UserAuthJpaIntegrationTest in 1.417 seconds (process running for 19.641)

UserAuthJpaIntegrationTest > UserEntity ?ㅺ굔 ???諛?議고쉶 ?뚯뒪??STANDARD_OUT
    2026-04-13T12:41:38.059+09:00 DEBUG 4752 --- [    Test worker] org.hibernate.SQL                        : 
        insert 
        into
            users
            (birth_date, created_at, deleted_at, email, email_verified_at, gender, login_id, name, nationality, password_hash, phone, phone_verified_at, profile_image, role, status, updated_at, user_id) 
        values
            (?, ?, ?, ?, ?, ?, ?, ?, ?, ?, ?, ?, ?, ?, ?, ?, default)
    Hibernate: 
        insert 
        into
            users
            (birth_date, created_at, deleted_at, email, email_verified_at, gender, login_id, name, nationality, password_hash, phone, phone_verified_at, profile_image, role, status, updated_at, user_id) 
        values
            (?, ?, ?, ?, ?, ?, ?, ?, ?, ?, ?, ?, ?, ?, ?, ?, default)
    2026-04-13T12:41:38.064+09:00 TRACE 4752 --- [    Test worker] org.hibernate.orm.jdbc.bind              : binding parameter (1:VARCHAR) <- [null]
    2026-04-13T12:41:38.064+09:00 TRACE 4752 --- [    Test worker] org.hibernate.orm.jdbc.bind              : binding parameter (2:TIMESTAMP_WITH_TIMEZONE) <- [2026-04-13T12:41:38.030508200+09:00]
    2026-04-13T12:41:38.070+09:00 TRACE 4752 --- [    Test worker] org.hibernate.orm.jdbc.bind              : binding parameter (3:TIMESTAMP_WITH_TIMEZONE) <- [null]
    2026-04-13T12:41:38.070+09:00 TRACE 4752 --- [    Test worker] org.hibernate.orm.jdbc.bind              : binding parameter (4:VARCHAR) <- [null]
    2026-04-13T12:41:38.070+09:00 TRACE 4752 --- [    Test worker] org.hibernate.orm.jdbc.bind              : binding parameter (5:TIMESTAMP_WITH_TIMEZONE) <- [null]
    2026-04-13T12:41:38.070+09:00 TRACE 4752 --- [    Test worker] org.hibernate.orm.jdbc.bind              : binding parameter (6:ENUM) <- [null]
    2026-04-13T12:41:38.070+09:00 TRACE 4752 --- [    Test worker] org.hibernate.orm.jdbc.bind              : binding parameter (7:VARCHAR) <- [testuser1]
    2026-04-13T12:41:38.070+09:00 TRACE 4752 --- [    Test worker] org.hibernate.orm.jdbc.bind              : binding parameter (8:VARCHAR) <- [User 1]
    2026-04-13T12:41:38.070+09:00 TRACE 4752 --- [    Test worker] org.hibernate.orm.jdbc.bind              : binding parameter (9:VARCHAR) <- [null]
    2026-04-13T12:41:38.070+09:00 TRACE 4752 --- [    Test worker] org.hibernate.orm.jdbc.bind              : binding parameter (10:VARCHAR) <- [hash1]
    2026-04-13T12:41:38.070+09:00 TRACE 4752 --- [    Test worker] org.hibernate.orm.jdbc.bind              : binding parameter (11:VARCHAR) <- [null]
    2026-04-13T12:41:38.070+09:00 TRACE 4752 --- [    Test worker] org.hibernate.orm.jdbc.bind              : binding parameter (12:TIMESTAMP_WITH_TIMEZONE) <- [null]
    2026-04-13T12:41:38.070+09:00 TRACE 4752 --- [    Test worker] org.hibernate.orm.jdbc.bind              : binding parameter (13:VARCHAR) <- [null]
    2026-04-13T12:41:38.070+09:00 TRACE 4752 --- [    Test worker] org.hibernate.orm.jdbc.bind              : binding parameter (14:ENUM) <- [USER]
    2026-04-13T12:41:38.070+09:00 TRACE 4752 --- [    Test worker] org.hibernate.orm.jdbc.bind              : binding parameter (15:ENUM) <- [ACTIVE]
    2026-04-13T12:41:38.070+09:00 TRACE 4752 --- [    Test worker] org.hibernate.orm.jdbc.bind              : binding parameter (16:TIMESTAMP_WITH_TIMEZONE) <- [2026-04-13T12:41:38.030508200+09:00]
    2026-04-13T12:41:38.121+09:00 DEBUG 4752 --- [    Test worker] org.hibernate.SQL                        : 
        insert 
        into
            users
            (birth_date, created_at, deleted_at, email, email_verified_at, gender, login_id, name, nationality, password_hash, phone, phone_verified_at, profile_image, role, status, updated_at, user_id) 
        values
            (?, ?, ?, ?, ?, ?, ?, ?, ?, ?, ?, ?, ?, ?, ?, ?, default)
    Hibernate: 
        insert 
        into
            users
            (birth_date, created_at, deleted_at, email, email_verified_at, gender, login_id, name, nationality, password_hash, phone, phone_verified_at, profile_image, role, status, updated_at, user_id) 
        values
            (?, ?, ?, ?, ?, ?, ?, ?, ?, ?, ?, ?, ?, ?, ?, ?, default)
    2026-04-13T12:41:38.121+09:00 TRACE 4752 --- [    Test worker] org.hibernate.orm.jdbc.bind              : binding parameter (1:VARCHAR) <- [null]
    2026-04-13T12:41:38.121+09:00 TRACE 4752 --- [    Test worker] org.hibernate.orm.jdbc.bind              : binding parameter (2:TIMESTAMP_WITH_TIMEZONE) <- [2026-04-13T12:41:38.121029700+09:00]
    2026-04-13T12:41:38.121+09:00 TRACE 4752 --- [    Test worker] org.hibernate.orm.jdbc.bind              : binding parameter (3:TIMESTAMP_WITH_TIMEZONE) <- [null]
    2026-04-13T12:41:38.121+09:00 TRACE 4752 --- [    Test worker] org.hibernate.orm.jdbc.bind              : binding parameter (4:VARCHAR) <- [null]
    2026-04-13T12:41:38.121+09:00 TRACE 4752 --- [    Test worker] org.hibernate.orm.jdbc.bind              : binding parameter (5:TIMESTAMP_WITH_TIMEZONE) <- [null]
    2026-04-13T12:41:38.121+09:00 TRACE 4752 --- [    Test worker] org.hibernate.orm.jdbc.bind              : binding parameter (6:ENUM) <- [null]
    2026-04-13T12:41:38.121+09:00 TRACE 4752 --- [    Test worker] org.hibernate.orm.jdbc.bind              : binding parameter (7:VARCHAR) <- [testuser2]
    2026-04-13T12:41:38.121+09:00 TRACE 4752 --- [    Test worker] org.hibernate.orm.jdbc.bind              : binding parameter (8:VARCHAR) <- [User 2]
    2026-04-13T12:41:38.121+09:00 TRACE 4752 --- [    Test worker] org.hibernate.orm.jdbc.bind              : binding parameter (9:VARCHAR) <- [null]
    2026-04-13T12:41:38.121+09:00 TRACE 4752 --- [    Test worker] org.hibernate.orm.jdbc.bind              : binding parameter (10:VARCHAR) <- [hash2]
    2026-04-13T12:41:38.121+09:00 TRACE 4752 --- [    Test worker] org.hibernate.orm.jdbc.bind              : binding parameter (11:VARCHAR) <- [null]
    2026-04-13T12:41:38.121+09:00 TRACE 4752 --- [    Test worker] org.hibernate.orm.jdbc.bind              : binding parameter (12:TIMESTAMP_WITH_TIMEZONE) <- [null]
    2026-04-13T12:41:38.121+09:00 TRACE 4752 --- [    Test worker] org.hibernate.orm.jdbc.bind              : binding parameter (13:VARCHAR) <- [null]
    2026-04-13T12:41:38.121+09:00 TRACE 4752 --- [    Test worker] org.hibernate.orm.jdbc.bind              : binding parameter (14:ENUM) <- [USER]
    2026-04-13T12:41:38.121+09:00 TRACE 4752 --- [    Test worker] org.hibernate.orm.jdbc.bind              : binding parameter (15:ENUM) <- [ACTIVE]
    2026-04-13T12:41:38.121+09:00 TRACE 4752 --- [    Test worker] org.hibernate.orm.jdbc.bind              : binding parameter (16:TIMESTAMP_WITH_TIMEZONE) <- [2026-04-13T12:41:38.121029700+09:00]
    2026-04-13T12:41:38.190+09:00 DEBUG 4752 --- [    Test worker] org.hibernate.SQL                        : 
        select
            ue1_0.user_id,
            ue1_0.birth_date,
            ue1_0.created_at,
            ue1_0.deleted_at,
            ue1_0.email,
            ue1_0.email_verified_at,
            ue1_0.gender,
            ue1_0.login_id,
            ue1_0.name,
            ue1_0.nationality,
            ue1_0.password_hash,
            ue1_0.phone,
            ue1_0.phone_verified_at,
            ue1_0.profile_image,
            ue1_0.role,
            ue1_0.status,
            ue1_0.updated_at 
        from
            users ue1_0 
        where
            (
                ue1_0.deleted_at IS NULL
            )
    Hibernate: 
        select
            ue1_0.user_id,
            ue1_0.birth_date,
            ue1_0.created_at,
            ue1_0.deleted_at,
            ue1_0.email,
            ue1_0.email_verified_at,
            ue1_0.gender,
            ue1_0.login_id,
            ue1_0.name,
            ue1_0.nationality,
            ue1_0.password_hash,
            ue1_0.phone,
            ue1_0.phone_verified_at,
            ue1_0.profile_image,
            ue1_0.role,
            ue1_0.status,
            ue1_0.updated_at 
        from
            users ue1_0 
        where
            (
                ue1_0.deleted_at IS NULL
            )

UserAuthJpaIntegrationTest > RefreshToken怨?User??愿怨?留ㅽ븨 諛?LAZY ?섏튂 ?꾨왂 ?뚯뒪??STANDARD_OUT
    2026-04-13T12:41:38.193+09:00 DEBUG 4752 --- [    Test worker] org.hibernate.SQL                        : 
        insert 
        into
            users
            (birth_date, created_at, deleted_at, email, email_verified_at, gender, login_id, name, nationality, password_hash, phone, phone_verified_at, profile_image, role, status, updated_at, user_id) 
        values
            (?, ?, ?, ?, ?, ?, ?, ?, ?, ?, ?, ?, ?, ?, ?, ?, default)
    Hibernate: 
        insert 
        into
            users
            (birth_date, created_at, deleted_at, email, email_verified_at, gender, login_id, name, nationality, password_hash, phone, phone_verified_at, profile_image, role, status, updated_at, user_id) 
        values
            (?, ?, ?, ?, ?, ?, ?, ?, ?, ?, ?, ?, ?, ?, ?, ?, default)
    2026-04-13T12:41:38.193+09:00 TRACE 4752 --- [    Test worker] org.hibernate.orm.jdbc.bind              : binding parameter (1:VARCHAR) <- [null]
    2026-04-13T12:41:38.193+09:00 TRACE 4752 --- [    Test worker] org.hibernate.orm.jdbc.bind              : binding parameter (2:TIMESTAMP_WITH_TIMEZONE) <- [2026-04-13T12:41:38.193219500+09:00]
    2026-04-13T12:41:38.193+09:00 TRACE 4752 --- [    Test worker] org.hibernate.orm.jdbc.bind              : binding parameter (3:TIMESTAMP_WITH_TIMEZONE) <- [null]
    2026-04-13T12:41:38.193+09:00 TRACE 4752 --- [    Test worker] org.hibernate.orm.jdbc.bind              : binding parameter (4:VARCHAR) <- [null]
    2026-04-13T12:41:38.193+09:00 TRACE 4752 --- [    Test worker] org.hibernate.orm.jdbc.bind              : binding parameter (5:TIMESTAMP_WITH_TIMEZONE) <- [null]
    2026-04-13T12:41:38.193+09:00 TRACE 4752 --- [    Test worker] org.hibernate.orm.jdbc.bind              : binding parameter (6:ENUM) <- [null]
    2026-04-13T12:41:38.193+09:00 TRACE 4752 --- [    Test worker] org.hibernate.orm.jdbc.bind              : binding parameter (7:VARCHAR) <- [lazytest]
    2026-04-13T12:41:38.193+09:00 TRACE 4752 --- [    Test worker] org.hibernate.orm.jdbc.bind              : binding parameter (8:VARCHAR) <- [Lazy Test]
    2026-04-13T12:41:38.193+09:00 TRACE 4752 --- [    Test worker] org.hibernate.orm.jdbc.bind              : binding parameter (9:VARCHAR) <- [null]
    2026-04-13T12:41:38.193+09:00 TRACE 4752 --- [    Test worker] org.hibernate.orm.jdbc.bind              : binding parameter (10:VARCHAR) <- [hash]
    2026-04-13T12:41:38.193+09:00 TRACE 4752 --- [    Test worker] org.hibernate.orm.jdbc.bind              : binding parameter (11:VARCHAR) <- [null]
    2026-04-13T12:41:38.193+09:00 TRACE 4752 --- [    Test worker] org.hibernate.orm.jdbc.bind              : binding parameter (12:TIMESTAMP_WITH_TIMEZONE) <- [null]
    2026-04-13T12:41:38.193+09:00 TRACE 4752 --- [    Test worker] org.hibernate.orm.jdbc.bind              : binding parameter (13:VARCHAR) <- [null]
    2026-04-13T12:41:38.193+09:00 TRACE 4752 --- [    Test worker] org.hibernate.orm.jdbc.bind              : binding parameter (14:ENUM) <- [USER]
    2026-04-13T12:41:38.193+09:00 TRACE 4752 --- [    Test worker] org.hibernate.orm.jdbc.bind              : binding parameter (15:ENUM) <- [ACTIVE]
    2026-04-13T12:41:38.193+09:00 TRACE 4752 --- [    Test worker] org.hibernate.orm.jdbc.bind              : binding parameter (16:TIMESTAMP_WITH_TIMEZONE) <- [2026-04-13T12:41:38.193219500+09:00]
    2026-04-13T12:41:38.211+09:00 DEBUG 4752 --- [    Test worker] org.hibernate.SQL                        : 
        insert 
        into
            refresh_tokens
            (created_at, deleted_at, expires_at, is_revoked, token, updated_at, user_id, refresh_token_id) 
        values
            (?, ?, ?, ?, ?, ?, ?, default)
    Hibernate: 
        insert 
        into
            refresh_tokens
            (created_at, deleted_at, expires_at, is_revoked, token, updated_at, user_id, refresh_token_id) 
        values
            (?, ?, ?, ?, ?, ?, ?, default)
    2026-04-13T12:41:38.211+09:00 TRACE 4752 --- [    Test worker] org.hibernate.orm.jdbc.bind              : binding parameter (1:TIMESTAMP_WITH_TIMEZONE) <- [2026-04-13T12:41:38.210793+09:00]
    2026-04-13T12:41:38.211+09:00 TRACE 4752 --- [    Test worker] org.hibernate.orm.jdbc.bind              : binding parameter (2:TIMESTAMP_WITH_TIMEZONE) <- [null]
    2026-04-13T12:41:38.211+09:00 TRACE 4752 --- [    Test worker] org.hibernate.orm.jdbc.bind              : binding parameter (3:TIMESTAMP_WITH_TIMEZONE) <- [2026-04-20T12:41:38.193219500+09:00]
    2026-04-13T12:41:38.211+09:00 TRACE 4752 --- [    Test worker] org.hibernate.orm.jdbc.bind              : binding parameter (4:BOOLEAN) <- [false]
    2026-04-13T12:41:38.211+09:00 TRACE 4752 --- [    Test worker] org.hibernate.orm.jdbc.bind              : binding parameter (5:VARCHAR) <- [sample-token]
    2026-04-13T12:41:38.211+09:00 TRACE 4752 --- [    Test worker] org.hibernate.orm.jdbc.bind              : binding parameter (6:TIMESTAMP_WITH_TIMEZONE) <- [2026-04-13T12:41:38.210793+09:00]
    2026-04-13T12:41:38.214+09:00 TRACE 4752 --- [    Test worker] org.hibernate.orm.jdbc.bind              : binding parameter (7:BIGINT) <- [3]
    2026-04-13T12:41:38.220+09:00 DEBUG 4752 --- [    Test worker] org.hibernate.SQL                        : 
        select
            rte1_0.refresh_token_id,
            rte1_0.created_at,
            rte1_0.deleted_at,
            rte1_0.expires_at,
            rte1_0.is_revoked,
            rte1_0.token,
            rte1_0.updated_at,
            rte1_0.user_id 
        from
            refresh_tokens rte1_0 
        where
            rte1_0.refresh_token_id=? 
            and (
                rte1_0.deleted_at IS NULL
            )
    Hibernate: 
        select
            rte1_0.refresh_token_id,
            rte1_0.created_at,
            rte1_0.deleted_at,
            rte1_0.expires_at,
            rte1_0.is_revoked,
            rte1_0.token,
            rte1_0.updated_at,
            rte1_0.user_id 
        from
            refresh_tokens rte1_0 
        where
            rte1_0.refresh_token_id=? 
            and (
                rte1_0.deleted_at IS NULL
            )
    2026-04-13T12:41:38.224+09:00 TRACE 4752 --- [    Test worker] org.hibernate.orm.jdbc.bind              : binding parameter (1:BIGINT) <- [1]
    2026-04-13T12:41:38.229+09:00 DEBUG 4752 --- [    Test worker] org.hibernate.SQL                        : 
        select
            ue1_0.user_id,
            ue1_0.birth_date,
            ue1_0.created_at,
            ue1_0.deleted_at,
            ue1_0.email,
            ue1_0.email_verified_at,
            ue1_0.gender,
            ue1_0.login_id,
            ue1_0.name,
            ue1_0.nationality,
            ue1_0.password_hash,
            ue1_0.phone,
            ue1_0.phone_verified_at,
            ue1_0.profile_image,
            ue1_0.role,
            ue1_0.status,
            ue1_0.updated_at 
        from
            users ue1_0 
        where
            ue1_0.user_id=? 
            and (
                ue1_0.deleted_at IS NULL
            )
    Hibernate: 
        select
            ue1_0.user_id,
            ue1_0.birth_date,
            ue1_0.created_at,
            ue1_0.deleted_at,
            ue1_0.email,
            ue1_0.email_verified_at,
            ue1_0.gender,
            ue1_0.login_id,
            ue1_0.name,
            ue1_0.nationality,
            ue1_0.password_hash,
            ue1_0.phone,
            ue1_0.phone_verified_at,
            ue1_0.profile_image,
            ue1_0.role,
            ue1_0.status,
            ue1_0.updated_at 
        from
            users ue1_0 
        where
            ue1_0.user_id=? 
            and (
                ue1_0.deleted_at IS NULL
            )
    2026-04-13T12:41:38.229+09:00 TRACE 4752 --- [    Test worker] org.hibernate.orm.jdbc.bind              : binding parameter (1:BIGINT) <- [3]

UserAuthJpaIntegrationTest > Soft Delete 濡쒖쭅 寃利?STANDARD_OUT
    2026-04-13T12:41:38.235+09:00 DEBUG 4752 --- [    Test worker] org.hibernate.SQL                        : 
        insert 
        into
            users
            (birth_date, created_at, deleted_at, email, email_verified_at, gender, login_id, name, nationality, password_hash, phone, phone_verified_at, profile_image, role, status, updated_at, user_id) 
        values
            (?, ?, ?, ?, ?, ?, ?, ?, ?, ?, ?, ?, ?, ?, ?, ?, default)
    Hibernate: 
        insert 
        into
            users
            (birth_date, created_at, deleted_at, email, email_verified_at, gender, login_id, name, nationality, password_hash, phone, phone_verified_at, profile_image, role, status, updated_at, user_id) 
        values
            (?, ?, ?, ?, ?, ?, ?, ?, ?, ?, ?, ?, ?, ?, ?, ?, default)
    2026-04-13T12:41:38.235+09:00 TRACE 4752 --- [    Test worker] org.hibernate.orm.jdbc.bind              : binding parameter (1:VARCHAR) <- [null]
    2026-04-13T12:41:38.235+09:00 TRACE 4752 --- [    Test worker] org.hibernate.orm.jdbc.bind              : binding parameter (2:TIMESTAMP_WITH_TIMEZONE) <- [2026-04-13T12:41:38.235408400+09:00]
    2026-04-13T12:41:38.235+09:00 TRACE 4752 --- [    Test worker] org.hibernate.orm.jdbc.bind              : binding parameter (3:TIMESTAMP_WITH_TIMEZONE) <- [null]
    2026-04-13T12:41:38.235+09:00 TRACE 4752 --- [    Test worker] org.hibernate.orm.jdbc.bind              : binding parameter (4:VARCHAR) <- [null]
    2026-04-13T12:41:38.235+09:00 TRACE 4752 --- [    Test worker] org.hibernate.orm.jdbc.bind              : binding parameter (5:TIMESTAMP_WITH_TIMEZONE) <- [null]
    2026-04-13T12:41:38.235+09:00 TRACE 4752 --- [    Test worker] org.hibernate.orm.jdbc.bind              : binding parameter (6:ENUM) <- [null]
    2026-04-13T12:41:38.235+09:00 TRACE 4752 --- [    Test worker] org.hibernate.orm.jdbc.bind              : binding parameter (7:VARCHAR) <- [deletetest]
    2026-04-13T12:41:38.235+09:00 TRACE 4752 --- [    Test worker] org.hibernate.orm.jdbc.bind              : binding parameter (8:VARCHAR) <- [Delete Test]
    2026-04-13T12:41:38.235+09:00 TRACE 4752 --- [    Test worker] org.hibernate.orm.jdbc.bind              : binding parameter (9:VARCHAR) <- [null]
    2026-04-13T12:41:38.235+09:00 TRACE 4752 --- [    Test worker] org.hibernate.orm.jdbc.bind              : binding parameter (10:VARCHAR) <- [hash]
    2026-04-13T12:41:38.235+09:00 TRACE 4752 --- [    Test worker] org.hibernate.orm.jdbc.bind              : binding parameter (11:VARCHAR) <- [null]
    2026-04-13T12:41:38.235+09:00 TRACE 4752 --- [    Test worker] org.hibernate.orm.jdbc.bind              : binding parameter (12:TIMESTAMP_WITH_TIMEZONE) <- [null]
    2026-04-13T12:41:38.235+09:00 TRACE 4752 --- [    Test worker] org.hibernate.orm.jdbc.bind              : binding parameter (13:VARCHAR) <- [null]
    2026-04-13T12:41:38.235+09:00 TRACE 4752 --- [    Test worker] org.hibernate.orm.jdbc.bind              : binding parameter (14:ENUM) <- [USER]
    2026-04-13T12:41:38.235+09:00 TRACE 4752 --- [    Test worker] org.hibernate.orm.jdbc.bind              : binding parameter (15:ENUM) <- [ACTIVE]
    2026-04-13T12:41:38.235+09:00 TRACE 4752 --- [    Test worker] org.hibernate.orm.jdbc.bind              : binding parameter (16:TIMESTAMP_WITH_TIMEZONE) <- [2026-04-13T12:41:38.235408400+09:00]
    2026-04-13T12:41:38.235+09:00 DEBUG 4752 --- [    Test worker] org.hibernate.SQL                        : 
        select
            ue1_0.user_id,
            ue1_0.birth_date,
            ue1_0.created_at,
            ue1_0.deleted_at,
            ue1_0.email,
            ue1_0.email_verified_at,
            ue1_0.gender,
            ue1_0.login_id,
            ue1_0.name,
            ue1_0.nationality,
            ue1_0.password_hash,
            ue1_0.phone,
            ue1_0.phone_verified_at,
            ue1_0.profile_image,
            ue1_0.role,
            ue1_0.status,
            ue1_0.updated_at 
        from
            users ue1_0 
        where
            ue1_0.user_id=? 
            and (
                ue1_0.deleted_at IS NULL
            )
    Hibernate: 
        select
            ue1_0.user_id,
            ue1_0.birth_date,
            ue1_0.created_at,
            ue1_0.deleted_at,
            ue1_0.email,
            ue1_0.email_verified_at,
            ue1_0.gender,
            ue1_0.login_id,
            ue1_0.name,
            ue1_0.nationality,
            ue1_0.password_hash,
            ue1_0.phone,
            ue1_0.phone_verified_at,
            ue1_0.profile_image,
            ue1_0.role,
            ue1_0.status,
            ue1_0.updated_at 
        from
            users ue1_0 
        where
            ue1_0.user_id=? 
            and (
                ue1_0.deleted_at IS NULL
            )
    2026-04-13T12:41:38.235+09:00 TRACE 4752 --- [    Test worker] org.hibernate.orm.jdbc.bind              : binding parameter (1:BIGINT) <- [4]
    2026-04-13T12:41:38.248+09:00 DEBUG 4752 --- [    Test worker] org.hibernate.SQL                        : 
        UPDATE
            users 
        SET
            deleted_at = CURRENT_TIMESTAMP 
        WHERE
            user_id = ?
    Hibernate: 
        UPDATE
            users 
        SET
            deleted_at = CURRENT_TIMESTAMP 
        WHERE
            user_id = ?
    2026-04-13T12:41:38.248+09:00 TRACE 4752 --- [    Test worker] org.hibernate.orm.jdbc.bind              : binding parameter (1:BIGINT) <- [4]
    2026-04-13T12:41:38.253+09:00 DEBUG 4752 --- [    Test worker] org.hibernate.SQL                        : 
        select
            ue1_0.user_id,
            ue1_0.birth_date,
            ue1_0.created_at,
            ue1_0.deleted_at,
            ue1_0.email,
            ue1_0.email_verified_at,
            ue1_0.gender,
            ue1_0.login_id,
            ue1_0.name,
            ue1_0.nationality,
            ue1_0.password_hash,
            ue1_0.phone,
            ue1_0.phone_verified_at,
            ue1_0.profile_image,
            ue1_0.role,
            ue1_0.status,
            ue1_0.updated_at 
        from
            users ue1_0 
        where
            ue1_0.user_id=? 
            and (
                ue1_0.deleted_at IS NULL
            )
    Hibernate: 
        select
            ue1_0.user_id,
            ue1_0.birth_date,
            ue1_0.created_at,
            ue1_0.deleted_at,
            ue1_0.email,
            ue1_0.email_verified_at,
            ue1_0.gender,
            ue1_0.login_id,
            ue1_0.name,
            ue1_0.nationality,
            ue1_0.password_hash,
            ue1_0.phone,
            ue1_0.phone_verified_at,
            ue1_0.profile_image,
            ue1_0.role,
            ue1_0.status,
            ue1_0.updated_at 
        from
            users ue1_0 
        where
            ue1_0.user_id=? 
            and (
                ue1_0.deleted_at IS NULL
            )
    2026-04-13T12:41:38.253+09:00 TRACE 4752 --- [    Test worker] org.hibernate.orm.jdbc.bind              : binding parameter (1:BIGINT) <- [4]
    2026-04-13T12:41:38.276+09:00 DEBUG 4752 --- [    Test worker] org.hibernate.SQL                        : 
        SELECT
            count(*) 
        FROM
            users 
        WHERE
            user_id = ? 
            AND deleted_at IS NOT NULL
    Hibernate: 
        SELECT
            count(*) 
        FROM
            users 
        WHERE
            user_id = ? 
            AND deleted_at IS NOT NULL
    2026-04-13T12:41:38.279+09:00 TRACE 4752 --- [    Test worker] org.hibernate.orm.jdbc.bind              : binding parameter (1:BIGINT) <- [4]

UserAuthJpaIntegrationTest > UserEntity ?④굔 ???諛?議고쉶 ?뚯뒪??STANDARD_OUT
    2026-04-13T12:41:38.285+09:00 DEBUG 4752 --- [    Test worker] org.hibernate.SQL                        : 
        insert 
        into
            users
            (birth_date, created_at, deleted_at, email, email_verified_at, gender, login_id, name, nationality, password_hash, phone, phone_verified_at, profile_image, role, status, updated_at, user_id) 
        values
            (?, ?, ?, ?, ?, ?, ?, ?, ?, ?, ?, ?, ?, ?, ?, ?, default)
    Hibernate: 
        insert 
        into
            users
            (birth_date, created_at, deleted_at, email, email_verified_at, gender, login_id, name, nationality, password_hash, phone, phone_verified_at, profile_image, role, status, updated_at, user_id) 
        values
            (?, ?, ?, ?, ?, ?, ?, ?, ?, ?, ?, ?, ?, ?, ?, ?, default)
    2026-04-13T12:41:38.285+09:00 TRACE 4752 --- [    Test worker] org.hibernate.orm.jdbc.bind              : binding parameter (1:VARCHAR) <- [null]
    2026-04-13T12:41:38.285+09:00 TRACE 4752 --- [    Test worker] org.hibernate.orm.jdbc.bind              : binding parameter (2:TIMESTAMP_WITH_TIMEZONE) <- [2026-04-13T12:41:38.285605700+09:00]
    2026-04-13T12:41:38.285+09:00 TRACE 4752 --- [    Test worker] org.hibernate.orm.jdbc.bind              : binding parameter (3:TIMESTAMP_WITH_TIMEZONE) <- [null]
    2026-04-13T12:41:38.285+09:00 TRACE 4752 --- [    Test worker] org.hibernate.orm.jdbc.bind              : binding parameter (4:VARCHAR) <- [null]
    2026-04-13T12:41:38.285+09:00 TRACE 4752 --- [    Test worker] org.hibernate.orm.jdbc.bind              : binding parameter (5:TIMESTAMP_WITH_TIMEZONE) <- [null]
    2026-04-13T12:41:38.285+09:00 TRACE 4752 --- [    Test worker] org.hibernate.orm.jdbc.bind              : binding parameter (6:ENUM) <- [null]
    2026-04-13T12:41:38.285+09:00 TRACE 4752 --- [    Test worker] org.hibernate.orm.jdbc.bind              : binding parameter (7:VARCHAR) <- [testuser]
    2026-04-13T12:41:38.285+09:00 TRACE 4752 --- [    Test worker] org.hibernate.orm.jdbc.bind              : binding parameter (8:VARCHAR) <- [Test User]
    2026-04-13T12:41:38.285+09:00 TRACE 4752 --- [    Test worker] org.hibernate.orm.jdbc.bind              : binding parameter (9:VARCHAR) <- [null]
    2026-04-13T12:41:38.285+09:00 TRACE 4752 --- [    Test worker] org.hibernate.orm.jdbc.bind              : binding parameter (10:VARCHAR) <- [hash]
    2026-04-13T12:41:38.285+09:00 TRACE 4752 --- [    Test worker] org.hibernate.orm.jdbc.bind              : binding parameter (11:VARCHAR) <- [null]
    2026-04-13T12:41:38.285+09:00 TRACE 4752 --- [    Test worker] org.hibernate.orm.jdbc.bind              : binding parameter (12:TIMESTAMP_WITH_TIMEZONE) <- [null]
    2026-04-13T12:41:38.285+09:00 TRACE 4752 --- [    Test worker] org.hibernate.orm.jdbc.bind              : binding parameter (13:VARCHAR) <- [null]
    2026-04-13T12:41:38.285+09:00 TRACE 4752 --- [    Test worker] org.hibernate.orm.jdbc.bind              : binding parameter (14:ENUM) <- [USER]
    2026-04-13T12:41:38.285+09:00 TRACE 4752 --- [    Test worker] org.hibernate.orm.jdbc.bind              : binding parameter (15:ENUM) <- [ACTIVE]
    2026-04-13T12:41:38.285+09:00 TRACE 4752 --- [    Test worker] org.hibernate.orm.jdbc.bind              : binding parameter (16:TIMESTAMP_WITH_TIMEZONE) <- [2026-04-13T12:41:38.285605700+09:00]
    2026-04-13T12:41:38.285+09:00 DEBUG 4752 --- [    Test worker] org.hibernate.SQL                        : 
        select
            ue1_0.user_id,
            ue1_0.birth_date,
            ue1_0.created_at,
            ue1_0.deleted_at,
            ue1_0.email,
            ue1_0.email_verified_at,
            ue1_0.gender,
            ue1_0.login_id,
            ue1_0.name,
            ue1_0.nationality,
            ue1_0.password_hash,
            ue1_0.phone,
            ue1_0.phone_verified_at,
            ue1_0.profile_image,
            ue1_0.role,
            ue1_0.status,
            ue1_0.updated_at 
        from
            users ue1_0 
        where
            ue1_0.user_id=? 
            and (
                ue1_0.deleted_at IS NULL
            )
    Hibernate: 
        select
            ue1_0.user_id,
            ue1_0.birth_date,
            ue1_0.created_at,
            ue1_0.deleted_at,
            ue1_0.email,
            ue1_0.email_verified_at,
            ue1_0.gender,
            ue1_0.login_id,
            ue1_0.name,
            ue1_0.nationality,
            ue1_0.password_hash,
            ue1_0.phone,
            ue1_0.phone_verified_at,
            ue1_0.profile_image,
            ue1_0.role,
            ue1_0.status,
            ue1_0.updated_at 
        from
            users ue1_0 
        where
            ue1_0.user_id=? 
            and (
                ue1_0.deleted_at IS NULL
            )
    2026-04-13T12:41:38.285+09:00 TRACE 4752 --- [    Test worker] org.hibernate.orm.jdbc.bind              : binding parameter (1:BIGINT) <- [5]

CommentPostAssociationIntegrationTest STANDARD_OUT
    2026-04-13T12:41:38.294+09:00  INFO 4752 --- [    Test worker] t.c.s.AnnotationConfigContextLoaderUtils : Could not detect default configuration classes for test class [com.coliving.common.comment.adapter.out.jpa.CommentPostAssociationIntegrationTest]: CommentPostAssociationIntegrationTest does not declare any static, non-private, non-final, nested classes annotated with @Configuration.
    2026-04-13T12:41:38.435+09:00  INFO 4752 --- [    Test worker] .b.t.c.SpringBootTestContextBootstrapper : Found @SpringBootConfiguration com.coliving.CoLivingApplication for test class com.coliving.common.comment.adapter.out.jpa.CommentPostAssociationIntegrationTest

      .   ____          _            __ _ _
     /\\ / ___'_ __ _ _(_)_ __  __ _ \ \ \ \
    ( ( )\___ | '_ | '_| | '_ \/ _` | \ \ \ \
     \\/  ___)| |_)| | | | | || (_| |  ) ) ) )
      '  |____| .__|_| |_|_| |_\__, | / / / /
     =========|_|==============|___/=/_/_/_/

     :: Spring Boot ::               (v3.3.10)

    2026-04-13T12:41:38.459+09:00  INFO 4752 --- [    Test worker] .j.CommentPostAssociationIntegrationTest : Starting CommentPostAssociationIntegrationTest using Java 21.0.10 with PID 4752 (started by hi in C:\team1_cokkiri\backend)
    2026-04-13T12:41:38.459+09:00  INFO 4752 --- [    Test worker] .j.CommentPostAssociationIntegrationTest : The following 1 profile is active: "test"
    2026-04-13T12:41:38.793+09:00  INFO 4752 --- [    Test worker] .s.d.r.c.RepositoryConfigurationDelegate : Multiple Spring Data modules found, entering strict repository configuration mode
    2026-04-13T12:41:38.793+09:00  INFO 4752 --- [    Test worker] .s.d.r.c.RepositoryConfigurationDelegate : Bootstrapping Spring Data JPA repositories in DEFAULT mode.
    2026-04-13T12:41:38.793+09:00  INFO 4752 --- [    Test worker] .s.d.r.c.RepositoryConfigurationDelegate : Finished Spring Data repository scanning in 8 ms. Found 3 JPA repository interfaces.
    2026-04-13T12:41:38.814+09:00  INFO 4752 --- [    Test worker] beddedDataSourceBeanFactoryPostProcessor : Replacing 'dataSource' DataSource bean with embedded version
    2026-04-13T12:41:38.829+09:00  INFO 4752 --- [    Test worker] o.s.j.d.e.EmbeddedDatabaseFactory        : Starting embedded database: url='jdbc:h2:mem:b8701968-57d8-4ebe-bbc9-983744118dc9;DB_CLOSE_DELAY=-1;DB_CLOSE_ON_EXIT=false', username='sa'
    2026-04-13T12:41:38.836+09:00  INFO 4752 --- [    Test worker] o.hibernate.jpa.internal.util.LogHelper  : HHH000204: Processing PersistenceUnitInfo [name: default]
    2026-04-13T12:41:38.843+09:00  INFO 4752 --- [    Test worker] o.h.c.internal.RegionFactoryInitiator    : HHH000026: Second-level cache disabled
    2026-04-13T12:41:38.853+09:00  INFO 4752 --- [    Test worker] o.s.o.j.p.SpringPersistenceUnitInfo      : No LoadTimeWeaver setup: ignoring JPA class transformer
    2026-04-13T12:41:38.853+09:00  WARN 4752 --- [    Test worker] org.hibernate.orm.deprecation            : HHH90000025: H2Dialect does not need to be specified explicitly using 'hibernate.dialect' (remove the property setting and it will be selected by default)
    2026-04-13T12:41:38.928+09:00  INFO 4752 --- [    Test worker] o.h.e.t.j.p.i.JtaPlatformInitiator       : HHH000489: No JTA platform available (set 'hibernate.transaction.jta.platform' to enable JTA platform integration)
    2026-04-13T12:41:38.929+09:00 DEBUG 4752 --- [    Test worker] org.hibernate.SQL                        : 
        drop table if exists comments cascade 
    Hibernate: 
        drop table if exists comments cascade 
    2026-04-13T12:41:38.929+09:00 DEBUG 4752 --- [    Test worker] org.hibernate.SQL                        : 
        drop table if exists post_likes cascade 
    Hibernate: 
        drop table if exists post_likes cascade 
    2026-04-13T12:41:38.929+09:00 DEBUG 4752 --- [    Test worker] org.hibernate.SQL                        : 
        drop table if exists posts cascade 
    Hibernate: 
        drop table if exists posts cascade 
    2026-04-13T12:41:38.930+09:00 DEBUG 4752 --- [    Test worker] org.hibernate.SQL                        : 
        create table comments (
            comment_id bigint generated by default as identity,
            created_at timestamp(6) with time zone not null,
            deleted_at timestamp(6) with time zone,
            parent_comment_id bigint,
            post_id bigint not null,
            updated_at timestamp(6) with time zone not null,
            user_id bigint not null,
            content varchar(255) not null,
            primary key (comment_id)
        )
    Hibernate: 
        create table comments (
            comment_id bigint generated by default as identity,
            created_at timestamp(6) with time zone not null,
            deleted_at timestamp(6) with time zone,
            parent_comment_id bigint,
            post_id bigint not null,
            updated_at timestamp(6) with time zone not null,
            user_id bigint not null,
            content varchar(255) not null,
            primary key (comment_id)
        )
    2026-04-13T12:41:38.932+09:00 DEBUG 4752 --- [    Test worker] org.hibernate.SQL                        : 
        create table post_likes (
            created_at timestamp(6) with time zone not null,
            deleted_at timestamp(6) with time zone,
            post_id bigint not null,
            post_like_id bigint generated by default as identity,
            updated_at timestamp(6) with time zone not null,
            user_id bigint not null,
            primary key (post_like_id)
        )
    Hibernate: 
        create table post_likes (
            created_at timestamp(6) with time zone not null,
            deleted_at timestamp(6) with time zone,
            post_id bigint not null,
            post_like_id bigint generated by default as identity,
            updated_at timestamp(6) with time zone not null,
            user_id bigint not null,
            primary key (post_like_id)
        )
    2026-04-13T12:41:38.934+09:00 DEBUG 4752 --- [    Test worker] org.hibernate.SQL                        : 
        create table posts (
            comment_count integer not null,
            like_count integer not null,
            view_count integer not null,
            created_at timestamp(6) with time zone not null,
            deleted_at timestamp(6) with time zone,
            post_id bigint generated by default as identity,
            updated_at timestamp(6) with time zone not null,
            user_id bigint not null,
            category varchar(15) not null,
            title varchar(100) not null,
            content varchar(255) not null,
            attachments json not null,
            links json not null,
            primary key (post_id)
        )
    Hibernate: 
        create table posts (
            comment_count integer not null,
            like_count integer not null,
            view_count integer not null,
            created_at timestamp(6) with time zone not null,
            deleted_at timestamp(6) with time zone,
            post_id bigint generated by default as identity,
            updated_at timestamp(6) with time zone not null,
            user_id bigint not null,
            category varchar(15) not null,
            title varchar(100) not null,
            content varchar(255) not null,
            attachments json not null,
            links json not null,
            primary key (post_id)
        )
    2026-04-13T12:41:38.937+09:00 DEBUG 4752 --- [    Test worker] org.hibernate.SQL                        : 
        alter table if exists comments 
           add constraint FK7h839m3lkvhbyv3bcdv7sm4fj 
           foreign key (parent_comment_id) 
           references comments
    Hibernate: 
        alter table if exists comments 
           add constraint FK7h839m3lkvhbyv3bcdv7sm4fj 
           foreign key (parent_comment_id) 
           references comments
    2026-04-13T12:41:38.938+09:00 DEBUG 4752 --- [    Test worker] org.hibernate.SQL                        : 
        alter table if exists comments 
           add constraint FKh4c7lvsc298whoyd4w9ta25cr 
           foreign key (post_id) 
           references posts
    Hibernate: 
        alter table if exists comments 
           add constraint FKh4c7lvsc298whoyd4w9ta25cr 
           foreign key (post_id) 
           references posts
    2026-04-13T12:41:38.941+09:00 DEBUG 4752 --- [    Test worker] org.hibernate.SQL                        : 
        alter table if exists post_likes 
           add constraint FKa5wxsgl4doibhbed9gm7ikie2 
           foreign key (post_id) 
           references posts
    Hibernate: 
        alter table if exists post_likes 
           add constraint FKa5wxsgl4doibhbed9gm7ikie2 
           foreign key (post_id) 
           references posts
    2026-04-13T12:41:38.946+09:00  INFO 4752 --- [    Test worker] j.LocalContainerEntityManagerFactoryBean : Initialized JPA EntityManagerFactory for persistence unit 'default'
    2026-04-13T12:41:38.958+09:00  INFO 4752 --- [    Test worker] i.StatisticalLoggingSessionEventListener : Session Metrics {
        0 nanoseconds spent acquiring 0 JDBC connections;
        0 nanoseconds spent releasing 0 JDBC connections;
        0 nanoseconds spent preparing 0 JDBC statements;
        0 nanoseconds spent executing 0 JDBC statements;
        0 nanoseconds spent executing 0 JDBC batches;
        0 nanoseconds spent performing 0 L2C puts;
        0 nanoseconds spent performing 0 L2C hits;
        0 nanoseconds spent performing 0 L2C misses;
        0 nanoseconds spent executing 0 flushes (flushing a total of 0 entities and 0 collections);
        0 nanoseconds spent executing 0 pre-partial-flushes;
        0 nanoseconds spent executing 0 partial-flushes (flushing a total of 0 entities and 0 collections)
    }
    2026-04-13T12:41:38.963+09:00  INFO 4752 --- [    Test worker] i.StatisticalLoggingSessionEventListener : Session Metrics {
        0 nanoseconds spent acquiring 0 JDBC connections;
        0 nanoseconds spent releasing 0 JDBC connections;
        0 nanoseconds spent preparing 0 JDBC statements;
        0 nanoseconds spent executing 0 JDBC statements;
        0 nanoseconds spent executing 0 JDBC batches;
        0 nanoseconds spent performing 0 L2C puts;
        0 nanoseconds spent performing 0 L2C hits;
        0 nanoseconds spent performing 0 L2C misses;
        0 nanoseconds spent executing 0 flushes (flushing a total of 0 entities and 0 collections);
        0 nanoseconds spent executing 0 pre-partial-flushes;
        0 nanoseconds spent executing 0 partial-flushes (flushing a total of 0 entities and 0 collections)
    }
    2026-04-13T12:41:38.965+09:00  INFO 4752 --- [    Test worker] i.StatisticalLoggingSessionEventListener : Session Metrics {
        0 nanoseconds spent acquiring 0 JDBC connections;
        0 nanoseconds spent releasing 0 JDBC connections;
        0 nanoseconds spent preparing 0 JDBC statements;
        0 nanoseconds spent executing 0 JDBC statements;
        0 nanoseconds spent executing 0 JDBC batches;
        0 nanoseconds spent performing 0 L2C puts;
        0 nanoseconds spent performing 0 L2C hits;
        0 nanoseconds spent performing 0 L2C misses;
        0 nanoseconds spent executing 0 flushes (flushing a total of 0 entities and 0 collections);
        0 nanoseconds spent executing 0 pre-partial-flushes;
        0 nanoseconds spent executing 0 partial-flushes (flushing a total of 0 entities and 0 collections)
    }
    2026-04-13T12:41:38.965+09:00  INFO 4752 --- [    Test worker] i.StatisticalLoggingSessionEventListener : Session Metrics {
        0 nanoseconds spent acquiring 0 JDBC connections;
        0 nanoseconds spent releasing 0 JDBC connections;
        0 nanoseconds spent preparing 0 JDBC statements;
        0 nanoseconds spent executing 0 JDBC statements;
        0 nanoseconds spent executing 0 JDBC batches;
        0 nanoseconds spent performing 0 L2C puts;
        0 nanoseconds spent performing 0 L2C hits;
        0 nanoseconds spent performing 0 L2C misses;
        0 nanoseconds spent executing 0 flushes (flushing a total of 0 entities and 0 collections);
        0 nanoseconds spent executing 0 pre-partial-flushes;
        0 nanoseconds spent executing 0 partial-flushes (flushing a total of 0 entities and 0 collections)
    }
    2026-04-13T12:41:38.966+09:00  INFO 4752 --- [    Test worker] i.StatisticalLoggingSessionEventListener : Session Metrics {
        0 nanoseconds spent acquiring 0 JDBC connections;
        0 nanoseconds spent releasing 0 JDBC connections;
        0 nanoseconds spent preparing 0 JDBC statements;
        0 nanoseconds spent executing 0 JDBC statements;
        0 nanoseconds spent executing 0 JDBC batches;
        0 nanoseconds spent performing 0 L2C puts;
        0 nanoseconds spent performing 0 L2C hits;
        0 nanoseconds spent performing 0 L2C misses;
        0 nanoseconds spent executing 0 flushes (flushing a total of 0 entities and 0 collections);
        0 nanoseconds spent executing 0 pre-partial-flushes;
        0 nanoseconds spent executing 0 partial-flushes (flushing a total of 0 entities and 0 collections)
    }
    2026-04-13T12:41:38.966+09:00  INFO 4752 --- [    Test worker] i.StatisticalLoggingSessionEventListener : Session Metrics {
        0 nanoseconds spent acquiring 0 JDBC connections;
        0 nanoseconds spent releasing 0 JDBC connections;
        0 nanoseconds spent preparing 0 JDBC statements;
        0 nanoseconds spent executing 0 JDBC statements;
        0 nanoseconds spent executing 0 JDBC batches;
        0 nanoseconds spent performing 0 L2C puts;
        0 nanoseconds spent performing 0 L2C hits;
        0 nanoseconds spent performing 0 L2C misses;
        0 nanoseconds spent executing 0 flushes (flushing a total of 0 entities and 0 collections);
        0 nanoseconds spent executing 0 pre-partial-flushes;
        0 nanoseconds spent executing 0 partial-flushes (flushing a total of 0 entities and 0 collections)
    }
    2026-04-13T12:41:38.967+09:00  INFO 4752 --- [    Test worker] i.StatisticalLoggingSessionEventListener : Session Metrics {
        0 nanoseconds spent acquiring 0 JDBC connections;
        0 nanoseconds spent releasing 0 JDBC connections;
        0 nanoseconds spent preparing 0 JDBC statements;
        0 nanoseconds spent executing 0 JDBC statements;
        0 nanoseconds spent executing 0 JDBC batches;
        0 nanoseconds spent performing 0 L2C puts;
        0 nanoseconds spent performing 0 L2C hits;
        0 nanoseconds spent performing 0 L2C misses;
        0 nanoseconds spent executing 0 flushes (flushing a total of 0 entities and 0 collections);
        0 nanoseconds spent executing 0 pre-partial-flushes;
        0 nanoseconds spent executing 0 partial-flushes (flushing a total of 0 entities and 0 collections)
    }
    2026-04-13T12:41:38.968+09:00  INFO 4752 --- [    Test worker] i.StatisticalLoggingSessionEventListener : Session Metrics {
        0 nanoseconds spent acquiring 0 JDBC connections;
        0 nanoseconds spent releasing 0 JDBC connections;
        0 nanoseconds spent preparing 0 JDBC statements;
        0 nanoseconds spent executing 0 JDBC statements;
        0 nanoseconds spent executing 0 JDBC batches;
        0 nanoseconds spent performing 0 L2C puts;
        0 nanoseconds spent performing 0 L2C hits;
        0 nanoseconds spent performing 0 L2C misses;
        0 nanoseconds spent executing 0 flushes (flushing a total of 0 entities and 0 collections);
        0 nanoseconds spent executing 0 pre-partial-flushes;
        0 nanoseconds spent executing 0 partial-flushes (flushing a total of 0 entities and 0 collections)
    }
    2026-04-13T12:41:38.969+09:00  INFO 4752 --- [    Test worker] i.StatisticalLoggingSessionEventListener : Session Metrics {
        0 nanoseconds spent acquiring 0 JDBC connections;
        0 nanoseconds spent releasing 0 JDBC connections;
        0 nanoseconds spent preparing 0 JDBC statements;
        0 nanoseconds spent executing 0 JDBC statements;
        0 nanoseconds spent executing 0 JDBC batches;
        0 nanoseconds spent performing 0 L2C puts;
        0 nanoseconds spent performing 0 L2C hits;
        0 nanoseconds spent performing 0 L2C misses;
        0 nanoseconds spent executing 0 flushes (flushing a total of 0 entities and 0 collections);
        0 nanoseconds spent executing 0 pre-partial-flushes;
        0 nanoseconds spent executing 0 partial-flushes (flushing a total of 0 entities and 0 collections)
    }
    2026-04-13T12:41:38.970+09:00  INFO 4752 --- [    Test worker] i.StatisticalLoggingSessionEventListener : Session Metrics {
        0 nanoseconds spent acquiring 0 JDBC connections;
        0 nanoseconds spent releasing 0 JDBC connections;
        0 nanoseconds spent preparing 0 JDBC statements;
        0 nanoseconds spent executing 0 JDBC statements;
        0 nanoseconds spent executing 0 JDBC batches;
        0 nanoseconds spent performing 0 L2C puts;
        0 nanoseconds spent performing 0 L2C hits;
        0 nanoseconds spent performing 0 L2C misses;
        0 nanoseconds spent executing 0 flushes (flushing a total of 0 entities and 0 collections);
        0 nanoseconds spent executing 0 pre-partial-flushes;
        0 nanoseconds spent executing 0 partial-flushes (flushing a total of 0 entities and 0 collections)
    }
    2026-04-13T12:41:38.971+09:00  INFO 4752 --- [    Test worker] i.StatisticalLoggingSessionEventListener : Session Metrics {
        0 nanoseconds spent acquiring 0 JDBC connections;
        0 nanoseconds spent releasing 0 JDBC connections;
        0 nanoseconds spent preparing 0 JDBC statements;
        0 nanoseconds spent executing 0 JDBC statements;
        0 nanoseconds spent executing 0 JDBC batches;
        0 nanoseconds spent performing 0 L2C puts;
        0 nanoseconds spent performing 0 L2C hits;
        0 nanoseconds spent performing 0 L2C misses;
        0 nanoseconds spent executing 0 flushes (flushing a total of 0 entities and 0 collections);
        0 nanoseconds spent executing 0 pre-partial-flushes;
        0 nanoseconds spent executing 0 partial-flushes (flushing a total of 0 entities and 0 collections)
    }
    2026-04-13T12:41:38.972+09:00  INFO 4752 --- [    Test worker] i.StatisticalLoggingSessionEventListener : Session Metrics {
        0 nanoseconds spent acquiring 0 JDBC connections;
        0 nanoseconds spent releasing 0 JDBC connections;
        0 nanoseconds spent preparing 0 JDBC statements;
        0 nanoseconds spent executing 0 JDBC statements;
        0 nanoseconds spent executing 0 JDBC batches;
        0 nanoseconds spent performing 0 L2C puts;
        0 nanoseconds spent performing 0 L2C hits;
        0 nanoseconds spent performing 0 L2C misses;
        0 nanoseconds spent executing 0 flushes (flushing a total of 0 entities and 0 collections);
        0 nanoseconds spent executing 0 pre-partial-flushes;
        0 nanoseconds spent executing 0 partial-flushes (flushing a total of 0 entities and 0 collections)
    }
    2026-04-13T12:41:38.973+09:00  INFO 4752 --- [    Test worker] i.StatisticalLoggingSessionEventListener : Session Metrics {
        0 nanoseconds spent acquiring 0 JDBC connections;
        0 nanoseconds spent releasing 0 JDBC connections;
        0 nanoseconds spent preparing 0 JDBC statements;
        0 nanoseconds spent executing 0 JDBC statements;
        0 nanoseconds spent executing 0 JDBC batches;
        0 nanoseconds spent performing 0 L2C puts;
        0 nanoseconds spent performing 0 L2C hits;
        0 nanoseconds spent performing 0 L2C misses;
        0 nanoseconds spent executing 0 flushes (flushing a total of 0 entities and 0 collections);
        0 nanoseconds spent executing 0 pre-partial-flushes;
        0 nanoseconds spent executing 0 partial-flushes (flushing a total of 0 entities and 0 collections)
    }
    2026-04-13T12:41:38.974+09:00  INFO 4752 --- [    Test worker] i.StatisticalLoggingSessionEventListener : Session Metrics {
        0 nanoseconds spent acquiring 0 JDBC connections;
        0 nanoseconds spent releasing 0 JDBC connections;
        0 nanoseconds spent preparing 0 JDBC statements;
        0 nanoseconds spent executing 0 JDBC statements;
        0 nanoseconds spent executing 0 JDBC batches;
        0 nanoseconds spent performing 0 L2C puts;
        0 nanoseconds spent performing 0 L2C hits;
        0 nanoseconds spent performing 0 L2C misses;
        0 nanoseconds spent executing 0 flushes (flushing a total of 0 entities and 0 collections);
        0 nanoseconds spent executing 0 pre-partial-flushes;
        0 nanoseconds spent executing 0 partial-flushes (flushing a total of 0 entities and 0 collections)
    }
    2026-04-13T12:41:38.975+09:00  INFO 4752 --- [    Test worker] i.StatisticalLoggingSessionEventListener : Session Metrics {
        0 nanoseconds spent acquiring 0 JDBC connections;
        0 nanoseconds spent releasing 0 JDBC connections;
        0 nanoseconds spent preparing 0 JDBC statements;
        0 nanoseconds spent executing 0 JDBC statements;
        0 nanoseconds spent executing 0 JDBC batches;
        0 nanoseconds spent performing 0 L2C puts;
        0 nanoseconds spent performing 0 L2C hits;
        0 nanoseconds spent performing 0 L2C misses;
        0 nanoseconds spent executing 0 flushes (flushing a total of 0 entities and 0 collections);
        0 nanoseconds spent executing 0 pre-partial-flushes;
        0 nanoseconds spent executing 0 partial-flushes (flushing a total of 0 entities and 0 collections)
    }
    2026-04-13T12:41:38.976+09:00  INFO 4752 --- [    Test worker] i.StatisticalLoggingSessionEventListener : Session Metrics {
        0 nanoseconds spent acquiring 0 JDBC connections;
        0 nanoseconds spent releasing 0 JDBC connections;
        0 nanoseconds spent preparing 0 JDBC statements;
        0 nanoseconds spent executing 0 JDBC statements;
        0 nanoseconds spent executing 0 JDBC batches;
        0 nanoseconds spent performing 0 L2C puts;
        0 nanoseconds spent performing 0 L2C hits;
        0 nanoseconds spent performing 0 L2C misses;
        0 nanoseconds spent executing 0 flushes (flushing a total of 0 entities and 0 collections);
        0 nanoseconds spent executing 0 pre-partial-flushes;
        0 nanoseconds spent executing 0 partial-flushes (flushing a total of 0 entities and 0 collections)
    }
    2026-04-13T12:41:38.978+09:00  INFO 4752 --- [    Test worker] i.StatisticalLoggingSessionEventListener : Session Metrics {
        0 nanoseconds spent acquiring 0 JDBC connections;
        0 nanoseconds spent releasing 0 JDBC connections;
        0 nanoseconds spent preparing 0 JDBC statements;
        0 nanoseconds spent executing 0 JDBC statements;
        0 nanoseconds spent executing 0 JDBC batches;
        0 nanoseconds spent performing 0 L2C puts;
        0 nanoseconds spent performing 0 L2C hits;
        0 nanoseconds spent performing 0 L2C misses;
        0 nanoseconds spent executing 0 flushes (flushing a total of 0 entities and 0 collections);
        0 nanoseconds spent executing 0 pre-partial-flushes;
        0 nanoseconds spent executing 0 partial-flushes (flushing a total of 0 entities and 0 collections)
    }
    2026-04-13T12:41:38.980+09:00  INFO 4752 --- [    Test worker] i.StatisticalLoggingSessionEventListener : Session Metrics {
        0 nanoseconds spent acquiring 0 JDBC connections;
        0 nanoseconds spent releasing 0 JDBC connections;
        0 nanoseconds spent preparing 0 JDBC statements;
        0 nanoseconds spent executing 0 JDBC statements;
        0 nanoseconds spent executing 0 JDBC batches;
        0 nanoseconds spent performing 0 L2C puts;
        0 nanoseconds spent performing 0 L2C hits;
        0 nanoseconds spent performing 0 L2C misses;
        0 nanoseconds spent executing 0 flushes (flushing a total of 0 entities and 0 collections);
        0 nanoseconds spent executing 0 pre-partial-flushes;
        0 nanoseconds spent executing 0 partial-flushes (flushing a total of 0 entities and 0 collections)
    }
    2026-04-13T12:41:38.981+09:00  INFO 4752 --- [    Test worker] i.StatisticalLoggingSessionEventListener : Session Metrics {
        0 nanoseconds spent acquiring 0 JDBC connections;
        0 nanoseconds spent releasing 0 JDBC connections;
        0 nanoseconds spent preparing 0 JDBC statements;
        0 nanoseconds spent executing 0 JDBC statements;
        0 nanoseconds spent executing 0 JDBC batches;
        0 nanoseconds spent performing 0 L2C puts;
        0 nanoseconds spent performing 0 L2C hits;
        0 nanoseconds spent performing 0 L2C misses;
        0 nanoseconds spent executing 0 flushes (flushing a total of 0 entities and 0 collections);
        0 nanoseconds spent executing 0 pre-partial-flushes;
        0 nanoseconds spent executing 0 partial-flushes (flushing a total of 0 entities and 0 collections)
    }
    2026-04-13T12:41:38.981+09:00  INFO 4752 --- [    Test worker] i.StatisticalLoggingSessionEventListener : Session Metrics {
        0 nanoseconds spent acquiring 0 JDBC connections;
        0 nanoseconds spent releasing 0 JDBC connections;
        0 nanoseconds spent preparing 0 JDBC statements;
        0 nanoseconds spent executing 0 JDBC statements;
        0 nanoseconds spent executing 0 JDBC batches;
        0 nanoseconds spent performing 0 L2C puts;
        0 nanoseconds spent performing 0 L2C hits;
        0 nanoseconds spent performing 0 L2C misses;
        0 nanoseconds spent executing 0 flushes (flushing a total of 0 entities and 0 collections);
        0 nanoseconds spent executing 0 pre-partial-flushes;
        0 nanoseconds spent executing 0 partial-flushes (flushing a total of 0 entities and 0 collections)
    }
    2026-04-13T12:41:38.982+09:00  INFO 4752 --- [    Test worker] i.StatisticalLoggingSessionEventListener : Session Metrics {
        0 nanoseconds spent acquiring 0 JDBC connections;
        0 nanoseconds spent releasing 0 JDBC connections;
        0 nanoseconds spent preparing 0 JDBC statements;
        0 nanoseconds spent executing 0 JDBC statements;
        0 nanoseconds spent executing 0 JDBC batches;
        0 nanoseconds spent performing 0 L2C puts;
        0 nanoseconds spent performing 0 L2C hits;
        0 nanoseconds spent performing 0 L2C misses;
        0 nanoseconds spent executing 0 flushes (flushing a total of 0 entities and 0 collections);
        0 nanoseconds spent executing 0 pre-partial-flushes;
        0 nanoseconds spent executing 0 partial-flushes (flushing a total of 0 entities and 0 collections)
    }
    2026-04-13T12:41:38.983+09:00  INFO 4752 --- [    Test worker] i.StatisticalLoggingSessionEventListener : Session Metrics {
        0 nanoseconds spent acquiring 0 JDBC connections;
        0 nanoseconds spent releasing 0 JDBC connections;
        0 nanoseconds spent preparing 0 JDBC statements;
        0 nanoseconds spent executing 0 JDBC statements;
        0 nanoseconds spent executing 0 JDBC batches;
        0 nanoseconds spent performing 0 L2C puts;
        0 nanoseconds spent performing 0 L2C hits;
        0 nanoseconds spent performing 0 L2C misses;
        0 nanoseconds spent executing 0 flushes (flushing a total of 0 entities and 0 collections);
        0 nanoseconds spent executing 0 pre-partial-flushes;
        0 nanoseconds spent executing 0 partial-flushes (flushing a total of 0 entities and 0 collections)
    }
    2026-04-13T12:41:38.983+09:00  INFO 4752 --- [    Test worker] i.StatisticalLoggingSessionEventListener : Session Metrics {
        0 nanoseconds spent acquiring 0 JDBC connections;
        0 nanoseconds spent releasing 0 JDBC connections;
        0 nanoseconds spent preparing 0 JDBC statements;
        0 nanoseconds spent executing 0 JDBC statements;
        0 nanoseconds spent executing 0 JDBC batches;
        0 nanoseconds spent performing 0 L2C puts;
        0 nanoseconds spent performing 0 L2C hits;
        0 nanoseconds spent performing 0 L2C misses;
        0 nanoseconds spent executing 0 flushes (flushing a total of 0 entities and 0 collections);
        0 nanoseconds spent executing 0 pre-partial-flushes;
        0 nanoseconds spent executing 0 partial-flushes (flushing a total of 0 entities and 0 collections)
    }
    2026-04-13T12:41:38.983+09:00  INFO 4752 --- [    Test worker] i.StatisticalLoggingSessionEventListener : Session Metrics {
        0 nanoseconds spent acquiring 0 JDBC connections;
        0 nanoseconds spent releasing 0 JDBC connections;
        0 nanoseconds spent preparing 0 JDBC statements;
        0 nanoseconds spent executing 0 JDBC statements;
        0 nanoseconds spent executing 0 JDBC batches;
        0 nanoseconds spent performing 0 L2C puts;
        0 nanoseconds spent performing 0 L2C hits;
        0 nanoseconds spent performing 0 L2C misses;
        0 nanoseconds spent executing 0 flushes (flushing a total of 0 entities and 0 collections);
        0 nanoseconds spent executing 0 pre-partial-flushes;
        0 nanoseconds spent executing 0 partial-flushes (flushing a total of 0 entities and 0 collections)
    }
    2026-04-13T12:41:38.984+09:00  INFO 4752 --- [    Test worker] i.StatisticalLoggingSessionEventListener : Session Metrics {
        0 nanoseconds spent acquiring 0 JDBC connections;
        0 nanoseconds spent releasing 0 JDBC connections;
        0 nanoseconds spent preparing 0 JDBC statements;
        0 nanoseconds spent executing 0 JDBC statements;
        0 nanoseconds spent executing 0 JDBC batches;
        0 nanoseconds spent performing 0 L2C puts;
        0 nanoseconds spent performing 0 L2C hits;
        0 nanoseconds spent performing 0 L2C misses;
        0 nanoseconds spent executing 0 flushes (flushing a total of 0 entities and 0 collections);
        0 nanoseconds spent executing 0 pre-partial-flushes;
        0 nanoseconds spent executing 0 partial-flushes (flushing a total of 0 entities and 0 collections)
    }
    2026-04-13T12:41:38.984+09:00  INFO 4752 --- [    Test worker] i.StatisticalLoggingSessionEventListener : Session Metrics {
        0 nanoseconds spent acquiring 0 JDBC connections;
        0 nanoseconds spent releasing 0 JDBC connections;
        0 nanoseconds spent preparing 0 JDBC statements;
        0 nanoseconds spent executing 0 JDBC statements;
        0 nanoseconds spent executing 0 JDBC batches;
        0 nanoseconds spent performing 0 L2C puts;
        0 nanoseconds spent performing 0 L2C hits;
        0 nanoseconds spent performing 0 L2C misses;
        0 nanoseconds spent executing 0 flushes (flushing a total of 0 entities and 0 collections);
        0 nanoseconds spent executing 0 pre-partial-flushes;
        0 nanoseconds spent executing 0 partial-flushes (flushing a total of 0 entities and 0 collections)
    }
    2026-04-13T12:41:38.985+09:00  INFO 4752 --- [    Test worker] i.StatisticalLoggingSessionEventListener : Session Metrics {
        0 nanoseconds spent acquiring 0 JDBC connections;
        0 nanoseconds spent releasing 0 JDBC connections;
        0 nanoseconds spent preparing 0 JDBC statements;
        0 nanoseconds spent executing 0 JDBC statements;
        0 nanoseconds spent executing 0 JDBC batches;
        0 nanoseconds spent performing 0 L2C puts;
        0 nanoseconds spent performing 0 L2C hits;
        0 nanoseconds spent performing 0 L2C misses;
        0 nanoseconds spent executing 0 flushes (flushing a total of 0 entities and 0 collections);
        0 nanoseconds spent executing 0 pre-partial-flushes;
        0 nanoseconds spent executing 0 partial-flushes (flushing a total of 0 entities and 0 collections)
    }
    2026-04-13T12:41:38.985+09:00  INFO 4752 --- [    Test worker] i.StatisticalLoggingSessionEventListener : Session Metrics {
        0 nanoseconds spent acquiring 0 JDBC connections;
        0 nanoseconds spent releasing 0 JDBC connections;
        0 nanoseconds spent preparing 0 JDBC statements;
        0 nanoseconds spent executing 0 JDBC statements;
        0 nanoseconds spent executing 0 JDBC batches;
        0 nanoseconds spent performing 0 L2C puts;
        0 nanoseconds spent performing 0 L2C hits;
        0 nanoseconds spent performing 0 L2C misses;
        0 nanoseconds spent executing 0 flushes (flushing a total of 0 entities and 0 collections);
        0 nanoseconds spent executing 0 pre-partial-flushes;
        0 nanoseconds spent executing 0 partial-flushes (flushing a total of 0 entities and 0 collections)
    }
    2026-04-13T12:41:38.987+09:00  INFO 4752 --- [    Test worker] i.StatisticalLoggingSessionEventListener : Session Metrics {
        0 nanoseconds spent acquiring 0 JDBC connections;
        0 nanoseconds spent releasing 0 JDBC connections;
        0 nanoseconds spent preparing 0 JDBC statements;
        0 nanoseconds spent executing 0 JDBC statements;
        0 nanoseconds spent executing 0 JDBC batches;
        0 nanoseconds spent performing 0 L2C puts;
        0 nanoseconds spent performing 0 L2C hits;
        0 nanoseconds spent performing 0 L2C misses;
        0 nanoseconds spent executing 0 flushes (flushing a total of 0 entities and 0 collections);
        0 nanoseconds spent executing 0 pre-partial-flushes;
        0 nanoseconds spent executing 0 partial-flushes (flushing a total of 0 entities and 0 collections)
    }
    2026-04-13T12:41:38.989+09:00  INFO 4752 --- [    Test worker] i.StatisticalLoggingSessionEventListener : Session Metrics {
        0 nanoseconds spent acquiring 0 JDBC connections;
        0 nanoseconds spent releasing 0 JDBC connections;
        0 nanoseconds spent preparing 0 JDBC statements;
        0 nanoseconds spent executing 0 JDBC statements;
        0 nanoseconds spent executing 0 JDBC batches;
        0 nanoseconds spent performing 0 L2C puts;
        0 nanoseconds spent performing 0 L2C hits;
        0 nanoseconds spent performing 0 L2C misses;
        0 nanoseconds spent executing 0 flushes (flushing a total of 0 entities and 0 collections);
        0 nanoseconds spent executing 0 pre-partial-flushes;
        0 nanoseconds spent executing 0 partial-flushes (flushing a total of 0 entities and 0 collections)
    }
    2026-04-13T12:41:38.990+09:00  INFO 4752 --- [    Test worker] i.StatisticalLoggingSessionEventListener : Session Metrics {
        0 nanoseconds spent acquiring 0 JDBC connections;
        0 nanoseconds spent releasing 0 JDBC connections;
        0 nanoseconds spent preparing 0 JDBC statements;
        0 nanoseconds spent executing 0 JDBC statements;
        0 nanoseconds spent executing 0 JDBC batches;
        0 nanoseconds spent performing 0 L2C puts;
        0 nanoseconds spent performing 0 L2C hits;
        0 nanoseconds spent performing 0 L2C misses;
        0 nanoseconds spent executing 0 flushes (flushing a total of 0 entities and 0 collections);
        0 nanoseconds spent executing 0 pre-partial-flushes;
        0 nanoseconds spent executing 0 partial-flushes (flushing a total of 0 entities and 0 collections)
    }
    2026-04-13T12:41:38.990+09:00  INFO 4752 --- [    Test worker] i.StatisticalLoggingSessionEventListener : Session Metrics {
        0 nanoseconds spent acquiring 0 JDBC connections;
        0 nanoseconds spent releasing 0 JDBC connections;
        0 nanoseconds spent preparing 0 JDBC statements;
        0 nanoseconds spent executing 0 JDBC statements;
        0 nanoseconds spent executing 0 JDBC batches;
        0 nanoseconds spent performing 0 L2C puts;
        0 nanoseconds spent performing 0 L2C hits;
        0 nanoseconds spent performing 0 L2C misses;
        0 nanoseconds spent executing 0 flushes (flushing a total of 0 entities and 0 collections);
        0 nanoseconds spent executing 0 pre-partial-flushes;
        0 nanoseconds spent executing 0 partial-flushes (flushing a total of 0 entities and 0 collections)
    }
    2026-04-13T12:41:39.003+09:00  INFO 4752 --- [    Test worker] .j.CommentPostAssociationIntegrationTest : Started CommentPostAssociationIntegrationTest in 0.56 seconds (process running for 20.683)

CommentPostAssociationIntegrationTest > findCommentsByPost_withEntityGraph_doesNotNPlusOneWhenReadingPostId() STANDARD_OUT
    2026-04-13T12:41:39.022+09:00 DEBUG 4752 --- [    Test worker] org.hibernate.SQL                        : 
        insert 
        into
            posts
            (attachments, category, comment_count, content, created_at, deleted_at, like_count, links, title, updated_at, user_id, view_count, post_id) 
        values
            (?, ?, ?, ?, ?, ?, ?, ?, ?, ?, ?, ?, default)
    Hibernate: 
        insert 
        into
            posts
            (attachments, category, comment_count, content, created_at, deleted_at, like_count, links, title, updated_at, user_id, view_count, post_id) 
        values
            (?, ?, ?, ?, ?, ?, ?, ?, ?, ?, ?, ?, default)
    2026-04-13T12:41:39.024+09:00 TRACE 4752 --- [    Test worker] org.hibernate.orm.jdbc.bind              : binding parameter (1:JSON) <- [[]]
    2026-04-13T12:41:39.027+09:00 TRACE 4752 --- [    Test worker] org.hibernate.orm.jdbc.bind              : binding parameter (2:VARCHAR) <- [FREE]
    2026-04-13T12:41:39.027+09:00 TRACE 4752 --- [    Test worker] org.hibernate.orm.jdbc.bind              : binding parameter (3:INTEGER) <- [0]
    2026-04-13T12:41:39.027+09:00 TRACE 4752 --- [    Test worker] org.hibernate.orm.jdbc.bind              : binding parameter (4:VARCHAR) <- [c]
    2026-04-13T12:41:39.027+09:00 TRACE 4752 --- [    Test worker] org.hibernate.orm.jdbc.bind              : binding parameter (5:TIMESTAMP_WITH_TIMEZONE) <- [2026-04-13T12:41:39.016513400+09:00]
    2026-04-13T12:41:39.027+09:00 TRACE 4752 --- [    Test worker] org.hibernate.orm.jdbc.bind              : binding parameter (6:TIMESTAMP_WITH_TIMEZONE) <- [null]
    2026-04-13T12:41:39.027+09:00 TRACE 4752 --- [    Test worker] org.hibernate.orm.jdbc.bind              : binding parameter (7:INTEGER) <- [0]
    2026-04-13T12:41:39.027+09:00 TRACE 4752 --- [    Test worker] org.hibernate.orm.jdbc.bind              : binding parameter (8:JSON) <- [[]]
    2026-04-13T12:41:39.027+09:00 TRACE 4752 --- [    Test worker] org.hibernate.orm.jdbc.bind              : binding parameter (9:VARCHAR) <- [t]
    2026-04-13T12:41:39.027+09:00 TRACE 4752 --- [    Test worker] org.hibernate.orm.jdbc.bind              : binding parameter (10:TIMESTAMP_WITH_TIMEZONE) <- [2026-04-13T12:41:39.016513400+09:00]
    2026-04-13T12:41:39.027+09:00 TRACE 4752 --- [    Test worker] org.hibernate.orm.jdbc.bind              : binding parameter (11:BIGINT) <- [1]
    2026-04-13T12:41:39.027+09:00 TRACE 4752 --- [    Test worker] org.hibernate.orm.jdbc.bind              : binding parameter (12:INTEGER) <- [0]
    2026-04-13T12:41:39.037+09:00 DEBUG 4752 --- [    Test worker] org.hibernate.SQL                        : 
        insert 
        into
            comments
            (content, created_at, deleted_at, parent_comment_id, post_id, updated_at, user_id, comment_id) 
        values
            (?, ?, ?, ?, ?, ?, ?, default)
    Hibernate: 
        insert 
        into
            comments
            (content, created_at, deleted_at, parent_comment_id, post_id, updated_at, user_id, comment_id) 
        values
            (?, ?, ?, ?, ?, ?, ?, default)
    2026-04-13T12:41:39.037+09:00 TRACE 4752 --- [    Test worker] org.hibernate.orm.jdbc.bind              : binding parameter (1:VARCHAR) <- [c0]
    2026-04-13T12:41:39.037+09:00 TRACE 4752 --- [    Test worker] org.hibernate.orm.jdbc.bind              : binding parameter (2:TIMESTAMP_WITH_TIMEZONE) <- [2026-04-13T12:41:39.034755100+09:00]
    2026-04-13T12:41:39.037+09:00 TRACE 4752 --- [    Test worker] org.hibernate.orm.jdbc.bind              : binding parameter (3:TIMESTAMP_WITH_TIMEZONE) <- [null]
    2026-04-13T12:41:39.037+09:00 TRACE 4752 --- [    Test worker] org.hibernate.orm.jdbc.bind              : binding parameter (4:BIGINT) <- [null]
    2026-04-13T12:41:39.037+09:00 TRACE 4752 --- [    Test worker] org.hibernate.orm.jdbc.bind              : binding parameter (5:BIGINT) <- [1]
    2026-04-13T12:41:39.037+09:00 TRACE 4752 --- [    Test worker] org.hibernate.orm.jdbc.bind              : binding parameter (6:TIMESTAMP_WITH_TIMEZONE) <- [2026-04-13T12:41:39.034755100+09:00]
    2026-04-13T12:41:39.037+09:00 TRACE 4752 --- [    Test worker] org.hibernate.orm.jdbc.bind              : binding parameter (7:BIGINT) <- [2]
    2026-04-13T12:41:39.038+09:00 DEBUG 4752 --- [    Test worker] org.hibernate.SQL                        : 
        insert 
        into
            comments
            (content, created_at, deleted_at, parent_comment_id, post_id, updated_at, user_id, comment_id) 
        values
            (?, ?, ?, ?, ?, ?, ?, default)
    Hibernate: 
        insert 
        into
            comments
            (content, created_at, deleted_at, parent_comment_id, post_id, updated_at, user_id, comment_id) 
        values
            (?, ?, ?, ?, ?, ?, ?, default)
    2026-04-13T12:41:39.039+09:00 TRACE 4752 --- [    Test worker] org.hibernate.orm.jdbc.bind              : binding parameter (1:VARCHAR) <- [c1]
    2026-04-13T12:41:39.039+09:00 TRACE 4752 --- [    Test worker] org.hibernate.orm.jdbc.bind              : binding parameter (2:TIMESTAMP_WITH_TIMEZONE) <- [2026-04-13T12:41:39.038270600+09:00]
    2026-04-13T12:41:39.039+09:00 TRACE 4752 --- [    Test worker] org.hibernate.orm.jdbc.bind              : binding parameter (3:TIMESTAMP_WITH_TIMEZONE) <- [null]
    2026-04-13T12:41:39.039+09:00 TRACE 4752 --- [    Test worker] org.hibernate.orm.jdbc.bind              : binding parameter (4:BIGINT) <- [null]
    2026-04-13T12:41:39.039+09:00 TRACE 4752 --- [    Test worker] org.hibernate.orm.jdbc.bind              : binding parameter (5:BIGINT) <- [1]
    2026-04-13T12:41:39.039+09:00 TRACE 4752 --- [    Test worker] org.hibernate.orm.jdbc.bind              : binding parameter (6:TIMESTAMP_WITH_TIMEZONE) <- [2026-04-13T12:41:39.038270600+09:00]
    2026-04-13T12:41:39.039+09:00 TRACE 4752 --- [    Test worker] org.hibernate.orm.jdbc.bind              : binding parameter (7:BIGINT) <- [2]
    2026-04-13T12:41:39.040+09:00 DEBUG 4752 --- [    Test worker] org.hibernate.SQL                        : 
        insert 
        into
            comments
            (content, created_at, deleted_at, parent_comment_id, post_id, updated_at, user_id, comment_id) 
        values
            (?, ?, ?, ?, ?, ?, ?, default)
    Hibernate: 
        insert 
        into
            comments
            (content, created_at, deleted_at, parent_comment_id, post_id, updated_at, user_id, comment_id) 
        values
            (?, ?, ?, ?, ?, ?, ?, default)
    2026-04-13T12:41:39.040+09:00 TRACE 4752 --- [    Test worker] org.hibernate.orm.jdbc.bind              : binding parameter (1:VARCHAR) <- [c2]
    2026-04-13T12:41:39.040+09:00 TRACE 4752 --- [    Test worker] org.hibernate.orm.jdbc.bind              : binding parameter (2:TIMESTAMP_WITH_TIMEZONE) <- [2026-04-13T12:41:39.040270100+09:00]
    2026-04-13T12:41:39.040+09:00 TRACE 4752 --- [    Test worker] org.hibernate.orm.jdbc.bind              : binding parameter (3:TIMESTAMP_WITH_TIMEZONE) <- [null]
    2026-04-13T12:41:39.040+09:00 TRACE 4752 --- [    Test worker] org.hibernate.orm.jdbc.bind              : binding parameter (4:BIGINT) <- [null]
    2026-04-13T12:41:39.040+09:00 TRACE 4752 --- [    Test worker] org.hibernate.orm.jdbc.bind              : binding parameter (5:BIGINT) <- [1]
    2026-04-13T12:41:39.040+09:00 TRACE 4752 --- [    Test worker] org.hibernate.orm.jdbc.bind              : binding parameter (6:TIMESTAMP_WITH_TIMEZONE) <- [2026-04-13T12:41:39.040270100+09:00]
    2026-04-13T12:41:39.040+09:00 TRACE 4752 --- [    Test worker] org.hibernate.orm.jdbc.bind              : binding parameter (7:BIGINT) <- [2]
    2026-04-13T12:41:39.041+09:00 DEBUG 4752 --- [    Test worker] org.hibernate.SQL                        : 
        insert 
        into
            comments
            (content, created_at, deleted_at, parent_comment_id, post_id, updated_at, user_id, comment_id) 
        values
            (?, ?, ?, ?, ?, ?, ?, default)
    Hibernate: 
        insert 
        into
            comments
            (content, created_at, deleted_at, parent_comment_id, post_id, updated_at, user_id, comment_id) 
        values
            (?, ?, ?, ?, ?, ?, ?, default)
    2026-04-13T12:41:39.042+09:00 TRACE 4752 --- [    Test worker] org.hibernate.orm.jdbc.bind              : binding parameter (1:VARCHAR) <- [c3]
    2026-04-13T12:41:39.042+09:00 TRACE 4752 --- [    Test worker] org.hibernate.orm.jdbc.bind              : binding parameter (2:TIMESTAMP_WITH_TIMEZONE) <- [2026-04-13T12:41:39.041326700+09:00]
    2026-04-13T12:41:39.042+09:00 TRACE 4752 --- [    Test worker] org.hibernate.orm.jdbc.bind              : binding parameter (3:TIMESTAMP_WITH_TIMEZONE) <- [null]
    2026-04-13T12:41:39.042+09:00 TRACE 4752 --- [    Test worker] org.hibernate.orm.jdbc.bind              : binding parameter (4:BIGINT) <- [null]
    2026-04-13T12:41:39.042+09:00 TRACE 4752 --- [    Test worker] org.hibernate.orm.jdbc.bind              : binding parameter (5:BIGINT) <- [1]
    2026-04-13T12:41:39.042+09:00 TRACE 4752 --- [    Test worker] org.hibernate.orm.jdbc.bind              : binding parameter (6:TIMESTAMP_WITH_TIMEZONE) <- [2026-04-13T12:41:39.041326700+09:00]
    2026-04-13T12:41:39.042+09:00 TRACE 4752 --- [    Test worker] org.hibernate.orm.jdbc.bind              : binding parameter (7:BIGINT) <- [2]
    2026-04-13T12:41:39.043+09:00 DEBUG 4752 --- [    Test worker] org.hibernate.SQL                        : 
        insert 
        into
            comments
            (content, created_at, deleted_at, parent_comment_id, post_id, updated_at, user_id, comment_id) 
        values
            (?, ?, ?, ?, ?, ?, ?, default)
    Hibernate: 
        insert 
        into
            comments
            (content, created_at, deleted_at, parent_comment_id, post_id, updated_at, user_id, comment_id) 
        values
            (?, ?, ?, ?, ?, ?, ?, default)
    2026-04-13T12:41:39.043+09:00 TRACE 4752 --- [    Test worker] org.hibernate.orm.jdbc.bind              : binding parameter (1:VARCHAR) <- [c4]
    2026-04-13T12:41:39.043+09:00 TRACE 4752 --- [    Test worker] org.hibernate.orm.jdbc.bind              : binding parameter (2:TIMESTAMP_WITH_TIMEZONE) <- [2026-04-13T12:41:39.043634500+09:00]
    2026-04-13T12:41:39.043+09:00 TRACE 4752 --- [    Test worker] org.hibernate.orm.jdbc.bind              : binding parameter (3:TIMESTAMP_WITH_TIMEZONE) <- [null]
    2026-04-13T12:41:39.043+09:00 TRACE 4752 --- [    Test worker] org.hibernate.orm.jdbc.bind              : binding parameter (4:BIGINT) <- [null]
    2026-04-13T12:41:39.043+09:00 TRACE 4752 --- [    Test worker] org.hibernate.orm.jdbc.bind              : binding parameter (5:BIGINT) <- [1]
    2026-04-13T12:41:39.043+09:00 TRACE 4752 --- [    Test worker] org.hibernate.orm.jdbc.bind              : binding parameter (6:TIMESTAMP_WITH_TIMEZONE) <- [2026-04-13T12:41:39.043634500+09:00]
    2026-04-13T12:41:39.043+09:00 TRACE 4752 --- [    Test worker] org.hibernate.orm.jdbc.bind              : binding parameter (7:BIGINT) <- [2]
    2026-04-13T12:41:39.069+09:00 DEBUG 4752 --- [    Test worker] org.hibernate.SQL                        : 
        select
            ce1_0.comment_id,
            ce1_0.content,
            ce1_0.created_at,
            ce1_0.deleted_at,
            ce1_0.parent_comment_id,
            ce1_0.post_id,
            p2_0.post_id,
            p2_0.attachments,
            p2_0.category,
            p2_0.comment_count,
            p2_0.content,
            p2_0.created_at,
            p2_0.deleted_at,
            p2_0.like_count,
            p2_0.links,
            p2_0.title,
            p2_0.updated_at,
            p2_0.user_id,
            p2_0.view_count,
            ce1_0.updated_at,
            ce1_0.user_id 
        from
            comments ce1_0 
        join
            posts p2_0 
                on p2_0.post_id=ce1_0.post_id 
                and (p2_0.deleted_at IS NULL) 
        where
            (
                ce1_0.deleted_at IS NULL
            ) 
            and ce1_0.post_id=? 
        order by
            ce1_0.created_at
    Hibernate: 
        select
            ce1_0.comment_id,
            ce1_0.content,
            ce1_0.created_at,
            ce1_0.deleted_at,
            ce1_0.parent_comment_id,
            ce1_0.post_id,
            p2_0.post_id,
            p2_0.attachments,
            p2_0.category,
            p2_0.comment_count,
            p2_0.content,
            p2_0.created_at,
            p2_0.deleted_at,
            p2_0.like_count,
            p2_0.links,
            p2_0.title,
            p2_0.updated_at,
            p2_0.user_id,
            p2_0.view_count,
            ce1_0.updated_at,
            ce1_0.user_id 
        from
            comments ce1_0 
        join
            posts p2_0 
                on p2_0.post_id=ce1_0.post_id 
                and (p2_0.deleted_at IS NULL) 
        where
            (
                ce1_0.deleted_at IS NULL
            ) 
            and ce1_0.post_id=? 
        order by
            ce1_0.created_at
    2026-04-13T12:41:39.072+09:00 TRACE 4752 --- [    Test worker] org.hibernate.orm.jdbc.bind              : binding parameter (1:BIGINT) <- [1]
    2026-04-13T12:41:39.076+09:00  INFO 4752 --- [    Test worker] i.StatisticalLoggingSessionEventListener : Session Metrics {
        904800 nanoseconds spent acquiring 1 JDBC connections;
        0 nanoseconds spent releasing 0 JDBC connections;
        2572000 nanoseconds spent preparing 7 JDBC statements;
        4523400 nanoseconds spent executing 7 JDBC statements;
        0 nanoseconds spent executing 0 JDBC batches;
        0 nanoseconds spent performing 0 L2C puts;
        0 nanoseconds spent performing 0 L2C hits;
        0 nanoseconds spent performing 0 L2C misses;
        320800 nanoseconds spent executing 1 flushes (flushing a total of 6 entities and 0 collections);
        11403872745901 nanoseconds spent executing 1 pre-partial-flushes;
        6600 nanoseconds spent executing 1 partial-flushes (flushing a total of 0 entities and 0 collections)
    }

FacilityControllerTest STANDARD_OUT
    2026-04-13T12:41:39.296+09:00  INFO 4752 --- [    Test worker] t.c.s.AnnotationConfigContextLoaderUtils : Could not detect default configuration classes for test class [com.coliving.reservation.adapter.in.web.FacilityControllerTest]: FacilityControllerTest does not declare any static, non-private, non-final, nested classes annotated with @Configuration.
    2026-04-13T12:41:39.304+09:00  INFO 4752 --- [    Test worker] .b.t.c.SpringBootTestContextBootstrapper : Found @SpringBootConfiguration com.coliving.CoLivingApplication for test class com.coliving.reservation.adapter.in.web.FacilityControllerTest

FacilityControllerTest > GET /api/facilities/{spaceId} STANDARD_OUT
    2026-04-13T12:41:39.307+09:00  INFO 4752 --- [    Test worker] t.c.s.AnnotationConfigContextLoaderUtils : Could not detect default configuration classes for test class [com.coliving.reservation.adapter.in.web.FacilityControllerTest$GetFacilityDetailTest]: GetFacilityDetailTest does not declare any static, non-private, non-final, nested classes annotated with @Configuration.
    2026-04-13T12:41:39.315+09:00  INFO 4752 --- [    Test worker] .b.t.c.SpringBootTestContextBootstrapper : Found @SpringBootConfiguration com.coliving.CoLivingApplication for test class com.coliving.reservation.adapter.in.web.FacilityControllerTest$GetFacilityDetailTest

      .   ____          _            __ _ _
     /\\ / ___'_ __ _ _(_)_ __  __ _ \ \ \ \
    ( ( )\___ | '_ | '_| | '_ \/ _` | \ \ \ \
     \\/  ___)| |_)| | | | | || (_| |  ) ) ) )
      '  |____| .__|_| |_|_| |_\__, | / / / /
     =========|_|==============|___/=/_/_/_/

     :: Spring Boot ::               (v3.3.10)

    2026-04-13T12:41:39.331+09:00  INFO 4752 --- [    Test worker] c.c.r.a.in.web.FacilityControllerTest    : Starting FacilityControllerTest using Java 21.0.10 with PID 4752 (started by hi in C:\team1_cokkiri\backend)
    2026-04-13T12:41:39.332+09:00  INFO 4752 --- [    Test worker] c.c.r.a.in.web.FacilityControllerTest    : No active profile set, falling back to 1 default profile: "default"
    2026-04-13T12:41:40.228+09:00  WARN 4752 --- [    Test worker] .s.s.UserDetailsServiceAutoConfiguration : 

    Using generated security password: e6b73bd8-5adc-4261-8f4c-38fd7757de93

    This generated password is for development use only. Your security configuration must be updated before running your application in production.

    2026-04-13T12:41:40.230+09:00  INFO 4752 --- [    Test worker] r$InitializeUserDetailsManagerConfigurer : Global AuthenticationManager configured with UserDetailsService bean with name inMemoryUserDetailsManager
    2026-04-13T12:41:40.261+09:00  INFO 4752 --- [    Test worker] o.s.b.t.m.w.SpringBootMockServletContext : Initializing Spring TestDispatcherServlet ''
    2026-04-13T12:41:40.261+09:00  INFO 4752 --- [    Test worker] o.s.t.web.servlet.TestDispatcherServlet  : Initializing Servlet ''
    2026-04-13T12:41:40.262+09:00  INFO 4752 --- [    Test worker] o.s.t.web.servlet.TestDispatcherServlet  : Completed initialization in 1 ms
    2026-04-13T12:41:40.273+09:00  INFO 4752 --- [    Test worker] c.c.r.a.in.web.FacilityControllerTest    : Started FacilityControllerTest in 0.957 seconds (process running for 21.953)

FacilityControllerTest > GET /api/facilities/{spaceId} > 200 OK - ?쒖꽕 ?곸꽭 ?뺣낫 諛섑솚 STANDARD_OUT

    MockHttpServletRequest:
          HTTP Method = GET
          Request URI = /api/facilities/1
           Parameters = {}
              Headers = [Content-Type:"application/json"]
                 Body = <no character encoding set>
        Session Attrs = {}

    Handler:
                 Type = com.coliving.reservation.adapter.in.web.FacilityController
               Method = com.coliving.reservation.adapter.in.web.FacilityController#getFacilityDetail(Long)

    Async:
        Async started = false
         Async result = null

    Resolved Exception:
                 Type = null

    ModelAndView:
            View name = null
                 View = null
                Model = null

    FlashMap:
           Attributes = null

    MockHttpServletResponse:
               Status = 200
        Error message = null
              Headers = [Vary:"Origin", "Access-Control-Request-Method", "Access-Control-Request-Headers", Content-Type:"application/json"]
         Content type = application/json
                 Body = {"success":true,"data":{"spaceId":1,"name":"怨듭쑀 二쇰갑","status":"AVAILABLE","floor":1,"area":45.5,"amenities":null,"description":null,"positionX":null,"positionY":null,"maxCapacity":10,"operatingHours":"09:00-22:00","usageFee":0,"isReservable":true,"thumbnailUrl":null,"images":[],"todayReservationCount":2}}
        Forwarded URL = null
       Redirected URL = null
              Cookies = []

FacilityControllerTest > GET /api/facilities/{spaceId} > 404 NOT_FOUND - ?쒖꽕??議댁옱?섏? ?딅뒗 寃쎌슦 STANDARD_OUT
    2026-04-13T12:41:40.373+09:00  WARN 4752 --- [    Test worker] c.c.global.error.GlobalExceptionHandler  : BusinessException: ?붿껌?섏떊 由ъ냼?ㅻ? 李얠쓣 ???놁뒿?덈떎

    MockHttpServletRequest:
          HTTP Method = GET
          Request URI = /api/facilities/999
           Parameters = {}
              Headers = [Content-Type:"application/json"]
                 Body = <no character encoding set>
        Session Attrs = {}

    Handler:
                 Type = com.coliving.reservation.adapter.in.web.FacilityController
               Method = com.coliving.reservation.adapter.in.web.FacilityController#getFacilityDetail(Long)

    Async:
        Async started = false
         Async result = null

    Resolved Exception:
                 Type = com.coliving.global.error.BusinessException

    ModelAndView:
            View name = null
                 View = null
                Model = null

    FlashMap:
           Attributes = null

    MockHttpServletResponse:
               Status = 404
        Error message = null
              Headers = [Vary:"Origin", "Access-Control-Request-Method", "Access-Control-Request-Headers", Content-Type:"application/json"]
         Content type = application/json
                 Body = {"success":false,"message":"?붿껌?섏떊 由ъ냼?ㅻ? 李얠쓣 ???놁뒿?덈떎","errorCode":"NOT_FOUND"}
        Forwarded URL = null
       Redirected URL = null
              Cookies = []

FacilityControllerTest > GET /api/facilities STANDARD_OUT
    2026-04-13T12:41:40.383+09:00  INFO 4752 --- [    Test worker] t.c.s.AnnotationConfigContextLoaderUtils : Could not detect default configuration classes for test class [com.coliving.reservation.adapter.in.web.FacilityControllerTest$GetFacilitiesTest]: GetFacilitiesTest does not declare any static, non-private, non-final, nested classes annotated with @Configuration.
    2026-04-13T12:41:40.397+09:00  INFO 4752 --- [    Test worker] .b.t.c.SpringBootTestContextBootstrapper : Found @SpringBootConfiguration com.coliving.CoLivingApplication for test class com.coliving.reservation.adapter.in.web.FacilityControllerTest$GetFacilitiesTest

FacilityControllerTest > GET /api/facilities > 200 OK - ?쒖꽕???놁쑝硫?鍮?諛곗뿴 諛섑솚 STANDARD_OUT

    MockHttpServletRequest:
          HTTP Method = GET
          Request URI = /api/facilities
           Parameters = {}
              Headers = [Content-Type:"application/json"]
                 Body = <no character encoding set>
        Session Attrs = {}

    Handler:
                 Type = com.coliving.reservation.adapter.in.web.FacilityController
               Method = com.coliving.reservation.adapter.in.web.FacilityController#getReservableFacilities()

    Async:
        Async started = false
         Async result = null

    Resolved Exception:
                 Type = null

    ModelAndView:
            View name = null
                 View = null
                Model = null

    FlashMap:
           Attributes = null

    MockHttpServletResponse:
               Status = 200
        Error message = null
              Headers = [Vary:"Origin", "Access-Control-Request-Method", "Access-Control-Request-Headers", Content-Type:"application/json"]
         Content type = application/json
                 Body = {"success":true,"data":[]}
        Forwarded URL = null
       Redirected URL = null
              Cookies = []

FacilityControllerTest > GET /api/facilities > 200 OK - ?덉빟 媛???쒖꽕 紐⑸줉 諛섑솚 STANDARD_OUT

    MockHttpServletRequest:
          HTTP Method = GET
          Request URI = /api/facilities
           Parameters = {}
              Headers = [Content-Type:"application/json"]
                 Body = <no character encoding set>
        Session Attrs = {}

    Handler:
                 Type = com.coliving.reservation.adapter.in.web.FacilityController
               Method = com.coliving.reservation.adapter.in.web.FacilityController#getReservableFacilities()

    Async:
        Async started = false
         Async result = null

    Resolved Exception:
                 Type = null

    ModelAndView:
            View name = null
                 View = null
                Model = null

    FlashMap:
           Attributes = null

    MockHttpServletResponse:
               Status = 200
        Error message = null
              Headers = [Vary:"Origin", "Access-Control-Request-Method", "Access-Control-Request-Headers", Content-Type:"application/json"]
         Content type = application/json
                 Body = {"success":true,"data":[{"spaceId":1,"name":"怨듭쑀 二쇰갑","status":"AVAILABLE","floor":1,"area":null,"amenities":null,"description":null,"maxCapacity":10,"operatingHours":"09:00-22:00","isReservable":null,"usageFee":0,"thumbnailUrl":null,"images":[]}]}
        Forwarded URL = null
       Redirected URL = null
              Cookies = []

ReservationEntityTest > ?꾨즺(complete) ?뚯뒪??> APPROVED ??COMPLETED ?꾪솚 ?깃났 FAILED
    java.lang.IllegalStateException: ?꾩옱 ?곹깭(APPROVED)?먯꽌???뱀씤 泥섎━瑜??????놁뒿?덈떎. PENDING ?곹깭?ъ빞 ?⑸땲??
        at com.coliving.reservation.adapter.out.jpa.ReservationEntity.validateStatus(ReservationEntity.java:153)
        at com.coliving.reservation.adapter.out.jpa.ReservationEntity.approve(ReservationEntity.java:117)
        at com.coliving.reservation.adapter.out.jpa.ReservationEntityTest$CompleteTest.shouldCompleteFromApproved(ReservationEntityTest.java:214)

ReservationEntityTest > ?꾨즺(complete) ?뚯뒪??> PENDING ?곹깭?먯꽌 ?꾨즺 ???덉쇅 諛쒖깮 FAILED
    org.opentest4j.AssertionFailedError: Expected java.lang.IllegalStateException to be thrown, but nothing was thrown.
        at app//org.junit.jupiter.api.AssertionFailureBuilder.build(AssertionFailureBuilder.java:152)
        at app//org.junit.jupiter.api.AssertThrows.assertThrows(AssertThrows.java:73)
        at app//org.junit.jupiter.api.AssertThrows.assertThrows(AssertThrows.java:35)
        at app//org.junit.jupiter.api.Assertions.assertThrows(Assertions.java:3115)
        at app//com.coliving.reservation.adapter.out.jpa.ReservationEntityTest$CompleteTest.shouldThrowWhenCompleteFromPending(ReservationEntityTest.java:225)

ReservationEntityTest > 痍⑥냼(cancel) ?뚯뒪??> APPROVED ??CANCELLED ?꾪솚 ?깃났 FAILED
    java.lang.IllegalStateException: ?꾩옱 ?곹깭(APPROVED)?먯꽌???뱀씤 泥섎━瑜??????놁뒿?덈떎. PENDING ?곹깭?ъ빞 ?⑸땲??
        at com.coliving.reservation.adapter.out.jpa.ReservationEntity.validateStatus(ReservationEntity.java:153)
        at com.coliving.reservation.adapter.out.jpa.ReservationEntity.approve(ReservationEntity.java:117)
        at com.coliving.reservation.adapter.out.jpa.ReservationEntityTest$CancelTest.shouldCancelFromApproved(ReservationEntityTest.java:178)

ReservationEntityTest > 痍⑥냼(cancel) ?뚯뒪??> COMPLETED ?곹깭?먯꽌 痍⑥냼 ???덉쇅 諛쒖깮 FAILED
    java.lang.IllegalStateException: ?꾩옱 ?곹깭(APPROVED)?먯꽌???뱀씤 泥섎━瑜??????놁뒿?덈떎. PENDING ?곹깭?ъ빞 ?⑸땲??
        at com.coliving.reservation.adapter.out.jpa.ReservationEntity.validateStatus(ReservationEntity.java:153)
        at com.coliving.reservation.adapter.out.jpa.ReservationEntity.approve(ReservationEntity.java:117)
        at com.coliving.reservation.adapter.out.jpa.ReservationEntityTest$CancelTest.shouldThrowWhenCancelFromCompleted(ReservationEntityTest.java:189)

ReservationEntityTest > ?뱀씤(approve) ?뚯뒪??> PENDING ??APPROVED ?꾪솚 ?깃났, approvedBy ?ㅼ젙 FAILED
    java.lang.IllegalStateException: ?꾩옱 ?곹깭(APPROVED)?먯꽌???뱀씤 泥섎━瑜??????놁뒿?덈떎. PENDING ?곹깭?ъ빞 ?⑸땲??
        at com.coliving.reservation.adapter.out.jpa.ReservationEntity.validateStatus(ReservationEntity.java:153)
        at com.coliving.reservation.adapter.out.jpa.ReservationEntity.approve(ReservationEntity.java:117)
        at com.coliving.reservation.adapter.out.jpa.ReservationEntityTest$ApproveTest.shouldApproveFromPending(ReservationEntityTest.java:120)

ReservationEntityTest > ?뱀씤(approve) ?뚯뒪??> COMPLETED ?곹깭?먯꽌 ?뱀씤 ???덉쇅 諛쒖깮 FAILED
    java.lang.IllegalStateException: ?꾩옱 ?곹깭(APPROVED)?먯꽌???뱀씤 泥섎━瑜??????놁뒿?덈떎. PENDING ?곹깭?ъ빞 ?⑸땲??
        at com.coliving.reservation.adapter.out.jpa.ReservationEntity.validateStatus(ReservationEntity.java:153)
        at com.coliving.reservation.adapter.out.jpa.ReservationEntity.approve(ReservationEntity.java:117)
        at com.coliving.reservation.adapter.out.jpa.ReservationEntityTest$ApproveTest.shouldThrowWhenApproveFromCompleted(ReservationEntityTest.java:153)

ReservationEntityTest > ?뱀씤(approve) ?뚯뒪??> APPROVED ?곹깭?먯꽌 ?뱀씤 ???덉쇅 諛쒖깮 FAILED
    java.lang.IllegalStateException: ?꾩옱 ?곹깭(APPROVED)?먯꽌???뱀씤 泥섎━瑜??????놁뒿?덈떎. PENDING ?곹깭?ъ빞 ?⑸땲??
        at com.coliving.reservation.adapter.out.jpa.ReservationEntity.validateStatus(ReservationEntity.java:153)
        at com.coliving.reservation.adapter.out.jpa.ReservationEntity.approve(ReservationEntity.java:117)
        at com.coliving.reservation.adapter.out.jpa.ReservationEntityTest$ApproveTest.shouldThrowWhenApproveFromApproved(ReservationEntityTest.java:133)

ReservationEntityTest > Builder ?앹꽦 ?뚯뒪??> ?덉빟 ?앹꽦 ??PENDING ?곹깭, user/space 留ㅽ븨, approvedBy null FAILED
    org.opentest4j.MultipleFailuresError: Multiple Failures (1 failure)
    	org.opentest4j.AssertionFailedError: expected: <PENDING> but was: <APPROVED>
        at app//org.junit.jupiter.api.AssertAll.assertAll(AssertAll.java:80)
        at app//org.junit.jupiter.api.AssertAll.assertAll(AssertAll.java:44)
        at app//org.junit.jupiter.api.AssertAll.assertAll(AssertAll.java:38)
        at app//org.junit.jupiter.api.Assertions.assertAll(Assertions.java:2944)
        at app//com.coliving.reservation.adapter.out.jpa.ReservationEntityTest$BuilderTest.shouldCreateWithPendingStatus(ReservationEntityTest.java:99)

        Caused by:
        org.opentest4j.AssertionFailedError: expected: <PENDING> but was: <APPROVED>
            at app//org.junit.jupiter.api.AssertionFailureBuilder.build(AssertionFailureBuilder.java:151)
            at app//org.junit.jupiter.api.AssertionFailureBuilder.buildAndThrow(AssertionFailureBuilder.java:132)
            at app//org.junit.jupiter.api.AssertEquals.failNotEqual(AssertEquals.java:197)
            at app//org.junit.jupiter.api.AssertEquals.assertEquals(AssertEquals.java:182)
            at app//org.junit.jupiter.api.AssertEquals.assertEquals(AssertEquals.java:177)
            at app//org.junit.jupiter.api.Assertions.assertEquals(Assertions.java:1145)
            at app//com.coliving.reservation.adapter.out.jpa.ReservationEntityTest$BuilderTest.lambda$shouldCreateWithPendingStatus$0(ReservationEntityTest.java:100)
            at app//org.junit.jupiter.api.AssertAll.lambda$assertAll$0(AssertAll.java:68)
            at java.base@21.0.10/java.util.stream.ReferencePipeline$3$1.accept(ReferencePipeline.java:197)
            at java.base@21.0.10/java.util.Spliterators$ArraySpliterator.forEachRemaining(Spliterators.java:1024)
            at java.base@21.0.10/java.util.stream.AbstractPipeline.copyInto(AbstractPipeline.java:509)
            at java.base@21.0.10/java.util.stream.AbstractPipeline.wrapAndCopyInto(AbstractPipeline.java:499)
            at java.base@21.0.10/java.util.stream.ReduceOps$ReduceOp.evaluateSequential(ReduceOps.java:921)
            at java.base@21.0.10/java.util.stream.AbstractPipeline.evaluate(AbstractPipeline.java:234)
            at java.base@21.0.10/java.util.stream.ReferencePipeline.collect(ReferencePipeline.java:682)
            at app//org.junit.jupiter.api.AssertAll.assertAll(AssertAll.java:77)
            ... 4 more

ReservationJpaRepositoryTest STANDARD_OUT
    2026-04-13T12:41:40.474+09:00  INFO 4752 --- [    Test worker] t.c.s.AnnotationConfigContextLoaderUtils : Could not detect default configuration classes for test class [com.coliving.reservation.adapter.out.jpa.ReservationJpaRepositoryTest]: ReservationJpaRepositoryTest does not declare any static, non-private, non-final, nested classes annotated with @Configuration.
    2026-04-13T12:41:40.613+09:00  INFO 4752 --- [    Test worker] .b.t.c.SpringBootTestContextBootstrapper : Found @SpringBootConfiguration com.coliving.CoLivingApplication for test class com.coliving.reservation.adapter.out.jpa.ReservationJpaRepositoryTest

ReservationJpaRepositoryTest > 湲곌컙蹂?議고쉶 ?뚯뒪??STANDARD_OUT
    2026-04-13T12:41:40.616+09:00  INFO 4752 --- [    Test worker] t.c.s.AnnotationConfigContextLoaderUtils : Could not detect default configuration classes for test class [com.coliving.reservation.adapter.out.jpa.ReservationJpaRepositoryTest$DateRangeTest]: DateRangeTest does not declare any static, non-private, non-final, nested classes annotated with @Configuration.
    2026-04-13T12:41:40.629+09:00  INFO 4752 --- [    Test worker] .b.t.c.SpringBootTestContextBootstrapper : Found @SpringBootConfiguration com.coliving.CoLivingApplication for test class com.coliving.reservation.adapter.out.jpa.ReservationJpaRepositoryTest$DateRangeTest

      .   ____          _            __ _ _
     /\\ / ___'_ __ _ _(_)_ __  __ _ \ \ \ \
    ( ( )\___ | '_ | '_| | '_ \/ _` | \ \ \ \
     \\/  ___)| |_)| | | | | || (_| |  ) ) ) )
      '  |____| .__|_| |_|_| |_\__, | / / / /
     =========|_|==============|___/=/_/_/_/

     :: Spring Boot ::               (v3.3.10)

    2026-04-13T12:41:40.654+09:00  INFO 4752 --- [    Test worker] c.c.r.a.o.j.ReservationJpaRepositoryTest : Starting ReservationJpaRepositoryTest using Java 21.0.10 with PID 4752 (started by hi in C:\team1_cokkiri\backend)
    2026-04-13T12:41:40.654+09:00  INFO 4752 --- [    Test worker] c.c.r.a.o.j.ReservationJpaRepositoryTest : No active profile set, falling back to 1 default profile: "default"
    2026-04-13T12:41:41.066+09:00  INFO 4752 --- [    Test worker] .s.d.r.c.RepositoryConfigurationDelegate : Multiple Spring Data modules found, entering strict repository configuration mode
    2026-04-13T12:41:41.066+09:00  INFO 4752 --- [    Test worker] .s.d.r.c.RepositoryConfigurationDelegate : Bootstrapping Spring Data JPA repositories in DEFAULT mode.
    2026-04-13T12:41:41.343+09:00  INFO 4752 --- [    Test worker] .s.d.r.c.RepositoryConfigurationDelegate : Finished Spring Data repository scanning in 281 ms. Found 22 JPA repository interfaces.
    2026-04-13T12:41:41.364+09:00  INFO 4752 --- [    Test worker] beddedDataSourceBeanFactoryPostProcessor : Replacing 'dataSource' DataSource bean with embedded version
    2026-04-13T12:41:41.396+09:00  INFO 4752 --- [    Test worker] o.s.j.d.e.EmbeddedDatabaseFactory        : Starting embedded database: url='jdbc:h2:mem:7cfde99c-647c-4bcf-b61c-81329025c1b2;DB_CLOSE_DELAY=-1;DB_CLOSE_ON_EXIT=false', username='sa'
    2026-04-13T12:41:41.526+09:00  INFO 4752 --- [    Test worker] o.hibernate.jpa.internal.util.LogHelper  : HHH000204: Processing PersistenceUnitInfo [name: default]
    2026-04-13T12:41:41.529+09:00  INFO 4752 --- [    Test worker] o.h.c.internal.RegionFactoryInitiator    : HHH000026: Second-level cache disabled
    2026-04-13T12:41:41.543+09:00  INFO 4752 --- [    Test worker] o.s.o.j.p.SpringPersistenceUnitInfo      : No LoadTimeWeaver setup: ignoring JPA class transformer
    2026-04-13T12:41:41.543+09:00  WARN 4752 --- [    Test worker] org.hibernate.orm.deprecation            : HHH90000025: H2Dialect does not need to be specified explicitly using 'hibernate.dialect' (remove the property setting and it will be selected by default)
    2026-04-13T12:41:42.060+09:00  INFO 4752 --- [    Test worker] o.h.e.t.j.p.i.JtaPlatformInitiator       : HHH000489: No JTA platform available (set 'hibernate.transaction.jta.platform' to enable JTA platform integration)
    2026-04-13T12:41:42.060+09:00 DEBUG 4752 --- [    Test worker] org.hibernate.SQL                        : 
        drop table if exists annotation_types cascade 
    Hibernate: 
        drop table if exists annotation_types cascade 
    2026-04-13T12:41:42.060+09:00 DEBUG 4752 --- [    Test worker] org.hibernate.SQL                        : 
        drop table if exists comments cascade 
    Hibernate: 
        drop table if exists comments cascade 
    2026-04-13T12:41:42.060+09:00 DEBUG 4752 --- [    Test worker] org.hibernate.SQL                        : 
        drop table if exists common_space_details cascade 
    Hibernate: 
        drop table if exists common_space_details cascade 
    2026-04-13T12:41:42.060+09:00 DEBUG 4752 --- [    Test worker] org.hibernate.SQL                        : 
        drop table if exists contracts cascade 
    Hibernate: 
        drop table if exists contracts cascade 
    2026-04-13T12:41:42.060+09:00 DEBUG 4752 --- [    Test worker] org.hibernate.SQL                        : 
        drop table if exists control_logs cascade 
    Hibernate: 
        drop table if exists control_logs cascade 
    2026-04-13T12:41:42.060+09:00 DEBUG 4752 --- [    Test worker] org.hibernate.SQL                        : 
        drop table if exists device_types cascade 
    Hibernate: 
        drop table if exists device_types cascade 
    2026-04-13T12:41:42.060+09:00 DEBUG 4752 --- [    Test worker] org.hibernate.SQL                        : 
        drop table if exists devices cascade 
    Hibernate: 
        drop table if exists devices cascade 
    2026-04-13T12:41:42.060+09:00 DEBUG 4752 --- [    Test worker] org.hibernate.SQL                        : 
        drop table if exists floor_plans cascade 
    Hibernate: 
        drop table if exists floor_plans cascade 
    2026-04-13T12:41:42.060+09:00 DEBUG 4752 --- [    Test worker] org.hibernate.SQL                        : 
        drop table if exists notifications cascade 
    Hibernate: 
        drop table if exists notifications cascade 
    2026-04-13T12:41:42.060+09:00 DEBUG 4752 --- [    Test worker] org.hibernate.SQL                        : 
        drop table if exists payments cascade 
    Hibernate: 
        drop table if exists payments cascade 
    2026-04-13T12:41:42.060+09:00 DEBUG 4752 --- [    Test worker] org.hibernate.SQL                        : 
        drop table if exists post_likes cascade 
    Hibernate: 
        drop table if exists post_likes cascade 
    2026-04-13T12:41:42.060+09:00 DEBUG 4752 --- [    Test worker] org.hibernate.SQL                        : 
        drop table if exists posts cascade 
    Hibernate: 
        drop table if exists posts cascade 
    2026-04-13T12:41:42.060+09:00 DEBUG 4752 --- [    Test worker] org.hibernate.SQL                        : 
        drop table if exists private_space_details cascade 
    Hibernate: 
        drop table if exists private_space_details cascade 
    2026-04-13T12:41:42.060+09:00 DEBUG 4752 --- [    Test worker] org.hibernate.SQL                        : 
        drop table if exists refresh_tokens cascade 
    Hibernate: 
        drop table if exists refresh_tokens cascade 
    2026-04-13T12:41:42.060+09:00 DEBUG 4752 --- [    Test worker] org.hibernate.SQL                        : 
        drop table if exists reservations cascade 
    Hibernate: 
        drop table if exists reservations cascade 
    2026-04-13T12:41:42.060+09:00 DEBUG 4752 --- [    Test worker] org.hibernate.SQL                        : 
        drop table if exists role_change_logs cascade 
    Hibernate: 
        drop table if exists role_change_logs cascade 
    2026-04-13T12:41:42.060+09:00 DEBUG 4752 --- [    Test worker] org.hibernate.SQL                        : 
        drop table if exists room_types cascade 
    Hibernate: 
        drop table if exists room_types cascade 
    2026-04-13T12:41:42.060+09:00 DEBUG 4752 --- [    Test worker] org.hibernate.SQL                        : 
        drop table if exists space_images cascade 
    Hibernate: 
        drop table if exists space_images cascade 
    2026-04-13T12:41:42.060+09:00 DEBUG 4752 --- [    Test worker] org.hibernate.SQL                        : 
        drop table if exists spaces cascade 
    Hibernate: 
        drop table if exists spaces cascade 
    2026-04-13T12:41:42.060+09:00 DEBUG 4752 --- [    Test worker] org.hibernate.SQL                        : 
        drop table if exists token_blacklists cascade 
    Hibernate: 
        drop table if exists token_blacklists cascade 
    2026-04-13T12:41:42.060+09:00 DEBUG 4752 --- [    Test worker] org.hibernate.SQL                        : 
        drop table if exists users cascade 
    Hibernate: 
        drop table if exists users cascade 
    2026-04-13T12:41:42.060+09:00 DEBUG 4752 --- [    Test worker] org.hibernate.SQL                        : 
        drop table if exists vocs cascade 
    Hibernate: 
        drop table if exists vocs cascade 
    2026-04-13T12:41:42.060+09:00 DEBUG 4752 --- [    Test worker] org.hibernate.SQL                        : 
        create table annotation_types (
            is_system_default boolean not null,
            annotation_type_id bigint generated by default as identity,
            created_at timestamp(6) with time zone not null,
            deleted_at timestamp(6) with time zone,
            updated_at timestamp(6) with time zone not null,
            default_color varchar(30) not null,
            code varchar(50) not null unique,
            icon_name varchar(50) not null,
            name varchar(100) not null,
            primary key (annotation_type_id)
        )
    Hibernate: 
        create table annotation_types (
            is_system_default boolean not null,
            annotation_type_id bigint generated by default as identity,
            created_at timestamp(6) with time zone not null,
            deleted_at timestamp(6) with time zone,
            updated_at timestamp(6) with time zone not null,
            default_color varchar(30) not null,
            code varchar(50) not null unique,
            icon_name varchar(50) not null,
            name varchar(100) not null,
            primary key (annotation_type_id)
        )
    2026-04-13T12:41:42.067+09:00 DEBUG 4752 --- [    Test worker] org.hibernate.SQL                        : 
        create table comments (
            comment_id bigint generated by default as identity,
            created_at timestamp(6) with time zone not null,
            deleted_at timestamp(6) with time zone,
            parent_comment_id bigint,
            post_id bigint not null,
            updated_at timestamp(6) with time zone not null,
            user_id bigint not null,
            content varchar(255) not null,
            primary key (comment_id)
        )
    Hibernate: 
        create table comments (
            comment_id bigint generated by default as identity,
            created_at timestamp(6) with time zone not null,
            deleted_at timestamp(6) with time zone,
            parent_comment_id bigint,
            post_id bigint not null,
            updated_at timestamp(6) with time zone not null,
            user_id bigint not null,
            content varchar(255) not null,
            primary key (comment_id)
        )
    2026-04-13T12:41:42.067+09:00 DEBUG 4752 --- [    Test worker] org.hibernate.SQL                        : 
        create table common_space_details (
            is_reservable boolean,
            max_capacity integer,
            usage_fee numeric(15,2),
            created_at timestamp(6) with time zone not null,
            deleted_at timestamp(6) with time zone,
            space_id bigint not null,
            updated_at timestamp(6) with time zone not null,
            operating_hours varchar(50),
            primary key (space_id)
        )
    Hibernate: 
        create table common_space_details (
            is_reservable boolean,
            max_capacity integer,
            usage_fee numeric(15,2),
            created_at timestamp(6) with time zone not null,
            deleted_at timestamp(6) with time zone,
            space_id bigint not null,
            updated_at timestamp(6) with time zone not null,
            operating_hours varchar(50),
            primary key (space_id)
        )
    2026-04-13T12:41:42.070+09:00 DEBUG 4752 --- [    Test worker] org.hibernate.SQL                        : 
        create table contracts (
            deposit numeric(15,0),
            desired_duration_months integer,
            desired_start_date date,
            end_date date,
            monthly_rent numeric(15,0),
            privacy_agreed boolean,
            start_date date,
            approved_by bigint,
            contract_id bigint generated by default as identity,
            contracted_at timestamp(6) with time zone,
            created_at timestamp(6) with time zone not null,
            deleted_at timestamp(6) with time zone,
            space_id bigint not null,
            terms_agreed_at timestamp(6) with time zone,
            updated_at timestamp(6) with time zone not null,
            user_id bigint not null,
            version bigint,
            status varchar(15) not null,
            bank_account varchar(100),
            usage_purpose varchar(200),
            address varchar(500),
            rejected_reason TEXT,
            request_note TEXT,
            signature_data TEXT,
            special_terms TEXT,
            contract_language enum ('EN','KO'),
            origin enum ('ADMIN_INITIATED','USER_INITIATED') not null,
            primary key (contract_id)
        )
    Hibernate: 
        create table contracts (
            deposit numeric(15,0),
            desired_duration_months integer,
            desired_start_date date,
            end_date date,
            monthly_rent numeric(15,0),
            privacy_agreed boolean,
            start_date date,
            approved_by bigint,
            contract_id bigint generated by default as identity,
            contracted_at timestamp(6) with time zone,
            created_at timestamp(6) with time zone not null,
            deleted_at timestamp(6) with time zone,
            space_id bigint not null,
            terms_agreed_at timestamp(6) with time zone,
            updated_at timestamp(6) with time zone not null,
            user_id bigint not null,
            version bigint,
            status varchar(15) not null,
            bank_account varchar(100),
            usage_purpose varchar(200),
            address varchar(500),
            rejected_reason TEXT,
            request_note TEXT,
            signature_data TEXT,
            special_terms TEXT,
            contract_language enum ('EN','KO'),
            origin enum ('ADMIN_INITIATED','USER_INITIATED') not null,
            primary key (contract_id)
        )
    2026-04-13T12:41:42.070+09:00 DEBUG 4752 --- [    Test worker] org.hibernate.SQL                        : 
        create table control_logs (
            control_log_id bigint generated by default as identity,
            created_at timestamp(6) with time zone not null,
            deleted_at timestamp(6) with time zone,
            device_id bigint not null,
            updated_at timestamp(6) with time zone not null,
            user_id bigint not null,
            command varchar(50) not null,
            correlation_id varchar(100),
            error_message TEXT,
            actor_type enum ('ADMIN','RESIDENT') not null,
            command_params jsonb,
            result enum ('FAILURE','SUCCESS') not null,
            primary key (control_log_id)
        )
    Hibernate: 
        create table control_logs (
            control_log_id bigint generated by default as identity,
            created_at timestamp(6) with time zone not null,
            deleted_at timestamp(6) with time zone,
            device_id bigint not null,
            updated_at timestamp(6) with time zone not null,
            user_id bigint not null,
            command varchar(50) not null,
            correlation_id varchar(100),
            error_message TEXT,
            actor_type enum ('ADMIN','RESIDENT') not null,
            command_params jsonb,
            result enum ('FAILURE','SUCCESS') not null,
            primary key (control_log_id)
        )
    2026-04-13T12:41:42.070+09:00  WARN 4752 --- [    Test worker] o.h.t.s.i.ExceptionHandlerLoggedImpl     : GenerationTarget encountered exception accepting command : Error executing DDL "
        create table control_logs (
            control_log_id bigint generated by default as identity,
            created_at timestamp(6) with time zone not null,
            deleted_at timestamp(6) with time zone,
            device_id bigint not null,
            updated_at timestamp(6) with time zone not null,
            user_id bigint not null,
            command varchar(50) not null,
            correlation_id varchar(100),
            error_message TEXT,
            actor_type enum ('ADMIN','RESIDENT') not null,
            command_params jsonb,
            result enum ('FAILURE','SUCCESS') not null,
            primary key (control_log_id)
        )" via JDBC [Unknown data type: "JSONB";]

    org.hibernate.tool.schema.spi.CommandAcceptanceException: Error executing DDL "
        create table control_logs (
            control_log_id bigint generated by default as identity,
            created_at timestamp(6) with time zone not null,
            deleted_at timestamp(6) with time zone,
            device_id bigint not null,
            updated_at timestamp(6) with time zone not null,
            user_id bigint not null,
            command varchar(50) not null,
            correlation_id varchar(100),
            error_message TEXT,
            actor_type enum ('ADMIN','RESIDENT') not null,
            command_params jsonb,
            result enum ('FAILURE','SUCCESS') not null,
            primary key (control_log_id)
        )" via JDBC [Unknown data type: "JSONB";]
    	at org.hibernate.tool.schema.internal.exec.GenerationTargetToDatabase.accept(GenerationTargetToDatabase.java:94) ~[hibernate-core-6.5.3.Final.jar:6.5.3.Final]
    	at org.hibernate.tool.schema.internal.Helper.applySqlString(Helper.java:233) ~[hibernate-core-6.5.3.Final.jar:6.5.3.Final]
    	at org.hibernate.tool.schema.internal.Helper.applySqlStrings(Helper.java:217) ~[hibernate-core-6.5.3.Final.jar:6.5.3.Final]
    	at org.hibernate.tool.schema.internal.SchemaCreatorImpl.createTables(SchemaCreatorImpl.java:428) ~[hibernate-core-6.5.3.Final.jar:6.5.3.Final]
    	at org.hibernate.tool.schema.internal.SchemaCreatorImpl.createSequencesTablesConstraints(SchemaCreatorImpl.java:344) ~[hibernate-core-6.5.3.Final.jar:6.5.3.Final]
    	at org.hibernate.tool.schema.internal.SchemaCreatorImpl.createFromMetadata(SchemaCreatorImpl.java:239) ~[hibernate-core-6.5.3.Final.jar:6.5.3.Final]
    	at org.hibernate.tool.schema.internal.SchemaCreatorImpl.performCreation(SchemaCreatorImpl.java:172) ~[hibernate-core-6.5.3.Final.jar:6.5.3.Final]
    	at org.hibernate.tool.schema.internal.SchemaCreatorImpl.doCreation(SchemaCreatorImpl.java:142) ~[hibernate-core-6.5.3.Final.jar:6.5.3.Final]
    	at org.hibernate.tool.schema.internal.SchemaCreatorImpl.doCreation(SchemaCreatorImpl.java:118) ~[hibernate-core-6.5.3.Final.jar:6.5.3.Final]
    	at org.hibernate.tool.schema.spi.SchemaManagementToolCoordinator.performDatabaseAction(SchemaManagementToolCoordinator.java:250) ~[hibernate-core-6.5.3.Final.jar:6.5.3.Final]
    	at org.hibernate.tool.schema.spi.SchemaManagementToolCoordinator.lambda$process$5(SchemaManagementToolCoordinator.java:144) ~[hibernate-core-6.5.3.Final.jar:6.5.3.Final]
    	at java.base/java.util.HashMap.forEach(HashMap.java:1429) ~[na:na]
    	at org.hibernate.tool.schema.spi.SchemaManagementToolCoordinator.process(SchemaManagementToolCoordinator.java:141) ~[hibernate-core-6.5.3.Final.jar:6.5.3.Final]
    	at org.hibernate.boot.internal.SessionFactoryObserverForSchemaExport.sessionFactoryCreated(SessionFactoryObserverForSchemaExport.java:37) ~[hibernate-core-6.5.3.Final.jar:6.5.3.Final]
    	at org.hibernate.internal.SessionFactoryObserverChain.sessionFactoryCreated(SessionFactoryObserverChain.java:35) ~[hibernate-core-6.5.3.Final.jar:6.5.3.Final]
    	at org.hibernate.internal.SessionFactoryImpl.<init>(SessionFactoryImpl.java:322) ~[hibernate-core-6.5.3.Final.jar:6.5.3.Final]
    	at org.hibernate.boot.internal.SessionFactoryBuilderImpl.build(SessionFactoryBuilderImpl.java:457) ~[hibernate-core-6.5.3.Final.jar:6.5.3.Final]
    	at org.hibernate.jpa.boot.internal.EntityManagerFactoryBuilderImpl.build(EntityManagerFactoryBuilderImpl.java:1506) ~[hibernate-core-6.5.3.Final.jar:6.5.3.Final]
    	at org.springframework.orm.jpa.vendor.SpringHibernateJpaPersistenceProvider.createContainerEntityManagerFactory(SpringHibernateJpaPersistenceProvider.java:75) ~[spring-orm-6.1.18.jar:6.1.18]
    	at org.springframework.orm.jpa.LocalContainerEntityManagerFactoryBean.createNativeEntityManagerFactory(LocalContainerEntityManagerFactoryBean.java:390) ~[spring-orm-6.1.18.jar:6.1.18]
    	at org.springframework.orm.jpa.AbstractEntityManagerFactoryBean.buildNativeEntityManagerFactory(AbstractEntityManagerFactoryBean.java:409) ~[spring-orm-6.1.18.jar:6.1.18]
    	at org.springframework.orm.jpa.AbstractEntityManagerFactoryBean.afterPropertiesSet(AbstractEntityManagerFactoryBean.java:396) ~[spring-orm-6.1.18.jar:6.1.18]
    	at org.springframework.orm.jpa.LocalContainerEntityManagerFactoryBean.afterPropertiesSet(LocalContainerEntityManagerFactoryBean.java:366) ~[spring-orm-6.1.18.jar:6.1.18]
    	at org.springframework.beans.factory.support.AbstractAutowireCapableBeanFactory.invokeInitMethods(AbstractAutowireCapableBeanFactory.java:1853) ~[spring-beans-6.1.18.jar:6.1.18]
    	at org.springframework.beans.factory.support.AbstractAutowireCapableBeanFactory.initializeBean(AbstractAutowireCapableBeanFactory.java:1802) ~[spring-beans-6.1.18.jar:6.1.18]
    	at org.springframework.beans.factory.support.AbstractAutowireCapableBeanFactory.doCreateBean(AbstractAutowireCapableBeanFactory.java:600) ~[spring-beans-6.1.18.jar:6.1.18]
    	at org.springframework.beans.factory.support.AbstractAutowireCapableBeanFactory.createBean(AbstractAutowireCapableBeanFactory.java:522) ~[spring-beans-6.1.18.jar:6.1.18]
    	at org.springframework.beans.factory.support.AbstractBeanFactory.lambda$doGetBean$0(AbstractBeanFactory.java:337) ~[spring-beans-6.1.18.jar:6.1.18]
    	at org.springframework.beans.factory.support.DefaultSingletonBeanRegistry.getSingleton(DefaultSingletonBeanRegistry.java:234) ~[spring-beans-6.1.18.jar:6.1.18]
    	at org.springframework.beans.factory.support.AbstractBeanFactory.doGetBean(AbstractBeanFactory.java:335) ~[spring-beans-6.1.18.jar:6.1.18]
    	at org.springframework.beans.factory.support.AbstractBeanFactory.getBean(AbstractBeanFactory.java:205) ~[spring-beans-6.1.18.jar:6.1.18]
    	at org.springframework.context.support.AbstractApplicationContext.finishBeanFactoryInitialization(AbstractApplicationContext.java:954) ~[spring-context-6.1.18.jar:6.1.18]
    	at org.springframework.context.support.AbstractApplicationContext.refresh(AbstractApplicationContext.java:625) ~[spring-context-6.1.18.jar:6.1.18]
    	at org.springframework.boot.SpringApplication.refresh(SpringApplication.java:754) ~[spring-boot-3.3.10.jar:3.3.10]
    	at org.springframework.boot.SpringApplication.refreshContext(SpringApplication.java:456) ~[spring-boot-3.3.10.jar:3.3.10]
    	at org.springframework.boot.SpringApplication.run(SpringApplication.java:335) ~[spring-boot-3.3.10.jar:3.3.10]
    	at org.springframework.boot.test.context.SpringBootContextLoader.lambda$loadContext$3(SpringBootContextLoader.java:145) ~[spring-boot-test-3.3.10.jar:3.3.10]
    	at org.springframework.util.function.ThrowingSupplier.get(ThrowingSupplier.java:58) ~[spring-core-6.1.18.jar:6.1.18]
    	at org.springframework.util.function.ThrowingSupplier.get(ThrowingSupplier.java:46) ~[spring-core-6.1.18.jar:6.1.18]
    	at org.springframework.boot.SpringApplication.withHook(SpringApplication.java:1463) ~[spring-boot-3.3.10.jar:3.3.10]
    	at org.springframework.boot.test.context.SpringBootContextLoader$ContextLoaderHook.run(SpringBootContextLoader.java:564) ~[spring-boot-test-3.3.10.jar:3.3.10]
    	at org.springframework.boot.test.context.SpringBootContextLoader.loadContext(SpringBootContextLoader.java:145) ~[spring-boot-test-3.3.10.jar:3.3.10]
    	at org.springframework.boot.test.context.SpringBootContextLoader.loadContext(SpringBootContextLoader.java:116) ~[spring-boot-test-3.3.10.jar:3.3.10]
    	at org.springframework.test.context.cache.DefaultCacheAwareContextLoaderDelegate.loadContextInternal(DefaultCacheAwareContextLoaderDelegate.java:225) ~[spring-test-6.1.18.jar:6.1.18]
    	at org.springframework.test.context.cache.DefaultCacheAwareContextLoaderDelegate.loadContext(DefaultCacheAwareContextLoaderDelegate.java:152) ~[spring-test-6.1.18.jar:6.1.18]
    	at org.springframework.test.context.support.DefaultTestContext.getApplicationContext(DefaultTestContext.java:130) ~[spring-test-6.1.18.jar:6.1.18]
    	at org.springframework.test.context.support.DependencyInjectionTestExecutionListener.injectDependencies(DependencyInjectionTestExecutionListener.java:142) ~[spring-test-6.1.18.jar:6.1.18]
    	at org.springframework.test.context.support.DependencyInjectionTestExecutionListener.prepareTestInstance(DependencyInjectionTestExecutionListener.java:98) ~[spring-test-6.1.18.jar:6.1.18]
    	at org.springframework.test.context.TestContextManager.prepareTestInstance(TestContextManager.java:260) ~[spring-test-6.1.18.jar:6.1.18]
    	at org.springframework.test.context.junit.jupiter.SpringExtension.postProcessTestInstance(SpringExtension.java:163) ~[spring-test-6.1.18.jar:6.1.18]
    	at org.junit.jupiter.engine.descriptor.ClassBasedTestDescriptor.lambda$invokeTestInstancePostProcessors$10(ClassBasedTestDescriptor.java:378) ~[junit-jupiter-engine-5.10.5.jar:5.10.5]
    	at org.junit.jupiter.engine.descriptor.ClassBasedTestDescriptor.executeAndMaskThrowable(ClassBasedTestDescriptor.java:383) ~[junit-jupiter-engine-5.10.5.jar:5.10.5]
    	at org.junit.jupiter.engine.descriptor.ClassBasedTestDescriptor.lambda$invokeTestInstancePostProcessors$11(ClassBasedTestDescriptor.java:378) ~[junit-jupiter-engine-5.10.5.jar:5.10.5]
    	at java.base/java.util.stream.ReferencePipeline$3$1.accept(ReferencePipeline.java:197) ~[na:na]
    	at java.base/java.util.stream.ReferencePipeline$2$1.accept(ReferencePipeline.java:179) ~[na:na]
    	at java.base/java.util.ArrayList$ArrayListSpliterator.forEachRemaining(ArrayList.java:1708) ~[na:na]
    	at java.base/java.util.stream.AbstractPipeline.copyInto(AbstractPipeline.java:509) ~[na:na]
    	at java.base/java.util.stream.AbstractPipeline.wrapAndCopyInto(AbstractPipeline.java:499) ~[na:na]
    	at java.base/java.util.stream.StreamSpliterators$WrappingSpliterator.forEachRemaining(StreamSpliterators.java:310) ~[na:na]
    	at java.base/java.util.stream.Streams$ConcatSpliterator.forEachRemaining(Streams.java:735) ~[na:na]
    	at java.base/java.util.stream.ReferencePipeline$Head.forEach(ReferencePipeline.java:762) ~[na:na]
    	at org.junit.jupiter.engine.descriptor.ClassBasedTestDescriptor.invokeTestInstancePostProcessors(ClassBasedTestDescriptor.java:377) ~[junit-jupiter-engine-5.10.5.jar:5.10.5]
    	at org.junit.jupiter.engine.descriptor.ClassBasedTestDescriptor.lambda$instantiateAndPostProcessTestInstance$6(ClassBasedTestDescriptor.java:290) ~[junit-jupiter-engine-5.10.5.jar:5.10.5]
    	at org.junit.platform.engine.support.hierarchical.ThrowableCollector.execute(ThrowableCollector.java:73) ~[junit-platform-engine-1.10.5.jar:1.10.5]
    	at org.junit.jupiter.engine.descriptor.ClassBasedTestDescriptor.instantiateAndPostProcessTestInstance(ClassBasedTestDescriptor.java:289) ~[junit-jupiter-engine-5.10.5.jar:5.10.5]
    	at org.junit.jupiter.engine.descriptor.ClassBasedTestDescriptor.lambda$testInstancesProvider$4(ClassBasedTestDescriptor.java:279) ~[junit-jupiter-engine-5.10.5.jar:5.10.5]
    	at java.base/java.util.Optional.orElseGet(Optional.java:364) ~[na:na]
    	at org.junit.jupiter.engine.descriptor.ClassBasedTestDescriptor.lambda$testInstancesProvider$5(ClassBasedTestDescriptor.java:278) ~[junit-jupiter-engine-5.10.5.jar:5.10.5]
    	at org.junit.jupiter.engine.descriptor.NestedClassTestDescriptor.instantiateTestClass(NestedClassTestDescriptor.java:85) ~[junit-jupiter-engine-5.10.5.jar:5.10.5]
    	at org.junit.jupiter.engine.descriptor.ClassBasedTestDescriptor.instantiateAndPostProcessTestInstance(ClassBasedTestDescriptor.java:287) ~[junit-jupiter-engine-5.10.5.jar:5.10.5]
    	at org.junit.jupiter.engine.descriptor.ClassBasedTestDescriptor.lambda$testInstancesProvider$4(ClassBasedTestDescriptor.java:279) ~[junit-jupiter-engine-5.10.5.jar:5.10.5]
    	at java.base/java.util.Optional.orElseGet(Optional.java:364) ~[na:na]
    	at org.junit.jupiter.engine.descriptor.ClassBasedTestDescriptor.lambda$testInstancesProvider$5(ClassBasedTestDescriptor.java:278) ~[junit-jupiter-engine-5.10.5.jar:5.10.5]
    	at org.junit.jupiter.engine.execution.TestInstancesProvider.getTestInstances(TestInstancesProvider.java:31) ~[junit-jupiter-engine-5.10.5.jar:5.10.5]
    	at org.junit.jupiter.engine.descriptor.TestMethodTestDescriptor.lambda$prepare$0(TestMethodTestDescriptor.java:106) ~[junit-jupiter-engine-5.10.5.jar:5.10.5]
    	at org.junit.platform.engine.support.hierarchical.ThrowableCollector.execute(ThrowableCollector.java:73) ~[junit-platform-engine-1.10.5.jar:1.10.5]
    	at org.junit.jupiter.engine.descriptor.TestMethodTestDescriptor.prepare(TestMethodTestDescriptor.java:105) ~[junit-jupiter-engine-5.10.5.jar:5.10.5]
    	at org.junit.jupiter.engine.descriptor.TestMethodTestDescriptor.prepare(TestMethodTestDescriptor.java:69) ~[junit-jupiter-engine-5.10.5.jar:5.10.5]
    	at org.junit.platform.engine.support.hierarchical.NodeTestTask.lambda$prepare$2(NodeTestTask.java:128) ~[junit-platform-engine-1.10.5.jar:1.10.5]
    	at org.junit.platform.engine.support.hierarchical.ThrowableCollector.execute(ThrowableCollector.java:73) ~[junit-platform-engine-1.10.5.jar:1.10.5]
    	at org.junit.platform.engine.support.hierarchical.NodeTestTask.prepare(NodeTestTask.java:128) ~[junit-platform-engine-1.10.5.jar:1.10.5]
    	at org.junit.platform.engine.support.hierarchical.NodeTestTask.execute(NodeTestTask.java:95) ~[junit-platform-engine-1.10.5.jar:1.10.5]
    	at java.base/java.util.ArrayList.forEach(ArrayList.java:1596) ~[na:na]
    	at org.junit.platform.engine.support.hierarchical.SameThreadHierarchicalTestExecutorService.invokeAll(SameThreadHierarchicalTestExecutorService.java:41) ~[junit-platform-engine-1.10.5.jar:1.10.5]
    	at org.junit.platform.engine.support.hierarchical.NodeTestTask.lambda$executeRecursively$6(NodeTestTask.java:160) ~[junit-platform-engine-1.10.5.jar:1.10.5]
    	at org.junit.platform.engine.support.hierarchical.ThrowableCollector.execute(ThrowableCollector.java:73) ~[junit-platform-engine-1.10.5.jar:1.10.5]
    	at org.junit.platform.engine.support.hierarchical.NodeTestTask.lambda$executeRecursively$8(NodeTestTask.java:146) ~[junit-platform-engine-1.10.5.jar:1.10.5]
    	at org.junit.platform.engine.support.hierarchical.Node.around(Node.java:137) ~[junit-platform-engine-1.10.5.jar:1.10.5]
    	at org.junit.platform.engine.support.hierarchical.NodeTestTask.lambda$executeRecursively$9(NodeTestTask.java:144) ~[junit-platform-engine-1.10.5.jar:1.10.5]
    	at org.junit.platform.engine.support.hierarchical.ThrowableCollector.execute(ThrowableCollector.java:73) ~[junit-platform-engine-1.10.5.jar:1.10.5]
    	at org.junit.platform.engine.support.hierarchical.NodeTestTask.executeRecursively(NodeTestTask.java:143) ~[junit-platform-engine-1.10.5.jar:1.10.5]
    	at org.junit.platform.engine.support.hierarchical.NodeTestTask.execute(NodeTestTask.java:100) ~[junit-platform-engine-1.10.5.jar:1.10.5]
    	at java.base/java.util.ArrayList.forEach(ArrayList.java:1596) ~[na:na]
    	at org.junit.platform.engine.support.hierarchical.SameThreadHierarchicalTestExecutorService.invokeAll(SameThreadHierarchicalTestExecutorService.java:41) ~[junit-platform-engine-1.10.5.jar:1.10.5]
    	at org.junit.platform.engine.support.hierarchical.NodeTestTask.lambda$executeRecursively$6(NodeTestTask.java:160) ~[junit-platform-engine-1.10.5.jar:1.10.5]
    	at org.junit.platform.engine.support.hierarchical.ThrowableCollector.execute(ThrowableCollector.java:73) ~[junit-platform-engine-1.10.5.jar:1.10.5]
    	at org.junit.platform.engine.support.hierarchical.NodeTestTask.lambda$executeRecursively$8(NodeTestTask.java:146) ~[junit-platform-engine-1.10.5.jar:1.10.5]
    	at org.junit.platform.engine.support.hierarchical.Node.around(Node.java:137) ~[junit-platform-engine-1.10.5.jar:1.10.5]
    	at org.junit.platform.engine.support.hierarchical.NodeTestTask.lambda$executeRecursively$9(NodeTestTask.java:144) ~[junit-platform-engine-1.10.5.jar:1.10.5]
    	at org.junit.platform.engine.support.hierarchical.ThrowableCollector.execute(ThrowableCollector.java:73) ~[junit-platform-engine-1.10.5.jar:1.10.5]
    	at org.junit.platform.engine.support.hierarchical.NodeTestTask.executeRecursively(NodeTestTask.java:143) ~[junit-platform-engine-1.10.5.jar:1.10.5]
    	at org.junit.platform.engine.support.hierarchical.NodeTestTask.execute(NodeTestTask.java:100) ~[junit-platform-engine-1.10.5.jar:1.10.5]
    	at java.base/java.util.ArrayList.forEach(ArrayList.java:1596) ~[na:na]
    	at org.junit.platform.engine.support.hierarchical.SameThreadHierarchicalTestExecutorService.invokeAll(SameThreadHierarchicalTestExecutorService.java:41) ~[junit-platform-engine-1.10.5.jar:1.10.5]
    	at org.junit.platform.engine.support.hierarchical.NodeTestTask.lambda$executeRecursively$6(NodeTestTask.java:160) ~[junit-platform-engine-1.10.5.jar:1.10.5]
    	at org.junit.platform.engine.support.hierarchical.ThrowableCollector.execute(ThrowableCollector.java:73) ~[junit-platform-engine-1.10.5.jar:1.10.5]
    	at org.junit.platform.engine.support.hierarchical.NodeTestTask.lambda$executeRecursively$8(NodeTestTask.java:146) ~[junit-platform-engine-1.10.5.jar:1.10.5]
    	at org.junit.platform.engine.support.hierarchical.Node.around(Node.java:137) ~[junit-platform-engine-1.10.5.jar:1.10.5]
    	at org.junit.platform.engine.support.hierarchical.NodeTestTask.lambda$executeRecursively$9(NodeTestTask.java:144) ~[junit-platform-engine-1.10.5.jar:1.10.5]
    	at org.junit.platform.engine.support.hierarchical.ThrowableCollector.execute(ThrowableCollector.java:73) ~[junit-platform-engine-1.10.5.jar:1.10.5]
    	at org.junit.platform.engine.support.hierarchical.NodeTestTask.executeRecursively(NodeTestTask.java:143) ~[junit-platform-engine-1.10.5.jar:1.10.5]
    	at org.junit.platform.engine.support.hierarchical.NodeTestTask.execute(NodeTestTask.java:100) ~[junit-platform-engine-1.10.5.jar:1.10.5]
    	at org.junit.platform.engine.support.hierarchical.SameThreadHierarchicalTestExecutorService.submit(SameThreadHierarchicalTestExecutorService.java:35) ~[junit-platform-engine-1.10.5.jar:1.10.5]
    	at org.junit.platform.engine.support.hierarchical.HierarchicalTestExecutor.execute(HierarchicalTestExecutor.java:57) ~[junit-platform-engine-1.10.5.jar:1.10.5]
    	at org.junit.platform.engine.support.hierarchical.HierarchicalTestEngine.execute(HierarchicalTestEngine.java:54) ~[junit-platform-engine-1.10.5.jar:1.10.5]
    	at org.junit.platform.launcher.core.EngineExecutionOrchestrator.execute(EngineExecutionOrchestrator.java:198) ~[junit-platform-launcher-1.10.5.jar:1.10.5]
    	at org.junit.platform.launcher.core.EngineExecutionOrchestrator.execute(EngineExecutionOrchestrator.java:169) ~[junit-platform-launcher-1.10.5.jar:1.10.5]
    	at org.junit.platform.launcher.core.EngineExecutionOrchestrator.execute(EngineExecutionOrchestrator.java:93) ~[junit-platform-launcher-1.10.5.jar:1.10.5]
    	at org.junit.platform.launcher.core.EngineExecutionOrchestrator.lambda$execute$0(EngineExecutionOrchestrator.java:58) ~[junit-platform-launcher-1.10.5.jar:1.10.5]
    	at org.junit.platform.launcher.core.EngineExecutionOrchestrator.withInterceptedStreams(EngineExecutionOrchestrator.java:141) ~[junit-platform-launcher-1.10.5.jar:1.10.5]
    	at org.junit.platform.launcher.core.EngineExecutionOrchestrator.execute(EngineExecutionOrchestrator.java:57) ~[junit-platform-launcher-1.10.5.jar:1.10.5]
    	at org.junit.platform.launcher.core.DefaultLauncher.execute(DefaultLauncher.java:103) ~[junit-platform-launcher-1.10.5.jar:1.10.5]
    	at org.junit.platform.launcher.core.DefaultLauncher.execute(DefaultLauncher.java:85) ~[junit-platform-launcher-1.10.5.jar:1.10.5]
    	at org.junit.platform.launcher.core.DelegatingLauncher.execute(DelegatingLauncher.java:47) ~[junit-platform-launcher-1.10.5.jar:1.10.5]
    	at org.gradle.api.internal.tasks.testing.junitplatform.JUnitPlatformTestClassProcessor$CollectAllTestClassesExecutor.processAllTestClasses(JUnitPlatformTestClassProcessor.java:124) ~[na:na]
    	at org.gradle.api.internal.tasks.testing.junitplatform.JUnitPlatformTestClassProcessor$CollectAllTestClassesExecutor.access$000(JUnitPlatformTestClassProcessor.java:99) ~[na:na]
    	at org.gradle.api.internal.tasks.testing.junitplatform.JUnitPlatformTestClassProcessor.stop(JUnitPlatformTestClassProcessor.java:94) ~[na:na]
    	at org.gradle.api.internal.tasks.testing.SuiteTestClassProcessor.stop(SuiteTestClassProcessor.java:63) ~[na:na]
    	at java.base/jdk.internal.reflect.DirectMethodHandleAccessor.invoke(DirectMethodHandleAccessor.java:103) ~[na:na]
    	at java.base/java.lang.reflect.Method.invoke(Method.java:580) ~[na:na]
    	at org.gradle.internal.dispatch.ReflectionDispatch.dispatch(ReflectionDispatch.java:36) ~[na:na]
    	at org.gradle.internal.dispatch.ReflectionDispatch.dispatch(ReflectionDispatch.java:24) ~[na:na]
    	at org.gradle.internal.dispatch.ContextClassLoaderDispatch.dispatch(ContextClassLoaderDispatch.java:33) ~[na:na]
    	at org.gradle.internal.dispatch.ProxyDispatchAdapter$DispatchingInvocationHandler.invoke(ProxyDispatchAdapter.java:92) ~[na:na]
    	at jdk.proxy1/jdk.proxy1.$Proxy4.stop(Unknown Source) ~[na:na]
    	at org.gradle.api.internal.tasks.testing.worker.TestWorker$3.run(TestWorker.java:200) ~[na:na]
    	at org.gradle.api.internal.tasks.testing.worker.TestWorker.executeAndMaintainThreadName(TestWorker.java:132) ~[na:na]
    	at org.gradle.api.internal.tasks.testing.worker.TestWorker.execute(TestWorker.java:103) ~[na:na]
    	at org.gradle.api.internal.tasks.testing.worker.TestWorker.execute(TestWorker.java:63) ~[na:na]
    	at org.gradle.process.internal.worker.child.ActionExecutionWorker.execute(ActionExecutionWorker.java:56) ~[na:na]
    	at org.gradle.process.internal.worker.child.SystemApplicationClassLoaderWorker.call(SystemApplicationClassLoaderWorker.java:121) ~[na:na]
    	at org.gradle.process.internal.worker.child.SystemApplicationClassLoaderWorker.call(SystemApplicationClassLoaderWorker.java:71) ~[na:na]
    	at worker.org.gradle.process.internal.worker.GradleWorkerMain.run(GradleWorkerMain.java:69) ~[gradle-worker.jar:na]
    	at worker.org.gradle.process.internal.worker.GradleWorkerMain.main(GradleWorkerMain.java:74) ~[gradle-worker.jar:na]
    Caused by: org.h2.jdbc.JdbcSQLNonTransientException: Unknown data type: "JSONB"; SQL statement:

        create table control_logs (
            control_log_id bigint generated by default as identity,
            created_at timestamp(6) with time zone not null,
            deleted_at timestamp(6) with time zone,
            device_id bigint not null,
            updated_at timestamp(6) with time zone not null,
            user_id bigint not null,
            command varchar(50) not null,
            correlation_id varchar(100),
            error_message TEXT,
            actor_type enum ('ADMIN','RESIDENT') not null,
            command_params jsonb,
            result enum ('FAILURE','SUCCESS') not null,
            primary key (control_log_id)
        ) [50004-224]
    	at org.h2.message.DbException.getJdbcSQLException(DbException.java:566) ~[h2-2.2.224.jar:2.2.224]
    	at org.h2.message.DbException.getJdbcSQLException(DbException.java:489) ~[h2-2.2.224.jar:2.2.224]
    	at org.h2.message.DbException.get(DbException.java:223) ~[h2-2.2.224.jar:2.2.224]
    	at org.h2.message.DbException.get(DbException.java:199) ~[h2-2.2.224.jar:2.2.224]
    	at org.h2.command.Parser.readIfDataType1(Parser.java:5866) ~[h2-2.2.224.jar:2.2.224]
    	at org.h2.command.Parser.readIfDataType(Parser.java:5704) ~[h2-2.2.224.jar:2.2.224]
    	at org.h2.command.Parser.parseColumnWithType(Parser.java:5686) ~[h2-2.2.224.jar:2.2.224]
    	at org.h2.command.Parser.parseColumnForTable(Parser.java:5565) ~[h2-2.2.224.jar:2.2.224]
    	at org.h2.command.Parser.parseTableColumnDefinition(Parser.java:8999) ~[h2-2.2.224.jar:2.2.224]
    	at org.h2.command.Parser.parseCreateTable(Parser.java:8939) ~[h2-2.2.224.jar:2.2.224]
    	at org.h2.command.Parser.parseCreate(Parser.java:6404) ~[h2-2.2.224.jar:2.2.224]
    	at org.h2.command.Parser.parsePrepared(Parser.java:666) ~[h2-2.2.224.jar:2.2.224]
    	at org.h2.command.Parser.parse(Parser.java:592) ~[h2-2.2.224.jar:2.2.224]
    	at org.h2.command.Parser.parse(Parser.java:564) ~[h2-2.2.224.jar:2.2.224]
    	at org.h2.command.Parser.prepareCommand(Parser.java:483) ~[h2-2.2.224.jar:2.2.224]
    	at org.h2.engine.SessionLocal.prepareLocal(SessionLocal.java:639) ~[h2-2.2.224.jar:2.2.224]
    	at org.h2.engine.SessionLocal.prepareCommand(SessionLocal.java:559) ~[h2-2.2.224.jar:2.2.224]
    	at org.h2.jdbc.JdbcConnection.prepareCommand(JdbcConnection.java:1166) ~[h2-2.2.224.jar:2.2.224]
    	at org.h2.jdbc.JdbcStatement.executeInternal(JdbcStatement.java:245) ~[h2-2.2.224.jar:2.2.224]
    	at org.h2.jdbc.JdbcStatement.execute(JdbcStatement.java:231) ~[h2-2.2.224.jar:2.2.224]
    	at org.hibernate.tool.schema.internal.exec.GenerationTargetToDatabase.accept(GenerationTargetToDatabase.java:80) ~[hibernate-core-6.5.3.Final.jar:6.5.3.Final]
    	... 143 common frames omitted

    2026-04-13T12:41:42.080+09:00 DEBUG 4752 --- [    Test worker] org.hibernate.SQL                        : 
        create table device_types (
            is_system_default boolean not null,
            created_at timestamp(6) with time zone not null,
            deleted_at timestamp(6) with time zone,
            device_type_id bigint generated by default as identity,
            updated_at timestamp(6) with time zone not null,
            ui_type varchar(30),
            code varchar(50) not null,
            name varchar(100) not null,
            commands jsonb,
            primary key (device_type_id),
            unique (code)
        )
    Hibernate: 
        create table device_types (
            is_system_default boolean not null,
            created_at timestamp(6) with time zone not null,
            deleted_at timestamp(6) with time zone,
            device_type_id bigint generated by default as identity,
            updated_at timestamp(6) with time zone not null,
            ui_type varchar(30),
            code varchar(50) not null,
            name varchar(100) not null,
            commands jsonb,
            primary key (device_type_id),
            unique (code)
        )
    2026-04-13T12:41:42.080+09:00  WARN 4752 --- [    Test worker] o.h.t.s.i.ExceptionHandlerLoggedImpl     : GenerationTarget encountered exception accepting command : Error executing DDL "
        create table device_types (
            is_system_default boolean not null,
            created_at timestamp(6) with time zone not null,
            deleted_at timestamp(6) with time zone,
            device_type_id bigint generated by default as identity,
            updated_at timestamp(6) with time zone not null,
            ui_type varchar(30),
            code varchar(50) not null,
            name varchar(100) not null,
            commands jsonb,
            primary key (device_type_id),
            unique (code)
        )" via JDBC [Unknown data type: "JSONB";]

    org.hibernate.tool.schema.spi.CommandAcceptanceException: Error executing DDL "
        create table device_types (
            is_system_default boolean not null,
            created_at timestamp(6) with time zone not null,
            deleted_at timestamp(6) with time zone,
            device_type_id bigint generated by default as identity,
            updated_at timestamp(6) with time zone not null,
            ui_type varchar(30),
            code varchar(50) not null,
            name varchar(100) not null,
            commands jsonb,
            primary key (device_type_id),
            unique (code)
        )" via JDBC [Unknown data type: "JSONB";]
    	at org.hibernate.tool.schema.internal.exec.GenerationTargetToDatabase.accept(GenerationTargetToDatabase.java:94) ~[hibernate-core-6.5.3.Final.jar:6.5.3.Final]
    	at org.hibernate.tool.schema.internal.Helper.applySqlString(Helper.java:233) ~[hibernate-core-6.5.3.Final.jar:6.5.3.Final]
    	at org.hibernate.tool.schema.internal.Helper.applySqlStrings(Helper.java:217) ~[hibernate-core-6.5.3.Final.jar:6.5.3.Final]
    	at org.hibernate.tool.schema.internal.SchemaCreatorImpl.createTables(SchemaCreatorImpl.java:428) ~[hibernate-core-6.5.3.Final.jar:6.5.3.Final]
    	at org.hibernate.tool.schema.internal.SchemaCreatorImpl.createSequencesTablesConstraints(SchemaCreatorImpl.java:344) ~[hibernate-core-6.5.3.Final.jar:6.5.3.Final]
    	at org.hibernate.tool.schema.internal.SchemaCreatorImpl.createFromMetadata(SchemaCreatorImpl.java:239) ~[hibernate-core-6.5.3.Final.jar:6.5.3.Final]
    	at org.hibernate.tool.schema.internal.SchemaCreatorImpl.performCreation(SchemaCreatorImpl.java:172) ~[hibernate-core-6.5.3.Final.jar:6.5.3.Final]
    	at org.hibernate.tool.schema.internal.SchemaCreatorImpl.doCreation(SchemaCreatorImpl.java:142) ~[hibernate-core-6.5.3.Final.jar:6.5.3.Final]
    	at org.hibernate.tool.schema.internal.SchemaCreatorImpl.doCreation(SchemaCreatorImpl.java:118) ~[hibernate-core-6.5.3.Final.jar:6.5.3.Final]
    	at org.hibernate.tool.schema.spi.SchemaManagementToolCoordinator.performDatabaseAction(SchemaManagementToolCoordinator.java:250) ~[hibernate-core-6.5.3.Final.jar:6.5.3.Final]
    	at org.hibernate.tool.schema.spi.SchemaManagementToolCoordinator.lambda$process$5(SchemaManagementToolCoordinator.java:144) ~[hibernate-core-6.5.3.Final.jar:6.5.3.Final]
    	at java.base/java.util.HashMap.forEach(HashMap.java:1429) ~[na:na]
    	at org.hibernate.tool.schema.spi.SchemaManagementToolCoordinator.process(SchemaManagementToolCoordinator.java:141) ~[hibernate-core-6.5.3.Final.jar:6.5.3.Final]
    	at org.hibernate.boot.internal.SessionFactoryObserverForSchemaExport.sessionFactoryCreated(SessionFactoryObserverForSchemaExport.java:37) ~[hibernate-core-6.5.3.Final.jar:6.5.3.Final]
    	at org.hibernate.internal.SessionFactoryObserverChain.sessionFactoryCreated(SessionFactoryObserverChain.java:35) ~[hibernate-core-6.5.3.Final.jar:6.5.3.Final]
    	at org.hibernate.internal.SessionFactoryImpl.<init>(SessionFactoryImpl.java:322) ~[hibernate-core-6.5.3.Final.jar:6.5.3.Final]
    	at org.hibernate.boot.internal.SessionFactoryBuilderImpl.build(SessionFactoryBuilderImpl.java:457) ~[hibernate-core-6.5.3.Final.jar:6.5.3.Final]
    	at org.hibernate.jpa.boot.internal.EntityManagerFactoryBuilderImpl.build(EntityManagerFactoryBuilderImpl.java:1506) ~[hibernate-core-6.5.3.Final.jar:6.5.3.Final]
    	at org.springframework.orm.jpa.vendor.SpringHibernateJpaPersistenceProvider.createContainerEntityManagerFactory(SpringHibernateJpaPersistenceProvider.java:75) ~[spring-orm-6.1.18.jar:6.1.18]
    	at org.springframework.orm.jpa.LocalContainerEntityManagerFactoryBean.createNativeEntityManagerFactory(LocalContainerEntityManagerFactoryBean.java:390) ~[spring-orm-6.1.18.jar:6.1.18]
    	at org.springframework.orm.jpa.AbstractEntityManagerFactoryBean.buildNativeEntityManagerFactory(AbstractEntityManagerFactoryBean.java:409) ~[spring-orm-6.1.18.jar:6.1.18]
    	at org.springframework.orm.jpa.AbstractEntityManagerFactoryBean.afterPropertiesSet(AbstractEntityManagerFactoryBean.java:396) ~[spring-orm-6.1.18.jar:6.1.18]
    	at org.springframework.orm.jpa.LocalContainerEntityManagerFactoryBean.afterPropertiesSet(LocalContainerEntityManagerFactoryBean.java:366) ~[spring-orm-6.1.18.jar:6.1.18]
    	at org.springframework.beans.factory.support.AbstractAutowireCapableBeanFactory.invokeInitMethods(AbstractAutowireCapableBeanFactory.java:1853) ~[spring-beans-6.1.18.jar:6.1.18]
    	at org.springframework.beans.factory.support.AbstractAutowireCapableBeanFactory.initializeBean(AbstractAutowireCapableBeanFactory.java:1802) ~[spring-beans-6.1.18.jar:6.1.18]
    	at org.springframework.beans.factory.support.AbstractAutowireCapableBeanFactory.doCreateBean(AbstractAutowireCapableBeanFactory.java:600) ~[spring-beans-6.1.18.jar:6.1.18]
    	at org.springframework.beans.factory.support.AbstractAutowireCapableBeanFactory.createBean(AbstractAutowireCapableBeanFactory.java:522) ~[spring-beans-6.1.18.jar:6.1.18]
    	at org.springframework.beans.factory.support.AbstractBeanFactory.lambda$doGetBean$0(AbstractBeanFactory.java:337) ~[spring-beans-6.1.18.jar:6.1.18]
    	at org.springframework.beans.factory.support.DefaultSingletonBeanRegistry.getSingleton(DefaultSingletonBeanRegistry.java:234) ~[spring-beans-6.1.18.jar:6.1.18]
    	at org.springframework.beans.factory.support.AbstractBeanFactory.doGetBean(AbstractBeanFactory.java:335) ~[spring-beans-6.1.18.jar:6.1.18]
    	at org.springframework.beans.factory.support.AbstractBeanFactory.getBean(AbstractBeanFactory.java:205) ~[spring-beans-6.1.18.jar:6.1.18]
    	at org.springframework.context.support.AbstractApplicationContext.finishBeanFactoryInitialization(AbstractApplicationContext.java:954) ~[spring-context-6.1.18.jar:6.1.18]
    	at org.springframework.context.support.AbstractApplicationContext.refresh(AbstractApplicationContext.java:625) ~[spring-context-6.1.18.jar:6.1.18]
    	at org.springframework.boot.SpringApplication.refresh(SpringApplication.java:754) ~[spring-boot-3.3.10.jar:3.3.10]
    	at org.springframework.boot.SpringApplication.refreshContext(SpringApplication.java:456) ~[spring-boot-3.3.10.jar:3.3.10]
    	at org.springframework.boot.SpringApplication.run(SpringApplication.java:335) ~[spring-boot-3.3.10.jar:3.3.10]
    	at org.springframework.boot.test.context.SpringBootContextLoader.lambda$loadContext$3(SpringBootContextLoader.java:145) ~[spring-boot-test-3.3.10.jar:3.3.10]
    	at org.springframework.util.function.ThrowingSupplier.get(ThrowingSupplier.java:58) ~[spring-core-6.1.18.jar:6.1.18]
    	at org.springframework.util.function.ThrowingSupplier.get(ThrowingSupplier.java:46) ~[spring-core-6.1.18.jar:6.1.18]
    	at org.springframework.boot.SpringApplication.withHook(SpringApplication.java:1463) ~[spring-boot-3.3.10.jar:3.3.10]
    	at org.springframework.boot.test.context.SpringBootContextLoader$ContextLoaderHook.run(SpringBootContextLoader.java:564) ~[spring-boot-test-3.3.10.jar:3.3.10]
    	at org.springframework.boot.test.context.SpringBootContextLoader.loadContext(SpringBootContextLoader.java:145) ~[spring-boot-test-3.3.10.jar:3.3.10]
    	at org.springframework.boot.test.context.SpringBootContextLoader.loadContext(SpringBootContextLoader.java:116) ~[spring-boot-test-3.3.10.jar:3.3.10]
    	at org.springframework.test.context.cache.DefaultCacheAwareContextLoaderDelegate.loadContextInternal(DefaultCacheAwareContextLoaderDelegate.java:225) ~[spring-test-6.1.18.jar:6.1.18]
    	at org.springframework.test.context.cache.DefaultCacheAwareContextLoaderDelegate.loadContext(DefaultCacheAwareContextLoaderDelegate.java:152) ~[spring-test-6.1.18.jar:6.1.18]
    	at org.springframework.test.context.support.DefaultTestContext.getApplicationContext(DefaultTestContext.java:130) ~[spring-test-6.1.18.jar:6.1.18]
    	at org.springframework.test.context.support.DependencyInjectionTestExecutionListener.injectDependencies(DependencyInjectionTestExecutionListener.java:142) ~[spring-test-6.1.18.jar:6.1.18]
    	at org.springframework.test.context.support.DependencyInjectionTestExecutionListener.prepareTestInstance(DependencyInjectionTestExecutionListener.java:98) ~[spring-test-6.1.18.jar:6.1.18]
    	at org.springframework.test.context.TestContextManager.prepareTestInstance(TestContextManager.java:260) ~[spring-test-6.1.18.jar:6.1.18]
    	at org.springframework.test.context.junit.jupiter.SpringExtension.postProcessTestInstance(SpringExtension.java:163) ~[spring-test-6.1.18.jar:6.1.18]
    	at org.junit.jupiter.engine.descriptor.ClassBasedTestDescriptor.lambda$invokeTestInstancePostProcessors$10(ClassBasedTestDescriptor.java:378) ~[junit-jupiter-engine-5.10.5.jar:5.10.5]
    	at org.junit.jupiter.engine.descriptor.ClassBasedTestDescriptor.executeAndMaskThrowable(ClassBasedTestDescriptor.java:383) ~[junit-jupiter-engine-5.10.5.jar:5.10.5]
    	at org.junit.jupiter.engine.descriptor.ClassBasedTestDescriptor.lambda$invokeTestInstancePostProcessors$11(ClassBasedTestDescriptor.java:378) ~[junit-jupiter-engine-5.10.5.jar:5.10.5]
    	at java.base/java.util.stream.ReferencePipeline$3$1.accept(ReferencePipeline.java:197) ~[na:na]
    	at java.base/java.util.stream.ReferencePipeline$2$1.accept(ReferencePipeline.java:179) ~[na:na]
    	at java.base/java.util.ArrayList$ArrayListSpliterator.forEachRemaining(ArrayList.java:1708) ~[na:na]
    	at java.base/java.util.stream.AbstractPipeline.copyInto(AbstractPipeline.java:509) ~[na:na]
    	at java.base/java.util.stream.AbstractPipeline.wrapAndCopyInto(AbstractPipeline.java:499) ~[na:na]
    	at java.base/java.util.stream.StreamSpliterators$WrappingSpliterator.forEachRemaining(StreamSpliterators.java:310) ~[na:na]
    	at java.base/java.util.stream.Streams$ConcatSpliterator.forEachRemaining(Streams.java:735) ~[na:na]
    	at java.base/java.util.stream.ReferencePipeline$Head.forEach(ReferencePipeline.java:762) ~[na:na]
    	at org.junit.jupiter.engine.descriptor.ClassBasedTestDescriptor.invokeTestInstancePostProcessors(ClassBasedTestDescriptor.java:377) ~[junit-jupiter-engine-5.10.5.jar:5.10.5]
    	at org.junit.jupiter.engine.descriptor.ClassBasedTestDescriptor.lambda$instantiateAndPostProcessTestInstance$6(ClassBasedTestDescriptor.java:290) ~[junit-jupiter-engine-5.10.5.jar:5.10.5]
    	at org.junit.platform.engine.support.hierarchical.ThrowableCollector.execute(ThrowableCollector.java:73) ~[junit-platform-engine-1.10.5.jar:1.10.5]
    	at org.junit.jupiter.engine.descriptor.ClassBasedTestDescriptor.instantiateAndPostProcessTestInstance(ClassBasedTestDescriptor.java:289) ~[junit-jupiter-engine-5.10.5.jar:5.10.5]
    	at org.junit.jupiter.engine.descriptor.ClassBasedTestDescriptor.lambda$testInstancesProvider$4(ClassBasedTestDescriptor.java:279) ~[junit-jupiter-engine-5.10.5.jar:5.10.5]
    	at java.base/java.util.Optional.orElseGet(Optional.java:364) ~[na:na]
    	at org.junit.jupiter.engine.descriptor.ClassBasedTestDescriptor.lambda$testInstancesProvider$5(ClassBasedTestDescriptor.java:278) ~[junit-jupiter-engine-5.10.5.jar:5.10.5]
    	at org.junit.jupiter.engine.descriptor.NestedClassTestDescriptor.instantiateTestClass(NestedClassTestDescriptor.java:85) ~[junit-jupiter-engine-5.10.5.jar:5.10.5]
    	at org.junit.jupiter.engine.descriptor.ClassBasedTestDescriptor.instantiateAndPostProcessTestInstance(ClassBasedTestDescriptor.java:287) ~[junit-jupiter-engine-5.10.5.jar:5.10.5]
    	at org.junit.jupiter.engine.descriptor.ClassBasedTestDescriptor.lambda$testInstancesProvider$4(ClassBasedTestDescriptor.java:279) ~[junit-jupiter-engine-5.10.5.jar:5.10.5]
    	at java.base/java.util.Optional.orElseGet(Optional.java:364) ~[na:na]
    	at org.junit.jupiter.engine.descriptor.ClassBasedTestDescriptor.lambda$testInstancesProvider$5(ClassBasedTestDescriptor.java:278) ~[junit-jupiter-engine-5.10.5.jar:5.10.5]
    	at org.junit.jupiter.engine.execution.TestInstancesProvider.getTestInstances(TestInstancesProvider.java:31) ~[junit-jupiter-engine-5.10.5.jar:5.10.5]
    	at org.junit.jupiter.engine.descriptor.TestMethodTestDescriptor.lambda$prepare$0(TestMethodTestDescriptor.java:106) ~[junit-jupiter-engine-5.10.5.jar:5.10.5]
    	at org.junit.platform.engine.support.hierarchical.ThrowableCollector.execute(ThrowableCollector.java:73) ~[junit-platform-engine-1.10.5.jar:1.10.5]
    	at org.junit.jupiter.engine.descriptor.TestMethodTestDescriptor.prepare(TestMethodTestDescriptor.java:105) ~[junit-jupiter-engine-5.10.5.jar:5.10.5]
    	at org.junit.jupiter.engine.descriptor.TestMethodTestDescriptor.prepare(TestMethodTestDescriptor.java:69) ~[junit-jupiter-engine-5.10.5.jar:5.10.5]
    	at org.junit.platform.engine.support.hierarchical.NodeTestTask.lambda$prepare$2(NodeTestTask.java:128) ~[junit-platform-engine-1.10.5.jar:1.10.5]
    	at org.junit.platform.engine.support.hierarchical.ThrowableCollector.execute(ThrowableCollector.java:73) ~[junit-platform-engine-1.10.5.jar:1.10.5]
    	at org.junit.platform.engine.support.hierarchical.NodeTestTask.prepare(NodeTestTask.java:128) ~[junit-platform-engine-1.10.5.jar:1.10.5]
    	at org.junit.platform.engine.support.hierarchical.NodeTestTask.execute(NodeTestTask.java:95) ~[junit-platform-engine-1.10.5.jar:1.10.5]
    	at java.base/java.util.ArrayList.forEach(ArrayList.java:1596) ~[na:na]
    	at org.junit.platform.engine.support.hierarchical.SameThreadHierarchicalTestExecutorService.invokeAll(SameThreadHierarchicalTestExecutorService.java:41) ~[junit-platform-engine-1.10.5.jar:1.10.5]
    	at org.junit.platform.engine.support.hierarchical.NodeTestTask.lambda$executeRecursively$6(NodeTestTask.java:160) ~[junit-platform-engine-1.10.5.jar:1.10.5]
    	at org.junit.platform.engine.support.hierarchical.ThrowableCollector.execute(ThrowableCollector.java:73) ~[junit-platform-engine-1.10.5.jar:1.10.5]
    	at org.junit.platform.engine.support.hierarchical.NodeTestTask.lambda$executeRecursively$8(NodeTestTask.java:146) ~[junit-platform-engine-1.10.5.jar:1.10.5]
    	at org.junit.platform.engine.support.hierarchical.Node.around(Node.java:137) ~[junit-platform-engine-1.10.5.jar:1.10.5]
    	at org.junit.platform.engine.support.hierarchical.NodeTestTask.lambda$executeRecursively$9(NodeTestTask.java:144) ~[junit-platform-engine-1.10.5.jar:1.10.5]
    	at org.junit.platform.engine.support.hierarchical.ThrowableCollector.execute(ThrowableCollector.java:73) ~[junit-platform-engine-1.10.5.jar:1.10.5]
    	at org.junit.platform.engine.support.hierarchical.NodeTestTask.executeRecursively(NodeTestTask.java:143) ~[junit-platform-engine-1.10.5.jar:1.10.5]
    	at org.junit.platform.engine.support.hierarchical.NodeTestTask.execute(NodeTestTask.java:100) ~[junit-platform-engine-1.10.5.jar:1.10.5]
    	at java.base/java.util.ArrayList.forEach(ArrayList.java:1596) ~[na:na]
    	at org.junit.platform.engine.support.hierarchical.SameThreadHierarchicalTestExecutorService.invokeAll(SameThreadHierarchicalTestExecutorService.java:41) ~[junit-platform-engine-1.10.5.jar:1.10.5]
    	at org.junit.platform.engine.support.hierarchical.NodeTestTask.lambda$executeRecursively$6(NodeTestTask.java:160) ~[junit-platform-engine-1.10.5.jar:1.10.5]
    	at org.junit.platform.engine.support.hierarchical.ThrowableCollector.execute(ThrowableCollector.java:73) ~[junit-platform-engine-1.10.5.jar:1.10.5]
    	at org.junit.platform.engine.support.hierarchical.NodeTestTask.lambda$executeRecursively$8(NodeTestTask.java:146) ~[junit-platform-engine-1.10.5.jar:1.10.5]
    	at org.junit.platform.engine.support.hierarchical.Node.around(Node.java:137) ~[junit-platform-engine-1.10.5.jar:1.10.5]
    	at org.junit.platform.engine.support.hierarchical.NodeTestTask.lambda$executeRecursively$9(NodeTestTask.java:144) ~[junit-platform-engine-1.10.5.jar:1.10.5]
    	at org.junit.platform.engine.support.hierarchical.ThrowableCollector.execute(ThrowableCollector.java:73) ~[junit-platform-engine-1.10.5.jar:1.10.5]
    	at org.junit.platform.engine.support.hierarchical.NodeTestTask.executeRecursively(NodeTestTask.java:143) ~[junit-platform-engine-1.10.5.jar:1.10.5]
    	at org.junit.platform.engine.support.hierarchical.NodeTestTask.execute(NodeTestTask.java:100) ~[junit-platform-engine-1.10.5.jar:1.10.5]
    	at java.base/java.util.ArrayList.forEach(ArrayList.java:1596) ~[na:na]
    	at org.junit.platform.engine.support.hierarchical.SameThreadHierarchicalTestExecutorService.invokeAll(SameThreadHierarchicalTestExecutorService.java:41) ~[junit-platform-engine-1.10.5.jar:1.10.5]
    	at org.junit.platform.engine.support.hierarchical.NodeTestTask.lambda$executeRecursively$6(NodeTestTask.java:160) ~[junit-platform-engine-1.10.5.jar:1.10.5]
    	at org.junit.platform.engine.support.hierarchical.ThrowableCollector.execute(ThrowableCollector.java:73) ~[junit-platform-engine-1.10.5.jar:1.10.5]
    	at org.junit.platform.engine.support.hierarchical.NodeTestTask.lambda$executeRecursively$8(NodeTestTask.java:146) ~[junit-platform-engine-1.10.5.jar:1.10.5]
    	at org.junit.platform.engine.support.hierarchical.Node.around(Node.java:137) ~[junit-platform-engine-1.10.5.jar:1.10.5]
    	at org.junit.platform.engine.support.hierarchical.NodeTestTask.lambda$executeRecursively$9(NodeTestTask.java:144) ~[junit-platform-engine-1.10.5.jar:1.10.5]
    	at org.junit.platform.engine.support.hierarchical.ThrowableCollector.execute(ThrowableCollector.java:73) ~[junit-platform-engine-1.10.5.jar:1.10.5]
    	at org.junit.platform.engine.support.hierarchical.NodeTestTask.executeRecursively(NodeTestTask.java:143) ~[junit-platform-engine-1.10.5.jar:1.10.5]
    	at org.junit.platform.engine.support.hierarchical.NodeTestTask.execute(NodeTestTask.java:100) ~[junit-platform-engine-1.10.5.jar:1.10.5]
    	at org.junit.platform.engine.support.hierarchical.SameThreadHierarchicalTestExecutorService.submit(SameThreadHierarchicalTestExecutorService.java:35) ~[junit-platform-engine-1.10.5.jar:1.10.5]
    	at org.junit.platform.engine.support.hierarchical.HierarchicalTestExecutor.execute(HierarchicalTestExecutor.java:57) ~[junit-platform-engine-1.10.5.jar:1.10.5]
    	at org.junit.platform.engine.support.hierarchical.HierarchicalTestEngine.execute(HierarchicalTestEngine.java:54) ~[junit-platform-engine-1.10.5.jar:1.10.5]
    	at org.junit.platform.launcher.core.EngineExecutionOrchestrator.execute(EngineExecutionOrchestrator.java:198) ~[junit-platform-launcher-1.10.5.jar:1.10.5]
    	at org.junit.platform.launcher.core.EngineExecutionOrchestrator.execute(EngineExecutionOrchestrator.java:169) ~[junit-platform-launcher-1.10.5.jar:1.10.5]
    	at org.junit.platform.launcher.core.EngineExecutionOrchestrator.execute(EngineExecutionOrchestrator.java:93) ~[junit-platform-launcher-1.10.5.jar:1.10.5]
    	at org.junit.platform.launcher.core.EngineExecutionOrchestrator.lambda$execute$0(EngineExecutionOrchestrator.java:58) ~[junit-platform-launcher-1.10.5.jar:1.10.5]
    	at org.junit.platform.launcher.core.EngineExecutionOrchestrator.withInterceptedStreams(EngineExecutionOrchestrator.java:141) ~[junit-platform-launcher-1.10.5.jar:1.10.5]
    	at org.junit.platform.launcher.core.EngineExecutionOrchestrator.execute(EngineExecutionOrchestrator.java:57) ~[junit-platform-launcher-1.10.5.jar:1.10.5]
    	at org.junit.platform.launcher.core.DefaultLauncher.execute(DefaultLauncher.java:103) ~[junit-platform-launcher-1.10.5.jar:1.10.5]
    	at org.junit.platform.launcher.core.DefaultLauncher.execute(DefaultLauncher.java:85) ~[junit-platform-launcher-1.10.5.jar:1.10.5]
    	at org.junit.platform.launcher.core.DelegatingLauncher.execute(DelegatingLauncher.java:47) ~[junit-platform-launcher-1.10.5.jar:1.10.5]
    	at org.gradle.api.internal.tasks.testing.junitplatform.JUnitPlatformTestClassProcessor$CollectAllTestClassesExecutor.processAllTestClasses(JUnitPlatformTestClassProcessor.java:124) ~[na:na]
    	at org.gradle.api.internal.tasks.testing.junitplatform.JUnitPlatformTestClassProcessor$CollectAllTestClassesExecutor.access$000(JUnitPlatformTestClassProcessor.java:99) ~[na:na]
    	at org.gradle.api.internal.tasks.testing.junitplatform.JUnitPlatformTestClassProcessor.stop(JUnitPlatformTestClassProcessor.java:94) ~[na:na]
    	at org.gradle.api.internal.tasks.testing.SuiteTestClassProcessor.stop(SuiteTestClassProcessor.java:63) ~[na:na]
    	at java.base/jdk.internal.reflect.DirectMethodHandleAccessor.invoke(DirectMethodHandleAccessor.java:103) ~[na:na]
    	at java.base/java.lang.reflect.Method.invoke(Method.java:580) ~[na:na]
    	at org.gradle.internal.dispatch.ReflectionDispatch.dispatch(ReflectionDispatch.java:36) ~[na:na]
    	at org.gradle.internal.dispatch.ReflectionDispatch.dispatch(ReflectionDispatch.java:24) ~[na:na]
    	at org.gradle.internal.dispatch.ContextClassLoaderDispatch.dispatch(ContextClassLoaderDispatch.java:33) ~[na:na]
    	at org.gradle.internal.dispatch.ProxyDispatchAdapter$DispatchingInvocationHandler.invoke(ProxyDispatchAdapter.java:92) ~[na:na]
    	at jdk.proxy1/jdk.proxy1.$Proxy4.stop(Unknown Source) ~[na:na]
    	at org.gradle.api.internal.tasks.testing.worker.TestWorker$3.run(TestWorker.java:200) ~[na:na]
    	at org.gradle.api.internal.tasks.testing.worker.TestWorker.executeAndMaintainThreadName(TestWorker.java:132) ~[na:na]
    	at org.gradle.api.internal.tasks.testing.worker.TestWorker.execute(TestWorker.java:103) ~[na:na]
    	at org.gradle.api.internal.tasks.testing.worker.TestWorker.execute(TestWorker.java:63) ~[na:na]
    	at org.gradle.process.internal.worker.child.ActionExecutionWorker.execute(ActionExecutionWorker.java:56) ~[na:na]
    	at org.gradle.process.internal.worker.child.SystemApplicationClassLoaderWorker.call(SystemApplicationClassLoaderWorker.java:121) ~[na:na]
    	at org.gradle.process.internal.worker.child.SystemApplicationClassLoaderWorker.call(SystemApplicationClassLoaderWorker.java:71) ~[na:na]
    	at worker.org.gradle.process.internal.worker.GradleWorkerMain.run(GradleWorkerMain.java:69) ~[gradle-worker.jar:na]
    	at worker.org.gradle.process.internal.worker.GradleWorkerMain.main(GradleWorkerMain.java:74) ~[gradle-worker.jar:na]
    Caused by: org.h2.jdbc.JdbcSQLNonTransientException: Unknown data type: "JSONB"; SQL statement:

        create table device_types (
            is_system_default boolean not null,
            created_at timestamp(6) with time zone not null,
            deleted_at timestamp(6) with time zone,
            device_type_id bigint generated by default as identity,
            updated_at timestamp(6) with time zone not null,
            ui_type varchar(30),
            code varchar(50) not null,
            name varchar(100) not null,
            commands jsonb,
            primary key (device_type_id),
            unique (code)
        ) [50004-224]
    	at org.h2.message.DbException.getJdbcSQLException(DbException.java:566) ~[h2-2.2.224.jar:2.2.224]
    	at org.h2.message.DbException.getJdbcSQLException(DbException.java:489) ~[h2-2.2.224.jar:2.2.224]
    	at org.h2.message.DbException.get(DbException.java:223) ~[h2-2.2.224.jar:2.2.224]
    	at org.h2.message.DbException.get(DbException.java:199) ~[h2-2.2.224.jar:2.2.224]
    	at org.h2.command.Parser.readIfDataType1(Parser.java:5866) ~[h2-2.2.224.jar:2.2.224]
    	at org.h2.command.Parser.readIfDataType(Parser.java:5704) ~[h2-2.2.224.jar:2.2.224]
    	at org.h2.command.Parser.parseColumnWithType(Parser.java:5686) ~[h2-2.2.224.jar:2.2.224]
    	at org.h2.command.Parser.parseColumnForTable(Parser.java:5565) ~[h2-2.2.224.jar:2.2.224]
    	at org.h2.command.Parser.parseTableColumnDefinition(Parser.java:8999) ~[h2-2.2.224.jar:2.2.224]
    	at org.h2.command.Parser.parseCreateTable(Parser.java:8939) ~[h2-2.2.224.jar:2.2.224]
    	at org.h2.command.Parser.parseCreate(Parser.java:6404) ~[h2-2.2.224.jar:2.2.224]
    	at org.h2.command.Parser.parsePrepared(Parser.java:666) ~[h2-2.2.224.jar:2.2.224]
    	at org.h2.command.Parser.parse(Parser.java:592) ~[h2-2.2.224.jar:2.2.224]
    	at org.h2.command.Parser.parse(Parser.java:564) ~[h2-2.2.224.jar:2.2.224]
    	at org.h2.command.Parser.prepareCommand(Parser.java:483) ~[h2-2.2.224.jar:2.2.224]
    	at org.h2.engine.SessionLocal.prepareLocal(SessionLocal.java:639) ~[h2-2.2.224.jar:2.2.224]
    	at org.h2.engine.SessionLocal.prepareCommand(SessionLocal.java:559) ~[h2-2.2.224.jar:2.2.224]
    	at org.h2.jdbc.JdbcConnection.prepareCommand(JdbcConnection.java:1166) ~[h2-2.2.224.jar:2.2.224]
    	at org.h2.jdbc.JdbcStatement.executeInternal(JdbcStatement.java:245) ~[h2-2.2.224.jar:2.2.224]
    	at org.h2.jdbc.JdbcStatement.execute(JdbcStatement.java:231) ~[h2-2.2.224.jar:2.2.224]
    	at org.hibernate.tool.schema.internal.exec.GenerationTargetToDatabase.accept(GenerationTargetToDatabase.java:80) ~[hibernate-core-6.5.3.Final.jar:6.5.3.Final]
    	... 143 common frames omitted

    2026-04-13T12:41:42.086+09:00 DEBUG 4752 --- [    Test worker] org.hibernate.SQL                        : 
        create table devices (
            is_active boolean not null,
            created_at timestamp(6) with time zone not null,
            deleted_at timestamp(6) with time zone,
            device_id bigint generated by default as identity,
            device_type_id bigint not null,
            installed_at timestamp(6) with time zone,
            last_online_at timestamp(6) with time zone,
            space_id bigint not null,
            updated_at timestamp(6) with time zone not null,
            mac_address varchar(50) unique,
            model_name varchar(100),
            name varchar(100) not null,
            mock_endpoint varchar(255),
            current_state jsonb,
            status enum ('ERROR','OFFLINE','ONLINE') not null,
            primary key (device_id)
        )
    Hibernate: 
        create table devices (
            is_active boolean not null,
            created_at timestamp(6) with time zone not null,
            deleted_at timestamp(6) with time zone,
            device_id bigint generated by default as identity,
            device_type_id bigint not null,
            installed_at timestamp(6) with time zone,
            last_online_at timestamp(6) with time zone,
            space_id bigint not null,
            updated_at timestamp(6) with time zone not null,
            mac_address varchar(50) unique,
            model_name varchar(100),
            name varchar(100) not null,
            mock_endpoint varchar(255),
            current_state jsonb,
            status enum ('ERROR','OFFLINE','ONLINE') not null,
            primary key (device_id)
        )
    2026-04-13T12:41:42.087+09:00  WARN 4752 --- [    Test worker] o.h.t.s.i.ExceptionHandlerLoggedImpl     : GenerationTarget encountered exception accepting command : Error executing DDL "
        create table devices (
            is_active boolean not null,
            created_at timestamp(6) with time zone not null,
            deleted_at timestamp(6) with time zone,
            device_id bigint generated by default as identity,
            device_type_id bigint not null,
            installed_at timestamp(6) with time zone,
            last_online_at timestamp(6) with time zone,
            space_id bigint not null,
            updated_at timestamp(6) with time zone not null,
            mac_address varchar(50) unique,
            model_name varchar(100),
            name varchar(100) not null,
            mock_endpoint varchar(255),
            current_state jsonb,
            status enum ('ERROR','OFFLINE','ONLINE') not null,
            primary key (device_id)
        )" via JDBC [Unknown data type: "JSONB";]

    org.hibernate.tool.schema.spi.CommandAcceptanceException: Error executing DDL "
        create table devices (
            is_active boolean not null,
            created_at timestamp(6) with time zone not null,
            deleted_at timestamp(6) with time zone,
            device_id bigint generated by default as identity,
            device_type_id bigint not null,
            installed_at timestamp(6) with time zone,
            last_online_at timestamp(6) with time zone,
            space_id bigint not null,
            updated_at timestamp(6) with time zone not null,
            mac_address varchar(50) unique,
            model_name varchar(100),
            name varchar(100) not null,
            mock_endpoint varchar(255),
            current_state jsonb,
            status enum ('ERROR','OFFLINE','ONLINE') not null,
            primary key (device_id)
        )" via JDBC [Unknown data type: "JSONB";]
    	at org.hibernate.tool.schema.internal.exec.GenerationTargetToDatabase.accept(GenerationTargetToDatabase.java:94) ~[hibernate-core-6.5.3.Final.jar:6.5.3.Final]
    	at org.hibernate.tool.schema.internal.Helper.applySqlString(Helper.java:233) ~[hibernate-core-6.5.3.Final.jar:6.5.3.Final]
    	at org.hibernate.tool.schema.internal.Helper.applySqlStrings(Helper.java:217) ~[hibernate-core-6.5.3.Final.jar:6.5.3.Final]
    	at org.hibernate.tool.schema.internal.SchemaCreatorImpl.createTables(SchemaCreatorImpl.java:428) ~[hibernate-core-6.5.3.Final.jar:6.5.3.Final]
    	at org.hibernate.tool.schema.internal.SchemaCreatorImpl.createSequencesTablesConstraints(SchemaCreatorImpl.java:344) ~[hibernate-core-6.5.3.Final.jar:6.5.3.Final]
    	at org.hibernate.tool.schema.internal.SchemaCreatorImpl.createFromMetadata(SchemaCreatorImpl.java:239) ~[hibernate-core-6.5.3.Final.jar:6.5.3.Final]
    	at org.hibernate.tool.schema.internal.SchemaCreatorImpl.performCreation(SchemaCreatorImpl.java:172) ~[hibernate-core-6.5.3.Final.jar:6.5.3.Final]
    	at org.hibernate.tool.schema.internal.SchemaCreatorImpl.doCreation(SchemaCreatorImpl.java:142) ~[hibernate-core-6.5.3.Final.jar:6.5.3.Final]
    	at org.hibernate.tool.schema.internal.SchemaCreatorImpl.doCreation(SchemaCreatorImpl.java:118) ~[hibernate-core-6.5.3.Final.jar:6.5.3.Final]
    	at org.hibernate.tool.schema.spi.SchemaManagementToolCoordinator.performDatabaseAction(SchemaManagementToolCoordinator.java:250) ~[hibernate-core-6.5.3.Final.jar:6.5.3.Final]
    	at org.hibernate.tool.schema.spi.SchemaManagementToolCoordinator.lambda$process$5(SchemaManagementToolCoordinator.java:144) ~[hibernate-core-6.5.3.Final.jar:6.5.3.Final]
    	at java.base/java.util.HashMap.forEach(HashMap.java:1429) ~[na:na]
    	at org.hibernate.tool.schema.spi.SchemaManagementToolCoordinator.process(SchemaManagementToolCoordinator.java:141) ~[hibernate-core-6.5.3.Final.jar:6.5.3.Final]
    	at org.hibernate.boot.internal.SessionFactoryObserverForSchemaExport.sessionFactoryCreated(SessionFactoryObserverForSchemaExport.java:37) ~[hibernate-core-6.5.3.Final.jar:6.5.3.Final]
    	at org.hibernate.internal.SessionFactoryObserverChain.sessionFactoryCreated(SessionFactoryObserverChain.java:35) ~[hibernate-core-6.5.3.Final.jar:6.5.3.Final]
    	at org.hibernate.internal.SessionFactoryImpl.<init>(SessionFactoryImpl.java:322) ~[hibernate-core-6.5.3.Final.jar:6.5.3.Final]
    	at org.hibernate.boot.internal.SessionFactoryBuilderImpl.build(SessionFactoryBuilderImpl.java:457) ~[hibernate-core-6.5.3.Final.jar:6.5.3.Final]
    	at org.hibernate.jpa.boot.internal.EntityManagerFactoryBuilderImpl.build(EntityManagerFactoryBuilderImpl.java:1506) ~[hibernate-core-6.5.3.Final.jar:6.5.3.Final]
    	at org.springframework.orm.jpa.vendor.SpringHibernateJpaPersistenceProvider.createContainerEntityManagerFactory(SpringHibernateJpaPersistenceProvider.java:75) ~[spring-orm-6.1.18.jar:6.1.18]
    	at org.springframework.orm.jpa.LocalContainerEntityManagerFactoryBean.createNativeEntityManagerFactory(LocalContainerEntityManagerFactoryBean.java:390) ~[spring-orm-6.1.18.jar:6.1.18]
    	at org.springframework.orm.jpa.AbstractEntityManagerFactoryBean.buildNativeEntityManagerFactory(AbstractEntityManagerFactoryBean.java:409) ~[spring-orm-6.1.18.jar:6.1.18]
    	at org.springframework.orm.jpa.AbstractEntityManagerFactoryBean.afterPropertiesSet(AbstractEntityManagerFactoryBean.java:396) ~[spring-orm-6.1.18.jar:6.1.18]
    	at org.springframework.orm.jpa.LocalContainerEntityManagerFactoryBean.afterPropertiesSet(LocalContainerEntityManagerFactoryBean.java:366) ~[spring-orm-6.1.18.jar:6.1.18]
    	at org.springframework.beans.factory.support.AbstractAutowireCapableBeanFactory.invokeInitMethods(AbstractAutowireCapableBeanFactory.java:1853) ~[spring-beans-6.1.18.jar:6.1.18]
    	at org.springframework.beans.factory.support.AbstractAutowireCapableBeanFactory.initializeBean(AbstractAutowireCapableBeanFactory.java:1802) ~[spring-beans-6.1.18.jar:6.1.18]
    	at org.springframework.beans.factory.support.AbstractAutowireCapableBeanFactory.doCreateBean(AbstractAutowireCapableBeanFactory.java:600) ~[spring-beans-6.1.18.jar:6.1.18]
    	at org.springframework.beans.factory.support.AbstractAutowireCapableBeanFactory.createBean(AbstractAutowireCapableBeanFactory.java:522) ~[spring-beans-6.1.18.jar:6.1.18]
    	at org.springframework.beans.factory.support.AbstractBeanFactory.lambda$doGetBean$0(AbstractBeanFactory.java:337) ~[spring-beans-6.1.18.jar:6.1.18]
    	at org.springframework.beans.factory.support.DefaultSingletonBeanRegistry.getSingleton(DefaultSingletonBeanRegistry.java:234) ~[spring-beans-6.1.18.jar:6.1.18]
    	at org.springframework.beans.factory.support.AbstractBeanFactory.doGetBean(AbstractBeanFactory.java:335) ~[spring-beans-6.1.18.jar:6.1.18]
    	at org.springframework.beans.factory.support.AbstractBeanFactory.getBean(AbstractBeanFactory.java:205) ~[spring-beans-6.1.18.jar:6.1.18]
    	at org.springframework.context.support.AbstractApplicationContext.finishBeanFactoryInitialization(AbstractApplicationContext.java:954) ~[spring-context-6.1.18.jar:6.1.18]
    	at org.springframework.context.support.AbstractApplicationContext.refresh(AbstractApplicationContext.java:625) ~[spring-context-6.1.18.jar:6.1.18]
    	at org.springframework.boot.SpringApplication.refresh(SpringApplication.java:754) ~[spring-boot-3.3.10.jar:3.3.10]
    	at org.springframework.boot.SpringApplication.refreshContext(SpringApplication.java:456) ~[spring-boot-3.3.10.jar:3.3.10]
    	at org.springframework.boot.SpringApplication.run(SpringApplication.java:335) ~[spring-boot-3.3.10.jar:3.3.10]
    	at org.springframework.boot.test.context.SpringBootContextLoader.lambda$loadContext$3(SpringBootContextLoader.java:145) ~[spring-boot-test-3.3.10.jar:3.3.10]
    	at org.springframework.util.function.ThrowingSupplier.get(ThrowingSupplier.java:58) ~[spring-core-6.1.18.jar:6.1.18]
    	at org.springframework.util.function.ThrowingSupplier.get(ThrowingSupplier.java:46) ~[spring-core-6.1.18.jar:6.1.18]
    	at org.springframework.boot.SpringApplication.withHook(SpringApplication.java:1463) ~[spring-boot-3.3.10.jar:3.3.10]
    	at org.springframework.boot.test.context.SpringBootContextLoader$ContextLoaderHook.run(SpringBootContextLoader.java:564) ~[spring-boot-test-3.3.10.jar:3.3.10]
    	at org.springframework.boot.test.context.SpringBootContextLoader.loadContext(SpringBootContextLoader.java:145) ~[spring-boot-test-3.3.10.jar:3.3.10]
    	at org.springframework.boot.test.context.SpringBootContextLoader.loadContext(SpringBootContextLoader.java:116) ~[spring-boot-test-3.3.10.jar:3.3.10]
    	at org.springframework.test.context.cache.DefaultCacheAwareContextLoaderDelegate.loadContextInternal(DefaultCacheAwareContextLoaderDelegate.java:225) ~[spring-test-6.1.18.jar:6.1.18]
    	at org.springframework.test.context.cache.DefaultCacheAwareContextLoaderDelegate.loadContext(DefaultCacheAwareContextLoaderDelegate.java:152) ~[spring-test-6.1.18.jar:6.1.18]
    	at org.springframework.test.context.support.DefaultTestContext.getApplicationContext(DefaultTestContext.java:130) ~[spring-test-6.1.18.jar:6.1.18]
    	at org.springframework.test.context.support.DependencyInjectionTestExecutionListener.injectDependencies(DependencyInjectionTestExecutionListener.java:142) ~[spring-test-6.1.18.jar:6.1.18]
    	at org.springframework.test.context.support.DependencyInjectionTestExecutionListener.prepareTestInstance(DependencyInjectionTestExecutionListener.java:98) ~[spring-test-6.1.18.jar:6.1.18]
    	at org.springframework.test.context.TestContextManager.prepareTestInstance(TestContextManager.java:260) ~[spring-test-6.1.18.jar:6.1.18]
    	at org.springframework.test.context.junit.jupiter.SpringExtension.postProcessTestInstance(SpringExtension.java:163) ~[spring-test-6.1.18.jar:6.1.18]
    	at org.junit.jupiter.engine.descriptor.ClassBasedTestDescriptor.lambda$invokeTestInstancePostProcessors$10(ClassBasedTestDescriptor.java:378) ~[junit-jupiter-engine-5.10.5.jar:5.10.5]
    	at org.junit.jupiter.engine.descriptor.ClassBasedTestDescriptor.executeAndMaskThrowable(ClassBasedTestDescriptor.java:383) ~[junit-jupiter-engine-5.10.5.jar:5.10.5]
    	at org.junit.jupiter.engine.descriptor.ClassBasedTestDescriptor.lambda$invokeTestInstancePostProcessors$11(ClassBasedTestDescriptor.java:378) ~[junit-jupiter-engine-5.10.5.jar:5.10.5]
    	at java.base/java.util.stream.ReferencePipeline$3$1.accept(ReferencePipeline.java:197) ~[na:na]
    	at java.base/java.util.stream.ReferencePipeline$2$1.accept(ReferencePipeline.java:179) ~[na:na]
    	at java.base/java.util.ArrayList$ArrayListSpliterator.forEachRemaining(ArrayList.java:1708) ~[na:na]
    	at java.base/java.util.stream.AbstractPipeline.copyInto(AbstractPipeline.java:509) ~[na:na]
    	at java.base/java.util.stream.AbstractPipeline.wrapAndCopyInto(AbstractPipeline.java:499) ~[na:na]
    	at java.base/java.util.stream.StreamSpliterators$WrappingSpliterator.forEachRemaining(StreamSpliterators.java:310) ~[na:na]
    	at java.base/java.util.stream.Streams$ConcatSpliterator.forEachRemaining(Streams.java:735) ~[na:na]
    	at java.base/java.util.stream.ReferencePipeline$Head.forEach(ReferencePipeline.java:762) ~[na:na]
    	at org.junit.jupiter.engine.descriptor.ClassBasedTestDescriptor.invokeTestInstancePostProcessors(ClassBasedTestDescriptor.java:377) ~[junit-jupiter-engine-5.10.5.jar:5.10.5]
    	at org.junit.jupiter.engine.descriptor.ClassBasedTestDescriptor.lambda$instantiateAndPostProcessTestInstance$6(ClassBasedTestDescriptor.java:290) ~[junit-jupiter-engine-5.10.5.jar:5.10.5]
    	at org.junit.platform.engine.support.hierarchical.ThrowableCollector.execute(ThrowableCollector.java:73) ~[junit-platform-engine-1.10.5.jar:1.10.5]
    	at org.junit.jupiter.engine.descriptor.ClassBasedTestDescriptor.instantiateAndPostProcessTestInstance(ClassBasedTestDescriptor.java:289) ~[junit-jupiter-engine-5.10.5.jar:5.10.5]
    	at org.junit.jupiter.engine.descriptor.ClassBasedTestDescriptor.lambda$testInstancesProvider$4(ClassBasedTestDescriptor.java:279) ~[junit-jupiter-engine-5.10.5.jar:5.10.5]
    	at java.base/java.util.Optional.orElseGet(Optional.java:364) ~[na:na]
    	at org.junit.jupiter.engine.descriptor.ClassBasedTestDescriptor.lambda$testInstancesProvider$5(ClassBasedTestDescriptor.java:278) ~[junit-jupiter-engine-5.10.5.jar:5.10.5]
    	at org.junit.jupiter.engine.descriptor.NestedClassTestDescriptor.instantiateTestClass(NestedClassTestDescriptor.java:85) ~[junit-jupiter-engine-5.10.5.jar:5.10.5]
    	at org.junit.jupiter.engine.descriptor.ClassBasedTestDescriptor.instantiateAndPostProcessTestInstance(ClassBasedTestDescriptor.java:287) ~[junit-jupiter-engine-5.10.5.jar:5.10.5]
    	at org.junit.jupiter.engine.descriptor.ClassBasedTestDescriptor.lambda$testInstancesProvider$4(ClassBasedTestDescriptor.java:279) ~[junit-jupiter-engine-5.10.5.jar:5.10.5]
    	at java.base/java.util.Optional.orElseGet(Optional.java:364) ~[na:na]
    	at org.junit.jupiter.engine.descriptor.ClassBasedTestDescriptor.lambda$testInstancesProvider$5(ClassBasedTestDescriptor.java:278) ~[junit-jupiter-engine-5.10.5.jar:5.10.5]
    	at org.junit.jupiter.engine.execution.TestInstancesProvider.getTestInstances(TestInstancesProvider.java:31) ~[junit-jupiter-engine-5.10.5.jar:5.10.5]
    	at org.junit.jupiter.engine.descriptor.TestMethodTestDescriptor.lambda$prepare$0(TestMethodTestDescriptor.java:106) ~[junit-jupiter-engine-5.10.5.jar:5.10.5]
    	at org.junit.platform.engine.support.hierarchical.ThrowableCollector.execute(ThrowableCollector.java:73) ~[junit-platform-engine-1.10.5.jar:1.10.5]
    	at org.junit.jupiter.engine.descriptor.TestMethodTestDescriptor.prepare(TestMethodTestDescriptor.java:105) ~[junit-jupiter-engine-5.10.5.jar:5.10.5]
    	at org.junit.jupiter.engine.descriptor.TestMethodTestDescriptor.prepare(TestMethodTestDescriptor.java:69) ~[junit-jupiter-engine-5.10.5.jar:5.10.5]
    	at org.junit.platform.engine.support.hierarchical.NodeTestTask.lambda$prepare$2(NodeTestTask.java:128) ~[junit-platform-engine-1.10.5.jar:1.10.5]
    	at org.junit.platform.engine.support.hierarchical.ThrowableCollector.execute(ThrowableCollector.java:73) ~[junit-platform-engine-1.10.5.jar:1.10.5]
    	at org.junit.platform.engine.support.hierarchical.NodeTestTask.prepare(NodeTestTask.java:128) ~[junit-platform-engine-1.10.5.jar:1.10.5]
    	at org.junit.platform.engine.support.hierarchical.NodeTestTask.execute(NodeTestTask.java:95) ~[junit-platform-engine-1.10.5.jar:1.10.5]
    	at java.base/java.util.ArrayList.forEach(ArrayList.java:1596) ~[na:na]
    	at org.junit.platform.engine.support.hierarchical.SameThreadHierarchicalTestExecutorService.invokeAll(SameThreadHierarchicalTestExecutorService.java:41) ~[junit-platform-engine-1.10.5.jar:1.10.5]
    	at org.junit.platform.engine.support.hierarchical.NodeTestTask.lambda$executeRecursively$6(NodeTestTask.java:160) ~[junit-platform-engine-1.10.5.jar:1.10.5]
    	at org.junit.platform.engine.support.hierarchical.ThrowableCollector.execute(ThrowableCollector.java:73) ~[junit-platform-engine-1.10.5.jar:1.10.5]
    	at org.junit.platform.engine.support.hierarchical.NodeTestTask.lambda$executeRecursively$8(NodeTestTask.java:146) ~[junit-platform-engine-1.10.5.jar:1.10.5]
    	at org.junit.platform.engine.support.hierarchical.Node.around(Node.java:137) ~[junit-platform-engine-1.10.5.jar:1.10.5]
    	at org.junit.platform.engine.support.hierarchical.NodeTestTask.lambda$executeRecursively$9(NodeTestTask.java:144) ~[junit-platform-engine-1.10.5.jar:1.10.5]
    	at org.junit.platform.engine.support.hierarchical.ThrowableCollector.execute(ThrowableCollector.java:73) ~[junit-platform-engine-1.10.5.jar:1.10.5]
    	at org.junit.platform.engine.support.hierarchical.NodeTestTask.executeRecursively(NodeTestTask.java:143) ~[junit-platform-engine-1.10.5.jar:1.10.5]
    	at org.junit.platform.engine.support.hierarchical.NodeTestTask.execute(NodeTestTask.java:100) ~[junit-platform-engine-1.10.5.jar:1.10.5]
    	at java.base/java.util.ArrayList.forEach(ArrayList.java:1596) ~[na:na]
    	at org.junit.platform.engine.support.hierarchical.SameThreadHierarchicalTestExecutorService.invokeAll(SameThreadHierarchicalTestExecutorService.java:41) ~[junit-platform-engine-1.10.5.jar:1.10.5]
    	at org.junit.platform.engine.support.hierarchical.NodeTestTask.lambda$executeRecursively$6(NodeTestTask.java:160) ~[junit-platform-engine-1.10.5.jar:1.10.5]
    	at org.junit.platform.engine.support.hierarchical.ThrowableCollector.execute(ThrowableCollector.java:73) ~[junit-platform-engine-1.10.5.jar:1.10.5]
    	at org.junit.platform.engine.support.hierarchical.NodeTestTask.lambda$executeRecursively$8(NodeTestTask.java:146) ~[junit-platform-engine-1.10.5.jar:1.10.5]
    	at org.junit.platform.engine.support.hierarchical.Node.around(Node.java:137) ~[junit-platform-engine-1.10.5.jar:1.10.5]
    	at org.junit.platform.engine.support.hierarchical.NodeTestTask.lambda$executeRecursively$9(NodeTestTask.java:144) ~[junit-platform-engine-1.10.5.jar:1.10.5]
    	at org.junit.platform.engine.support.hierarchical.ThrowableCollector.execute(ThrowableCollector.java:73) ~[junit-platform-engine-1.10.5.jar:1.10.5]
    	at org.junit.platform.engine.support.hierarchical.NodeTestTask.executeRecursively(NodeTestTask.java:143) ~[junit-platform-engine-1.10.5.jar:1.10.5]
    	at org.junit.platform.engine.support.hierarchical.NodeTestTask.execute(NodeTestTask.java:100) ~[junit-platform-engine-1.10.5.jar:1.10.5]
    	at java.base/java.util.ArrayList.forEach(ArrayList.java:1596) ~[na:na]
    	at org.junit.platform.engine.support.hierarchical.SameThreadHierarchicalTestExecutorService.invokeAll(SameThreadHierarchicalTestExecutorService.java:41) ~[junit-platform-engine-1.10.5.jar:1.10.5]
    	at org.junit.platform.engine.support.hierarchical.NodeTestTask.lambda$executeRecursively$6(NodeTestTask.java:160) ~[junit-platform-engine-1.10.5.jar:1.10.5]
    	at org.junit.platform.engine.support.hierarchical.ThrowableCollector.execute(ThrowableCollector.java:73) ~[junit-platform-engine-1.10.5.jar:1.10.5]
    	at org.junit.platform.engine.support.hierarchical.NodeTestTask.lambda$executeRecursively$8(NodeTestTask.java:146) ~[junit-platform-engine-1.10.5.jar:1.10.5]
    	at org.junit.platform.engine.support.hierarchical.Node.around(Node.java:137) ~[junit-platform-engine-1.10.5.jar:1.10.5]
    	at org.junit.platform.engine.support.hierarchical.NodeTestTask.lambda$executeRecursively$9(NodeTestTask.java:144) ~[junit-platform-engine-1.10.5.jar:1.10.5]
    	at org.junit.platform.engine.support.hierarchical.ThrowableCollector.execute(ThrowableCollector.java:73) ~[junit-platform-engine-1.10.5.jar:1.10.5]
    	at org.junit.platform.engine.support.hierarchical.NodeTestTask.executeRecursively(NodeTestTask.java:143) ~[junit-platform-engine-1.10.5.jar:1.10.5]
    	at org.junit.platform.engine.support.hierarchical.NodeTestTask.execute(NodeTestTask.java:100) ~[junit-platform-engine-1.10.5.jar:1.10.5]
    	at org.junit.platform.engine.support.hierarchical.SameThreadHierarchicalTestExecutorService.submit(SameThreadHierarchicalTestExecutorService.java:35) ~[junit-platform-engine-1.10.5.jar:1.10.5]
    	at org.junit.platform.engine.support.hierarchical.HierarchicalTestExecutor.execute(HierarchicalTestExecutor.java:57) ~[junit-platform-engine-1.10.5.jar:1.10.5]
    	at org.junit.platform.engine.support.hierarchical.HierarchicalTestEngine.execute(HierarchicalTestEngine.java:54) ~[junit-platform-engine-1.10.5.jar:1.10.5]
    	at org.junit.platform.launcher.core.EngineExecutionOrchestrator.execute(EngineExecutionOrchestrator.java:198) ~[junit-platform-launcher-1.10.5.jar:1.10.5]
    	at org.junit.platform.launcher.core.EngineExecutionOrchestrator.execute(EngineExecutionOrchestrator.java:169) ~[junit-platform-launcher-1.10.5.jar:1.10.5]
    	at org.junit.platform.launcher.core.EngineExecutionOrchestrator.execute(EngineExecutionOrchestrator.java:93) ~[junit-platform-launcher-1.10.5.jar:1.10.5]
    	at org.junit.platform.launcher.core.EngineExecutionOrchestrator.lambda$execute$0(EngineExecutionOrchestrator.java:58) ~[junit-platform-launcher-1.10.5.jar:1.10.5]
    	at org.junit.platform.launcher.core.EngineExecutionOrchestrator.withInterceptedStreams(EngineExecutionOrchestrator.java:141) ~[junit-platform-launcher-1.10.5.jar:1.10.5]
    	at org.junit.platform.launcher.core.EngineExecutionOrchestrator.execute(EngineExecutionOrchestrator.java:57) ~[junit-platform-launcher-1.10.5.jar:1.10.5]
    	at org.junit.platform.launcher.core.DefaultLauncher.execute(DefaultLauncher.java:103) ~[junit-platform-launcher-1.10.5.jar:1.10.5]
    	at org.junit.platform.launcher.core.DefaultLauncher.execute(DefaultLauncher.java:85) ~[junit-platform-launcher-1.10.5.jar:1.10.5]
    	at org.junit.platform.launcher.core.DelegatingLauncher.execute(DelegatingLauncher.java:47) ~[junit-platform-launcher-1.10.5.jar:1.10.5]
    	at org.gradle.api.internal.tasks.testing.junitplatform.JUnitPlatformTestClassProcessor$CollectAllTestClassesExecutor.processAllTestClasses(JUnitPlatformTestClassProcessor.java:124) ~[na:na]
    	at org.gradle.api.internal.tasks.testing.junitplatform.JUnitPlatformTestClassProcessor$CollectAllTestClassesExecutor.access$000(JUnitPlatformTestClassProcessor.java:99) ~[na:na]
    	at org.gradle.api.internal.tasks.testing.junitplatform.JUnitPlatformTestClassProcessor.stop(JUnitPlatformTestClassProcessor.java:94) ~[na:na]
    	at org.gradle.api.internal.tasks.testing.SuiteTestClassProcessor.stop(SuiteTestClassProcessor.java:63) ~[na:na]
    	at java.base/jdk.internal.reflect.DirectMethodHandleAccessor.invoke(DirectMethodHandleAccessor.java:103) ~[na:na]
    	at java.base/java.lang.reflect.Method.invoke(Method.java:580) ~[na:na]
    	at org.gradle.internal.dispatch.ReflectionDispatch.dispatch(ReflectionDispatch.java:36) ~[na:na]
    	at org.gradle.internal.dispatch.ReflectionDispatch.dispatch(ReflectionDispatch.java:24) ~[na:na]
    	at org.gradle.internal.dispatch.ContextClassLoaderDispatch.dispatch(ContextClassLoaderDispatch.java:33) ~[na:na]
    	at org.gradle.internal.dispatch.ProxyDispatchAdapter$DispatchingInvocationHandler.invoke(ProxyDispatchAdapter.java:92) ~[na:na]
    	at jdk.proxy1/jdk.proxy1.$Proxy4.stop(Unknown Source) ~[na:na]
    	at org.gradle.api.internal.tasks.testing.worker.TestWorker$3.run(TestWorker.java:200) ~[na:na]
    	at org.gradle.api.internal.tasks.testing.worker.TestWorker.executeAndMaintainThreadName(TestWorker.java:132) ~[na:na]
    	at org.gradle.api.internal.tasks.testing.worker.TestWorker.execute(TestWorker.java:103) ~[na:na]
    	at org.gradle.api.internal.tasks.testing.worker.TestWorker.execute(TestWorker.java:63) ~[na:na]
    	at org.gradle.process.internal.worker.child.ActionExecutionWorker.execute(ActionExecutionWorker.java:56) ~[na:na]
    	at org.gradle.process.internal.worker.child.SystemApplicationClassLoaderWorker.call(SystemApplicationClassLoaderWorker.java:121) ~[na:na]
    	at org.gradle.process.internal.worker.child.SystemApplicationClassLoaderWorker.call(SystemApplicationClassLoaderWorker.java:71) ~[na:na]
    	at worker.org.gradle.process.internal.worker.GradleWorkerMain.run(GradleWorkerMain.java:69) ~[gradle-worker.jar:na]
    	at worker.org.gradle.process.internal.worker.GradleWorkerMain.main(GradleWorkerMain.java:74) ~[gradle-worker.jar:na]
    Caused by: org.h2.jdbc.JdbcSQLNonTransientException: Unknown data type: "JSONB"; SQL statement:

        create table devices (
            is_active boolean not null,
            created_at timestamp(6) with time zone not null,
            deleted_at timestamp(6) with time zone,
            device_id bigint generated by default as identity,
            device_type_id bigint not null,
            installed_at timestamp(6) with time zone,
            last_online_at timestamp(6) with time zone,
            space_id bigint not null,
            updated_at timestamp(6) with time zone not null,
            mac_address varchar(50) unique,
            model_name varchar(100),
            name varchar(100) not null,
            mock_endpoint varchar(255),
            current_state jsonb,
            status enum ('ERROR','OFFLINE','ONLINE') not null,
            primary key (device_id)
        ) [50004-224]
    	at org.h2.message.DbException.getJdbcSQLException(DbException.java:566) ~[h2-2.2.224.jar:2.2.224]
    	at org.h2.message.DbException.getJdbcSQLException(DbException.java:489) ~[h2-2.2.224.jar:2.2.224]
    	at org.h2.message.DbException.get(DbException.java:223) ~[h2-2.2.224.jar:2.2.224]
    	at org.h2.message.DbException.get(DbException.java:199) ~[h2-2.2.224.jar:2.2.224]
    	at org.h2.command.Parser.readIfDataType1(Parser.java:5866) ~[h2-2.2.224.jar:2.2.224]
    	at org.h2.command.Parser.readIfDataType(Parser.java:5704) ~[h2-2.2.224.jar:2.2.224]
    	at org.h2.command.Parser.parseColumnWithType(Parser.java:5686) ~[h2-2.2.224.jar:2.2.224]
    	at org.h2.command.Parser.parseColumnForTable(Parser.java:5565) ~[h2-2.2.224.jar:2.2.224]
    	at org.h2.command.Parser.parseTableColumnDefinition(Parser.java:8999) ~[h2-2.2.224.jar:2.2.224]
    	at org.h2.command.Parser.parseCreateTable(Parser.java:8939) ~[h2-2.2.224.jar:2.2.224]
    	at org.h2.command.Parser.parseCreate(Parser.java:6404) ~[h2-2.2.224.jar:2.2.224]
    	at org.h2.command.Parser.parsePrepared(Parser.java:666) ~[h2-2.2.224.jar:2.2.224]
    	at org.h2.command.Parser.parse(Parser.java:592) ~[h2-2.2.224.jar:2.2.224]
    	at org.h2.command.Parser.parse(Parser.java:564) ~[h2-2.2.224.jar:2.2.224]
    	at org.h2.command.Parser.prepareCommand(Parser.java:483) ~[h2-2.2.224.jar:2.2.224]
    	at org.h2.engine.SessionLocal.prepareLocal(SessionLocal.java:639) ~[h2-2.2.224.jar:2.2.224]
    	at org.h2.engine.SessionLocal.prepareCommand(SessionLocal.java:559) ~[h2-2.2.224.jar:2.2.224]
    	at org.h2.jdbc.JdbcConnection.prepareCommand(JdbcConnection.java:1166) ~[h2-2.2.224.jar:2.2.224]
    	at org.h2.jdbc.JdbcStatement.executeInternal(JdbcStatement.java:245) ~[h2-2.2.224.jar:2.2.224]
    	at org.h2.jdbc.JdbcStatement.execute(JdbcStatement.java:231) ~[h2-2.2.224.jar:2.2.224]
    	at org.hibernate.tool.schema.internal.exec.GenerationTargetToDatabase.accept(GenerationTargetToDatabase.java:80) ~[hibernate-core-6.5.3.Final.jar:6.5.3.Final]
    	... 143 common frames omitted

    2026-04-13T12:41:42.094+09:00 DEBUG 4752 --- [    Test worker] org.hibernate.SQL                        : 
        create table floor_plans (
            blueprint_opacity numeric(3,2),
            floor integer not null unique,
            created_at timestamp(6) with time zone not null,
            deleted_at timestamp(6) with time zone,
            floor_plan_id bigint generated by default as identity,
            updated_at timestamp(6) with time zone not null,
            blueprint_url varchar(255),
            annotations jsonb,
            primary key (floor_plan_id)
        )
    Hibernate: 
        create table floor_plans (
            blueprint_opacity numeric(3,2),
            floor integer not null unique,
            created_at timestamp(6) with time zone not null,
            deleted_at timestamp(6) with time zone,
            floor_plan_id bigint generated by default as identity,
            updated_at timestamp(6) with time zone not null,
            blueprint_url varchar(255),
            annotations jsonb,
            primary key (floor_plan_id)
        )
    2026-04-13T12:41:42.094+09:00  WARN 4752 --- [    Test worker] o.h.t.s.i.ExceptionHandlerLoggedImpl     : GenerationTarget encountered exception accepting command : Error executing DDL "
        create table floor_plans (
            blueprint_opacity numeric(3,2),
            floor integer not null unique,
            created_at timestamp(6) with time zone not null,
            deleted_at timestamp(6) with time zone,
            floor_plan_id bigint generated by default as identity,
            updated_at timestamp(6) with time zone not null,
            blueprint_url varchar(255),
            annotations jsonb,
            primary key (floor_plan_id)
        )" via JDBC [Unknown data type: "JSONB";]

    org.hibernate.tool.schema.spi.CommandAcceptanceException: Error executing DDL "
        create table floor_plans (
            blueprint_opacity numeric(3,2),
            floor integer not null unique,
            created_at timestamp(6) with time zone not null,
            deleted_at timestamp(6) with time zone,
            floor_plan_id bigint generated by default as identity,
            updated_at timestamp(6) with time zone not null,
            blueprint_url varchar(255),
            annotations jsonb,
            primary key (floor_plan_id)
        )" via JDBC [Unknown data type: "JSONB";]
    	at org.hibernate.tool.schema.internal.exec.GenerationTargetToDatabase.accept(GenerationTargetToDatabase.java:94) ~[hibernate-core-6.5.3.Final.jar:6.5.3.Final]
    	at org.hibernate.tool.schema.internal.Helper.applySqlString(Helper.java:233) ~[hibernate-core-6.5.3.Final.jar:6.5.3.Final]
    	at org.hibernate.tool.schema.internal.Helper.applySqlStrings(Helper.java:217) ~[hibernate-core-6.5.3.Final.jar:6.5.3.Final]
    	at org.hibernate.tool.schema.internal.SchemaCreatorImpl.createTables(SchemaCreatorImpl.java:428) ~[hibernate-core-6.5.3.Final.jar:6.5.3.Final]
    	at org.hibernate.tool.schema.internal.SchemaCreatorImpl.createSequencesTablesConstraints(SchemaCreatorImpl.java:344) ~[hibernate-core-6.5.3.Final.jar:6.5.3.Final]
    	at org.hibernate.tool.schema.internal.SchemaCreatorImpl.createFromMetadata(SchemaCreatorImpl.java:239) ~[hibernate-core-6.5.3.Final.jar:6.5.3.Final]
    	at org.hibernate.tool.schema.internal.SchemaCreatorImpl.performCreation(SchemaCreatorImpl.java:172) ~[hibernate-core-6.5.3.Final.jar:6.5.3.Final]
    	at org.hibernate.tool.schema.internal.SchemaCreatorImpl.doCreation(SchemaCreatorImpl.java:142) ~[hibernate-core-6.5.3.Final.jar:6.5.3.Final]
    	at org.hibernate.tool.schema.internal.SchemaCreatorImpl.doCreation(SchemaCreatorImpl.java:118) ~[hibernate-core-6.5.3.Final.jar:6.5.3.Final]
    	at org.hibernate.tool.schema.spi.SchemaManagementToolCoordinator.performDatabaseAction(SchemaManagementToolCoordinator.java:250) ~[hibernate-core-6.5.3.Final.jar:6.5.3.Final]
    	at org.hibernate.tool.schema.spi.SchemaManagementToolCoordinator.lambda$process$5(SchemaManagementToolCoordinator.java:144) ~[hibernate-core-6.5.3.Final.jar:6.5.3.Final]
    	at java.base/java.util.HashMap.forEach(HashMap.java:1429) ~[na:na]
    	at org.hibernate.tool.schema.spi.SchemaManagementToolCoordinator.process(SchemaManagementToolCoordinator.java:141) ~[hibernate-core-6.5.3.Final.jar:6.5.3.Final]
    	at org.hibernate.boot.internal.SessionFactoryObserverForSchemaExport.sessionFactoryCreated(SessionFactoryObserverForSchemaExport.java:37) ~[hibernate-core-6.5.3.Final.jar:6.5.3.Final]
    	at org.hibernate.internal.SessionFactoryObserverChain.sessionFactoryCreated(SessionFactoryObserverChain.java:35) ~[hibernate-core-6.5.3.Final.jar:6.5.3.Final]
    	at org.hibernate.internal.SessionFactoryImpl.<init>(SessionFactoryImpl.java:322) ~[hibernate-core-6.5.3.Final.jar:6.5.3.Final]
    	at org.hibernate.boot.internal.SessionFactoryBuilderImpl.build(SessionFactoryBuilderImpl.java:457) ~[hibernate-core-6.5.3.Final.jar:6.5.3.Final]
    	at org.hibernate.jpa.boot.internal.EntityManagerFactoryBuilderImpl.build(EntityManagerFactoryBuilderImpl.java:1506) ~[hibernate-core-6.5.3.Final.jar:6.5.3.Final]
    	at org.springframework.orm.jpa.vendor.SpringHibernateJpaPersistenceProvider.createContainerEntityManagerFactory(SpringHibernateJpaPersistenceProvider.java:75) ~[spring-orm-6.1.18.jar:6.1.18]
    	at org.springframework.orm.jpa.LocalContainerEntityManagerFactoryBean.createNativeEntityManagerFactory(LocalContainerEntityManagerFactoryBean.java:390) ~[spring-orm-6.1.18.jar:6.1.18]
    	at org.springframework.orm.jpa.AbstractEntityManagerFactoryBean.buildNativeEntityManagerFactory(AbstractEntityManagerFactoryBean.java:409) ~[spring-orm-6.1.18.jar:6.1.18]
    	at org.springframework.orm.jpa.AbstractEntityManagerFactoryBean.afterPropertiesSet(AbstractEntityManagerFactoryBean.java:396) ~[spring-orm-6.1.18.jar:6.1.18]
    	at org.springframework.orm.jpa.LocalContainerEntityManagerFactoryBean.afterPropertiesSet(LocalContainerEntityManagerFactoryBean.java:366) ~[spring-orm-6.1.18.jar:6.1.18]
    	at org.springframework.beans.factory.support.AbstractAutowireCapableBeanFactory.invokeInitMethods(AbstractAutowireCapableBeanFactory.java:1853) ~[spring-beans-6.1.18.jar:6.1.18]
    	at org.springframework.beans.factory.support.AbstractAutowireCapableBeanFactory.initializeBean(AbstractAutowireCapableBeanFactory.java:1802) ~[spring-beans-6.1.18.jar:6.1.18]
    	at org.springframework.beans.factory.support.AbstractAutowireCapableBeanFactory.doCreateBean(AbstractAutowireCapableBeanFactory.java:600) ~[spring-beans-6.1.18.jar:6.1.18]
    	at org.springframework.beans.factory.support.AbstractAutowireCapableBeanFactory.createBean(AbstractAutowireCapableBeanFactory.java:522) ~[spring-beans-6.1.18.jar:6.1.18]
    	at org.springframework.beans.factory.support.AbstractBeanFactory.lambda$doGetBean$0(AbstractBeanFactory.java:337) ~[spring-beans-6.1.18.jar:6.1.18]
    	at org.springframework.beans.factory.support.DefaultSingletonBeanRegistry.getSingleton(DefaultSingletonBeanRegistry.java:234) ~[spring-beans-6.1.18.jar:6.1.18]
    	at org.springframework.beans.factory.support.AbstractBeanFactory.doGetBean(AbstractBeanFactory.java:335) ~[spring-beans-6.1.18.jar:6.1.18]
    	at org.springframework.beans.factory.support.AbstractBeanFactory.getBean(AbstractBeanFactory.java:205) ~[spring-beans-6.1.18.jar:6.1.18]
    	at org.springframework.context.support.AbstractApplicationContext.finishBeanFactoryInitialization(AbstractApplicationContext.java:954) ~[spring-context-6.1.18.jar:6.1.18]
    	at org.springframework.context.support.AbstractApplicationContext.refresh(AbstractApplicationContext.java:625) ~[spring-context-6.1.18.jar:6.1.18]
    	at org.springframework.boot.SpringApplication.refresh(SpringApplication.java:754) ~[spring-boot-3.3.10.jar:3.3.10]
    	at org.springframework.boot.SpringApplication.refreshContext(SpringApplication.java:456) ~[spring-boot-3.3.10.jar:3.3.10]
    	at org.springframework.boot.SpringApplication.run(SpringApplication.java:335) ~[spring-boot-3.3.10.jar:3.3.10]
    	at org.springframework.boot.test.context.SpringBootContextLoader.lambda$loadContext$3(SpringBootContextLoader.java:145) ~[spring-boot-test-3.3.10.jar:3.3.10]
    	at org.springframework.util.function.ThrowingSupplier.get(ThrowingSupplier.java:58) ~[spring-core-6.1.18.jar:6.1.18]
    	at org.springframework.util.function.ThrowingSupplier.get(ThrowingSupplier.java:46) ~[spring-core-6.1.18.jar:6.1.18]
    	at org.springframework.boot.SpringApplication.withHook(SpringApplication.java:1463) ~[spring-boot-3.3.10.jar:3.3.10]
    	at org.springframework.boot.test.context.SpringBootContextLoader$ContextLoaderHook.run(SpringBootContextLoader.java:564) ~[spring-boot-test-3.3.10.jar:3.3.10]
    	at org.springframework.boot.test.context.SpringBootContextLoader.loadContext(SpringBootContextLoader.java:145) ~[spring-boot-test-3.3.10.jar:3.3.10]
    	at org.springframework.boot.test.context.SpringBootContextLoader.loadContext(SpringBootContextLoader.java:116) ~[spring-boot-test-3.3.10.jar:3.3.10]
    	at org.springframework.test.context.cache.DefaultCacheAwareContextLoaderDelegate.loadContextInternal(DefaultCacheAwareContextLoaderDelegate.java:225) ~[spring-test-6.1.18.jar:6.1.18]
    	at org.springframework.test.context.cache.DefaultCacheAwareContextLoaderDelegate.loadContext(DefaultCacheAwareContextLoaderDelegate.java:152) ~[spring-test-6.1.18.jar:6.1.18]
    	at org.springframework.test.context.support.DefaultTestContext.getApplicationContext(DefaultTestContext.java:130) ~[spring-test-6.1.18.jar:6.1.18]
    	at org.springframework.test.context.support.DependencyInjectionTestExecutionListener.injectDependencies(DependencyInjectionTestExecutionListener.java:142) ~[spring-test-6.1.18.jar:6.1.18]
    	at org.springframework.test.context.support.DependencyInjectionTestExecutionListener.prepareTestInstance(DependencyInjectionTestExecutionListener.java:98) ~[spring-test-6.1.18.jar:6.1.18]
    	at org.springframework.test.context.TestContextManager.prepareTestInstance(TestContextManager.java:260) ~[spring-test-6.1.18.jar:6.1.18]
    	at org.springframework.test.context.junit.jupiter.SpringExtension.postProcessTestInstance(SpringExtension.java:163) ~[spring-test-6.1.18.jar:6.1.18]
    	at org.junit.jupiter.engine.descriptor.ClassBasedTestDescriptor.lambda$invokeTestInstancePostProcessors$10(ClassBasedTestDescriptor.java:378) ~[junit-jupiter-engine-5.10.5.jar:5.10.5]
    	at org.junit.jupiter.engine.descriptor.ClassBasedTestDescriptor.executeAndMaskThrowable(ClassBasedTestDescriptor.java:383) ~[junit-jupiter-engine-5.10.5.jar:5.10.5]
    	at org.junit.jupiter.engine.descriptor.ClassBasedTestDescriptor.lambda$invokeTestInstancePostProcessors$11(ClassBasedTestDescriptor.java:378) ~[junit-jupiter-engine-5.10.5.jar:5.10.5]
    	at java.base/java.util.stream.ReferencePipeline$3$1.accept(ReferencePipeline.java:197) ~[na:na]
    	at java.base/java.util.stream.ReferencePipeline$2$1.accept(ReferencePipeline.java:179) ~[na:na]
    	at java.base/java.util.ArrayList$ArrayListSpliterator.forEachRemaining(ArrayList.java:1708) ~[na:na]
    	at java.base/java.util.stream.AbstractPipeline.copyInto(AbstractPipeline.java:509) ~[na:na]
    	at java.base/java.util.stream.AbstractPipeline.wrapAndCopyInto(AbstractPipeline.java:499) ~[na:na]
    	at java.base/java.util.stream.StreamSpliterators$WrappingSpliterator.forEachRemaining(StreamSpliterators.java:310) ~[na:na]
    	at java.base/java.util.stream.Streams$ConcatSpliterator.forEachRemaining(Streams.java:735) ~[na:na]
    	at java.base/java.util.stream.ReferencePipeline$Head.forEach(ReferencePipeline.java:762) ~[na:na]
    	at org.junit.jupiter.engine.descriptor.ClassBasedTestDescriptor.invokeTestInstancePostProcessors(ClassBasedTestDescriptor.java:377) ~[junit-jupiter-engine-5.10.5.jar:5.10.5]
    	at org.junit.jupiter.engine.descriptor.ClassBasedTestDescriptor.lambda$instantiateAndPostProcessTestInstance$6(ClassBasedTestDescriptor.java:290) ~[junit-jupiter-engine-5.10.5.jar:5.10.5]
    	at org.junit.platform.engine.support.hierarchical.ThrowableCollector.execute(ThrowableCollector.java:73) ~[junit-platform-engine-1.10.5.jar:1.10.5]
    	at org.junit.jupiter.engine.descriptor.ClassBasedTestDescriptor.instantiateAndPostProcessTestInstance(ClassBasedTestDescriptor.java:289) ~[junit-jupiter-engine-5.10.5.jar:5.10.5]
    	at org.junit.jupiter.engine.descriptor.ClassBasedTestDescriptor.lambda$testInstancesProvider$4(ClassBasedTestDescriptor.java:279) ~[junit-jupiter-engine-5.10.5.jar:5.10.5]
    	at java.base/java.util.Optional.orElseGet(Optional.java:364) ~[na:na]
    	at org.junit.jupiter.engine.descriptor.ClassBasedTestDescriptor.lambda$testInstancesProvider$5(ClassBasedTestDescriptor.java:278) ~[junit-jupiter-engine-5.10.5.jar:5.10.5]
    	at org.junit.jupiter.engine.descriptor.NestedClassTestDescriptor.instantiateTestClass(NestedClassTestDescriptor.java:85) ~[junit-jupiter-engine-5.10.5.jar:5.10.5]
    	at org.junit.jupiter.engine.descriptor.ClassBasedTestDescriptor.instantiateAndPostProcessTestInstance(ClassBasedTestDescriptor.java:287) ~[junit-jupiter-engine-5.10.5.jar:5.10.5]
    	at org.junit.jupiter.engine.descriptor.ClassBasedTestDescriptor.lambda$testInstancesProvider$4(ClassBasedTestDescriptor.java:279) ~[junit-jupiter-engine-5.10.5.jar:5.10.5]
    	at java.base/java.util.Optional.orElseGet(Optional.java:364) ~[na:na]
    	at org.junit.jupiter.engine.descriptor.ClassBasedTestDescriptor.lambda$testInstancesProvider$5(ClassBasedTestDescriptor.java:278) ~[junit-jupiter-engine-5.10.5.jar:5.10.5]
    	at org.junit.jupiter.engine.execution.TestInstancesProvider.getTestInstances(TestInstancesProvider.java:31) ~[junit-jupiter-engine-5.10.5.jar:5.10.5]
    	at org.junit.jupiter.engine.descriptor.TestMethodTestDescriptor.lambda$prepare$0(TestMethodTestDescriptor.java:106) ~[junit-jupiter-engine-5.10.5.jar:5.10.5]
    	at org.junit.platform.engine.support.hierarchical.ThrowableCollector.execute(ThrowableCollector.java:73) ~[junit-platform-engine-1.10.5.jar:1.10.5]
    	at org.junit.jupiter.engine.descriptor.TestMethodTestDescriptor.prepare(TestMethodTestDescriptor.java:105) ~[junit-jupiter-engine-5.10.5.jar:5.10.5]
    	at org.junit.jupiter.engine.descriptor.TestMethodTestDescriptor.prepare(TestMethodTestDescriptor.java:69) ~[junit-jupiter-engine-5.10.5.jar:5.10.5]
    	at org.junit.platform.engine.support.hierarchical.NodeTestTask.lambda$prepare$2(NodeTestTask.java:128) ~[junit-platform-engine-1.10.5.jar:1.10.5]
    	at org.junit.platform.engine.support.hierarchical.ThrowableCollector.execute(ThrowableCollector.java:73) ~[junit-platform-engine-1.10.5.jar:1.10.5]
    	at org.junit.platform.engine.support.hierarchical.NodeTestTask.prepare(NodeTestTask.java:128) ~[junit-platform-engine-1.10.5.jar:1.10.5]
    	at org.junit.platform.engine.support.hierarchical.NodeTestTask.execute(NodeTestTask.java:95) ~[junit-platform-engine-1.10.5.jar:1.10.5]
    	at java.base/java.util.ArrayList.forEach(ArrayList.java:1596) ~[na:na]
    	at org.junit.platform.engine.support.hierarchical.SameThreadHierarchicalTestExecutorService.invokeAll(SameThreadHierarchicalTestExecutorService.java:41) ~[junit-platform-engine-1.10.5.jar:1.10.5]
    	at org.junit.platform.engine.support.hierarchical.NodeTestTask.lambda$executeRecursively$6(NodeTestTask.java:160) ~[junit-platform-engine-1.10.5.jar:1.10.5]
    	at org.junit.platform.engine.support.hierarchical.ThrowableCollector.execute(ThrowableCollector.java:73) ~[junit-platform-engine-1.10.5.jar:1.10.5]
    	at org.junit.platform.engine.support.hierarchical.NodeTestTask.lambda$executeRecursively$8(NodeTestTask.java:146) ~[junit-platform-engine-1.10.5.jar:1.10.5]
    	at org.junit.platform.engine.support.hierarchical.Node.around(Node.java:137) ~[junit-platform-engine-1.10.5.jar:1.10.5]
    	at org.junit.platform.engine.support.hierarchical.NodeTestTask.lambda$executeRecursively$9(NodeTestTask.java:144) ~[junit-platform-engine-1.10.5.jar:1.10.5]
    	at org.junit.platform.engine.support.hierarchical.ThrowableCollector.execute(ThrowableCollector.java:73) ~[junit-platform-engine-1.10.5.jar:1.10.5]
    	at org.junit.platform.engine.support.hierarchical.NodeTestTask.executeRecursively(NodeTestTask.java:143) ~[junit-platform-engine-1.10.5.jar:1.10.5]
    	at org.junit.platform.engine.support.hierarchical.NodeTestTask.execute(NodeTestTask.java:100) ~[junit-platform-engine-1.10.5.jar:1.10.5]
    	at java.base/java.util.ArrayList.forEach(ArrayList.java:1596) ~[na:na]
    	at org.junit.platform.engine.support.hierarchical.SameThreadHierarchicalTestExecutorService.invokeAll(SameThreadHierarchicalTestExecutorService.java:41) ~[junit-platform-engine-1.10.5.jar:1.10.5]
    	at org.junit.platform.engine.support.hierarchical.NodeTestTask.lambda$executeRecursively$6(NodeTestTask.java:160) ~[junit-platform-engine-1.10.5.jar:1.10.5]
    	at org.junit.platform.engine.support.hierarchical.ThrowableCollector.execute(ThrowableCollector.java:73) ~[junit-platform-engine-1.10.5.jar:1.10.5]
    	at org.junit.platform.engine.support.hierarchical.NodeTestTask.lambda$executeRecursively$8(NodeTestTask.java:146) ~[junit-platform-engine-1.10.5.jar:1.10.5]
    	at org.junit.platform.engine.support.hierarchical.Node.around(Node.java:137) ~[junit-platform-engine-1.10.5.jar:1.10.5]
    	at org.junit.platform.engine.support.hierarchical.NodeTestTask.lambda$executeRecursively$9(NodeTestTask.java:144) ~[junit-platform-engine-1.10.5.jar:1.10.5]
    	at org.junit.platform.engine.support.hierarchical.ThrowableCollector.execute(ThrowableCollector.java:73) ~[junit-platform-engine-1.10.5.jar:1.10.5]
    	at org.junit.platform.engine.support.hierarchical.NodeTestTask.executeRecursively(NodeTestTask.java:143) ~[junit-platform-engine-1.10.5.jar:1.10.5]
    	at org.junit.platform.engine.support.hierarchical.NodeTestTask.execute(NodeTestTask.java:100) ~[junit-platform-engine-1.10.5.jar:1.10.5]
    	at java.base/java.util.ArrayList.forEach(ArrayList.java:1596) ~[na:na]
    	at org.junit.platform.engine.support.hierarchical.SameThreadHierarchicalTestExecutorService.invokeAll(SameThreadHierarchicalTestExecutorService.java:41) ~[junit-platform-engine-1.10.5.jar:1.10.5]
    	at org.junit.platform.engine.support.hierarchical.NodeTestTask.lambda$executeRecursively$6(NodeTestTask.java:160) ~[junit-platform-engine-1.10.5.jar:1.10.5]
    	at org.junit.platform.engine.support.hierarchical.ThrowableCollector.execute(ThrowableCollector.java:73) ~[junit-platform-engine-1.10.5.jar:1.10.5]
    	at org.junit.platform.engine.support.hierarchical.NodeTestTask.lambda$executeRecursively$8(NodeTestTask.java:146) ~[junit-platform-engine-1.10.5.jar:1.10.5]
    	at org.junit.platform.engine.support.hierarchical.Node.around(Node.java:137) ~[junit-platform-engine-1.10.5.jar:1.10.5]
    	at org.junit.platform.engine.support.hierarchical.NodeTestTask.lambda$executeRecursively$9(NodeTestTask.java:144) ~[junit-platform-engine-1.10.5.jar:1.10.5]
    	at org.junit.platform.engine.support.hierarchical.ThrowableCollector.execute(ThrowableCollector.java:73) ~[junit-platform-engine-1.10.5.jar:1.10.5]
    	at org.junit.platform.engine.support.hierarchical.NodeTestTask.executeRecursively(NodeTestTask.java:143) ~[junit-platform-engine-1.10.5.jar:1.10.5]
    	at org.junit.platform.engine.support.hierarchical.NodeTestTask.execute(NodeTestTask.java:100) ~[junit-platform-engine-1.10.5.jar:1.10.5]
    	at org.junit.platform.engine.support.hierarchical.SameThreadHierarchicalTestExecutorService.submit(SameThreadHierarchicalTestExecutorService.java:35) ~[junit-platform-engine-1.10.5.jar:1.10.5]
    	at org.junit.platform.engine.support.hierarchical.HierarchicalTestExecutor.execute(HierarchicalTestExecutor.java:57) ~[junit-platform-engine-1.10.5.jar:1.10.5]
    	at org.junit.platform.engine.support.hierarchical.HierarchicalTestEngine.execute(HierarchicalTestEngine.java:54) ~[junit-platform-engine-1.10.5.jar:1.10.5]
    	at org.junit.platform.launcher.core.EngineExecutionOrchestrator.execute(EngineExecutionOrchestrator.java:198) ~[junit-platform-launcher-1.10.5.jar:1.10.5]
    	at org.junit.platform.launcher.core.EngineExecutionOrchestrator.execute(EngineExecutionOrchestrator.java:169) ~[junit-platform-launcher-1.10.5.jar:1.10.5]
    	at org.junit.platform.launcher.core.EngineExecutionOrchestrator.execute(EngineExecutionOrchestrator.java:93) ~[junit-platform-launcher-1.10.5.jar:1.10.5]
    	at org.junit.platform.launcher.core.EngineExecutionOrchestrator.lambda$execute$0(EngineExecutionOrchestrator.java:58) ~[junit-platform-launcher-1.10.5.jar:1.10.5]
    	at org.junit.platform.launcher.core.EngineExecutionOrchestrator.withInterceptedStreams(EngineExecutionOrchestrator.java:141) ~[junit-platform-launcher-1.10.5.jar:1.10.5]
    	at org.junit.platform.launcher.core.EngineExecutionOrchestrator.execute(EngineExecutionOrchestrator.java:57) ~[junit-platform-launcher-1.10.5.jar:1.10.5]
    	at org.junit.platform.launcher.core.DefaultLauncher.execute(DefaultLauncher.java:103) ~[junit-platform-launcher-1.10.5.jar:1.10.5]
    	at org.junit.platform.launcher.core.DefaultLauncher.execute(DefaultLauncher.java:85) ~[junit-platform-launcher-1.10.5.jar:1.10.5]
    	at org.junit.platform.launcher.core.DelegatingLauncher.execute(DelegatingLauncher.java:47) ~[junit-platform-launcher-1.10.5.jar:1.10.5]
    	at org.gradle.api.internal.tasks.testing.junitplatform.JUnitPlatformTestClassProcessor$CollectAllTestClassesExecutor.processAllTestClasses(JUnitPlatformTestClassProcessor.java:124) ~[na:na]
    	at org.gradle.api.internal.tasks.testing.junitplatform.JUnitPlatformTestClassProcessor$CollectAllTestClassesExecutor.access$000(JUnitPlatformTestClassProcessor.java:99) ~[na:na]
    	at org.gradle.api.internal.tasks.testing.junitplatform.JUnitPlatformTestClassProcessor.stop(JUnitPlatformTestClassProcessor.java:94) ~[na:na]
    	at org.gradle.api.internal.tasks.testing.SuiteTestClassProcessor.stop(SuiteTestClassProcessor.java:63) ~[na:na]
    	at java.base/jdk.internal.reflect.DirectMethodHandleAccessor.invoke(DirectMethodHandleAccessor.java:103) ~[na:na]
    	at java.base/java.lang.reflect.Method.invoke(Method.java:580) ~[na:na]
    	at org.gradle.internal.dispatch.ReflectionDispatch.dispatch(ReflectionDispatch.java:36) ~[na:na]
    	at org.gradle.internal.dispatch.ReflectionDispatch.dispatch(ReflectionDispatch.java:24) ~[na:na]
    	at org.gradle.internal.dispatch.ContextClassLoaderDispatch.dispatch(ContextClassLoaderDispatch.java:33) ~[na:na]
    	at org.gradle.internal.dispatch.ProxyDispatchAdapter$DispatchingInvocationHandler.invoke(ProxyDispatchAdapter.java:92) ~[na:na]
    	at jdk.proxy1/jdk.proxy1.$Proxy4.stop(Unknown Source) ~[na:na]
    	at org.gradle.api.internal.tasks.testing.worker.TestWorker$3.run(TestWorker.java:200) ~[na:na]
    	at org.gradle.api.internal.tasks.testing.worker.TestWorker.executeAndMaintainThreadName(TestWorker.java:132) ~[na:na]
    	at org.gradle.api.internal.tasks.testing.worker.TestWorker.execute(TestWorker.java:103) ~[na:na]
    	at org.gradle.api.internal.tasks.testing.worker.TestWorker.execute(TestWorker.java:63) ~[na:na]
    	at org.gradle.process.internal.worker.child.ActionExecutionWorker.execute(ActionExecutionWorker.java:56) ~[na:na]
    	at org.gradle.process.internal.worker.child.SystemApplicationClassLoaderWorker.call(SystemApplicationClassLoaderWorker.java:121) ~[na:na]
    	at org.gradle.process.internal.worker.child.SystemApplicationClassLoaderWorker.call(SystemApplicationClassLoaderWorker.java:71) ~[na:na]
    	at worker.org.gradle.process.internal.worker.GradleWorkerMain.run(GradleWorkerMain.java:69) ~[gradle-worker.jar:na]
    	at worker.org.gradle.process.internal.worker.GradleWorkerMain.main(GradleWorkerMain.java:74) ~[gradle-worker.jar:na]
    Caused by: org.h2.jdbc.JdbcSQLNonTransientException: Unknown data type: "JSONB"; SQL statement:

        create table floor_plans (
            blueprint_opacity numeric(3,2),
            floor integer not null unique,
            created_at timestamp(6) with time zone not null,
            deleted_at timestamp(6) with time zone,
            floor_plan_id bigint generated by default as identity,
            updated_at timestamp(6) with time zone not null,
            blueprint_url varchar(255),
            annotations jsonb,
            primary key (floor_plan_id)
        ) [50004-224]
    	at org.h2.message.DbException.getJdbcSQLException(DbException.java:566) ~[h2-2.2.224.jar:2.2.224]
    	at org.h2.message.DbException.getJdbcSQLException(DbException.java:489) ~[h2-2.2.224.jar:2.2.224]
    	at org.h2.message.DbException.get(DbException.java:223) ~[h2-2.2.224.jar:2.2.224]
    	at org.h2.message.DbException.get(DbException.java:199) ~[h2-2.2.224.jar:2.2.224]
    	at org.h2.command.Parser.readIfDataType1(Parser.java:5866) ~[h2-2.2.224.jar:2.2.224]
    	at org.h2.command.Parser.readIfDataType(Parser.java:5704) ~[h2-2.2.224.jar:2.2.224]
    	at org.h2.command.Parser.parseColumnWithType(Parser.java:5686) ~[h2-2.2.224.jar:2.2.224]
    	at org.h2.command.Parser.parseColumnForTable(Parser.java:5565) ~[h2-2.2.224.jar:2.2.224]
    	at org.h2.command.Parser.parseTableColumnDefinition(Parser.java:8999) ~[h2-2.2.224.jar:2.2.224]
    	at org.h2.command.Parser.parseCreateTable(Parser.java:8939) ~[h2-2.2.224.jar:2.2.224]
    	at org.h2.command.Parser.parseCreate(Parser.java:6404) ~[h2-2.2.224.jar:2.2.224]
    	at org.h2.command.Parser.parsePrepared(Parser.java:666) ~[h2-2.2.224.jar:2.2.224]
    	at org.h2.command.Parser.parse(Parser.java:592) ~[h2-2.2.224.jar:2.2.224]
    	at org.h2.command.Parser.parse(Parser.java:564) ~[h2-2.2.224.jar:2.2.224]
    	at org.h2.command.Parser.prepareCommand(Parser.java:483) ~[h2-2.2.224.jar:2.2.224]
    	at org.h2.engine.SessionLocal.prepareLocal(SessionLocal.java:639) ~[h2-2.2.224.jar:2.2.224]
    	at org.h2.engine.SessionLocal.prepareCommand(SessionLocal.java:559) ~[h2-2.2.224.jar:2.2.224]
    	at org.h2.jdbc.JdbcConnection.prepareCommand(JdbcConnection.java:1166) ~[h2-2.2.224.jar:2.2.224]
    	at org.h2.jdbc.JdbcStatement.executeInternal(JdbcStatement.java:245) ~[h2-2.2.224.jar:2.2.224]
    	at org.h2.jdbc.JdbcStatement.execute(JdbcStatement.java:231) ~[h2-2.2.224.jar:2.2.224]
    	at org.hibernate.tool.schema.internal.exec.GenerationTargetToDatabase.accept(GenerationTargetToDatabase.java:80) ~[hibernate-core-6.5.3.Final.jar:6.5.3.Final]
    	... 143 common frames omitted

    2026-04-13T12:41:42.102+09:00 DEBUG 4752 --- [    Test worker] org.hibernate.SQL                        : 
        create table notifications (
            is_read boolean not null,
            created_at timestamp(6) with time zone not null,
            deleted_at timestamp(6) with time zone,
            notification_id bigint generated by default as identity,
            reference_id bigint,
            updated_at timestamp(6) with time zone not null,
            user_id bigint not null,
            title varchar(200) not null,
            message TEXT not null,
            reference_type enum ('COMMUNITY','CONTRACT','PAYMENT','RESERVATION','VOC'),
            type enum ('COMMUNITY_COMMENT','COMMUNITY_NOTICE','CONTRACT_ACTIVATED','CONTRACT_APPROVED','CONTRACT_EXPIRED','CONTRACT_REJECTED','CONTRACT_SUBMITTED','CONTRACT_UPDATED','PAYMENT_SUCCESS','RESERVATION_APPROVED','RESERVATION_PENDING','RESERVATION_REJECTED','VOC_CREATED','VOC_REPLIED','VOC_RESOLVED') not null,
            primary key (notification_id)
        )
    Hibernate: 
        create table notifications (
            is_read boolean not null,
            created_at timestamp(6) with time zone not null,
            deleted_at timestamp(6) with time zone,
            notification_id bigint generated by default as identity,
            reference_id bigint,
            updated_at timestamp(6) with time zone not null,
            user_id bigint not null,
            title varchar(200) not null,
            message TEXT not null,
            reference_type enum ('COMMUNITY','CONTRACT','PAYMENT','RESERVATION','VOC'),
            type enum ('COMMUNITY_COMMENT','COMMUNITY_NOTICE','CONTRACT_ACTIVATED','CONTRACT_APPROVED','CONTRACT_EXPIRED','CONTRACT_REJECTED','CONTRACT_SUBMITTED','CONTRACT_UPDATED','PAYMENT_SUCCESS','RESERVATION_APPROVED','RESERVATION_PENDING','RESERVATION_REJECTED','VOC_CREATED','VOC_REPLIED','VOC_RESOLVED') not null,
            primary key (notification_id)
        )
    2026-04-13T12:41:42.102+09:00 DEBUG 4752 --- [    Test worker] org.hibernate.SQL                        : 
        create table payments (
            amount numeric(15,0) not null,
            billing_date date not null,
            paid_date date,
            contract_id bigint,
            created_at timestamp(6) with time zone not null,
            deleted_at timestamp(6) with time zone,
            payment_id bigint generated by default as identity,
            reservation_id bigint,
            updated_at timestamp(6) with time zone not null,
            user_id bigint not null,
            payment_method enum ('CARD','CASH','TRANSFER'),
            status enum ('PAID','PENDING','UNPAID') not null,
            type enum ('FACILITY','MAINTENANCE','RENT') not null,
            primary key (payment_id)
        )
    Hibernate: 
        create table payments (
            amount numeric(15,0) not null,
            billing_date date not null,
            paid_date date,
            contract_id bigint,
            created_at timestamp(6) with time zone not null,
            deleted_at timestamp(6) with time zone,
            payment_id bigint generated by default as identity,
            reservation_id bigint,
            updated_at timestamp(6) with time zone not null,
            user_id bigint not null,
            payment_method enum ('CARD','CASH','TRANSFER'),
            status enum ('PAID','PENDING','UNPAID') not null,
            type enum ('FACILITY','MAINTENANCE','RENT') not null,
            primary key (payment_id)
        )
    2026-04-13T12:41:42.102+09:00 DEBUG 4752 --- [    Test worker] org.hibernate.SQL                        : 
        create table post_likes (
            created_at timestamp(6) with time zone not null,
            deleted_at timestamp(6) with time zone,
            post_id bigint not null,
            post_like_id bigint generated by default as identity,
            updated_at timestamp(6) with time zone not null,
            user_id bigint not null,
            primary key (post_like_id)
        )
    Hibernate: 
        create table post_likes (
            created_at timestamp(6) with time zone not null,
            deleted_at timestamp(6) with time zone,
            post_id bigint not null,
            post_like_id bigint generated by default as identity,
            updated_at timestamp(6) with time zone not null,
            user_id bigint not null,
            primary key (post_like_id)
        )
    2026-04-13T12:41:42.102+09:00 DEBUG 4752 --- [    Test worker] org.hibernate.SQL                        : 
        create table posts (
            comment_count integer not null,
            like_count integer not null,
            view_count integer not null,
            created_at timestamp(6) with time zone not null,
            deleted_at timestamp(6) with time zone,
            post_id bigint generated by default as identity,
            updated_at timestamp(6) with time zone not null,
            user_id bigint not null,
            category varchar(15) not null,
            title varchar(100) not null,
            content varchar(255) not null,
            attachments json not null,
            links json not null,
            primary key (post_id)
        )
    Hibernate: 
        create table posts (
            comment_count integer not null,
            like_count integer not null,
            view_count integer not null,
            created_at timestamp(6) with time zone not null,
            deleted_at timestamp(6) with time zone,
            post_id bigint generated by default as identity,
            updated_at timestamp(6) with time zone not null,
            user_id bigint not null,
            category varchar(15) not null,
            title varchar(100) not null,
            content varchar(255) not null,
            attachments json not null,
            links json not null,
            primary key (post_id)
        )
    2026-04-13T12:41:42.102+09:00 DEBUG 4752 --- [    Test worker] org.hibernate.SQL                        : 
        create table private_space_details (
            bathroom_count integer,
            deposit numeric(15,2),
            maintenance_fee numeric(15,2),
            monthly_rent numeric(15,2),
            parking_available boolean,
            room_count integer,
            created_at timestamp(6) with time zone not null,
            deleted_at timestamp(6) with time zone,
            room_type_id bigint not null,
            space_id bigint not null,
            updated_at timestamp(6) with time zone not null,
            direction varchar(20),
            primary key (space_id)
        )
    Hibernate: 
        create table private_space_details (
            bathroom_count integer,
            deposit numeric(15,2),
            maintenance_fee numeric(15,2),
            monthly_rent numeric(15,2),
            parking_available boolean,
            room_count integer,
            created_at timestamp(6) with time zone not null,
            deleted_at timestamp(6) with time zone,
            room_type_id bigint not null,
            space_id bigint not null,
            updated_at timestamp(6) with time zone not null,
            direction varchar(20),
            primary key (space_id)
        )
    2026-04-13T12:41:42.102+09:00 DEBUG 4752 --- [    Test worker] org.hibernate.SQL                        : 
        create table refresh_tokens (
            is_revoked boolean not null,
            created_at timestamp(6) with time zone not null,
            deleted_at timestamp(6) with time zone,
            expires_at timestamp(6) with time zone not null,
            refresh_token_id bigint generated by default as identity,
            updated_at timestamp(6) with time zone not null,
            user_id bigint not null,
            token varchar(512) not null unique,
            primary key (refresh_token_id)
        )
    Hibernate: 
        create table refresh_tokens (
            is_revoked boolean not null,
            created_at timestamp(6) with time zone not null,
            deleted_at timestamp(6) with time zone,
            expires_at timestamp(6) with time zone not null,
            refresh_token_id bigint generated by default as identity,
            updated_at timestamp(6) with time zone not null,
            user_id bigint not null,
            token varchar(512) not null unique,
            primary key (refresh_token_id)
        )
    2026-04-13T12:41:42.102+09:00 DEBUG 4752 --- [    Test worker] org.hibernate.SQL                        : 
        create table reservations (
            end_time time(6) not null,
            reservation_date date not null,
            start_time time(6) not null,
            approved_by bigint,
            created_at timestamp(6) with time zone not null,
            deleted_at timestamp(6) with time zone,
            reservation_id bigint generated by default as identity,
            space_id bigint not null,
            updated_at timestamp(6) with time zone not null,
            user_id bigint not null,
            status enum ('APPROVED','CANCELLED','COMPLETED','PENDING') not null,
            primary key (reservation_id)
        )
    Hibernate: 
        create table reservations (
            end_time time(6) not null,
            reservation_date date not null,
            start_time time(6) not null,
            approved_by bigint,
            created_at timestamp(6) with time zone not null,
            deleted_at timestamp(6) with time zone,
            reservation_id bigint generated by default as identity,
            space_id bigint not null,
            updated_at timestamp(6) with time zone not null,
            user_id bigint not null,
            status enum ('APPROVED','CANCELLED','COMPLETED','PENDING') not null,
            primary key (reservation_id)
        )
    2026-04-13T12:41:42.102+09:00 DEBUG 4752 --- [    Test worker] org.hibernate.SQL                        : 
        create table role_change_logs (
            changed_by bigint,
            contract_id bigint,
            created_at timestamp(6) with time zone not null,
            deleted_at timestamp(6) with time zone,
            role_change_log_id bigint generated by default as identity,
            updated_at timestamp(6) with time zone not null,
            user_id bigint not null,
            reason varchar(100),
            new_role enum ('ADMIN','RESIDENT','USER') not null,
            old_role enum ('ADMIN','RESIDENT','USER') not null,
            primary key (role_change_log_id)
        )
    Hibernate: 
        create table role_change_logs (
            changed_by bigint,
            contract_id bigint,
            created_at timestamp(6) with time zone not null,
            deleted_at timestamp(6) with time zone,
            role_change_log_id bigint generated by default as identity,
            updated_at timestamp(6) with time zone not null,
            user_id bigint not null,
            reason varchar(100),
            new_role enum ('ADMIN','RESIDENT','USER') not null,
            old_role enum ('ADMIN','RESIDENT','USER') not null,
            primary key (role_change_log_id)
        )
    2026-04-13T12:41:42.113+09:00 DEBUG 4752 --- [    Test worker] org.hibernate.SQL                        : 
        create table room_types (
            is_system_default boolean not null,
            created_at timestamp(6) with time zone not null,
            deleted_at timestamp(6) with time zone,
            room_type_id bigint generated by default as identity,
            updated_at timestamp(6) with time zone not null,
            code varchar(50) not null unique,
            name varchar(100) not null,
            primary key (room_type_id)
        )
    Hibernate: 
        create table room_types (
            is_system_default boolean not null,
            created_at timestamp(6) with time zone not null,
            deleted_at timestamp(6) with time zone,
            room_type_id bigint generated by default as identity,
            updated_at timestamp(6) with time zone not null,
            code varchar(50) not null unique,
            name varchar(100) not null,
            primary key (room_type_id)
        )
    2026-04-13T12:41:42.116+09:00 DEBUG 4752 --- [    Test worker] org.hibernate.SQL                        : 
        create table space_images (
            is_thumbnail boolean,
            sort_order integer,
            created_at timestamp(6) with time zone not null,
            deleted_at timestamp(6) with time zone,
            space_id bigint not null,
            space_image_id bigint generated by default as identity,
            updated_at timestamp(6) with time zone not null,
            image_url varchar(255) not null,
            image_type enum ('FLOOR_PLAN','PHOTO') not null,
            primary key (space_image_id)
        )
    Hibernate: 
        create table space_images (
            is_thumbnail boolean,
            sort_order integer,
            created_at timestamp(6) with time zone not null,
            deleted_at timestamp(6) with time zone,
            space_id bigint not null,
            space_image_id bigint generated by default as identity,
            updated_at timestamp(6) with time zone not null,
            image_url varchar(255) not null,
            image_type enum ('FLOOR_PLAN','PHOTO') not null,
            primary key (space_image_id)
        )
    2026-04-13T12:41:42.117+09:00 DEBUG 4752 --- [    Test worker] org.hibernate.SQL                        : 
        create table spaces (
            area numeric(10,2),
            floor integer,
            position_h integer,
            position_w integer,
            position_x integer,
            position_y integer,
            created_at timestamp(6) with time zone not null,
            deleted_at timestamp(6) with time zone,
            space_id bigint generated by default as identity,
            updated_at timestamp(6) with time zone not null,
            name varchar(100) not null,
            amenities TEXT,
            description TEXT,
            status enum ('AVAILABLE','MAINTENANCE','OCCUPIED') not null,
            type enum ('COMMON','PRIVATE') not null,
            primary key (space_id)
        )
    Hibernate: 
        create table spaces (
            area numeric(10,2),
            floor integer,
            position_h integer,
            position_w integer,
            position_x integer,
            position_y integer,
            created_at timestamp(6) with time zone not null,
            deleted_at timestamp(6) with time zone,
            space_id bigint generated by default as identity,
            updated_at timestamp(6) with time zone not null,
            name varchar(100) not null,
            amenities TEXT,
            description TEXT,
            status enum ('AVAILABLE','MAINTENANCE','OCCUPIED') not null,
            type enum ('COMMON','PRIVATE') not null,
            primary key (space_id)
        )
    2026-04-13T12:41:42.118+09:00 DEBUG 4752 --- [    Test worker] org.hibernate.SQL                        : 
        create table token_blacklists (
            created_at timestamp(6) with time zone not null,
            deleted_at timestamp(6) with time zone,
            expires_at timestamp(6) with time zone not null,
            token_blacklist_id bigint generated by default as identity,
            updated_at timestamp(6) with time zone not null,
            reason varchar(255),
            token_jti varchar(255) not null unique,
            primary key (token_blacklist_id)
        )
    Hibernate: 
        create table token_blacklists (
            created_at timestamp(6) with time zone not null,
            deleted_at timestamp(6) with time zone,
            expires_at timestamp(6) with time zone not null,
            token_blacklist_id bigint generated by default as identity,
            updated_at timestamp(6) with time zone not null,
            reason varchar(255),
            token_jti varchar(255) not null unique,
            primary key (token_blacklist_id)
        )
    2026-04-13T12:41:42.119+09:00 DEBUG 4752 --- [    Test worker] org.hibernate.SQL                        : 
        create table users (
            birth_date varchar(6),
            created_at timestamp(6) with time zone not null,
            deleted_at timestamp(6) with time zone,
            email_verified_at timestamp(6) with time zone,
            phone_verified_at timestamp(6) with time zone,
            updated_at timestamp(6) with time zone not null,
            user_id bigint generated by default as identity,
            phone varchar(20),
            login_id varchar(50) not null unique,
            name varchar(50) not null,
            nationality varchar(50),
            email varchar(100),
            profile_image varchar(500),
            password_hash varchar(255) not null,
            gender enum ('FEMALE','MALE'),
            role enum ('ADMIN','RESIDENT','USER') not null,
            status enum ('ACTIVE','DEACTIVATED') not null,
            primary key (user_id)
        )
    Hibernate: 
        create table users (
            birth_date varchar(6),
            created_at timestamp(6) with time zone not null,
            deleted_at timestamp(6) with time zone,
            email_verified_at timestamp(6) with time zone,
            phone_verified_at timestamp(6) with time zone,
            updated_at timestamp(6) with time zone not null,
            user_id bigint generated by default as identity,
            phone varchar(20),
            login_id varchar(50) not null unique,
            name varchar(50) not null,
            nationality varchar(50),
            email varchar(100),
            profile_image varchar(500),
            password_hash varchar(255) not null,
            gender enum ('FEMALE','MALE'),
            role enum ('ADMIN','RESIDENT','USER') not null,
            status enum ('ACTIVE','DEACTIVATED') not null,
            primary key (user_id)
        )
    2026-04-13T12:41:42.120+09:00 DEBUG 4752 --- [    Test worker] org.hibernate.SQL                        : 
        create table vocs (
            created_at timestamp(6) with time zone not null,
            deleted_at timestamp(6) with time zone,
            replied_at timestamp(6) with time zone,
            reply_user_id bigint,
            updated_at timestamp(6) with time zone not null,
            user_id bigint not null,
            voc_id bigint generated by default as identity,
            title varchar(200) not null,
            admin_reply TEXT,
            content TEXT not null,
            attachments json,
            category enum ('DEVICE','FACILITY','NOISE','OTHER') not null,
            status enum ('CANCELLED','IN_PROGRESS','OPEN','RESOLVED') not null,
            primary key (voc_id)
        )
    Hibernate: 
        create table vocs (
            created_at timestamp(6) with time zone not null,
            deleted_at timestamp(6) with time zone,
            replied_at timestamp(6) with time zone,
            reply_user_id bigint,
            updated_at timestamp(6) with time zone not null,
            user_id bigint not null,
            voc_id bigint generated by default as identity,
            title varchar(200) not null,
            admin_reply TEXT,
            content TEXT not null,
            attachments json,
            category enum ('DEVICE','FACILITY','NOISE','OTHER') not null,
            status enum ('CANCELLED','IN_PROGRESS','OPEN','RESOLVED') not null,
            primary key (voc_id)
        )
    2026-04-13T12:41:42.121+09:00 DEBUG 4752 --- [    Test worker] org.hibernate.SQL                        : 
        create index idx_refresh_token_user_id 
           on refresh_tokens (user_id)
    Hibernate: 
        create index idx_refresh_token_user_id 
           on refresh_tokens (user_id)
    2026-04-13T12:41:42.122+09:00 DEBUG 4752 --- [    Test worker] org.hibernate.SQL                        : 
        create index idx_role_change_log_user_id 
           on role_change_logs (user_id)
    Hibernate: 
        create index idx_role_change_log_user_id 
           on role_change_logs (user_id)
    2026-04-13T12:41:42.123+09:00 DEBUG 4752 --- [    Test worker] org.hibernate.SQL                        : 
        create index idx_token_blacklist_expires_at 
           on token_blacklists (expires_at)
    Hibernate: 
        create index idx_token_blacklist_expires_at 
           on token_blacklists (expires_at)
    2026-04-13T12:41:42.124+09:00 DEBUG 4752 --- [    Test worker] org.hibernate.SQL                        : 
        create index idx_users_role 
           on users (role)
    Hibernate: 
        create index idx_users_role 
           on users (role)
    2026-04-13T12:41:42.124+09:00 DEBUG 4752 --- [    Test worker] org.hibernate.SQL                        : 
        create index idx_users_email 
           on users (email)
    Hibernate: 
        create index idx_users_email 
           on users (email)
    2026-04-13T12:41:42.125+09:00 DEBUG 4752 --- [    Test worker] org.hibernate.SQL                        : 
        alter table if exists comments 
           add constraint FK7h839m3lkvhbyv3bcdv7sm4fj 
           foreign key (parent_comment_id) 
           references comments
    Hibernate: 
        alter table if exists comments 
           add constraint FK7h839m3lkvhbyv3bcdv7sm4fj 
           foreign key (parent_comment_id) 
           references comments
    2026-04-13T12:41:42.127+09:00 DEBUG 4752 --- [    Test worker] org.hibernate.SQL                        : 
        alter table if exists comments 
           add constraint FKh4c7lvsc298whoyd4w9ta25cr 
           foreign key (post_id) 
           references posts
    Hibernate: 
        alter table if exists comments 
           add constraint FKh4c7lvsc298whoyd4w9ta25cr 
           foreign key (post_id) 
           references posts
    2026-04-13T12:41:42.129+09:00 DEBUG 4752 --- [    Test worker] org.hibernate.SQL                        : 
        alter table if exists common_space_details 
           add constraint FKorjuc8846rh6km5k4h08u492t 
           foreign key (space_id) 
           references spaces
    Hibernate: 
        alter table if exists common_space_details 
           add constraint FKorjuc8846rh6km5k4h08u492t 
           foreign key (space_id) 
           references spaces
    2026-04-13T12:41:42.130+09:00 DEBUG 4752 --- [    Test worker] org.hibernate.SQL                        : 
        alter table if exists devices 
           add constraint FKthsup9yv35eehh6hkt0jj3naw 
           foreign key (device_type_id) 
           references device_types
    Hibernate: 
        alter table if exists devices 
           add constraint FKthsup9yv35eehh6hkt0jj3naw 
           foreign key (device_type_id) 
           references device_types
    2026-04-13T12:41:42.130+09:00 DEBUG 4752 --- [    Test worker] org.hibernate.SQL                        : 
        alter table if exists payments 
           add constraint FKqywegtqyijw241foqfkseq1l6 
           foreign key (contract_id) 
           references contracts
    Hibernate: 
        alter table if exists payments 
           add constraint FKqywegtqyijw241foqfkseq1l6 
           foreign key (contract_id) 
           references contracts
    2026-04-13T12:41:42.131+09:00 DEBUG 4752 --- [    Test worker] org.hibernate.SQL                        : 
        alter table if exists post_likes 
           add constraint FKa5wxsgl4doibhbed9gm7ikie2 
           foreign key (post_id) 
           references posts
    Hibernate: 
        alter table if exists post_likes 
           add constraint FKa5wxsgl4doibhbed9gm7ikie2 
           foreign key (post_id) 
           references posts
    2026-04-13T12:41:42.132+09:00 DEBUG 4752 --- [    Test worker] org.hibernate.SQL                        : 
        alter table if exists private_space_details 
           add constraint FKr7sa1976wkxc4w2k007ydb91h 
           foreign key (room_type_id) 
           references room_types
    Hibernate: 
        alter table if exists private_space_details 
           add constraint FKr7sa1976wkxc4w2k007ydb91h 
           foreign key (room_type_id) 
           references room_types
    2026-04-13T12:41:42.134+09:00 DEBUG 4752 --- [    Test worker] org.hibernate.SQL                        : 
        alter table if exists private_space_details 
           add constraint FK6382cn43x300u3pbrr1dplvea 
           foreign key (space_id) 
           references spaces
    Hibernate: 
        alter table if exists private_space_details 
           add constraint FK6382cn43x300u3pbrr1dplvea 
           foreign key (space_id) 
           references spaces
    2026-04-13T12:41:42.135+09:00 DEBUG 4752 --- [    Test worker] org.hibernate.SQL                        : 
        alter table if exists refresh_tokens 
           add constraint fk_refresh_token_user 
           foreign key (user_id) 
           references users
    Hibernate: 
        alter table if exists refresh_tokens 
           add constraint fk_refresh_token_user 
           foreign key (user_id) 
           references users
    2026-04-13T12:41:42.136+09:00 DEBUG 4752 --- [    Test worker] org.hibernate.SQL                        : 
        alter table if exists reservations 
           add constraint FKn4dmyiu3hojk0dnk9j8lrykkr 
           foreign key (approved_by) 
           references users
    Hibernate: 
        alter table if exists reservations 
           add constraint FKn4dmyiu3hojk0dnk9j8lrykkr 
           foreign key (approved_by) 
           references users
    2026-04-13T12:41:42.137+09:00 DEBUG 4752 --- [    Test worker] org.hibernate.SQL                        : 
        alter table if exists reservations 
           add constraint FKamig3ih2d03a4kb15cuoax1rm 
           foreign key (space_id) 
           references spaces
    Hibernate: 
        alter table if exists reservations 
           add constraint FKamig3ih2d03a4kb15cuoax1rm 
           foreign key (space_id) 
           references spaces
    2026-04-13T12:41:42.138+09:00 DEBUG 4752 --- [    Test worker] org.hibernate.SQL                        : 
        alter table if exists reservations 
           add constraint FKb5g9io5h54iwl2inkno50ppln 
           foreign key (user_id) 
           references users
    Hibernate: 
        alter table if exists reservations 
           add constraint FKb5g9io5h54iwl2inkno50ppln 
           foreign key (user_id) 
           references users
    2026-04-13T12:41:42.139+09:00 DEBUG 4752 --- [    Test worker] org.hibernate.SQL                        : 
        alter table if exists role_change_logs 
           add constraint fk_role_change_log_user 
           foreign key (user_id) 
           references users
    Hibernate: 
        alter table if exists role_change_logs 
           add constraint fk_role_change_log_user 
           foreign key (user_id) 
           references users
    2026-04-13T12:41:42.140+09:00 DEBUG 4752 --- [    Test worker] org.hibernate.SQL                        : 
        alter table if exists space_images 
           add constraint FK9f50voo0hn2hs0nhbkyqfob8a 
           foreign key (space_id) 
           references spaces
    Hibernate: 
        alter table if exists space_images 
           add constraint FK9f50voo0hn2hs0nhbkyqfob8a 
           foreign key (space_id) 
           references spaces
    2026-04-13T12:41:42.143+09:00  INFO 4752 --- [    Test worker] j.LocalContainerEntityManagerFactoryBean : Initialized JPA EntityManagerFactory for persistence unit 'default'
    2026-04-13T12:41:42.496+09:00  INFO 4752 --- [    Test worker] c.c.r.a.o.j.ReservationJpaRepositoryTest : Started ReservationJpaRepositoryTest in 1.865 seconds (process running for 24.176)

ReservationJpaRepositoryTest > 湲곌컙蹂?議고쉶 ?뚯뒪??> ?좎쭨 踰붿쐞 ?꾪꽣 + ?뺣젹 ?뺤씤 STANDARD_OUT
    2026-04-13T12:41:42.528+09:00 DEBUG 4752 --- [    Test worker] org.hibernate.SQL                        : 
        delete 
        from
            reservations re1_0 
        where
            (
                re1_0.deleted_at IS NULL
            )
    Hibernate: 
        delete 
        from
            reservations re1_0 
        where
            (
                re1_0.deleted_at IS NULL
            )
    2026-04-13T12:41:42.531+09:00 DEBUG 4752 --- [    Test worker] org.hibernate.SQL                        : 
        delete 
        from
            spaces se1_0 
        where
            (
                se1_0.deleted_at IS NULL
            )
    Hibernate: 
        delete 
        from
            spaces se1_0 
        where
            (
                se1_0.deleted_at IS NULL
            )
    2026-04-13T12:41:42.533+09:00 DEBUG 4752 --- [    Test worker] org.hibernate.SQL                        : 
        delete 
        from
            users ue1_0 
        where
            (
                ue1_0.deleted_at IS NULL
            )
    Hibernate: 
        delete 
        from
            users ue1_0 
        where
            (
                ue1_0.deleted_at IS NULL
            )
    2026-04-13T12:41:42.538+09:00 DEBUG 4752 --- [    Test worker] org.hibernate.SQL                        : 
        insert 
        into
            users
            (birth_date, created_at, deleted_at, email, email_verified_at, gender, login_id, name, nationality, password_hash, phone, phone_verified_at, profile_image, role, status, updated_at, user_id) 
        values
            (?, ?, ?, ?, ?, ?, ?, ?, ?, ?, ?, ?, ?, ?, ?, ?, default)
    Hibernate: 
        insert 
        into
            users
            (birth_date, created_at, deleted_at, email, email_verified_at, gender, login_id, name, nationality, password_hash, phone, phone_verified_at, profile_image, role, status, updated_at, user_id) 
        values
            (?, ?, ?, ?, ?, ?, ?, ?, ?, ?, ?, ?, ?, ?, ?, ?, default)
    2026-04-13T12:41:42.539+09:00 TRACE 4752 --- [    Test worker] org.hibernate.orm.jdbc.bind              : binding parameter (1:VARCHAR) <- [000101]
    2026-04-13T12:41:42.539+09:00 TRACE 4752 --- [    Test worker] org.hibernate.orm.jdbc.bind              : binding parameter (2:TIMESTAMP_WITH_TIMEZONE) <- [2026-04-13T12:41:42.535083900+09:00]
    2026-04-13T12:41:42.539+09:00 TRACE 4752 --- [    Test worker] org.hibernate.orm.jdbc.bind              : binding parameter (3:TIMESTAMP_WITH_TIMEZONE) <- [null]
    2026-04-13T12:41:42.539+09:00 TRACE 4752 --- [    Test worker] org.hibernate.orm.jdbc.bind              : binding parameter (4:VARCHAR) <- [a@coliving.com]
    2026-04-13T12:41:42.539+09:00 TRACE 4752 --- [    Test worker] org.hibernate.orm.jdbc.bind              : binding parameter (5:TIMESTAMP_WITH_TIMEZONE) <- [null]
    2026-04-13T12:41:42.539+09:00 TRACE 4752 --- [    Test worker] org.hibernate.orm.jdbc.bind              : binding parameter (6:ENUM) <- [MALE]
    2026-04-13T12:41:42.539+09:00 TRACE 4752 --- [    Test worker] org.hibernate.orm.jdbc.bind              : binding parameter (7:VARCHAR) <- [userA]
    2026-04-13T12:41:42.539+09:00 TRACE 4752 --- [    Test worker] org.hibernate.orm.jdbc.bind              : binding parameter (8:VARCHAR) <- [?좎?A]
    2026-04-13T12:41:42.539+09:00 TRACE 4752 --- [    Test worker] org.hibernate.orm.jdbc.bind              : binding parameter (9:VARCHAR) <- [Korean]
    2026-04-13T12:41:42.539+09:00 TRACE 4752 --- [    Test worker] org.hibernate.orm.jdbc.bind              : binding parameter (10:VARCHAR) <- [hash]
    2026-04-13T12:41:42.539+09:00 TRACE 4752 --- [    Test worker] org.hibernate.orm.jdbc.bind              : binding parameter (11:VARCHAR) <- [010-0000-0001]
    2026-04-13T12:41:42.539+09:00 TRACE 4752 --- [    Test worker] org.hibernate.orm.jdbc.bind              : binding parameter (12:TIMESTAMP_WITH_TIMEZONE) <- [null]
    2026-04-13T12:41:42.539+09:00 TRACE 4752 --- [    Test worker] org.hibernate.orm.jdbc.bind              : binding parameter (13:VARCHAR) <- [null]
    2026-04-13T12:41:42.539+09:00 TRACE 4752 --- [    Test worker] org.hibernate.orm.jdbc.bind              : binding parameter (14:ENUM) <- [RESIDENT]
    2026-04-13T12:41:42.539+09:00 TRACE 4752 --- [    Test worker] org.hibernate.orm.jdbc.bind              : binding parameter (15:ENUM) <- [ACTIVE]
    2026-04-13T12:41:42.539+09:00 TRACE 4752 --- [    Test worker] org.hibernate.orm.jdbc.bind              : binding parameter (16:TIMESTAMP_WITH_TIMEZONE) <- [2026-04-13T12:41:42.535083900+09:00]
    2026-04-13T12:41:42.541+09:00 DEBUG 4752 --- [    Test worker] org.hibernate.SQL                        : 
        insert 
        into
            users
            (birth_date, created_at, deleted_at, email, email_verified_at, gender, login_id, name, nationality, password_hash, phone, phone_verified_at, profile_image, role, status, updated_at, user_id) 
        values
            (?, ?, ?, ?, ?, ?, ?, ?, ?, ?, ?, ?, ?, ?, ?, ?, default)
    Hibernate: 
        insert 
        into
            users
            (birth_date, created_at, deleted_at, email, email_verified_at, gender, login_id, name, nationality, password_hash, phone, phone_verified_at, profile_image, role, status, updated_at, user_id) 
        values
            (?, ?, ?, ?, ?, ?, ?, ?, ?, ?, ?, ?, ?, ?, ?, ?, default)
    2026-04-13T12:41:42.541+09:00 TRACE 4752 --- [    Test worker] org.hibernate.orm.jdbc.bind              : binding parameter (1:VARCHAR) <- [000101]
    2026-04-13T12:41:42.541+09:00 TRACE 4752 --- [    Test worker] org.hibernate.orm.jdbc.bind              : binding parameter (2:TIMESTAMP_WITH_TIMEZONE) <- [2026-04-13T12:41:42.540081900+09:00]
    2026-04-13T12:41:42.541+09:00 TRACE 4752 --- [    Test worker] org.hibernate.orm.jdbc.bind              : binding parameter (3:TIMESTAMP_WITH_TIMEZONE) <- [null]
    2026-04-13T12:41:42.541+09:00 TRACE 4752 --- [    Test worker] org.hibernate.orm.jdbc.bind              : binding parameter (4:VARCHAR) <- [b@coliving.com]
    2026-04-13T12:41:42.541+09:00 TRACE 4752 --- [    Test worker] org.hibernate.orm.jdbc.bind              : binding parameter (5:TIMESTAMP_WITH_TIMEZONE) <- [null]
    2026-04-13T12:41:42.541+09:00 TRACE 4752 --- [    Test worker] org.hibernate.orm.jdbc.bind              : binding parameter (6:ENUM) <- [FEMALE]
    2026-04-13T12:41:42.541+09:00 TRACE 4752 --- [    Test worker] org.hibernate.orm.jdbc.bind              : binding parameter (7:VARCHAR) <- [userB]
    2026-04-13T12:41:42.541+09:00 TRACE 4752 --- [    Test worker] org.hibernate.orm.jdbc.bind              : binding parameter (8:VARCHAR) <- [?좎?B]
    2026-04-13T12:41:42.541+09:00 TRACE 4752 --- [    Test worker] org.hibernate.orm.jdbc.bind              : binding parameter (9:VARCHAR) <- [Korean]
    2026-04-13T12:41:42.541+09:00 TRACE 4752 --- [    Test worker] org.hibernate.orm.jdbc.bind              : binding parameter (10:VARCHAR) <- [hash]
    2026-04-13T12:41:42.542+09:00 TRACE 4752 --- [    Test worker] org.hibernate.orm.jdbc.bind              : binding parameter (11:VARCHAR) <- [010-0000-0002]
    2026-04-13T12:41:42.542+09:00 TRACE 4752 --- [    Test worker] org.hibernate.orm.jdbc.bind              : binding parameter (12:TIMESTAMP_WITH_TIMEZONE) <- [null]
    2026-04-13T12:41:42.542+09:00 TRACE 4752 --- [    Test worker] org.hibernate.orm.jdbc.bind              : binding parameter (13:VARCHAR) <- [null]
    2026-04-13T12:41:42.542+09:00 TRACE 4752 --- [    Test worker] org.hibernate.orm.jdbc.bind              : binding parameter (14:ENUM) <- [RESIDENT]
    2026-04-13T12:41:42.542+09:00 TRACE 4752 --- [    Test worker] org.hibernate.orm.jdbc.bind              : binding parameter (15:ENUM) <- [ACTIVE]
    2026-04-13T12:41:42.542+09:00 TRACE 4752 --- [    Test worker] org.hibernate.orm.jdbc.bind              : binding parameter (16:TIMESTAMP_WITH_TIMEZONE) <- [2026-04-13T12:41:42.540081900+09:00]
    2026-04-13T12:41:42.543+09:00 DEBUG 4752 --- [    Test worker] org.hibernate.SQL                        : 
        insert 
        into
            users
            (birth_date, created_at, deleted_at, email, email_verified_at, gender, login_id, name, nationality, password_hash, phone, phone_verified_at, profile_image, role, status, updated_at, user_id) 
        values
            (?, ?, ?, ?, ?, ?, ?, ?, ?, ?, ?, ?, ?, ?, ?, ?, default)
    Hibernate: 
        insert 
        into
            users
            (birth_date, created_at, deleted_at, email, email_verified_at, gender, login_id, name, nationality, password_hash, phone, phone_verified_at, profile_image, role, status, updated_at, user_id) 
        values
            (?, ?, ?, ?, ?, ?, ?, ?, ?, ?, ?, ?, ?, ?, ?, ?, default)
    2026-04-13T12:41:42.543+09:00 TRACE 4752 --- [    Test worker] org.hibernate.orm.jdbc.bind              : binding parameter (1:VARCHAR) <- [000101]
    2026-04-13T12:41:42.543+09:00 TRACE 4752 --- [    Test worker] org.hibernate.orm.jdbc.bind              : binding parameter (2:TIMESTAMP_WITH_TIMEZONE) <- [2026-04-13T12:41:42.543682400+09:00]
    2026-04-13T12:41:42.543+09:00 TRACE 4752 --- [    Test worker] org.hibernate.orm.jdbc.bind              : binding parameter (3:TIMESTAMP_WITH_TIMEZONE) <- [null]
    2026-04-13T12:41:42.543+09:00 TRACE 4752 --- [    Test worker] org.hibernate.orm.jdbc.bind              : binding parameter (4:VARCHAR) <- [admin@coliving.com]
    2026-04-13T12:41:42.543+09:00 TRACE 4752 --- [    Test worker] org.hibernate.orm.jdbc.bind              : binding parameter (5:TIMESTAMP_WITH_TIMEZONE) <- [null]
    2026-04-13T12:41:42.543+09:00 TRACE 4752 --- [    Test worker] org.hibernate.orm.jdbc.bind              : binding parameter (6:ENUM) <- [MALE]
    2026-04-13T12:41:42.543+09:00 TRACE 4752 --- [    Test worker] org.hibernate.orm.jdbc.bind              : binding parameter (7:VARCHAR) <- [admin]
    2026-04-13T12:41:42.543+09:00 TRACE 4752 --- [    Test worker] org.hibernate.orm.jdbc.bind              : binding parameter (8:VARCHAR) <- [愿由ъ옄]
    2026-04-13T12:41:42.543+09:00 TRACE 4752 --- [    Test worker] org.hibernate.orm.jdbc.bind              : binding parameter (9:VARCHAR) <- [Korean]
    2026-04-13T12:41:42.543+09:00 TRACE 4752 --- [    Test worker] org.hibernate.orm.jdbc.bind              : binding parameter (10:VARCHAR) <- [hash]
    2026-04-13T12:41:42.543+09:00 TRACE 4752 --- [    Test worker] org.hibernate.orm.jdbc.bind              : binding parameter (11:VARCHAR) <- [010-9999-9999]
    2026-04-13T12:41:42.543+09:00 TRACE 4752 --- [    Test worker] org.hibernate.orm.jdbc.bind              : binding parameter (12:TIMESTAMP_WITH_TIMEZONE) <- [null]
    2026-04-13T12:41:42.543+09:00 TRACE 4752 --- [    Test worker] org.hibernate.orm.jdbc.bind              : binding parameter (13:VARCHAR) <- [null]
    2026-04-13T12:41:42.543+09:00 TRACE 4752 --- [    Test worker] org.hibernate.orm.jdbc.bind              : binding parameter (14:ENUM) <- [ADMIN]
    2026-04-13T12:41:42.543+09:00 TRACE 4752 --- [    Test worker] org.hibernate.orm.jdbc.bind              : binding parameter (15:ENUM) <- [ACTIVE]
    2026-04-13T12:41:42.543+09:00 TRACE 4752 --- [    Test worker] org.hibernate.orm.jdbc.bind              : binding parameter (16:TIMESTAMP_WITH_TIMEZONE) <- [2026-04-13T12:41:42.543682400+09:00]
    2026-04-13T12:41:42.543+09:00 DEBUG 4752 --- [    Test worker] org.hibernate.SQL                        : 
        insert 
        into
            spaces
            (amenities, area, created_at, deleted_at, description, floor, name, position_h, position_w, position_x, position_y, status, type, updated_at, space_id) 
        values
            (?, ?, ?, ?, ?, ?, ?, ?, ?, ?, ?, ?, ?, ?, default)
    Hibernate: 
        insert 
        into
            spaces
            (amenities, area, created_at, deleted_at, description, floor, name, position_h, position_w, position_x, position_y, status, type, updated_at, space_id) 
        values
            (?, ?, ?, ?, ?, ?, ?, ?, ?, ?, ?, ?, ?, ?, default)
    2026-04-13T12:41:42.543+09:00 TRACE 4752 --- [    Test worker] org.hibernate.orm.jdbc.bind              : binding parameter (1:VARCHAR) <- [null]
    2026-04-13T12:41:42.543+09:00 TRACE 4752 --- [    Test worker] org.hibernate.orm.jdbc.bind              : binding parameter (2:NUMERIC) <- [null]
    2026-04-13T12:41:42.543+09:00 TRACE 4752 --- [    Test worker] org.hibernate.orm.jdbc.bind              : binding parameter (3:TIMESTAMP_WITH_TIMEZONE) <- [2026-04-13T12:41:42.543682400+09:00]
    2026-04-13T12:41:42.543+09:00 TRACE 4752 --- [    Test worker] org.hibernate.orm.jdbc.bind              : binding parameter (4:TIMESTAMP_WITH_TIMEZONE) <- [null]
    2026-04-13T12:41:42.543+09:00 TRACE 4752 --- [    Test worker] org.hibernate.orm.jdbc.bind              : binding parameter (5:VARCHAR) <- [null]
    2026-04-13T12:41:42.543+09:00 TRACE 4752 --- [    Test worker] org.hibernate.orm.jdbc.bind              : binding parameter (6:INTEGER) <- [1]
    2026-04-13T12:41:42.543+09:00 TRACE 4752 --- [    Test worker] org.hibernate.orm.jdbc.bind              : binding parameter (7:VARCHAR) <- [?뚯쓽??A]
    2026-04-13T12:41:42.543+09:00 TRACE 4752 --- [    Test worker] org.hibernate.orm.jdbc.bind              : binding parameter (8:INTEGER) <- [null]
    2026-04-13T12:41:42.543+09:00 TRACE 4752 --- [    Test worker] org.hibernate.orm.jdbc.bind              : binding parameter (9:INTEGER) <- [null]
    2026-04-13T12:41:42.543+09:00 TRACE 4752 --- [    Test worker] org.hibernate.orm.jdbc.bind              : binding parameter (10:INTEGER) <- [null]
    2026-04-13T12:41:42.543+09:00 TRACE 4752 --- [    Test worker] org.hibernate.orm.jdbc.bind              : binding parameter (11:INTEGER) <- [null]
    2026-04-13T12:41:42.543+09:00 TRACE 4752 --- [    Test worker] org.hibernate.orm.jdbc.bind              : binding parameter (12:ENUM) <- [AVAILABLE]
    2026-04-13T12:41:42.543+09:00 TRACE 4752 --- [    Test worker] org.hibernate.orm.jdbc.bind              : binding parameter (13:ENUM) <- [COMMON]
    2026-04-13T12:41:42.543+09:00 TRACE 4752 --- [    Test worker] org.hibernate.orm.jdbc.bind              : binding parameter (14:TIMESTAMP_WITH_TIMEZONE) <- [2026-04-13T12:41:42.543682400+09:00]
    2026-04-13T12:41:42.559+09:00 DEBUG 4752 --- [    Test worker] org.hibernate.SQL                        : 
        insert 
        into
            reservations
            (approved_by, created_at, deleted_at, end_time, reservation_date, space_id, start_time, status, updated_at, user_id, reservation_id) 
        values
            (?, ?, ?, ?, ?, ?, ?, ?, ?, ?, default)
    Hibernate: 
        insert 
        into
            reservations
            (approved_by, created_at, deleted_at, end_time, reservation_date, space_id, start_time, status, updated_at, user_id, reservation_id) 
        values
            (?, ?, ?, ?, ?, ?, ?, ?, ?, ?, default)
    2026-04-13T12:41:42.559+09:00 TRACE 4752 --- [    Test worker] org.hibernate.orm.jdbc.bind              : binding parameter (1:BIGINT) <- [null]
    2026-04-13T12:41:42.559+09:00 TRACE 4752 --- [    Test worker] org.hibernate.orm.jdbc.bind              : binding parameter (2:TIMESTAMP_WITH_TIMEZONE) <- [2026-04-13T12:41:42.559318+09:00]
    2026-04-13T12:41:42.559+09:00 TRACE 4752 --- [    Test worker] org.hibernate.orm.jdbc.bind              : binding parameter (3:TIMESTAMP_WITH_TIMEZONE) <- [null]
    2026-04-13T12:41:42.559+09:00 TRACE 4752 --- [    Test worker] org.hibernate.orm.jdbc.bind              : binding parameter (4:TIME) <- [11:00]
    2026-04-13T12:41:42.559+09:00 TRACE 4752 --- [    Test worker] org.hibernate.orm.jdbc.bind              : binding parameter (5:DATE) <- [2026-04-07]
    2026-04-13T12:41:42.559+09:00 TRACE 4752 --- [    Test worker] org.hibernate.orm.jdbc.bind              : binding parameter (6:BIGINT) <- [1]
    2026-04-13T12:41:42.559+09:00 TRACE 4752 --- [    Test worker] org.hibernate.orm.jdbc.bind              : binding parameter (7:TIME) <- [10:00]
    2026-04-13T12:41:42.559+09:00 TRACE 4752 --- [    Test worker] org.hibernate.orm.jdbc.bind              : binding parameter (8:ENUM) <- [APPROVED]
    2026-04-13T12:41:42.559+09:00 TRACE 4752 --- [    Test worker] org.hibernate.orm.jdbc.bind              : binding parameter (9:TIMESTAMP_WITH_TIMEZONE) <- [2026-04-13T12:41:42.559318+09:00]
    2026-04-13T12:41:42.559+09:00 TRACE 4752 --- [    Test worker] org.hibernate.orm.jdbc.bind              : binding parameter (10:BIGINT) <- [1]
    2026-04-13T12:41:42.564+09:00 DEBUG 4752 --- [    Test worker] org.hibernate.SQL                        : 
        insert 
        into
            reservations
            (approved_by, created_at, deleted_at, end_time, reservation_date, space_id, start_time, status, updated_at, user_id, reservation_id) 
        values
            (?, ?, ?, ?, ?, ?, ?, ?, ?, ?, default)
    Hibernate: 
        insert 
        into
            reservations
            (approved_by, created_at, deleted_at, end_time, reservation_date, space_id, start_time, status, updated_at, user_id, reservation_id) 
        values
            (?, ?, ?, ?, ?, ?, ?, ?, ?, ?, default)
    2026-04-13T12:41:42.564+09:00 TRACE 4752 --- [    Test worker] org.hibernate.orm.jdbc.bind              : binding parameter (1:BIGINT) <- [null]
    2026-04-13T12:41:42.564+09:00 TRACE 4752 --- [    Test worker] org.hibernate.orm.jdbc.bind              : binding parameter (2:TIMESTAMP_WITH_TIMEZONE) <- [2026-04-13T12:41:42.564883200+09:00]
    2026-04-13T12:41:42.564+09:00 TRACE 4752 --- [    Test worker] org.hibernate.orm.jdbc.bind              : binding parameter (3:TIMESTAMP_WITH_TIMEZONE) <- [null]
    2026-04-13T12:41:42.564+09:00 TRACE 4752 --- [    Test worker] org.hibernate.orm.jdbc.bind              : binding parameter (4:TIME) <- [15:00]
    2026-04-13T12:41:42.564+09:00 TRACE 4752 --- [    Test worker] org.hibernate.orm.jdbc.bind              : binding parameter (5:DATE) <- [2026-04-09]
    2026-04-13T12:41:42.564+09:00 TRACE 4752 --- [    Test worker] org.hibernate.orm.jdbc.bind              : binding parameter (6:BIGINT) <- [1]
    2026-04-13T12:41:42.564+09:00 TRACE 4752 --- [    Test worker] org.hibernate.orm.jdbc.bind              : binding parameter (7:TIME) <- [14:00]
    2026-04-13T12:41:42.564+09:00 TRACE 4752 --- [    Test worker] org.hibernate.orm.jdbc.bind              : binding parameter (8:ENUM) <- [APPROVED]
    2026-04-13T12:41:42.564+09:00 TRACE 4752 --- [    Test worker] org.hibernate.orm.jdbc.bind              : binding parameter (9:TIMESTAMP_WITH_TIMEZONE) <- [2026-04-13T12:41:42.564883200+09:00]
    2026-04-13T12:41:42.564+09:00 TRACE 4752 --- [    Test worker] org.hibernate.orm.jdbc.bind              : binding parameter (10:BIGINT) <- [1]
    2026-04-13T12:41:42.564+09:00 DEBUG 4752 --- [    Test worker] org.hibernate.SQL                        : 
        insert 
        into
            reservations
            (approved_by, created_at, deleted_at, end_time, reservation_date, space_id, start_time, status, updated_at, user_id, reservation_id) 
        values
            (?, ?, ?, ?, ?, ?, ?, ?, ?, ?, default)
    Hibernate: 
        insert 
        into
            reservations
            (approved_by, created_at, deleted_at, end_time, reservation_date, space_id, start_time, status, updated_at, user_id, reservation_id) 
        values
            (?, ?, ?, ?, ?, ?, ?, ?, ?, ?, default)
    2026-04-13T12:41:42.564+09:00 TRACE 4752 --- [    Test worker] org.hibernate.orm.jdbc.bind              : binding parameter (1:BIGINT) <- [null]
    2026-04-13T12:41:42.564+09:00 TRACE 4752 --- [    Test worker] org.hibernate.orm.jdbc.bind              : binding parameter (2:TIMESTAMP_WITH_TIMEZONE) <- [2026-04-13T12:41:42.564883200+09:00]
    2026-04-13T12:41:42.564+09:00 TRACE 4752 --- [    Test worker] org.hibernate.orm.jdbc.bind              : binding parameter (3:TIMESTAMP_WITH_TIMEZONE) <- [null]
    2026-04-13T12:41:42.564+09:00 TRACE 4752 --- [    Test worker] org.hibernate.orm.jdbc.bind              : binding parameter (4:TIME) <- [11:00]
    2026-04-13T12:41:42.564+09:00 TRACE 4752 --- [    Test worker] org.hibernate.orm.jdbc.bind              : binding parameter (5:DATE) <- [2026-04-14]
    2026-04-13T12:41:42.564+09:00 TRACE 4752 --- [    Test worker] org.hibernate.orm.jdbc.bind              : binding parameter (6:BIGINT) <- [1]
    2026-04-13T12:41:42.564+09:00 TRACE 4752 --- [    Test worker] org.hibernate.orm.jdbc.bind              : binding parameter (7:TIME) <- [10:00]
    2026-04-13T12:41:42.564+09:00 TRACE 4752 --- [    Test worker] org.hibernate.orm.jdbc.bind              : binding parameter (8:ENUM) <- [APPROVED]
    2026-04-13T12:41:42.564+09:00 TRACE 4752 --- [    Test worker] org.hibernate.orm.jdbc.bind              : binding parameter (9:TIMESTAMP_WITH_TIMEZONE) <- [2026-04-13T12:41:42.564883200+09:00]
    2026-04-13T12:41:42.564+09:00 TRACE 4752 --- [    Test worker] org.hibernate.orm.jdbc.bind              : binding parameter (10:BIGINT) <- [1]
    2026-04-13T12:41:42.576+09:00 DEBUG 4752 --- [    Test worker] org.hibernate.SQL                        : 
        select
            re1_0.reservation_id,
            re1_0.approved_by,
            re1_0.created_at,
            re1_0.deleted_at,
            re1_0.end_time,
            re1_0.reservation_date,
            re1_0.space_id,
            re1_0.start_time,
            re1_0.status,
            re1_0.updated_at,
            re1_0.user_id 
        from
            reservations re1_0 
        where
            (
                re1_0.deleted_at IS NULL
            ) 
            and re1_0.space_id=? 
            and re1_0.reservation_date between ? and ? 
        order by
            re1_0.reservation_date,
            re1_0.start_time
    Hibernate: 
        select
            re1_0.reservation_id,
            re1_0.approved_by,
            re1_0.created_at,
            re1_0.deleted_at,
            re1_0.end_time,
            re1_0.reservation_date,
            re1_0.space_id,
            re1_0.start_time,
            re1_0.status,
            re1_0.updated_at,
            re1_0.user_id 
        from
            reservations re1_0 
        where
            (
                re1_0.deleted_at IS NULL
            ) 
            and re1_0.space_id=? 
            and re1_0.reservation_date between ? and ? 
        order by
            re1_0.reservation_date,
            re1_0.start_time
    2026-04-13T12:41:42.576+09:00 TRACE 4752 --- [    Test worker] org.hibernate.orm.jdbc.bind              : binding parameter (1:BIGINT) <- [1]
    2026-04-13T12:41:42.576+09:00 TRACE 4752 --- [    Test worker] org.hibernate.orm.jdbc.bind              : binding parameter (2:DATE) <- [2026-04-07]
    2026-04-13T12:41:42.576+09:00 TRACE 4752 --- [    Test worker] org.hibernate.orm.jdbc.bind              : binding parameter (3:DATE) <- [2026-04-13]

ReservationJpaRepositoryTest > ?쒖꽦 ?덉빟 ?뺤씤 ?뚯뒪??STANDARD_OUT
    2026-04-13T12:41:42.584+09:00  INFO 4752 --- [    Test worker] t.c.s.AnnotationConfigContextLoaderUtils : Could not detect default configuration classes for test class [com.coliving.reservation.adapter.out.jpa.ReservationJpaRepositoryTest$ActiveReservationTest]: ActiveReservationTest does not declare any static, non-private, non-final, nested classes annotated with @Configuration.
    2026-04-13T12:41:42.594+09:00  INFO 4752 --- [    Test worker] .b.t.c.SpringBootTestContextBootstrapper : Found @SpringBootConfiguration com.coliving.CoLivingApplication for test class com.coliving.reservation.adapter.out.jpa.ReservationJpaRepositoryTest$ActiveReservationTest

ReservationJpaRepositoryTest > ?쒖꽦 ?덉빟 ?뺤씤 ?뚯뒪??> ?쒓컙 踰붿쐞 ?????쒖꽦 ?덉빟 議댁옱 (true) STANDARD_OUT
    2026-04-13T12:41:42.601+09:00 DEBUG 4752 --- [    Test worker] org.hibernate.SQL                        : 
        delete 
        from
            reservations re1_0 
        where
            (
                re1_0.deleted_at IS NULL
            )
    Hibernate: 
        delete 
        from
            reservations re1_0 
        where
            (
                re1_0.deleted_at IS NULL
            )
    2026-04-13T12:41:42.602+09:00 DEBUG 4752 --- [    Test worker] org.hibernate.SQL                        : 
        delete 
        from
            spaces se1_0 
        where
            (
                se1_0.deleted_at IS NULL
            )
    Hibernate: 
        delete 
        from
            spaces se1_0 
        where
            (
                se1_0.deleted_at IS NULL
            )
    2026-04-13T12:41:42.603+09:00 DEBUG 4752 --- [    Test worker] org.hibernate.SQL                        : 
        delete 
        from
            users ue1_0 
        where
            (
                ue1_0.deleted_at IS NULL
            )
    Hibernate: 
        delete 
        from
            users ue1_0 
        where
            (
                ue1_0.deleted_at IS NULL
            )
    2026-04-13T12:41:42.604+09:00 DEBUG 4752 --- [    Test worker] org.hibernate.SQL                        : 
        insert 
        into
            users
            (birth_date, created_at, deleted_at, email, email_verified_at, gender, login_id, name, nationality, password_hash, phone, phone_verified_at, profile_image, role, status, updated_at, user_id) 
        values
            (?, ?, ?, ?, ?, ?, ?, ?, ?, ?, ?, ?, ?, ?, ?, ?, default)
    Hibernate: 
        insert 
        into
            users
            (birth_date, created_at, deleted_at, email, email_verified_at, gender, login_id, name, nationality, password_hash, phone, phone_verified_at, profile_image, role, status, updated_at, user_id) 
        values
            (?, ?, ?, ?, ?, ?, ?, ?, ?, ?, ?, ?, ?, ?, ?, ?, default)
    2026-04-13T12:41:42.605+09:00 TRACE 4752 --- [    Test worker] org.hibernate.orm.jdbc.bind              : binding parameter (1:VARCHAR) <- [000101]
    2026-04-13T12:41:42.605+09:00 TRACE 4752 --- [    Test worker] org.hibernate.orm.jdbc.bind              : binding parameter (2:TIMESTAMP_WITH_TIMEZONE) <- [2026-04-13T12:41:42.604683800+09:00]
    2026-04-13T12:41:42.605+09:00 TRACE 4752 --- [    Test worker] org.hibernate.orm.jdbc.bind              : binding parameter (3:TIMESTAMP_WITH_TIMEZONE) <- [null]
    2026-04-13T12:41:42.605+09:00 TRACE 4752 --- [    Test worker] org.hibernate.orm.jdbc.bind              : binding parameter (4:VARCHAR) <- [a@coliving.com]
    2026-04-13T12:41:42.605+09:00 TRACE 4752 --- [    Test worker] org.hibernate.orm.jdbc.bind              : binding parameter (5:TIMESTAMP_WITH_TIMEZONE) <- [null]
    2026-04-13T12:41:42.605+09:00 TRACE 4752 --- [    Test worker] org.hibernate.orm.jdbc.bind              : binding parameter (6:ENUM) <- [MALE]
    2026-04-13T12:41:42.605+09:00 TRACE 4752 --- [    Test worker] org.hibernate.orm.jdbc.bind              : binding parameter (7:VARCHAR) <- [userA]
    2026-04-13T12:41:42.605+09:00 TRACE 4752 --- [    Test worker] org.hibernate.orm.jdbc.bind              : binding parameter (8:VARCHAR) <- [?좎?A]
    2026-04-13T12:41:42.605+09:00 TRACE 4752 --- [    Test worker] org.hibernate.orm.jdbc.bind              : binding parameter (9:VARCHAR) <- [Korean]
    2026-04-13T12:41:42.605+09:00 TRACE 4752 --- [    Test worker] org.hibernate.orm.jdbc.bind              : binding parameter (10:VARCHAR) <- [hash]
    2026-04-13T12:41:42.605+09:00 TRACE 4752 --- [    Test worker] org.hibernate.orm.jdbc.bind              : binding parameter (11:VARCHAR) <- [010-0000-0001]
    2026-04-13T12:41:42.605+09:00 TRACE 4752 --- [    Test worker] org.hibernate.orm.jdbc.bind              : binding parameter (12:TIMESTAMP_WITH_TIMEZONE) <- [null]
    2026-04-13T12:41:42.605+09:00 TRACE 4752 --- [    Test worker] org.hibernate.orm.jdbc.bind              : binding parameter (13:VARCHAR) <- [null]
    2026-04-13T12:41:42.605+09:00 TRACE 4752 --- [    Test worker] org.hibernate.orm.jdbc.bind              : binding parameter (14:ENUM) <- [RESIDENT]
    2026-04-13T12:41:42.605+09:00 TRACE 4752 --- [    Test worker] org.hibernate.orm.jdbc.bind              : binding parameter (15:ENUM) <- [ACTIVE]
    2026-04-13T12:41:42.605+09:00 TRACE 4752 --- [    Test worker] org.hibernate.orm.jdbc.bind              : binding parameter (16:TIMESTAMP_WITH_TIMEZONE) <- [2026-04-13T12:41:42.604683800+09:00]
    2026-04-13T12:41:42.606+09:00 DEBUG 4752 --- [    Test worker] org.hibernate.SQL                        : 
        insert 
        into
            users
            (birth_date, created_at, deleted_at, email, email_verified_at, gender, login_id, name, nationality, password_hash, phone, phone_verified_at, profile_image, role, status, updated_at, user_id) 
        values
            (?, ?, ?, ?, ?, ?, ?, ?, ?, ?, ?, ?, ?, ?, ?, ?, default)
    Hibernate: 
        insert 
        into
            users
            (birth_date, created_at, deleted_at, email, email_verified_at, gender, login_id, name, nationality, password_hash, phone, phone_verified_at, profile_image, role, status, updated_at, user_id) 
        values
            (?, ?, ?, ?, ?, ?, ?, ?, ?, ?, ?, ?, ?, ?, ?, ?, default)
    2026-04-13T12:41:42.606+09:00 TRACE 4752 --- [    Test worker] org.hibernate.orm.jdbc.bind              : binding parameter (1:VARCHAR) <- [000101]
    2026-04-13T12:41:42.606+09:00 TRACE 4752 --- [    Test worker] org.hibernate.orm.jdbc.bind              : binding parameter (2:TIMESTAMP_WITH_TIMEZONE) <- [2026-04-13T12:41:42.606685400+09:00]
    2026-04-13T12:41:42.606+09:00 TRACE 4752 --- [    Test worker] org.hibernate.orm.jdbc.bind              : binding parameter (3:TIMESTAMP_WITH_TIMEZONE) <- [null]
    2026-04-13T12:41:42.606+09:00 TRACE 4752 --- [    Test worker] org.hibernate.orm.jdbc.bind              : binding parameter (4:VARCHAR) <- [b@coliving.com]
    2026-04-13T12:41:42.606+09:00 TRACE 4752 --- [    Test worker] org.hibernate.orm.jdbc.bind              : binding parameter (5:TIMESTAMP_WITH_TIMEZONE) <- [null]
    2026-04-13T12:41:42.606+09:00 TRACE 4752 --- [    Test worker] org.hibernate.orm.jdbc.bind              : binding parameter (6:ENUM) <- [FEMALE]
    2026-04-13T12:41:42.606+09:00 TRACE 4752 --- [    Test worker] org.hibernate.orm.jdbc.bind              : binding parameter (7:VARCHAR) <- [userB]
    2026-04-13T12:41:42.606+09:00 TRACE 4752 --- [    Test worker] org.hibernate.orm.jdbc.bind              : binding parameter (8:VARCHAR) <- [?좎?B]
    2026-04-13T12:41:42.606+09:00 TRACE 4752 --- [    Test worker] org.hibernate.orm.jdbc.bind              : binding parameter (9:VARCHAR) <- [Korean]
    2026-04-13T12:41:42.606+09:00 TRACE 4752 --- [    Test worker] org.hibernate.orm.jdbc.bind              : binding parameter (10:VARCHAR) <- [hash]
    2026-04-13T12:41:42.606+09:00 TRACE 4752 --- [    Test worker] org.hibernate.orm.jdbc.bind              : binding parameter (11:VARCHAR) <- [010-0000-0002]
    2026-04-13T12:41:42.606+09:00 TRACE 4752 --- [    Test worker] org.hibernate.orm.jdbc.bind              : binding parameter (12:TIMESTAMP_WITH_TIMEZONE) <- [null]
    2026-04-13T12:41:42.606+09:00 TRACE 4752 --- [    Test worker] org.hibernate.orm.jdbc.bind              : binding parameter (13:VARCHAR) <- [null]
    2026-04-13T12:41:42.606+09:00 TRACE 4752 --- [    Test worker] org.hibernate.orm.jdbc.bind              : binding parameter (14:ENUM) <- [RESIDENT]
    2026-04-13T12:41:42.607+09:00 TRACE 4752 --- [    Test worker] org.hibernate.orm.jdbc.bind              : binding parameter (15:ENUM) <- [ACTIVE]
    2026-04-13T12:41:42.607+09:00 TRACE 4752 --- [    Test worker] org.hibernate.orm.jdbc.bind              : binding parameter (16:TIMESTAMP_WITH_TIMEZONE) <- [2026-04-13T12:41:42.606685400+09:00]
    2026-04-13T12:41:42.617+09:00 DEBUG 4752 --- [    Test worker] org.hibernate.SQL                        : 
        insert 
        into
            users
            (birth_date, created_at, deleted_at, email, email_verified_at, gender, login_id, name, nationality, password_hash, phone, phone_verified_at, profile_image, role, status, updated_at, user_id) 
        values
            (?, ?, ?, ?, ?, ?, ?, ?, ?, ?, ?, ?, ?, ?, ?, ?, default)
    Hibernate: 
        insert 
        into
            users
            (birth_date, created_at, deleted_at, email, email_verified_at, gender, login_id, name, nationality, password_hash, phone, phone_verified_at, profile_image, role, status, updated_at, user_id) 
        values
            (?, ?, ?, ?, ?, ?, ?, ?, ?, ?, ?, ?, ?, ?, ?, ?, default)
    2026-04-13T12:41:42.617+09:00 TRACE 4752 --- [    Test worker] org.hibernate.orm.jdbc.bind              : binding parameter (1:VARCHAR) <- [000101]
    2026-04-13T12:41:42.617+09:00 TRACE 4752 --- [    Test worker] org.hibernate.orm.jdbc.bind              : binding parameter (2:TIMESTAMP_WITH_TIMEZONE) <- [2026-04-13T12:41:42.616006500+09:00]
    2026-04-13T12:41:42.617+09:00 TRACE 4752 --- [    Test worker] org.hibernate.orm.jdbc.bind              : binding parameter (3:TIMESTAMP_WITH_TIMEZONE) <- [null]
    2026-04-13T12:41:42.617+09:00 TRACE 4752 --- [    Test worker] org.hibernate.orm.jdbc.bind              : binding parameter (4:VARCHAR) <- [admin@coliving.com]
    2026-04-13T12:41:42.617+09:00 TRACE 4752 --- [    Test worker] org.hibernate.orm.jdbc.bind              : binding parameter (5:TIMESTAMP_WITH_TIMEZONE) <- [null]
    2026-04-13T12:41:42.617+09:00 TRACE 4752 --- [    Test worker] org.hibernate.orm.jdbc.bind              : binding parameter (6:ENUM) <- [MALE]
    2026-04-13T12:41:42.617+09:00 TRACE 4752 --- [    Test worker] org.hibernate.orm.jdbc.bind              : binding parameter (7:VARCHAR) <- [admin]
    2026-04-13T12:41:42.617+09:00 TRACE 4752 --- [    Test worker] org.hibernate.orm.jdbc.bind              : binding parameter (8:VARCHAR) <- [愿由ъ옄]
    2026-04-13T12:41:42.617+09:00 TRACE 4752 --- [    Test worker] org.hibernate.orm.jdbc.bind              : binding parameter (9:VARCHAR) <- [Korean]
    2026-04-13T12:41:42.617+09:00 TRACE 4752 --- [    Test worker] org.hibernate.orm.jdbc.bind              : binding parameter (10:VARCHAR) <- [hash]
    2026-04-13T12:41:42.617+09:00 TRACE 4752 --- [    Test worker] org.hibernate.orm.jdbc.bind              : binding parameter (11:VARCHAR) <- [010-9999-9999]
    2026-04-13T12:41:42.617+09:00 TRACE 4752 --- [    Test worker] org.hibernate.orm.jdbc.bind              : binding parameter (12:TIMESTAMP_WITH_TIMEZONE) <- [null]
    2026-04-13T12:41:42.617+09:00 TRACE 4752 --- [    Test worker] org.hibernate.orm.jdbc.bind              : binding parameter (13:VARCHAR) <- [null]
    2026-04-13T12:41:42.617+09:00 TRACE 4752 --- [    Test worker] org.hibernate.orm.jdbc.bind              : binding parameter (14:ENUM) <- [ADMIN]
    2026-04-13T12:41:42.617+09:00 TRACE 4752 --- [    Test worker] org.hibernate.orm.jdbc.bind              : binding parameter (15:ENUM) <- [ACTIVE]
    2026-04-13T12:41:42.617+09:00 TRACE 4752 --- [    Test worker] org.hibernate.orm.jdbc.bind              : binding parameter (16:TIMESTAMP_WITH_TIMEZONE) <- [2026-04-13T12:41:42.616006500+09:00]
    2026-04-13T12:41:42.619+09:00 DEBUG 4752 --- [    Test worker] org.hibernate.SQL                        : 
        insert 
        into
            spaces
            (amenities, area, created_at, deleted_at, description, floor, name, position_h, position_w, position_x, position_y, status, type, updated_at, space_id) 
        values
            (?, ?, ?, ?, ?, ?, ?, ?, ?, ?, ?, ?, ?, ?, default)
    Hibernate: 
        insert 
        into
            spaces
            (amenities, area, created_at, deleted_at, description, floor, name, position_h, position_w, position_x, position_y, status, type, updated_at, space_id) 
        values
            (?, ?, ?, ?, ?, ?, ?, ?, ?, ?, ?, ?, ?, ?, default)
    2026-04-13T12:41:42.619+09:00 TRACE 4752 --- [    Test worker] org.hibernate.orm.jdbc.bind              : binding parameter (1:VARCHAR) <- [null]
    2026-04-13T12:41:42.619+09:00 TRACE 4752 --- [    Test worker] org.hibernate.orm.jdbc.bind              : binding parameter (2:NUMERIC) <- [null]
    2026-04-13T12:41:42.619+09:00 TRACE 4752 --- [    Test worker] org.hibernate.orm.jdbc.bind              : binding parameter (3:TIMESTAMP_WITH_TIMEZONE) <- [2026-04-13T12:41:42.619159300+09:00]
    2026-04-13T12:41:42.619+09:00 TRACE 4752 --- [    Test worker] org.hibernate.orm.jdbc.bind              : binding parameter (4:TIMESTAMP_WITH_TIMEZONE) <- [null]
    2026-04-13T12:41:42.619+09:00 TRACE 4752 --- [    Test worker] org.hibernate.orm.jdbc.bind              : binding parameter (5:VARCHAR) <- [null]
    2026-04-13T12:41:42.619+09:00 TRACE 4752 --- [    Test worker] org.hibernate.orm.jdbc.bind              : binding parameter (6:INTEGER) <- [1]
    2026-04-13T12:41:42.619+09:00 TRACE 4752 --- [    Test worker] org.hibernate.orm.jdbc.bind              : binding parameter (7:VARCHAR) <- [?뚯쓽??A]
    2026-04-13T12:41:42.619+09:00 TRACE 4752 --- [    Test worker] org.hibernate.orm.jdbc.bind              : binding parameter (8:INTEGER) <- [null]
    2026-04-13T12:41:42.619+09:00 TRACE 4752 --- [    Test worker] org.hibernate.orm.jdbc.bind              : binding parameter (9:INTEGER) <- [null]
    2026-04-13T12:41:42.619+09:00 TRACE 4752 --- [    Test worker] org.hibernate.orm.jdbc.bind              : binding parameter (10:INTEGER) <- [null]
    2026-04-13T12:41:42.619+09:00 TRACE 4752 --- [    Test worker] org.hibernate.orm.jdbc.bind              : binding parameter (11:INTEGER) <- [null]
    2026-04-13T12:41:42.619+09:00 TRACE 4752 --- [    Test worker] org.hibernate.orm.jdbc.bind              : binding parameter (12:ENUM) <- [AVAILABLE]
    2026-04-13T12:41:42.619+09:00 TRACE 4752 --- [    Test worker] org.hibernate.orm.jdbc.bind              : binding parameter (13:ENUM) <- [COMMON]
    2026-04-13T12:41:42.619+09:00 TRACE 4752 --- [    Test worker] org.hibernate.orm.jdbc.bind              : binding parameter (14:TIMESTAMP_WITH_TIMEZONE) <- [2026-04-13T12:41:42.619159300+09:00]
    2026-04-13T12:41:42.620+09:00 DEBUG 4752 --- [    Test worker] org.hibernate.SQL                        : 
        insert 
        into
            reservations
            (approved_by, created_at, deleted_at, end_time, reservation_date, space_id, start_time, status, updated_at, user_id, reservation_id) 
        values
            (?, ?, ?, ?, ?, ?, ?, ?, ?, ?, default)
    Hibernate: 
        insert 
        into
            reservations
            (approved_by, created_at, deleted_at, end_time, reservation_date, space_id, start_time, status, updated_at, user_id, reservation_id) 
        values
            (?, ?, ?, ?, ?, ?, ?, ?, ?, ?, default)
    2026-04-13T12:41:42.620+09:00 TRACE 4752 --- [    Test worker] org.hibernate.orm.jdbc.bind              : binding parameter (1:BIGINT) <- [null]
    2026-04-13T12:41:42.620+09:00 TRACE 4752 --- [    Test worker] org.hibernate.orm.jdbc.bind              : binding parameter (2:TIMESTAMP_WITH_TIMEZONE) <- [2026-04-13T12:41:42.620720900+09:00]
    2026-04-13T12:41:42.620+09:00 TRACE 4752 --- [    Test worker] org.hibernate.orm.jdbc.bind              : binding parameter (3:TIMESTAMP_WITH_TIMEZONE) <- [null]
    2026-04-13T12:41:42.620+09:00 TRACE 4752 --- [    Test worker] org.hibernate.orm.jdbc.bind              : binding parameter (4:TIME) <- [12:00]
    2026-04-13T12:41:42.620+09:00 TRACE 4752 --- [    Test worker] org.hibernate.orm.jdbc.bind              : binding parameter (5:DATE) <- [2026-04-10]
    2026-04-13T12:41:42.620+09:00 TRACE 4752 --- [    Test worker] org.hibernate.orm.jdbc.bind              : binding parameter (6:BIGINT) <- [2]
    2026-04-13T12:41:42.620+09:00 TRACE 4752 --- [    Test worker] org.hibernate.orm.jdbc.bind              : binding parameter (7:TIME) <- [10:00]
    2026-04-13T12:41:42.620+09:00 TRACE 4752 --- [    Test worker] org.hibernate.orm.jdbc.bind              : binding parameter (8:ENUM) <- [APPROVED]
    2026-04-13T12:41:42.620+09:00 TRACE 4752 --- [    Test worker] org.hibernate.orm.jdbc.bind              : binding parameter (9:TIMESTAMP_WITH_TIMEZONE) <- [2026-04-13T12:41:42.620720900+09:00]
    2026-04-13T12:41:42.620+09:00 TRACE 4752 --- [    Test worker] org.hibernate.orm.jdbc.bind              : binding parameter (10:BIGINT) <- [4]

ReservationJpaRepositoryTest > ?쒖꽦 ?덉빟 ?뺤씤 ?뚯뒪??> ?쒓컙 踰붿쐞 ?????쒖꽦 ?덉빟 議댁옱 (true) FAILED
    java.lang.IllegalStateException: ?꾩옱 ?곹깭(APPROVED)?먯꽌???뱀씤 泥섎━瑜??????놁뒿?덈떎. PENDING ?곹깭?ъ빞 ?⑸땲??
        at com.coliving.reservation.adapter.out.jpa.ReservationEntity.validateStatus(ReservationEntity.java:153)
        at com.coliving.reservation.adapter.out.jpa.ReservationEntity.approve(ReservationEntity.java:117)
        at com.coliving.reservation.adapter.out.jpa.ReservationJpaRepositoryTest$ActiveReservationTest.shouldDetectActiveReservation(ReservationJpaRepositoryTest.java:270)

ReservationJpaRepositoryTest > ?쒖꽦 ?덉빟 ?뺤씤 ?뚯뒪??> ?쒓컙 踰붿쐞 ?????쒖꽦 ?덉빟 ?놁쓬 (false) STANDARD_OUT
    2026-04-13T12:41:42.630+09:00 DEBUG 4752 --- [    Test worker] org.hibernate.SQL                        : 
        delete 
        from
            reservations re1_0 
        where
            (
                re1_0.deleted_at IS NULL
            )
    Hibernate: 
        delete 
        from
            reservations re1_0 
        where
            (
                re1_0.deleted_at IS NULL
            )
    2026-04-13T12:41:42.630+09:00 DEBUG 4752 --- [    Test worker] org.hibernate.SQL                        : 
        delete 
        from
            spaces se1_0 
        where
            (
                se1_0.deleted_at IS NULL
            )
    Hibernate: 
        delete 
        from
            spaces se1_0 
        where
            (
                se1_0.deleted_at IS NULL
            )
    2026-04-13T12:41:42.630+09:00 DEBUG 4752 --- [    Test worker] org.hibernate.SQL                        : 
        delete 
        from
            users ue1_0 
        where
            (
                ue1_0.deleted_at IS NULL
            )
    Hibernate: 
        delete 
        from
            users ue1_0 
        where
            (
                ue1_0.deleted_at IS NULL
            )
    2026-04-13T12:41:42.630+09:00 DEBUG 4752 --- [    Test worker] org.hibernate.SQL                        : 
        insert 
        into
            users
            (birth_date, created_at, deleted_at, email, email_verified_at, gender, login_id, name, nationality, password_hash, phone, phone_verified_at, profile_image, role, status, updated_at, user_id) 
        values
            (?, ?, ?, ?, ?, ?, ?, ?, ?, ?, ?, ?, ?, ?, ?, ?, default)
    Hibernate: 
        insert 
        into
            users
            (birth_date, created_at, deleted_at, email, email_verified_at, gender, login_id, name, nationality, password_hash, phone, phone_verified_at, profile_image, role, status, updated_at, user_id) 
        values
            (?, ?, ?, ?, ?, ?, ?, ?, ?, ?, ?, ?, ?, ?, ?, ?, default)
    2026-04-13T12:41:42.630+09:00 TRACE 4752 --- [    Test worker] org.hibernate.orm.jdbc.bind              : binding parameter (1:VARCHAR) <- [000101]
    2026-04-13T12:41:42.630+09:00 TRACE 4752 --- [    Test worker] org.hibernate.orm.jdbc.bind              : binding parameter (2:TIMESTAMP_WITH_TIMEZONE) <- [2026-04-13T12:41:42.630034+09:00]
    2026-04-13T12:41:42.630+09:00 TRACE 4752 --- [    Test worker] org.hibernate.orm.jdbc.bind              : binding parameter (3:TIMESTAMP_WITH_TIMEZONE) <- [null]
    2026-04-13T12:41:42.630+09:00 TRACE 4752 --- [    Test worker] org.hibernate.orm.jdbc.bind              : binding parameter (4:VARCHAR) <- [a@coliving.com]
    2026-04-13T12:41:42.630+09:00 TRACE 4752 --- [    Test worker] org.hibernate.orm.jdbc.bind              : binding parameter (5:TIMESTAMP_WITH_TIMEZONE) <- [null]
    2026-04-13T12:41:42.630+09:00 TRACE 4752 --- [    Test worker] org.hibernate.orm.jdbc.bind              : binding parameter (6:ENUM) <- [MALE]
    2026-04-13T12:41:42.630+09:00 TRACE 4752 --- [    Test worker] org.hibernate.orm.jdbc.bind              : binding parameter (7:VARCHAR) <- [userA]
    2026-04-13T12:41:42.630+09:00 TRACE 4752 --- [    Test worker] org.hibernate.orm.jdbc.bind              : binding parameter (8:VARCHAR) <- [?좎?A]
    2026-04-13T12:41:42.630+09:00 TRACE 4752 --- [    Test worker] org.hibernate.orm.jdbc.bind              : binding parameter (9:VARCHAR) <- [Korean]
    2026-04-13T12:41:42.630+09:00 TRACE 4752 --- [    Test worker] org.hibernate.orm.jdbc.bind              : binding parameter (10:VARCHAR) <- [hash]
    2026-04-13T12:41:42.630+09:00 TRACE 4752 --- [    Test worker] org.hibernate.orm.jdbc.bind              : binding parameter (11:VARCHAR) <- [010-0000-0001]
    2026-04-13T12:41:42.630+09:00 TRACE 4752 --- [    Test worker] org.hibernate.orm.jdbc.bind              : binding parameter (12:TIMESTAMP_WITH_TIMEZONE) <- [null]
    2026-04-13T12:41:42.630+09:00 TRACE 4752 --- [    Test worker] org.hibernate.orm.jdbc.bind              : binding parameter (13:VARCHAR) <- [null]
    2026-04-13T12:41:42.630+09:00 TRACE 4752 --- [    Test worker] org.hibernate.orm.jdbc.bind              : binding parameter (14:ENUM) <- [RESIDENT]
    2026-04-13T12:41:42.630+09:00 TRACE 4752 --- [    Test worker] org.hibernate.orm.jdbc.bind              : binding parameter (15:ENUM) <- [ACTIVE]
    2026-04-13T12:41:42.630+09:00 TRACE 4752 --- [    Test worker] org.hibernate.orm.jdbc.bind              : binding parameter (16:TIMESTAMP_WITH_TIMEZONE) <- [2026-04-13T12:41:42.630034+09:00]
    2026-04-13T12:41:42.630+09:00 DEBUG 4752 --- [    Test worker] org.hibernate.SQL                        : 
        insert 
        into
            users
            (birth_date, created_at, deleted_at, email, email_verified_at, gender, login_id, name, nationality, password_hash, phone, phone_verified_at, profile_image, role, status, updated_at, user_id) 
        values
            (?, ?, ?, ?, ?, ?, ?, ?, ?, ?, ?, ?, ?, ?, ?, ?, default)
    Hibernate: 
        insert 
        into
            users
            (birth_date, created_at, deleted_at, email, email_verified_at, gender, login_id, name, nationality, password_hash, phone, phone_verified_at, profile_image, role, status, updated_at, user_id) 
        values
            (?, ?, ?, ?, ?, ?, ?, ?, ?, ?, ?, ?, ?, ?, ?, ?, default)
    2026-04-13T12:41:42.630+09:00 TRACE 4752 --- [    Test worker] org.hibernate.orm.jdbc.bind              : binding parameter (1:VARCHAR) <- [000101]
    2026-04-13T12:41:42.630+09:00 TRACE 4752 --- [    Test worker] org.hibernate.orm.jdbc.bind              : binding parameter (2:TIMESTAMP_WITH_TIMEZONE) <- [2026-04-13T12:41:42.630034+09:00]
    2026-04-13T12:41:42.630+09:00 TRACE 4752 --- [    Test worker] org.hibernate.orm.jdbc.bind              : binding parameter (3:TIMESTAMP_WITH_TIMEZONE) <- [null]
    2026-04-13T12:41:42.630+09:00 TRACE 4752 --- [    Test worker] org.hibernate.orm.jdbc.bind              : binding parameter (4:VARCHAR) <- [b@coliving.com]
    2026-04-13T12:41:42.630+09:00 TRACE 4752 --- [    Test worker] org.hibernate.orm.jdbc.bind              : binding parameter (5:TIMESTAMP_WITH_TIMEZONE) <- [null]
    2026-04-13T12:41:42.630+09:00 TRACE 4752 --- [    Test worker] org.hibernate.orm.jdbc.bind              : binding parameter (6:ENUM) <- [FEMALE]
    2026-04-13T12:41:42.630+09:00 TRACE 4752 --- [    Test worker] org.hibernate.orm.jdbc.bind              : binding parameter (7:VARCHAR) <- [userB]
    2026-04-13T12:41:42.630+09:00 TRACE 4752 --- [    Test worker] org.hibernate.orm.jdbc.bind              : binding parameter (8:VARCHAR) <- [?좎?B]
    2026-04-13T12:41:42.635+09:00 TRACE 4752 --- [    Test worker] org.hibernate.orm.jdbc.bind              : binding parameter (9:VARCHAR) <- [Korean]
    2026-04-13T12:41:42.635+09:00 TRACE 4752 --- [    Test worker] org.hibernate.orm.jdbc.bind              : binding parameter (10:VARCHAR) <- [hash]
    2026-04-13T12:41:42.635+09:00 TRACE 4752 --- [    Test worker] org.hibernate.orm.jdbc.bind              : binding parameter (11:VARCHAR) <- [010-0000-0002]
    2026-04-13T12:41:42.635+09:00 TRACE 4752 --- [    Test worker] org.hibernate.orm.jdbc.bind              : binding parameter (12:TIMESTAMP_WITH_TIMEZONE) <- [null]
    2026-04-13T12:41:42.635+09:00 TRACE 4752 --- [    Test worker] org.hibernate.orm.jdbc.bind              : binding parameter (13:VARCHAR) <- [null]
    2026-04-13T12:41:42.635+09:00 TRACE 4752 --- [    Test worker] org.hibernate.orm.jdbc.bind              : binding parameter (14:ENUM) <- [RESIDENT]
    2026-04-13T12:41:42.635+09:00 TRACE 4752 --- [    Test worker] org.hibernate.orm.jdbc.bind              : binding parameter (15:ENUM) <- [ACTIVE]
    2026-04-13T12:41:42.635+09:00 TRACE 4752 --- [    Test worker] org.hibernate.orm.jdbc.bind              : binding parameter (16:TIMESTAMP_WITH_TIMEZONE) <- [2026-04-13T12:41:42.630034+09:00]
    2026-04-13T12:41:42.635+09:00 DEBUG 4752 --- [    Test worker] org.hibernate.SQL                        : 
        insert 
        into
            users
            (birth_date, created_at, deleted_at, email, email_verified_at, gender, login_id, name, nationality, password_hash, phone, phone_verified_at, profile_image, role, status, updated_at, user_id) 
        values
            (?, ?, ?, ?, ?, ?, ?, ?, ?, ?, ?, ?, ?, ?, ?, ?, default)
    Hibernate: 
        insert 
        into
            users
            (birth_date, created_at, deleted_at, email, email_verified_at, gender, login_id, name, nationality, password_hash, phone, phone_verified_at, profile_image, role, status, updated_at, user_id) 
        values
            (?, ?, ?, ?, ?, ?, ?, ?, ?, ?, ?, ?, ?, ?, ?, ?, default)
    2026-04-13T12:41:42.635+09:00 TRACE 4752 --- [    Test worker] org.hibernate.orm.jdbc.bind              : binding parameter (1:VARCHAR) <- [000101]
    2026-04-13T12:41:42.635+09:00 TRACE 4752 --- [    Test worker] org.hibernate.orm.jdbc.bind              : binding parameter (2:TIMESTAMP_WITH_TIMEZONE) <- [2026-04-13T12:41:42.635558600+09:00]
    2026-04-13T12:41:42.635+09:00 TRACE 4752 --- [    Test worker] org.hibernate.orm.jdbc.bind              : binding parameter (3:TIMESTAMP_WITH_TIMEZONE) <- [null]
    2026-04-13T12:41:42.635+09:00 TRACE 4752 --- [    Test worker] org.hibernate.orm.jdbc.bind              : binding parameter (4:VARCHAR) <- [admin@coliving.com]
    2026-04-13T12:41:42.635+09:00 TRACE 4752 --- [    Test worker] org.hibernate.orm.jdbc.bind              : binding parameter (5:TIMESTAMP_WITH_TIMEZONE) <- [null]
    2026-04-13T12:41:42.635+09:00 TRACE 4752 --- [    Test worker] org.hibernate.orm.jdbc.bind              : binding parameter (6:ENUM) <- [MALE]
    2026-04-13T12:41:42.635+09:00 TRACE 4752 --- [    Test worker] org.hibernate.orm.jdbc.bind              : binding parameter (7:VARCHAR) <- [admin]
    2026-04-13T12:41:42.635+09:00 TRACE 4752 --- [    Test worker] org.hibernate.orm.jdbc.bind              : binding parameter (8:VARCHAR) <- [愿由ъ옄]
    2026-04-13T12:41:42.635+09:00 TRACE 4752 --- [    Test worker] org.hibernate.orm.jdbc.bind              : binding parameter (9:VARCHAR) <- [Korean]
    2026-04-13T12:41:42.635+09:00 TRACE 4752 --- [    Test worker] org.hibernate.orm.jdbc.bind              : binding parameter (10:VARCHAR) <- [hash]
    2026-04-13T12:41:42.635+09:00 TRACE 4752 --- [    Test worker] org.hibernate.orm.jdbc.bind              : binding parameter (11:VARCHAR) <- [010-9999-9999]
    2026-04-13T12:41:42.635+09:00 TRACE 4752 --- [    Test worker] org.hibernate.orm.jdbc.bind              : binding parameter (12:TIMESTAMP_WITH_TIMEZONE) <- [null]
    2026-04-13T12:41:42.635+09:00 TRACE 4752 --- [    Test worker] org.hibernate.orm.jdbc.bind              : binding parameter (13:VARCHAR) <- [null]
    2026-04-13T12:41:42.635+09:00 TRACE 4752 --- [    Test worker] org.hibernate.orm.jdbc.bind              : binding parameter (14:ENUM) <- [ADMIN]
    2026-04-13T12:41:42.635+09:00 TRACE 4752 --- [    Test worker] org.hibernate.orm.jdbc.bind              : binding parameter (15:ENUM) <- [ACTIVE]
    2026-04-13T12:41:42.635+09:00 TRACE 4752 --- [    Test worker] org.hibernate.orm.jdbc.bind              : binding parameter (16:TIMESTAMP_WITH_TIMEZONE) <- [2026-04-13T12:41:42.635558600+09:00]
    2026-04-13T12:41:42.635+09:00 DEBUG 4752 --- [    Test worker] org.hibernate.SQL                        : 
        insert 
        into
            spaces
            (amenities, area, created_at, deleted_at, description, floor, name, position_h, position_w, position_x, position_y, status, type, updated_at, space_id) 
        values
            (?, ?, ?, ?, ?, ?, ?, ?, ?, ?, ?, ?, ?, ?, default)
    Hibernate: 
        insert 
        into
            spaces
            (amenities, area, created_at, deleted_at, description, floor, name, position_h, position_w, position_x, position_y, status, type, updated_at, space_id) 
        values
            (?, ?, ?, ?, ?, ?, ?, ?, ?, ?, ?, ?, ?, ?, default)
    2026-04-13T12:41:42.635+09:00 TRACE 4752 --- [    Test worker] org.hibernate.orm.jdbc.bind              : binding parameter (1:VARCHAR) <- [null]
    2026-04-13T12:41:42.635+09:00 TRACE 4752 --- [    Test worker] org.hibernate.orm.jdbc.bind              : binding parameter (2:NUMERIC) <- [null]
    2026-04-13T12:41:42.635+09:00 TRACE 4752 --- [    Test worker] org.hibernate.orm.jdbc.bind              : binding parameter (3:TIMESTAMP_WITH_TIMEZONE) <- [2026-04-13T12:41:42.635558600+09:00]
    2026-04-13T12:41:42.635+09:00 TRACE 4752 --- [    Test worker] org.hibernate.orm.jdbc.bind              : binding parameter (4:TIMESTAMP_WITH_TIMEZONE) <- [null]
    2026-04-13T12:41:42.635+09:00 TRACE 4752 --- [    Test worker] org.hibernate.orm.jdbc.bind              : binding parameter (5:VARCHAR) <- [null]
    2026-04-13T12:41:42.635+09:00 TRACE 4752 --- [    Test worker] org.hibernate.orm.jdbc.bind              : binding parameter (6:INTEGER) <- [1]
    2026-04-13T12:41:42.635+09:00 TRACE 4752 --- [    Test worker] org.hibernate.orm.jdbc.bind              : binding parameter (7:VARCHAR) <- [?뚯쓽??A]
    2026-04-13T12:41:42.635+09:00 TRACE 4752 --- [    Test worker] org.hibernate.orm.jdbc.bind              : binding parameter (8:INTEGER) <- [null]
    2026-04-13T12:41:42.635+09:00 TRACE 4752 --- [    Test worker] org.hibernate.orm.jdbc.bind              : binding parameter (9:INTEGER) <- [null]
    2026-04-13T12:41:42.635+09:00 TRACE 4752 --- [    Test worker] org.hibernate.orm.jdbc.bind              : binding parameter (10:INTEGER) <- [null]
    2026-04-13T12:41:42.635+09:00 TRACE 4752 --- [    Test worker] org.hibernate.orm.jdbc.bind              : binding parameter (11:INTEGER) <- [null]
    2026-04-13T12:41:42.635+09:00 TRACE 4752 --- [    Test worker] org.hibernate.orm.jdbc.bind              : binding parameter (12:ENUM) <- [AVAILABLE]
    2026-04-13T12:41:42.635+09:00 TRACE 4752 --- [    Test worker] org.hibernate.orm.jdbc.bind              : binding parameter (13:ENUM) <- [COMMON]
    2026-04-13T12:41:42.635+09:00 TRACE 4752 --- [    Test worker] org.hibernate.orm.jdbc.bind              : binding parameter (14:TIMESTAMP_WITH_TIMEZONE) <- [2026-04-13T12:41:42.635558600+09:00]
    2026-04-13T12:41:42.635+09:00 DEBUG 4752 --- [    Test worker] org.hibernate.SQL                        : 
        insert 
        into
            reservations
            (approved_by, created_at, deleted_at, end_time, reservation_date, space_id, start_time, status, updated_at, user_id, reservation_id) 
        values
            (?, ?, ?, ?, ?, ?, ?, ?, ?, ?, default)
    Hibernate: 
        insert 
        into
            reservations
            (approved_by, created_at, deleted_at, end_time, reservation_date, space_id, start_time, status, updated_at, user_id, reservation_id) 
        values
            (?, ?, ?, ?, ?, ?, ?, ?, ?, ?, default)
    2026-04-13T12:41:42.635+09:00 TRACE 4752 --- [    Test worker] org.hibernate.orm.jdbc.bind              : binding parameter (1:BIGINT) <- [null]
    2026-04-13T12:41:42.635+09:00 TRACE 4752 --- [    Test worker] org.hibernate.orm.jdbc.bind              : binding parameter (2:TIMESTAMP_WITH_TIMEZONE) <- [2026-04-13T12:41:42.635558600+09:00]
    2026-04-13T12:41:42.635+09:00 TRACE 4752 --- [    Test worker] org.hibernate.orm.jdbc.bind              : binding parameter (3:TIMESTAMP_WITH_TIMEZONE) <- [null]
    2026-04-13T12:41:42.635+09:00 TRACE 4752 --- [    Test worker] org.hibernate.orm.jdbc.bind              : binding parameter (4:TIME) <- [12:00]
    2026-04-13T12:41:42.635+09:00 TRACE 4752 --- [    Test worker] org.hibernate.orm.jdbc.bind              : binding parameter (5:DATE) <- [2026-04-10]
    2026-04-13T12:41:42.635+09:00 TRACE 4752 --- [    Test worker] org.hibernate.orm.jdbc.bind              : binding parameter (6:BIGINT) <- [3]
    2026-04-13T12:41:42.635+09:00 TRACE 4752 --- [    Test worker] org.hibernate.orm.jdbc.bind              : binding parameter (7:TIME) <- [10:00]
    2026-04-13T12:41:42.635+09:00 TRACE 4752 --- [    Test worker] org.hibernate.orm.jdbc.bind              : binding parameter (8:ENUM) <- [APPROVED]
    2026-04-13T12:41:42.635+09:00 TRACE 4752 --- [    Test worker] org.hibernate.orm.jdbc.bind              : binding parameter (9:TIMESTAMP_WITH_TIMEZONE) <- [2026-04-13T12:41:42.635558600+09:00]
    2026-04-13T12:41:42.635+09:00 TRACE 4752 --- [    Test worker] org.hibernate.orm.jdbc.bind              : binding parameter (10:BIGINT) <- [7]

ReservationJpaRepositoryTest > ?쒖꽦 ?덉빟 ?뺤씤 ?뚯뒪??> ?쒓컙 踰붿쐞 ?????쒖꽦 ?덉빟 ?놁쓬 (false) FAILED
    java.lang.IllegalStateException: ?꾩옱 ?곹깭(APPROVED)?먯꽌???뱀씤 泥섎━瑜??????놁뒿?덈떎. PENDING ?곹깭?ъ빞 ?⑸땲??
        at com.coliving.reservation.adapter.out.jpa.ReservationEntity.validateStatus(ReservationEntity.java:153)
        at com.coliving.reservation.adapter.out.jpa.ReservationEntity.approve(ReservationEntity.java:117)
        at com.coliving.reservation.adapter.out.jpa.ReservationJpaRepositoryTest$ActiveReservationTest.shouldNotDetectActiveReservationOutside(ReservationJpaRepositoryTest.java:284)

ReservationJpaRepositoryTest > 以묐났 ?덉빟 泥댄겕 ?뚯뒪??STANDARD_OUT
    2026-04-13T12:41:42.648+09:00  INFO 4752 --- [    Test worker] t.c.s.AnnotationConfigContextLoaderUtils : Could not detect default configuration classes for test class [com.coliving.reservation.adapter.out.jpa.ReservationJpaRepositoryTest$OverlapTest]: OverlapTest does not declare any static, non-private, non-final, nested classes annotated with @Configuration.
    2026-04-13T12:41:42.648+09:00  INFO 4752 --- [    Test worker] .b.t.c.SpringBootTestContextBootstrapper : Found @SpringBootConfiguration com.coliving.CoLivingApplication for test class com.coliving.reservation.adapter.out.jpa.ReservationJpaRepositoryTest$OverlapTest

ReservationJpaRepositoryTest > 以묐났 ?덉빟 泥댄겕 ?뚯뒪??> 寃쎄퀎媛??곗냽 ??以묐났 ?꾨떂 (false) STANDARD_OUT
    2026-04-13T12:41:42.662+09:00 DEBUG 4752 --- [    Test worker] org.hibernate.SQL                        : 
        delete 
        from
            reservations re1_0 
        where
            (
                re1_0.deleted_at IS NULL
            )
    Hibernate: 
        delete 
        from
            reservations re1_0 
        where
            (
                re1_0.deleted_at IS NULL
            )
    2026-04-13T12:41:42.663+09:00 DEBUG 4752 --- [    Test worker] org.hibernate.SQL                        : 
        delete 
        from
            spaces se1_0 
        where
            (
                se1_0.deleted_at IS NULL
            )
    Hibernate: 
        delete 
        from
            spaces se1_0 
        where
            (
                se1_0.deleted_at IS NULL
            )
    2026-04-13T12:41:42.664+09:00 DEBUG 4752 --- [    Test worker] org.hibernate.SQL                        : 
        delete 
        from
            users ue1_0 
        where
            (
                ue1_0.deleted_at IS NULL
            )
    Hibernate: 
        delete 
        from
            users ue1_0 
        where
            (
                ue1_0.deleted_at IS NULL
            )
    2026-04-13T12:41:42.665+09:00 DEBUG 4752 --- [    Test worker] org.hibernate.SQL                        : 
        insert 
        into
            users
            (birth_date, created_at, deleted_at, email, email_verified_at, gender, login_id, name, nationality, password_hash, phone, phone_verified_at, profile_image, role, status, updated_at, user_id) 
        values
            (?, ?, ?, ?, ?, ?, ?, ?, ?, ?, ?, ?, ?, ?, ?, ?, default)
    Hibernate: 
        insert 
        into
            users
            (birth_date, created_at, deleted_at, email, email_verified_at, gender, login_id, name, nationality, password_hash, phone, phone_verified_at, profile_image, role, status, updated_at, user_id) 
        values
            (?, ?, ?, ?, ?, ?, ?, ?, ?, ?, ?, ?, ?, ?, ?, ?, default)
    2026-04-13T12:41:42.665+09:00 TRACE 4752 --- [    Test worker] org.hibernate.orm.jdbc.bind              : binding parameter (1:VARCHAR) <- [000101]
    2026-04-13T12:41:42.665+09:00 TRACE 4752 --- [    Test worker] org.hibernate.orm.jdbc.bind              : binding parameter (2:TIMESTAMP_WITH_TIMEZONE) <- [2026-04-13T12:41:42.664762300+09:00]
    2026-04-13T12:41:42.665+09:00 TRACE 4752 --- [    Test worker] org.hibernate.orm.jdbc.bind              : binding parameter (3:TIMESTAMP_WITH_TIMEZONE) <- [null]
    2026-04-13T12:41:42.665+09:00 TRACE 4752 --- [    Test worker] org.hibernate.orm.jdbc.bind              : binding parameter (4:VARCHAR) <- [a@coliving.com]
    2026-04-13T12:41:42.665+09:00 TRACE 4752 --- [    Test worker] org.hibernate.orm.jdbc.bind              : binding parameter (5:TIMESTAMP_WITH_TIMEZONE) <- [null]
    2026-04-13T12:41:42.665+09:00 TRACE 4752 --- [    Test worker] org.hibernate.orm.jdbc.bind              : binding parameter (6:ENUM) <- [MALE]
    2026-04-13T12:41:42.665+09:00 TRACE 4752 --- [    Test worker] org.hibernate.orm.jdbc.bind              : binding parameter (7:VARCHAR) <- [userA]
    2026-04-13T12:41:42.665+09:00 TRACE 4752 --- [    Test worker] org.hibernate.orm.jdbc.bind              : binding parameter (8:VARCHAR) <- [?좎?A]
    2026-04-13T12:41:42.665+09:00 TRACE 4752 --- [    Test worker] org.hibernate.orm.jdbc.bind              : binding parameter (9:VARCHAR) <- [Korean]
    2026-04-13T12:41:42.665+09:00 TRACE 4752 --- [    Test worker] org.hibernate.orm.jdbc.bind              : binding parameter (10:VARCHAR) <- [hash]
    2026-04-13T12:41:42.665+09:00 TRACE 4752 --- [    Test worker] org.hibernate.orm.jdbc.bind              : binding parameter (11:VARCHAR) <- [010-0000-0001]
    2026-04-13T12:41:42.665+09:00 TRACE 4752 --- [    Test worker] org.hibernate.orm.jdbc.bind              : binding parameter (12:TIMESTAMP_WITH_TIMEZONE) <- [null]
    2026-04-13T12:41:42.665+09:00 TRACE 4752 --- [    Test worker] org.hibernate.orm.jdbc.bind              : binding parameter (13:VARCHAR) <- [null]
    2026-04-13T12:41:42.665+09:00 TRACE 4752 --- [    Test worker] org.hibernate.orm.jdbc.bind              : binding parameter (14:ENUM) <- [RESIDENT]
    2026-04-13T12:41:42.665+09:00 TRACE 4752 --- [    Test worker] org.hibernate.orm.jdbc.bind              : binding parameter (15:ENUM) <- [ACTIVE]
    2026-04-13T12:41:42.665+09:00 TRACE 4752 --- [    Test worker] org.hibernate.orm.jdbc.bind              : binding parameter (16:TIMESTAMP_WITH_TIMEZONE) <- [2026-04-13T12:41:42.664762300+09:00]
    2026-04-13T12:41:42.667+09:00 DEBUG 4752 --- [    Test worker] org.hibernate.SQL                        : 
        insert 
        into
            users
            (birth_date, created_at, deleted_at, email, email_verified_at, gender, login_id, name, nationality, password_hash, phone, phone_verified_at, profile_image, role, status, updated_at, user_id) 
        values
            (?, ?, ?, ?, ?, ?, ?, ?, ?, ?, ?, ?, ?, ?, ?, ?, default)
    Hibernate: 
        insert 
        into
            users
            (birth_date, created_at, deleted_at, email, email_verified_at, gender, login_id, name, nationality, password_hash, phone, phone_verified_at, profile_image, role, status, updated_at, user_id) 
        values
            (?, ?, ?, ?, ?, ?, ?, ?, ?, ?, ?, ?, ?, ?, ?, ?, default)
    2026-04-13T12:41:42.667+09:00 TRACE 4752 --- [    Test worker] org.hibernate.orm.jdbc.bind              : binding parameter (1:VARCHAR) <- [000101]
    2026-04-13T12:41:42.667+09:00 TRACE 4752 --- [    Test worker] org.hibernate.orm.jdbc.bind              : binding parameter (2:TIMESTAMP_WITH_TIMEZONE) <- [2026-04-13T12:41:42.667023700+09:00]
    2026-04-13T12:41:42.667+09:00 TRACE 4752 --- [    Test worker] org.hibernate.orm.jdbc.bind              : binding parameter (3:TIMESTAMP_WITH_TIMEZONE) <- [null]
    2026-04-13T12:41:42.667+09:00 TRACE 4752 --- [    Test worker] org.hibernate.orm.jdbc.bind              : binding parameter (4:VARCHAR) <- [b@coliving.com]
    2026-04-13T12:41:42.667+09:00 TRACE 4752 --- [    Test worker] org.hibernate.orm.jdbc.bind              : binding parameter (5:TIMESTAMP_WITH_TIMEZONE) <- [null]
    2026-04-13T12:41:42.667+09:00 TRACE 4752 --- [    Test worker] org.hibernate.orm.jdbc.bind              : binding parameter (6:ENUM) <- [FEMALE]
    2026-04-13T12:41:42.667+09:00 TRACE 4752 --- [    Test worker] org.hibernate.orm.jdbc.bind              : binding parameter (7:VARCHAR) <- [userB]
    2026-04-13T12:41:42.667+09:00 TRACE 4752 --- [    Test worker] org.hibernate.orm.jdbc.bind              : binding parameter (8:VARCHAR) <- [?좎?B]
    2026-04-13T12:41:42.667+09:00 TRACE 4752 --- [    Test worker] org.hibernate.orm.jdbc.bind              : binding parameter (9:VARCHAR) <- [Korean]
    2026-04-13T12:41:42.667+09:00 TRACE 4752 --- [    Test worker] org.hibernate.orm.jdbc.bind              : binding parameter (10:VARCHAR) <- [hash]
    2026-04-13T12:41:42.667+09:00 TRACE 4752 --- [    Test worker] org.hibernate.orm.jdbc.bind              : binding parameter (11:VARCHAR) <- [010-0000-0002]
    2026-04-13T12:41:42.667+09:00 TRACE 4752 --- [    Test worker] org.hibernate.orm.jdbc.bind              : binding parameter (12:TIMESTAMP_WITH_TIMEZONE) <- [null]
    2026-04-13T12:41:42.667+09:00 TRACE 4752 --- [    Test worker] org.hibernate.orm.jdbc.bind              : binding parameter (13:VARCHAR) <- [null]
    2026-04-13T12:41:42.667+09:00 TRACE 4752 --- [    Test worker] org.hibernate.orm.jdbc.bind              : binding parameter (14:ENUM) <- [RESIDENT]
    2026-04-13T12:41:42.667+09:00 TRACE 4752 --- [    Test worker] org.hibernate.orm.jdbc.bind              : binding parameter (15:ENUM) <- [ACTIVE]
    2026-04-13T12:41:42.667+09:00 TRACE 4752 --- [    Test worker] org.hibernate.orm.jdbc.bind              : binding parameter (16:TIMESTAMP_WITH_TIMEZONE) <- [2026-04-13T12:41:42.667023700+09:00]
    2026-04-13T12:41:42.667+09:00 DEBUG 4752 --- [    Test worker] org.hibernate.SQL                        : 
        insert 
        into
            users
            (birth_date, created_at, deleted_at, email, email_verified_at, gender, login_id, name, nationality, password_hash, phone, phone_verified_at, profile_image, role, status, updated_at, user_id) 
        values
            (?, ?, ?, ?, ?, ?, ?, ?, ?, ?, ?, ?, ?, ?, ?, ?, default)
    Hibernate: 
        insert 
        into
            users
            (birth_date, created_at, deleted_at, email, email_verified_at, gender, login_id, name, nationality, password_hash, phone, phone_verified_at, profile_image, role, status, updated_at, user_id) 
        values
            (?, ?, ?, ?, ?, ?, ?, ?, ?, ?, ?, ?, ?, ?, ?, ?, default)
    2026-04-13T12:41:42.667+09:00 TRACE 4752 --- [    Test worker] org.hibernate.orm.jdbc.bind              : binding parameter (1:VARCHAR) <- [000101]
    2026-04-13T12:41:42.667+09:00 TRACE 4752 --- [    Test worker] org.hibernate.orm.jdbc.bind              : binding parameter (2:TIMESTAMP_WITH_TIMEZONE) <- [2026-04-13T12:41:42.667023700+09:00]
    2026-04-13T12:41:42.667+09:00 TRACE 4752 --- [    Test worker] org.hibernate.orm.jdbc.bind              : binding parameter (3:TIMESTAMP_WITH_TIMEZONE) <- [null]
    2026-04-13T12:41:42.667+09:00 TRACE 4752 --- [    Test worker] org.hibernate.orm.jdbc.bind              : binding parameter (4:VARCHAR) <- [admin@coliving.com]
    2026-04-13T12:41:42.667+09:00 TRACE 4752 --- [    Test worker] org.hibernate.orm.jdbc.bind              : binding parameter (5:TIMESTAMP_WITH_TIMEZONE) <- [null]
    2026-04-13T12:41:42.667+09:00 TRACE 4752 --- [    Test worker] org.hibernate.orm.jdbc.bind              : binding parameter (6:ENUM) <- [MALE]
    2026-04-13T12:41:42.667+09:00 TRACE 4752 --- [    Test worker] org.hibernate.orm.jdbc.bind              : binding parameter (7:VARCHAR) <- [admin]
    2026-04-13T12:41:42.667+09:00 TRACE 4752 --- [    Test worker] org.hibernate.orm.jdbc.bind              : binding parameter (8:VARCHAR) <- [愿由ъ옄]
    2026-04-13T12:41:42.667+09:00 TRACE 4752 --- [    Test worker] org.hibernate.orm.jdbc.bind              : binding parameter (9:VARCHAR) <- [Korean]
    2026-04-13T12:41:42.667+09:00 TRACE 4752 --- [    Test worker] org.hibernate.orm.jdbc.bind              : binding parameter (10:VARCHAR) <- [hash]
    2026-04-13T12:41:42.667+09:00 TRACE 4752 --- [    Test worker] org.hibernate.orm.jdbc.bind              : binding parameter (11:VARCHAR) <- [010-9999-9999]
    2026-04-13T12:41:42.667+09:00 TRACE 4752 --- [    Test worker] org.hibernate.orm.jdbc.bind              : binding parameter (12:TIMESTAMP_WITH_TIMEZONE) <- [null]
    2026-04-13T12:41:42.667+09:00 TRACE 4752 --- [    Test worker] org.hibernate.orm.jdbc.bind              : binding parameter (13:VARCHAR) <- [null]
    2026-04-13T12:41:42.667+09:00 TRACE 4752 --- [    Test worker] org.hibernate.orm.jdbc.bind              : binding parameter (14:ENUM) <- [ADMIN]
    2026-04-13T12:41:42.667+09:00 TRACE 4752 --- [    Test worker] org.hibernate.orm.jdbc.bind              : binding parameter (15:ENUM) <- [ACTIVE]
    2026-04-13T12:41:42.667+09:00 TRACE 4752 --- [    Test worker] org.hibernate.orm.jdbc.bind              : binding parameter (16:TIMESTAMP_WITH_TIMEZONE) <- [2026-04-13T12:41:42.667023700+09:00]
    2026-04-13T12:41:42.671+09:00 DEBUG 4752 --- [    Test worker] org.hibernate.SQL                        : 
        insert 
        into
            spaces
            (amenities, area, created_at, deleted_at, description, floor, name, position_h, position_w, position_x, position_y, status, type, updated_at, space_id) 
        values
            (?, ?, ?, ?, ?, ?, ?, ?, ?, ?, ?, ?, ?, ?, default)
    Hibernate: 
        insert 
        into
            spaces
            (amenities, area, created_at, deleted_at, description, floor, name, position_h, position_w, position_x, position_y, status, type, updated_at, space_id) 
        values
            (?, ?, ?, ?, ?, ?, ?, ?, ?, ?, ?, ?, ?, ?, default)
    2026-04-13T12:41:42.671+09:00 TRACE 4752 --- [    Test worker] org.hibernate.orm.jdbc.bind              : binding parameter (1:VARCHAR) <- [null]
    2026-04-13T12:41:42.671+09:00 TRACE 4752 --- [    Test worker] org.hibernate.orm.jdbc.bind              : binding parameter (2:NUMERIC) <- [null]
    2026-04-13T12:41:42.671+09:00 TRACE 4752 --- [    Test worker] org.hibernate.orm.jdbc.bind              : binding parameter (3:TIMESTAMP_WITH_TIMEZONE) <- [2026-04-13T12:41:42.671103400+09:00]
    2026-04-13T12:41:42.671+09:00 TRACE 4752 --- [    Test worker] org.hibernate.orm.jdbc.bind              : binding parameter (4:TIMESTAMP_WITH_TIMEZONE) <- [null]
    2026-04-13T12:41:42.671+09:00 TRACE 4752 --- [    Test worker] org.hibernate.orm.jdbc.bind              : binding parameter (5:VARCHAR) <- [null]
    2026-04-13T12:41:42.671+09:00 TRACE 4752 --- [    Test worker] org.hibernate.orm.jdbc.bind              : binding parameter (6:INTEGER) <- [1]
    2026-04-13T12:41:42.671+09:00 TRACE 4752 --- [    Test worker] org.hibernate.orm.jdbc.bind              : binding parameter (7:VARCHAR) <- [?뚯쓽??A]
    2026-04-13T12:41:42.671+09:00 TRACE 4752 --- [    Test worker] org.hibernate.orm.jdbc.bind              : binding parameter (8:INTEGER) <- [null]
    2026-04-13T12:41:42.671+09:00 TRACE 4752 --- [    Test worker] org.hibernate.orm.jdbc.bind              : binding parameter (9:INTEGER) <- [null]
    2026-04-13T12:41:42.671+09:00 TRACE 4752 --- [    Test worker] org.hibernate.orm.jdbc.bind              : binding parameter (10:INTEGER) <- [null]
    2026-04-13T12:41:42.671+09:00 TRACE 4752 --- [    Test worker] org.hibernate.orm.jdbc.bind              : binding parameter (11:INTEGER) <- [null]
    2026-04-13T12:41:42.671+09:00 TRACE 4752 --- [    Test worker] org.hibernate.orm.jdbc.bind              : binding parameter (12:ENUM) <- [AVAILABLE]
    2026-04-13T12:41:42.671+09:00 TRACE 4752 --- [    Test worker] org.hibernate.orm.jdbc.bind              : binding parameter (13:ENUM) <- [COMMON]
    2026-04-13T12:41:42.671+09:00 TRACE 4752 --- [    Test worker] org.hibernate.orm.jdbc.bind              : binding parameter (14:TIMESTAMP_WITH_TIMEZONE) <- [2026-04-13T12:41:42.671103400+09:00]
    2026-04-13T12:41:42.674+09:00 DEBUG 4752 --- [    Test worker] org.hibernate.SQL                        : 
        insert 
        into
            reservations
            (approved_by, created_at, deleted_at, end_time, reservation_date, space_id, start_time, status, updated_at, user_id, reservation_id) 
        values
            (?, ?, ?, ?, ?, ?, ?, ?, ?, ?, default)
    Hibernate: 
        insert 
        into
            reservations
            (approved_by, created_at, deleted_at, end_time, reservation_date, space_id, start_time, status, updated_at, user_id, reservation_id) 
        values
            (?, ?, ?, ?, ?, ?, ?, ?, ?, ?, default)
    2026-04-13T12:41:42.674+09:00 TRACE 4752 --- [    Test worker] org.hibernate.orm.jdbc.bind              : binding parameter (1:BIGINT) <- [null]
    2026-04-13T12:41:42.674+09:00 TRACE 4752 --- [    Test worker] org.hibernate.orm.jdbc.bind              : binding parameter (2:TIMESTAMP_WITH_TIMEZONE) <- [2026-04-13T12:41:42.671103400+09:00]
    2026-04-13T12:41:42.674+09:00 TRACE 4752 --- [    Test worker] org.hibernate.orm.jdbc.bind              : binding parameter (3:TIMESTAMP_WITH_TIMEZONE) <- [null]
    2026-04-13T12:41:42.674+09:00 TRACE 4752 --- [    Test worker] org.hibernate.orm.jdbc.bind              : binding parameter (4:TIME) <- [12:00]
    2026-04-13T12:41:42.674+09:00 TRACE 4752 --- [    Test worker] org.hibernate.orm.jdbc.bind              : binding parameter (5:DATE) <- [2026-04-10]
    2026-04-13T12:41:42.674+09:00 TRACE 4752 --- [    Test worker] org.hibernate.orm.jdbc.bind              : binding parameter (6:BIGINT) <- [4]
    2026-04-13T12:41:42.674+09:00 TRACE 4752 --- [    Test worker] org.hibernate.orm.jdbc.bind              : binding parameter (7:TIME) <- [10:00]
    2026-04-13T12:41:42.674+09:00 TRACE 4752 --- [    Test worker] org.hibernate.orm.jdbc.bind              : binding parameter (8:ENUM) <- [APPROVED]
    2026-04-13T12:41:42.674+09:00 TRACE 4752 --- [    Test worker] org.hibernate.orm.jdbc.bind              : binding parameter (9:TIMESTAMP_WITH_TIMEZONE) <- [2026-04-13T12:41:42.671103400+09:00]
    2026-04-13T12:41:42.674+09:00 TRACE 4752 --- [    Test worker] org.hibernate.orm.jdbc.bind              : binding parameter (10:BIGINT) <- [10]

ReservationJpaRepositoryTest > 以묐났 ?덉빟 泥댄겕 ?뚯뒪??> 寃쎄퀎媛??곗냽 ??以묐났 ?꾨떂 (false) FAILED
    java.lang.IllegalStateException: ?꾩옱 ?곹깭(APPROVED)?먯꽌???뱀씤 泥섎━瑜??????놁뒿?덈떎. PENDING ?곹깭?ъ빞 ?⑸땲??
        at com.coliving.reservation.adapter.out.jpa.ReservationEntity.validateStatus(ReservationEntity.java:153)
        at com.coliving.reservation.adapter.out.jpa.ReservationEntity.approve(ReservationEntity.java:117)
        at com.coliving.reservation.adapter.out.jpa.ReservationJpaRepositoryTest$OverlapTest.shouldNotDetectOverlapAtBoundary(ReservationJpaRepositoryTest.java:237)

ReservationJpaRepositoryTest > 以묐났 ?덉빟 泥댄겕 ?뚯뒪??> PENDING ?곹깭 ?덉빟? 以묐났 泥댄겕?먯꽌 ?쒖쇅 (false) STANDARD_OUT
    2026-04-13T12:41:42.680+09:00 DEBUG 4752 --- [    Test worker] org.hibernate.SQL                        : 
        delete 
        from
            reservations re1_0 
        where
            (
                re1_0.deleted_at IS NULL
            )
    Hibernate: 
        delete 
        from
            reservations re1_0 
        where
            (
                re1_0.deleted_at IS NULL
            )
    2026-04-13T12:41:42.681+09:00 DEBUG 4752 --- [    Test worker] org.hibernate.SQL                        : 
        delete 
        from
            spaces se1_0 
        where
            (
                se1_0.deleted_at IS NULL
            )
    Hibernate: 
        delete 
        from
            spaces se1_0 
        where
            (
                se1_0.deleted_at IS NULL
            )
    2026-04-13T12:41:42.683+09:00 DEBUG 4752 --- [    Test worker] org.hibernate.SQL                        : 
        delete 
        from
            users ue1_0 
        where
            (
                ue1_0.deleted_at IS NULL
            )
    Hibernate: 
        delete 
        from
            users ue1_0 
        where
            (
                ue1_0.deleted_at IS NULL
            )
    2026-04-13T12:41:42.683+09:00 DEBUG 4752 --- [    Test worker] org.hibernate.SQL                        : 
        insert 
        into
            users
            (birth_date, created_at, deleted_at, email, email_verified_at, gender, login_id, name, nationality, password_hash, phone, phone_verified_at, profile_image, role, status, updated_at, user_id) 
        values
            (?, ?, ?, ?, ?, ?, ?, ?, ?, ?, ?, ?, ?, ?, ?, ?, default)
    Hibernate: 
        insert 
        into
            users
            (birth_date, created_at, deleted_at, email, email_verified_at, gender, login_id, name, nationality, password_hash, phone, phone_verified_at, profile_image, role, status, updated_at, user_id) 
        values
            (?, ?, ?, ?, ?, ?, ?, ?, ?, ?, ?, ?, ?, ?, ?, ?, default)
    2026-04-13T12:41:42.683+09:00 TRACE 4752 --- [    Test worker] org.hibernate.orm.jdbc.bind              : binding parameter (1:VARCHAR) <- [000101]
    2026-04-13T12:41:42.683+09:00 TRACE 4752 --- [    Test worker] org.hibernate.orm.jdbc.bind              : binding parameter (2:TIMESTAMP_WITH_TIMEZONE) <- [2026-04-13T12:41:42.683008700+09:00]
    2026-04-13T12:41:42.683+09:00 TRACE 4752 --- [    Test worker] org.hibernate.orm.jdbc.bind              : binding parameter (3:TIMESTAMP_WITH_TIMEZONE) <- [null]
    2026-04-13T12:41:42.683+09:00 TRACE 4752 --- [    Test worker] org.hibernate.orm.jdbc.bind              : binding parameter (4:VARCHAR) <- [a@coliving.com]
    2026-04-13T12:41:42.683+09:00 TRACE 4752 --- [    Test worker] org.hibernate.orm.jdbc.bind              : binding parameter (5:TIMESTAMP_WITH_TIMEZONE) <- [null]
    2026-04-13T12:41:42.683+09:00 TRACE 4752 --- [    Test worker] org.hibernate.orm.jdbc.bind              : binding parameter (6:ENUM) <- [MALE]
    2026-04-13T12:41:42.683+09:00 TRACE 4752 --- [    Test worker] org.hibernate.orm.jdbc.bind              : binding parameter (7:VARCHAR) <- [userA]
    2026-04-13T12:41:42.683+09:00 TRACE 4752 --- [    Test worker] org.hibernate.orm.jdbc.bind              : binding parameter (8:VARCHAR) <- [?좎?A]
    2026-04-13T12:41:42.683+09:00 TRACE 4752 --- [    Test worker] org.hibernate.orm.jdbc.bind              : binding parameter (9:VARCHAR) <- [Korean]
    2026-04-13T12:41:42.683+09:00 TRACE 4752 --- [    Test worker] org.hibernate.orm.jdbc.bind              : binding parameter (10:VARCHAR) <- [hash]
    2026-04-13T12:41:42.683+09:00 TRACE 4752 --- [    Test worker] org.hibernate.orm.jdbc.bind              : binding parameter (11:VARCHAR) <- [010-0000-0001]
    2026-04-13T12:41:42.683+09:00 TRACE 4752 --- [    Test worker] org.hibernate.orm.jdbc.bind              : binding parameter (12:TIMESTAMP_WITH_TIMEZONE) <- [null]
    2026-04-13T12:41:42.683+09:00 TRACE 4752 --- [    Test worker] org.hibernate.orm.jdbc.bind              : binding parameter (13:VARCHAR) <- [null]
    2026-04-13T12:41:42.683+09:00 TRACE 4752 --- [    Test worker] org.hibernate.orm.jdbc.bind              : binding parameter (14:ENUM) <- [RESIDENT]
    2026-04-13T12:41:42.683+09:00 TRACE 4752 --- [    Test worker] org.hibernate.orm.jdbc.bind              : binding parameter (15:ENUM) <- [ACTIVE]
    2026-04-13T12:41:42.683+09:00 TRACE 4752 --- [    Test worker] org.hibernate.orm.jdbc.bind              : binding parameter (16:TIMESTAMP_WITH_TIMEZONE) <- [2026-04-13T12:41:42.683008700+09:00]
    2026-04-13T12:41:42.686+09:00 DEBUG 4752 --- [    Test worker] org.hibernate.SQL                        : 
        insert 
        into
            users
            (birth_date, created_at, deleted_at, email, email_verified_at, gender, login_id, name, nationality, password_hash, phone, phone_verified_at, profile_image, role, status, updated_at, user_id) 
        values
            (?, ?, ?, ?, ?, ?, ?, ?, ?, ?, ?, ?, ?, ?, ?, ?, default)
    Hibernate: 
        insert 
        into
            users
            (birth_date, created_at, deleted_at, email, email_verified_at, gender, login_id, name, nationality, password_hash, phone, phone_verified_at, profile_image, role, status, updated_at, user_id) 
        values
            (?, ?, ?, ?, ?, ?, ?, ?, ?, ?, ?, ?, ?, ?, ?, ?, default)
    2026-04-13T12:41:42.686+09:00 TRACE 4752 --- [    Test worker] org.hibernate.orm.jdbc.bind              : binding parameter (1:VARCHAR) <- [000101]
    2026-04-13T12:41:42.686+09:00 TRACE 4752 --- [    Test worker] org.hibernate.orm.jdbc.bind              : binding parameter (2:TIMESTAMP_WITH_TIMEZONE) <- [2026-04-13T12:41:42.686064500+09:00]
    2026-04-13T12:41:42.686+09:00 TRACE 4752 --- [    Test worker] org.hibernate.orm.jdbc.bind              : binding parameter (3:TIMESTAMP_WITH_TIMEZONE) <- [null]
    2026-04-13T12:41:42.686+09:00 TRACE 4752 --- [    Test worker] org.hibernate.orm.jdbc.bind              : binding parameter (4:VARCHAR) <- [b@coliving.com]
    2026-04-13T12:41:42.686+09:00 TRACE 4752 --- [    Test worker] org.hibernate.orm.jdbc.bind              : binding parameter (5:TIMESTAMP_WITH_TIMEZONE) <- [null]
    2026-04-13T12:41:42.686+09:00 TRACE 4752 --- [    Test worker] org.hibernate.orm.jdbc.bind              : binding parameter (6:ENUM) <- [FEMALE]
    2026-04-13T12:41:42.686+09:00 TRACE 4752 --- [    Test worker] org.hibernate.orm.jdbc.bind              : binding parameter (7:VARCHAR) <- [userB]
    2026-04-13T12:41:42.686+09:00 TRACE 4752 --- [    Test worker] org.hibernate.orm.jdbc.bind              : binding parameter (8:VARCHAR) <- [?좎?B]
    2026-04-13T12:41:42.686+09:00 TRACE 4752 --- [    Test worker] org.hibernate.orm.jdbc.bind              : binding parameter (9:VARCHAR) <- [Korean]
    2026-04-13T12:41:42.686+09:00 TRACE 4752 --- [    Test worker] org.hibernate.orm.jdbc.bind              : binding parameter (10:VARCHAR) <- [hash]
    2026-04-13T12:41:42.686+09:00 TRACE 4752 --- [    Test worker] org.hibernate.orm.jdbc.bind              : binding parameter (11:VARCHAR) <- [010-0000-0002]
    2026-04-13T12:41:42.686+09:00 TRACE 4752 --- [    Test worker] org.hibernate.orm.jdbc.bind              : binding parameter (12:TIMESTAMP_WITH_TIMEZONE) <- [null]
    2026-04-13T12:41:42.686+09:00 TRACE 4752 --- [    Test worker] org.hibernate.orm.jdbc.bind              : binding parameter (13:VARCHAR) <- [null]
    2026-04-13T12:41:42.686+09:00 TRACE 4752 --- [    Test worker] org.hibernate.orm.jdbc.bind              : binding parameter (14:ENUM) <- [RESIDENT]
    2026-04-13T12:41:42.686+09:00 TRACE 4752 --- [    Test worker] org.hibernate.orm.jdbc.bind              : binding parameter (15:ENUM) <- [ACTIVE]
    2026-04-13T12:41:42.686+09:00 TRACE 4752 --- [    Test worker] org.hibernate.orm.jdbc.bind              : binding parameter (16:TIMESTAMP_WITH_TIMEZONE) <- [2026-04-13T12:41:42.686064500+09:00]
    2026-04-13T12:41:42.686+09:00 DEBUG 4752 --- [    Test worker] org.hibernate.SQL                        : 
        insert 
        into
            users
            (birth_date, created_at, deleted_at, email, email_verified_at, gender, login_id, name, nationality, password_hash, phone, phone_verified_at, profile_image, role, status, updated_at, user_id) 
        values
            (?, ?, ?, ?, ?, ?, ?, ?, ?, ?, ?, ?, ?, ?, ?, ?, default)
    Hibernate: 
        insert 
        into
            users
            (birth_date, created_at, deleted_at, email, email_verified_at, gender, login_id, name, nationality, password_hash, phone, phone_verified_at, profile_image, role, status, updated_at, user_id) 
        values
            (?, ?, ?, ?, ?, ?, ?, ?, ?, ?, ?, ?, ?, ?, ?, ?, default)
    2026-04-13T12:41:42.686+09:00 TRACE 4752 --- [    Test worker] org.hibernate.orm.jdbc.bind              : binding parameter (1:VARCHAR) <- [000101]
    2026-04-13T12:41:42.686+09:00 TRACE 4752 --- [    Test worker] org.hibernate.orm.jdbc.bind              : binding parameter (2:TIMESTAMP_WITH_TIMEZONE) <- [2026-04-13T12:41:42.686064500+09:00]
    2026-04-13T12:41:42.686+09:00 TRACE 4752 --- [    Test worker] org.hibernate.orm.jdbc.bind              : binding parameter (3:TIMESTAMP_WITH_TIMEZONE) <- [null]
    2026-04-13T12:41:42.686+09:00 TRACE 4752 --- [    Test worker] org.hibernate.orm.jdbc.bind              : binding parameter (4:VARCHAR) <- [admin@coliving.com]
    2026-04-13T12:41:42.686+09:00 TRACE 4752 --- [    Test worker] org.hibernate.orm.jdbc.bind              : binding parameter (5:TIMESTAMP_WITH_TIMEZONE) <- [null]
    2026-04-13T12:41:42.686+09:00 TRACE 4752 --- [    Test worker] org.hibernate.orm.jdbc.bind              : binding parameter (6:ENUM) <- [MALE]
    2026-04-13T12:41:42.686+09:00 TRACE 4752 --- [    Test worker] org.hibernate.orm.jdbc.bind              : binding parameter (7:VARCHAR) <- [admin]
    2026-04-13T12:41:42.686+09:00 TRACE 4752 --- [    Test worker] org.hibernate.orm.jdbc.bind              : binding parameter (8:VARCHAR) <- [愿由ъ옄]
    2026-04-13T12:41:42.686+09:00 TRACE 4752 --- [    Test worker] org.hibernate.orm.jdbc.bind              : binding parameter (9:VARCHAR) <- [Korean]
    2026-04-13T12:41:42.686+09:00 TRACE 4752 --- [    Test worker] org.hibernate.orm.jdbc.bind              : binding parameter (10:VARCHAR) <- [hash]
    2026-04-13T12:41:42.686+09:00 TRACE 4752 --- [    Test worker] org.hibernate.orm.jdbc.bind              : binding parameter (11:VARCHAR) <- [010-9999-9999]
    2026-04-13T12:41:42.686+09:00 TRACE 4752 --- [    Test worker] org.hibernate.orm.jdbc.bind              : binding parameter (12:TIMESTAMP_WITH_TIMEZONE) <- [null]
    2026-04-13T12:41:42.686+09:00 TRACE 4752 --- [    Test worker] org.hibernate.orm.jdbc.bind              : binding parameter (13:VARCHAR) <- [null]
    2026-04-13T12:41:42.686+09:00 TRACE 4752 --- [    Test worker] org.hibernate.orm.jdbc.bind              : binding parameter (14:ENUM) <- [ADMIN]
    2026-04-13T12:41:42.686+09:00 TRACE 4752 --- [    Test worker] org.hibernate.orm.jdbc.bind              : binding parameter (15:ENUM) <- [ACTIVE]
    2026-04-13T12:41:42.686+09:00 TRACE 4752 --- [    Test worker] org.hibernate.orm.jdbc.bind              : binding parameter (16:TIMESTAMP_WITH_TIMEZONE) <- [2026-04-13T12:41:42.686064500+09:00]
    2026-04-13T12:41:42.686+09:00 DEBUG 4752 --- [    Test worker] org.hibernate.SQL                        : 
        insert 
        into
            spaces
            (amenities, area, created_at, deleted_at, description, floor, name, position_h, position_w, position_x, position_y, status, type, updated_at, space_id) 
        values
            (?, ?, ?, ?, ?, ?, ?, ?, ?, ?, ?, ?, ?, ?, default)
    Hibernate: 
        insert 
        into
            spaces
            (amenities, area, created_at, deleted_at, description, floor, name, position_h, position_w, position_x, position_y, status, type, updated_at, space_id) 
        values
            (?, ?, ?, ?, ?, ?, ?, ?, ?, ?, ?, ?, ?, ?, default)
    2026-04-13T12:41:42.686+09:00 TRACE 4752 --- [    Test worker] org.hibernate.orm.jdbc.bind              : binding parameter (1:VARCHAR) <- [null]
    2026-04-13T12:41:42.686+09:00 TRACE 4752 --- [    Test worker] org.hibernate.orm.jdbc.bind              : binding parameter (2:NUMERIC) <- [null]
    2026-04-13T12:41:42.686+09:00 TRACE 4752 --- [    Test worker] org.hibernate.orm.jdbc.bind              : binding parameter (3:TIMESTAMP_WITH_TIMEZONE) <- [2026-04-13T12:41:42.686064500+09:00]
    2026-04-13T12:41:42.686+09:00 TRACE 4752 --- [    Test worker] org.hibernate.orm.jdbc.bind              : binding parameter (4:TIMESTAMP_WITH_TIMEZONE) <- [null]
    2026-04-13T12:41:42.686+09:00 TRACE 4752 --- [    Test worker] org.hibernate.orm.jdbc.bind              : binding parameter (5:VARCHAR) <- [null]
    2026-04-13T12:41:42.686+09:00 TRACE 4752 --- [    Test worker] org.hibernate.orm.jdbc.bind              : binding parameter (6:INTEGER) <- [1]
    2026-04-13T12:41:42.686+09:00 TRACE 4752 --- [    Test worker] org.hibernate.orm.jdbc.bind              : binding parameter (7:VARCHAR) <- [?뚯쓽??A]
    2026-04-13T12:41:42.686+09:00 TRACE 4752 --- [    Test worker] org.hibernate.orm.jdbc.bind              : binding parameter (8:INTEGER) <- [null]
    2026-04-13T12:41:42.686+09:00 TRACE 4752 --- [    Test worker] org.hibernate.orm.jdbc.bind              : binding parameter (9:INTEGER) <- [null]
    2026-04-13T12:41:42.686+09:00 TRACE 4752 --- [    Test worker] org.hibernate.orm.jdbc.bind              : binding parameter (10:INTEGER) <- [null]
    2026-04-13T12:41:42.686+09:00 TRACE 4752 --- [    Test worker] org.hibernate.orm.jdbc.bind              : binding parameter (11:INTEGER) <- [null]
    2026-04-13T12:41:42.686+09:00 TRACE 4752 --- [    Test worker] org.hibernate.orm.jdbc.bind              : binding parameter (12:ENUM) <- [AVAILABLE]
    2026-04-13T12:41:42.686+09:00 TRACE 4752 --- [    Test worker] org.hibernate.orm.jdbc.bind              : binding parameter (13:ENUM) <- [COMMON]
    2026-04-13T12:41:42.686+09:00 TRACE 4752 --- [    Test worker] org.hibernate.orm.jdbc.bind              : binding parameter (14:TIMESTAMP_WITH_TIMEZONE) <- [2026-04-13T12:41:42.686064500+09:00]
    2026-04-13T12:41:42.686+09:00 DEBUG 4752 --- [    Test worker] org.hibernate.SQL                        : 
        insert 
        into
            reservations
            (approved_by, created_at, deleted_at, end_time, reservation_date, space_id, start_time, status, updated_at, user_id, reservation_id) 
        values
            (?, ?, ?, ?, ?, ?, ?, ?, ?, ?, default)
    Hibernate: 
        insert 
        into
            reservations
            (approved_by, created_at, deleted_at, end_time, reservation_date, space_id, start_time, status, updated_at, user_id, reservation_id) 
        values
            (?, ?, ?, ?, ?, ?, ?, ?, ?, ?, default)
    2026-04-13T12:41:42.686+09:00 TRACE 4752 --- [    Test worker] org.hibernate.orm.jdbc.bind              : binding parameter (1:BIGINT) <- [null]
    2026-04-13T12:41:42.686+09:00 TRACE 4752 --- [    Test worker] org.hibernate.orm.jdbc.bind              : binding parameter (2:TIMESTAMP_WITH_TIMEZONE) <- [2026-04-13T12:41:42.686064500+09:00]
    2026-04-13T12:41:42.686+09:00 TRACE 4752 --- [    Test worker] org.hibernate.orm.jdbc.bind              : binding parameter (3:TIMESTAMP_WITH_TIMEZONE) <- [null]
    2026-04-13T12:41:42.686+09:00 TRACE 4752 --- [    Test worker] org.hibernate.orm.jdbc.bind              : binding parameter (4:TIME) <- [12:00]
    2026-04-13T12:41:42.686+09:00 TRACE 4752 --- [    Test worker] org.hibernate.orm.jdbc.bind              : binding parameter (5:DATE) <- [2026-04-10]
    2026-04-13T12:41:42.686+09:00 TRACE 4752 --- [    Test worker] org.hibernate.orm.jdbc.bind              : binding parameter (6:BIGINT) <- [5]
    2026-04-13T12:41:42.692+09:00 TRACE 4752 --- [    Test worker] org.hibernate.orm.jdbc.bind              : binding parameter (7:TIME) <- [10:00]
    2026-04-13T12:41:42.692+09:00 TRACE 4752 --- [    Test worker] org.hibernate.orm.jdbc.bind              : binding parameter (8:ENUM) <- [APPROVED]
    2026-04-13T12:41:42.692+09:00 TRACE 4752 --- [    Test worker] org.hibernate.orm.jdbc.bind              : binding parameter (9:TIMESTAMP_WITH_TIMEZONE) <- [2026-04-13T12:41:42.686064500+09:00]
    2026-04-13T12:41:42.692+09:00 TRACE 4752 --- [    Test worker] org.hibernate.orm.jdbc.bind              : binding parameter (10:BIGINT) <- [13]
    2026-04-13T12:41:42.699+09:00 DEBUG 4752 --- [    Test worker] org.hibernate.SQL                        : 
        select
            count(re1_0.reservation_id)>0 
        from
            reservations re1_0 
        where
            (
                re1_0.deleted_at IS NULL
            ) 
            and re1_0.space_id=? 
            and re1_0.reservation_date=? 
            and re1_0.status in ('PENDING', 'APPROVED') 
            and re1_0.start_time<? 
            and re1_0.end_time>?
    Hibernate: 
        select
            count(re1_0.reservation_id)>0 
        from
            reservations re1_0 
        where
            (
                re1_0.deleted_at IS NULL
            ) 
            and re1_0.space_id=? 
            and re1_0.reservation_date=? 
            and re1_0.status in ('PENDING', 'APPROVED') 
            and re1_0.start_time<? 
            and re1_0.end_time>?
    2026-04-13T12:41:42.699+09:00 TRACE 4752 --- [    Test worker] org.hibernate.orm.jdbc.bind              : binding parameter (1:BIGINT) <- [5]
    2026-04-13T12:41:42.699+09:00 TRACE 4752 --- [    Test worker] org.hibernate.orm.jdbc.bind              : binding parameter (2:DATE) <- [2026-04-10]
    2026-04-13T12:41:42.699+09:00 TRACE 4752 --- [    Test worker] org.hibernate.orm.jdbc.bind              : binding parameter (3:TIME) <- [13:00]
    2026-04-13T12:41:42.699+09:00 TRACE 4752 --- [    Test worker] org.hibernate.orm.jdbc.bind              : binding parameter (4:TIME) <- [11:00]

ReservationJpaRepositoryTest > 以묐났 ?덉빟 泥댄겕 ?뚯뒪??> PENDING ?곹깭 ?덉빟? 以묐났 泥댄겕?먯꽌 ?쒖쇅 (false) FAILED
    org.opentest4j.AssertionFailedError: expected: <false> but was: <true>
        at app//org.junit.jupiter.api.AssertionFailureBuilder.build(AssertionFailureBuilder.java:151)
        at app//org.junit.jupiter.api.AssertionFailureBuilder.buildAndThrow(AssertionFailureBuilder.java:132)
        at app//org.junit.jupiter.api.AssertFalse.failNotFalse(AssertFalse.java:63)
        at app//org.junit.jupiter.api.AssertFalse.assertFalse(AssertFalse.java:36)
        at app//org.junit.jupiter.api.AssertFalse.assertFalse(AssertFalse.java:31)
        at app//org.junit.jupiter.api.Assertions.assertFalse(Assertions.java:231)
        at app//com.coliving.reservation.adapter.out.jpa.ReservationJpaRepositoryTest$OverlapTest.shouldIgnorePendingReservations(ReservationJpaRepositoryTest.java:257)

ReservationJpaRepositoryTest > 以묐났 ?덉빟 泥댄겕 ?뚯뒪??> ?쒓컙 寃뱀묠 ??以묐났?쇰줈 ?먯젙 (true) STANDARD_OUT
    2026-04-13T12:41:42.713+09:00 DEBUG 4752 --- [    Test worker] org.hibernate.SQL                        : 
        delete 
        from
            reservations re1_0 
        where
            (
                re1_0.deleted_at IS NULL
            )
    Hibernate: 
        delete 
        from
            reservations re1_0 
        where
            (
                re1_0.deleted_at IS NULL
            )
    2026-04-13T12:41:42.714+09:00 DEBUG 4752 --- [    Test worker] org.hibernate.SQL                        : 
        delete 
        from
            spaces se1_0 
        where
            (
                se1_0.deleted_at IS NULL
            )
    Hibernate: 
        delete 
        from
            spaces se1_0 
        where
            (
                se1_0.deleted_at IS NULL
            )
    2026-04-13T12:41:42.715+09:00 DEBUG 4752 --- [    Test worker] org.hibernate.SQL                        : 
        delete 
        from
            users ue1_0 
        where
            (
                ue1_0.deleted_at IS NULL
            )
    Hibernate: 
        delete 
        from
            users ue1_0 
        where
            (
                ue1_0.deleted_at IS NULL
            )
    2026-04-13T12:41:42.715+09:00 DEBUG 4752 --- [    Test worker] org.hibernate.SQL                        : 
        insert 
        into
            users
            (birth_date, created_at, deleted_at, email, email_verified_at, gender, login_id, name, nationality, password_hash, phone, phone_verified_at, profile_image, role, status, updated_at, user_id) 
        values
            (?, ?, ?, ?, ?, ?, ?, ?, ?, ?, ?, ?, ?, ?, ?, ?, default)
    Hibernate: 
        insert 
        into
            users
            (birth_date, created_at, deleted_at, email, email_verified_at, gender, login_id, name, nationality, password_hash, phone, phone_verified_at, profile_image, role, status, updated_at, user_id) 
        values
            (?, ?, ?, ?, ?, ?, ?, ?, ?, ?, ?, ?, ?, ?, ?, ?, default)
    2026-04-13T12:41:42.717+09:00 TRACE 4752 --- [    Test worker] org.hibernate.orm.jdbc.bind              : binding parameter (1:VARCHAR) <- [000101]
    2026-04-13T12:41:42.717+09:00 TRACE 4752 --- [    Test worker] org.hibernate.orm.jdbc.bind              : binding parameter (2:TIMESTAMP_WITH_TIMEZONE) <- [2026-04-13T12:41:42.715655500+09:00]
    2026-04-13T12:41:42.717+09:00 TRACE 4752 --- [    Test worker] org.hibernate.orm.jdbc.bind              : binding parameter (3:TIMESTAMP_WITH_TIMEZONE) <- [null]
    2026-04-13T12:41:42.717+09:00 TRACE 4752 --- [    Test worker] org.hibernate.orm.jdbc.bind              : binding parameter (4:VARCHAR) <- [a@coliving.com]
    2026-04-13T12:41:42.717+09:00 TRACE 4752 --- [    Test worker] org.hibernate.orm.jdbc.bind              : binding parameter (5:TIMESTAMP_WITH_TIMEZONE) <- [null]
    2026-04-13T12:41:42.717+09:00 TRACE 4752 --- [    Test worker] org.hibernate.orm.jdbc.bind              : binding parameter (6:ENUM) <- [MALE]
    2026-04-13T12:41:42.717+09:00 TRACE 4752 --- [    Test worker] org.hibernate.orm.jdbc.bind              : binding parameter (7:VARCHAR) <- [userA]
    2026-04-13T12:41:42.717+09:00 TRACE 4752 --- [    Test worker] org.hibernate.orm.jdbc.bind              : binding parameter (8:VARCHAR) <- [?좎?A]
    2026-04-13T12:41:42.717+09:00 TRACE 4752 --- [    Test worker] org.hibernate.orm.jdbc.bind              : binding parameter (9:VARCHAR) <- [Korean]
    2026-04-13T12:41:42.717+09:00 TRACE 4752 --- [    Test worker] org.hibernate.orm.jdbc.bind              : binding parameter (10:VARCHAR) <- [hash]
    2026-04-13T12:41:42.717+09:00 TRACE 4752 --- [    Test worker] org.hibernate.orm.jdbc.bind              : binding parameter (11:VARCHAR) <- [010-0000-0001]
    2026-04-13T12:41:42.717+09:00 TRACE 4752 --- [    Test worker] org.hibernate.orm.jdbc.bind              : binding parameter (12:TIMESTAMP_WITH_TIMEZONE) <- [null]
    2026-04-13T12:41:42.717+09:00 TRACE 4752 --- [    Test worker] org.hibernate.orm.jdbc.bind              : binding parameter (13:VARCHAR) <- [null]
    2026-04-13T12:41:42.717+09:00 TRACE 4752 --- [    Test worker] org.hibernate.orm.jdbc.bind              : binding parameter (14:ENUM) <- [RESIDENT]
    2026-04-13T12:41:42.717+09:00 TRACE 4752 --- [    Test worker] org.hibernate.orm.jdbc.bind              : binding parameter (15:ENUM) <- [ACTIVE]
    2026-04-13T12:41:42.717+09:00 TRACE 4752 --- [    Test worker] org.hibernate.orm.jdbc.bind              : binding parameter (16:TIMESTAMP_WITH_TIMEZONE) <- [2026-04-13T12:41:42.715655500+09:00]
    2026-04-13T12:41:42.718+09:00 DEBUG 4752 --- [    Test worker] org.hibernate.SQL                        : 
        insert 
        into
            users
            (birth_date, created_at, deleted_at, email, email_verified_at, gender, login_id, name, nationality, password_hash, phone, phone_verified_at, profile_image, role, status, updated_at, user_id) 
        values
            (?, ?, ?, ?, ?, ?, ?, ?, ?, ?, ?, ?, ?, ?, ?, ?, default)
    Hibernate: 
        insert 
        into
            users
            (birth_date, created_at, deleted_at, email, email_verified_at, gender, login_id, name, nationality, password_hash, phone, phone_verified_at, profile_image, role, status, updated_at, user_id) 
        values
            (?, ?, ?, ?, ?, ?, ?, ?, ?, ?, ?, ?, ?, ?, ?, ?, default)
    2026-04-13T12:41:42.718+09:00 TRACE 4752 --- [    Test worker] org.hibernate.orm.jdbc.bind              : binding parameter (1:VARCHAR) <- [000101]
    2026-04-13T12:41:42.719+09:00 TRACE 4752 --- [    Test worker] org.hibernate.orm.jdbc.bind              : binding parameter (2:TIMESTAMP_WITH_TIMEZONE) <- [2026-04-13T12:41:42.718654700+09:00]
    2026-04-13T12:41:42.719+09:00 TRACE 4752 --- [    Test worker] org.hibernate.orm.jdbc.bind              : binding parameter (3:TIMESTAMP_WITH_TIMEZONE) <- [null]
    2026-04-13T12:41:42.719+09:00 TRACE 4752 --- [    Test worker] org.hibernate.orm.jdbc.bind              : binding parameter (4:VARCHAR) <- [b@coliving.com]
    2026-04-13T12:41:42.719+09:00 TRACE 4752 --- [    Test worker] org.hibernate.orm.jdbc.bind              : binding parameter (5:TIMESTAMP_WITH_TIMEZONE) <- [null]
    2026-04-13T12:41:42.719+09:00 TRACE 4752 --- [    Test worker] org.hibernate.orm.jdbc.bind              : binding parameter (6:ENUM) <- [FEMALE]
    2026-04-13T12:41:42.719+09:00 TRACE 4752 --- [    Test worker] org.hibernate.orm.jdbc.bind              : binding parameter (7:VARCHAR) <- [userB]
    2026-04-13T12:41:42.719+09:00 TRACE 4752 --- [    Test worker] org.hibernate.orm.jdbc.bind              : binding parameter (8:VARCHAR) <- [?좎?B]
    2026-04-13T12:41:42.719+09:00 TRACE 4752 --- [    Test worker] org.hibernate.orm.jdbc.bind              : binding parameter (9:VARCHAR) <- [Korean]
    2026-04-13T12:41:42.719+09:00 TRACE 4752 --- [    Test worker] org.hibernate.orm.jdbc.bind              : binding parameter (10:VARCHAR) <- [hash]
    2026-04-13T12:41:42.719+09:00 TRACE 4752 --- [    Test worker] org.hibernate.orm.jdbc.bind              : binding parameter (11:VARCHAR) <- [010-0000-0002]
    2026-04-13T12:41:42.719+09:00 TRACE 4752 --- [    Test worker] org.hibernate.orm.jdbc.bind              : binding parameter (12:TIMESTAMP_WITH_TIMEZONE) <- [null]
    2026-04-13T12:41:42.719+09:00 TRACE 4752 --- [    Test worker] org.hibernate.orm.jdbc.bind              : binding parameter (13:VARCHAR) <- [null]
    2026-04-13T12:41:42.719+09:00 TRACE 4752 --- [    Test worker] org.hibernate.orm.jdbc.bind              : binding parameter (14:ENUM) <- [RESIDENT]
    2026-04-13T12:41:42.719+09:00 TRACE 4752 --- [    Test worker] org.hibernate.orm.jdbc.bind              : binding parameter (15:ENUM) <- [ACTIVE]
    2026-04-13T12:41:42.719+09:00 TRACE 4752 --- [    Test worker] org.hibernate.orm.jdbc.bind              : binding parameter (16:TIMESTAMP_WITH_TIMEZONE) <- [2026-04-13T12:41:42.718654700+09:00]
    2026-04-13T12:41:42.720+09:00 DEBUG 4752 --- [    Test worker] org.hibernate.SQL                        : 
        insert 
        into
            users
            (birth_date, created_at, deleted_at, email, email_verified_at, gender, login_id, name, nationality, password_hash, phone, phone_verified_at, profile_image, role, status, updated_at, user_id) 
        values
            (?, ?, ?, ?, ?, ?, ?, ?, ?, ?, ?, ?, ?, ?, ?, ?, default)
    Hibernate: 
        insert 
        into
            users
            (birth_date, created_at, deleted_at, email, email_verified_at, gender, login_id, name, nationality, password_hash, phone, phone_verified_at, profile_image, role, status, updated_at, user_id) 
        values
            (?, ?, ?, ?, ?, ?, ?, ?, ?, ?, ?, ?, ?, ?, ?, ?, default)
    2026-04-13T12:41:42.720+09:00 TRACE 4752 --- [    Test worker] org.hibernate.orm.jdbc.bind              : binding parameter (1:VARCHAR) <- [000101]
    2026-04-13T12:41:42.720+09:00 TRACE 4752 --- [    Test worker] org.hibernate.orm.jdbc.bind              : binding parameter (2:TIMESTAMP_WITH_TIMEZONE) <- [2026-04-13T12:41:42.720656300+09:00]
    2026-04-13T12:41:42.720+09:00 TRACE 4752 --- [    Test worker] org.hibernate.orm.jdbc.bind              : binding parameter (3:TIMESTAMP_WITH_TIMEZONE) <- [null]
    2026-04-13T12:41:42.720+09:00 TRACE 4752 --- [    Test worker] org.hibernate.orm.jdbc.bind              : binding parameter (4:VARCHAR) <- [admin@coliving.com]
    2026-04-13T12:41:42.720+09:00 TRACE 4752 --- [    Test worker] org.hibernate.orm.jdbc.bind              : binding parameter (5:TIMESTAMP_WITH_TIMEZONE) <- [null]
    2026-04-13T12:41:42.720+09:00 TRACE 4752 --- [    Test worker] org.hibernate.orm.jdbc.bind              : binding parameter (6:ENUM) <- [MALE]
    2026-04-13T12:41:42.720+09:00 TRACE 4752 --- [    Test worker] org.hibernate.orm.jdbc.bind              : binding parameter (7:VARCHAR) <- [admin]
    2026-04-13T12:41:42.720+09:00 TRACE 4752 --- [    Test worker] org.hibernate.orm.jdbc.bind              : binding parameter (8:VARCHAR) <- [愿由ъ옄]
    2026-04-13T12:41:42.720+09:00 TRACE 4752 --- [    Test worker] org.hibernate.orm.jdbc.bind              : binding parameter (9:VARCHAR) <- [Korean]
    2026-04-13T12:41:42.720+09:00 TRACE 4752 --- [    Test worker] org.hibernate.orm.jdbc.bind              : binding parameter (10:VARCHAR) <- [hash]
    2026-04-13T12:41:42.720+09:00 TRACE 4752 --- [    Test worker] org.hibernate.orm.jdbc.bind              : binding parameter (11:VARCHAR) <- [010-9999-9999]
    2026-04-13T12:41:42.720+09:00 TRACE 4752 --- [    Test worker] org.hibernate.orm.jdbc.bind              : binding parameter (12:TIMESTAMP_WITH_TIMEZONE) <- [null]
    2026-04-13T12:41:42.720+09:00 TRACE 4752 --- [    Test worker] org.hibernate.orm.jdbc.bind              : binding parameter (13:VARCHAR) <- [null]
    2026-04-13T12:41:42.720+09:00 TRACE 4752 --- [    Test worker] org.hibernate.orm.jdbc.bind              : binding parameter (14:ENUM) <- [ADMIN]
    2026-04-13T12:41:42.720+09:00 TRACE 4752 --- [    Test worker] org.hibernate.orm.jdbc.bind              : binding parameter (15:ENUM) <- [ACTIVE]
    2026-04-13T12:41:42.721+09:00 TRACE 4752 --- [    Test worker] org.hibernate.orm.jdbc.bind              : binding parameter (16:TIMESTAMP_WITH_TIMEZONE) <- [2026-04-13T12:41:42.720656300+09:00]
    2026-04-13T12:41:42.722+09:00 DEBUG 4752 --- [    Test worker] org.hibernate.SQL                        : 
        insert 
        into
            spaces
            (amenities, area, created_at, deleted_at, description, floor, name, position_h, position_w, position_x, position_y, status, type, updated_at, space_id) 
        values
            (?, ?, ?, ?, ?, ?, ?, ?, ?, ?, ?, ?, ?, ?, default)
    Hibernate: 
        insert 
        into
            spaces
            (amenities, area, created_at, deleted_at, description, floor, name, position_h, position_w, position_x, position_y, status, type, updated_at, space_id) 
        values
            (?, ?, ?, ?, ?, ?, ?, ?, ?, ?, ?, ?, ?, ?, default)
    2026-04-13T12:41:42.722+09:00 TRACE 4752 --- [    Test worker] org.hibernate.orm.jdbc.bind              : binding parameter (1:VARCHAR) <- [null]
    2026-04-13T12:41:42.722+09:00 TRACE 4752 --- [    Test worker] org.hibernate.orm.jdbc.bind              : binding parameter (2:NUMERIC) <- [null]
    2026-04-13T12:41:42.722+09:00 TRACE 4752 --- [    Test worker] org.hibernate.orm.jdbc.bind              : binding parameter (3:TIMESTAMP_WITH_TIMEZONE) <- [2026-04-13T12:41:42.721695800+09:00]
    2026-04-13T12:41:42.722+09:00 TRACE 4752 --- [    Test worker] org.hibernate.orm.jdbc.bind              : binding parameter (4:TIMESTAMP_WITH_TIMEZONE) <- [null]
    2026-04-13T12:41:42.722+09:00 TRACE 4752 --- [    Test worker] org.hibernate.orm.jdbc.bind              : binding parameter (5:VARCHAR) <- [null]
    2026-04-13T12:41:42.722+09:00 TRACE 4752 --- [    Test worker] org.hibernate.orm.jdbc.bind              : binding parameter (6:INTEGER) <- [1]
    2026-04-13T12:41:42.722+09:00 TRACE 4752 --- [    Test worker] org.hibernate.orm.jdbc.bind              : binding parameter (7:VARCHAR) <- [?뚯쓽??A]
    2026-04-13T12:41:42.722+09:00 TRACE 4752 --- [    Test worker] org.hibernate.orm.jdbc.bind              : binding parameter (8:INTEGER) <- [null]
    2026-04-13T12:41:42.722+09:00 TRACE 4752 --- [    Test worker] org.hibernate.orm.jdbc.bind              : binding parameter (9:INTEGER) <- [null]
    2026-04-13T12:41:42.722+09:00 TRACE 4752 --- [    Test worker] org.hibernate.orm.jdbc.bind              : binding parameter (10:INTEGER) <- [null]
    2026-04-13T12:41:42.722+09:00 TRACE 4752 --- [    Test worker] org.hibernate.orm.jdbc.bind              : binding parameter (11:INTEGER) <- [null]
    2026-04-13T12:41:42.722+09:00 TRACE 4752 --- [    Test worker] org.hibernate.orm.jdbc.bind              : binding parameter (12:ENUM) <- [AVAILABLE]
    2026-04-13T12:41:42.722+09:00 TRACE 4752 --- [    Test worker] org.hibernate.orm.jdbc.bind              : binding parameter (13:ENUM) <- [COMMON]
    2026-04-13T12:41:42.722+09:00 TRACE 4752 --- [    Test worker] org.hibernate.orm.jdbc.bind              : binding parameter (14:TIMESTAMP_WITH_TIMEZONE) <- [2026-04-13T12:41:42.721695800+09:00]
    2026-04-13T12:41:42.723+09:00 DEBUG 4752 --- [    Test worker] org.hibernate.SQL                        : 
        insert 
        into
            reservations
            (approved_by, created_at, deleted_at, end_time, reservation_date, space_id, start_time, status, updated_at, user_id, reservation_id) 
        values
            (?, ?, ?, ?, ?, ?, ?, ?, ?, ?, default)
    Hibernate: 
        insert 
        into
            reservations
            (approved_by, created_at, deleted_at, end_time, reservation_date, space_id, start_time, status, updated_at, user_id, reservation_id) 
        values
            (?, ?, ?, ?, ?, ?, ?, ?, ?, ?, default)
    2026-04-13T12:41:42.724+09:00 TRACE 4752 --- [    Test worker] org.hibernate.orm.jdbc.bind              : binding parameter (1:BIGINT) <- [null]
    2026-04-13T12:41:42.724+09:00 TRACE 4752 --- [    Test worker] org.hibernate.orm.jdbc.bind              : binding parameter (2:TIMESTAMP_WITH_TIMEZONE) <- [2026-04-13T12:41:42.723700600+09:00]
    2026-04-13T12:41:42.724+09:00 TRACE 4752 --- [    Test worker] org.hibernate.orm.jdbc.bind              : binding parameter (3:TIMESTAMP_WITH_TIMEZONE) <- [null]
    2026-04-13T12:41:42.724+09:00 TRACE 4752 --- [    Test worker] org.hibernate.orm.jdbc.bind              : binding parameter (4:TIME) <- [12:00]
    2026-04-13T12:41:42.724+09:00 TRACE 4752 --- [    Test worker] org.hibernate.orm.jdbc.bind              : binding parameter (5:DATE) <- [2026-04-10]
    2026-04-13T12:41:42.724+09:00 TRACE 4752 --- [    Test worker] org.hibernate.orm.jdbc.bind              : binding parameter (6:BIGINT) <- [6]
    2026-04-13T12:41:42.724+09:00 TRACE 4752 --- [    Test worker] org.hibernate.orm.jdbc.bind              : binding parameter (7:TIME) <- [10:00]
    2026-04-13T12:41:42.724+09:00 TRACE 4752 --- [    Test worker] org.hibernate.orm.jdbc.bind              : binding parameter (8:ENUM) <- [APPROVED]
    2026-04-13T12:41:42.724+09:00 TRACE 4752 --- [    Test worker] org.hibernate.orm.jdbc.bind              : binding parameter (9:TIMESTAMP_WITH_TIMEZONE) <- [2026-04-13T12:41:42.723700600+09:00]
    2026-04-13T12:41:42.724+09:00 TRACE 4752 --- [    Test worker] org.hibernate.orm.jdbc.bind              : binding parameter (10:BIGINT) <- [16]

ReservationJpaRepositoryTest > 以묐났 ?덉빟 泥댄겕 ?뚯뒪??> ?쒓컙 寃뱀묠 ??以묐났?쇰줈 ?먯젙 (true) FAILED
    java.lang.IllegalStateException: ?꾩옱 ?곹깭(APPROVED)?먯꽌???뱀씤 泥섎━瑜??????놁뒿?덈떎. PENDING ?곹깭?ъ빞 ?⑸땲??
        at com.coliving.reservation.adapter.out.jpa.ReservationEntity.validateStatus(ReservationEntity.java:153)
        at com.coliving.reservation.adapter.out.jpa.ReservationEntity.approve(ReservationEntity.java:117)
        at com.coliving.reservation.adapter.out.jpa.ReservationJpaRepositoryTest$OverlapTest.shouldDetectOverlap(ReservationJpaRepositoryTest.java:221)

ReservationJpaRepositoryTest > ?쒖꽕蹂?議고쉶 ?뚯뒪??STANDARD_OUT
    2026-04-13T12:41:42.730+09:00  INFO 4752 --- [    Test worker] t.c.s.AnnotationConfigContextLoaderUtils : Could not detect default configuration classes for test class [com.coliving.reservation.adapter.out.jpa.ReservationJpaRepositoryTest$SpaceQueryTest]: SpaceQueryTest does not declare any static, non-private, non-final, nested classes annotated with @Configuration.
    2026-04-13T12:41:42.736+09:00  INFO 4752 --- [    Test worker] .b.t.c.SpringBootTestContextBootstrapper : Found @SpringBootConfiguration com.coliving.CoLivingApplication for test class com.coliving.reservation.adapter.out.jpa.ReservationJpaRepositoryTest$SpaceQueryTest

ReservationJpaRepositoryTest > ?쒖꽕蹂?議고쉶 ?뚯뒪??> ?뱀젙 ?쒖꽕??APPROVED ?덉빟留?議고쉶 STANDARD_OUT
    2026-04-13T12:41:42.746+09:00 DEBUG 4752 --- [    Test worker] org.hibernate.SQL                        : 
        delete 
        from
            reservations re1_0 
        where
            (
                re1_0.deleted_at IS NULL
            )
    Hibernate: 
        delete 
        from
            reservations re1_0 
        where
            (
                re1_0.deleted_at IS NULL
            )
    2026-04-13T12:41:42.747+09:00 DEBUG 4752 --- [    Test worker] org.hibernate.SQL                        : 
        delete 
        from
            spaces se1_0 
        where
            (
                se1_0.deleted_at IS NULL
            )
    Hibernate: 
        delete 
        from
            spaces se1_0 
        where
            (
                se1_0.deleted_at IS NULL
            )
    2026-04-13T12:41:42.748+09:00 DEBUG 4752 --- [    Test worker] org.hibernate.SQL                        : 
        delete 
        from
            users ue1_0 
        where
            (
                ue1_0.deleted_at IS NULL
            )
    Hibernate: 
        delete 
        from
            users ue1_0 
        where
            (
                ue1_0.deleted_at IS NULL
            )
    2026-04-13T12:41:42.749+09:00 DEBUG 4752 --- [    Test worker] org.hibernate.SQL                        : 
        insert 
        into
            users
            (birth_date, created_at, deleted_at, email, email_verified_at, gender, login_id, name, nationality, password_hash, phone, phone_verified_at, profile_image, role, status, updated_at, user_id) 
        values
            (?, ?, ?, ?, ?, ?, ?, ?, ?, ?, ?, ?, ?, ?, ?, ?, default)
    Hibernate: 
        insert 
        into
            users
            (birth_date, created_at, deleted_at, email, email_verified_at, gender, login_id, name, nationality, password_hash, phone, phone_verified_at, profile_image, role, status, updated_at, user_id) 
        values
            (?, ?, ?, ?, ?, ?, ?, ?, ?, ?, ?, ?, ?, ?, ?, ?, default)
    2026-04-13T12:41:42.749+09:00 TRACE 4752 --- [    Test worker] org.hibernate.orm.jdbc.bind              : binding parameter (1:VARCHAR) <- [000101]
    2026-04-13T12:41:42.749+09:00 TRACE 4752 --- [    Test worker] org.hibernate.orm.jdbc.bind              : binding parameter (2:TIMESTAMP_WITH_TIMEZONE) <- [2026-04-13T12:41:42.748074200+09:00]
    2026-04-13T12:41:42.749+09:00 TRACE 4752 --- [    Test worker] org.hibernate.orm.jdbc.bind              : binding parameter (3:TIMESTAMP_WITH_TIMEZONE) <- [null]
    2026-04-13T12:41:42.749+09:00 TRACE 4752 --- [    Test worker] org.hibernate.orm.jdbc.bind              : binding parameter (4:VARCHAR) <- [a@coliving.com]
    2026-04-13T12:41:42.749+09:00 TRACE 4752 --- [    Test worker] org.hibernate.orm.jdbc.bind              : binding parameter (5:TIMESTAMP_WITH_TIMEZONE) <- [null]
    2026-04-13T12:41:42.749+09:00 TRACE 4752 --- [    Test worker] org.hibernate.orm.jdbc.bind              : binding parameter (6:ENUM) <- [MALE]
    2026-04-13T12:41:42.749+09:00 TRACE 4752 --- [    Test worker] org.hibernate.orm.jdbc.bind              : binding parameter (7:VARCHAR) <- [userA]
    2026-04-13T12:41:42.749+09:00 TRACE 4752 --- [    Test worker] org.hibernate.orm.jdbc.bind              : binding parameter (8:VARCHAR) <- [?좎?A]
    2026-04-13T12:41:42.749+09:00 TRACE 4752 --- [    Test worker] org.hibernate.orm.jdbc.bind              : binding parameter (9:VARCHAR) <- [Korean]
    2026-04-13T12:41:42.749+09:00 TRACE 4752 --- [    Test worker] org.hibernate.orm.jdbc.bind              : binding parameter (10:VARCHAR) <- [hash]
    2026-04-13T12:41:42.749+09:00 TRACE 4752 --- [    Test worker] org.hibernate.orm.jdbc.bind              : binding parameter (11:VARCHAR) <- [010-0000-0001]
    2026-04-13T12:41:42.749+09:00 TRACE 4752 --- [    Test worker] org.hibernate.orm.jdbc.bind              : binding parameter (12:TIMESTAMP_WITH_TIMEZONE) <- [null]
    2026-04-13T12:41:42.749+09:00 TRACE 4752 --- [    Test worker] org.hibernate.orm.jdbc.bind              : binding parameter (13:VARCHAR) <- [null]
    2026-04-13T12:41:42.749+09:00 TRACE 4752 --- [    Test worker] org.hibernate.orm.jdbc.bind              : binding parameter (14:ENUM) <- [RESIDENT]
    2026-04-13T12:41:42.749+09:00 TRACE 4752 --- [    Test worker] org.hibernate.orm.jdbc.bind              : binding parameter (15:ENUM) <- [ACTIVE]
    2026-04-13T12:41:42.749+09:00 TRACE 4752 --- [    Test worker] org.hibernate.orm.jdbc.bind              : binding parameter (16:TIMESTAMP_WITH_TIMEZONE) <- [2026-04-13T12:41:42.748074200+09:00]
    2026-04-13T12:41:42.750+09:00 DEBUG 4752 --- [    Test worker] org.hibernate.SQL                        : 
        insert 
        into
            users
            (birth_date, created_at, deleted_at, email, email_verified_at, gender, login_id, name, nationality, password_hash, phone, phone_verified_at, profile_image, role, status, updated_at, user_id) 
        values
            (?, ?, ?, ?, ?, ?, ?, ?, ?, ?, ?, ?, ?, ?, ?, ?, default)
    Hibernate: 
        insert 
        into
            users
            (birth_date, created_at, deleted_at, email, email_verified_at, gender, login_id, name, nationality, password_hash, phone, phone_verified_at, profile_image, role, status, updated_at, user_id) 
        values
            (?, ?, ?, ?, ?, ?, ?, ?, ?, ?, ?, ?, ?, ?, ?, ?, default)
    2026-04-13T12:41:42.750+09:00 TRACE 4752 --- [    Test worker] org.hibernate.orm.jdbc.bind              : binding parameter (1:VARCHAR) <- [000101]
    2026-04-13T12:41:42.750+09:00 TRACE 4752 --- [    Test worker] org.hibernate.orm.jdbc.bind              : binding parameter (2:TIMESTAMP_WITH_TIMEZONE) <- [2026-04-13T12:41:42.750329+09:00]
    2026-04-13T12:41:42.750+09:00 TRACE 4752 --- [    Test worker] org.hibernate.orm.jdbc.bind              : binding parameter (3:TIMESTAMP_WITH_TIMEZONE) <- [null]
    2026-04-13T12:41:42.750+09:00 TRACE 4752 --- [    Test worker] org.hibernate.orm.jdbc.bind              : binding parameter (4:VARCHAR) <- [b@coliving.com]
    2026-04-13T12:41:42.750+09:00 TRACE 4752 --- [    Test worker] org.hibernate.orm.jdbc.bind              : binding parameter (5:TIMESTAMP_WITH_TIMEZONE) <- [null]
    2026-04-13T12:41:42.750+09:00 TRACE 4752 --- [    Test worker] org.hibernate.orm.jdbc.bind              : binding parameter (6:ENUM) <- [FEMALE]
    2026-04-13T12:41:42.750+09:00 TRACE 4752 --- [    Test worker] org.hibernate.orm.jdbc.bind              : binding parameter (7:VARCHAR) <- [userB]
    2026-04-13T12:41:42.750+09:00 TRACE 4752 --- [    Test worker] org.hibernate.orm.jdbc.bind              : binding parameter (8:VARCHAR) <- [?좎?B]
    2026-04-13T12:41:42.750+09:00 TRACE 4752 --- [    Test worker] org.hibernate.orm.jdbc.bind              : binding parameter (9:VARCHAR) <- [Korean]
    2026-04-13T12:41:42.750+09:00 TRACE 4752 --- [    Test worker] org.hibernate.orm.jdbc.bind              : binding parameter (10:VARCHAR) <- [hash]
    2026-04-13T12:41:42.750+09:00 TRACE 4752 --- [    Test worker] org.hibernate.orm.jdbc.bind              : binding parameter (11:VARCHAR) <- [010-0000-0002]
    2026-04-13T12:41:42.750+09:00 TRACE 4752 --- [    Test worker] org.hibernate.orm.jdbc.bind              : binding parameter (12:TIMESTAMP_WITH_TIMEZONE) <- [null]
    2026-04-13T12:41:42.750+09:00 TRACE 4752 --- [    Test worker] org.hibernate.orm.jdbc.bind              : binding parameter (13:VARCHAR) <- [null]
    2026-04-13T12:41:42.750+09:00 TRACE 4752 --- [    Test worker] org.hibernate.orm.jdbc.bind              : binding parameter (14:ENUM) <- [RESIDENT]
    2026-04-13T12:41:42.750+09:00 TRACE 4752 --- [    Test worker] org.hibernate.orm.jdbc.bind              : binding parameter (15:ENUM) <- [ACTIVE]
    2026-04-13T12:41:42.750+09:00 TRACE 4752 --- [    Test worker] org.hibernate.orm.jdbc.bind              : binding parameter (16:TIMESTAMP_WITH_TIMEZONE) <- [2026-04-13T12:41:42.750329+09:00]
    2026-04-13T12:41:42.750+09:00 DEBUG 4752 --- [    Test worker] org.hibernate.SQL                        : 
        insert 
        into
            users
            (birth_date, created_at, deleted_at, email, email_verified_at, gender, login_id, name, nationality, password_hash, phone, phone_verified_at, profile_image, role, status, updated_at, user_id) 
        values
            (?, ?, ?, ?, ?, ?, ?, ?, ?, ?, ?, ?, ?, ?, ?, ?, default)
    Hibernate: 
        insert 
        into
            users
            (birth_date, created_at, deleted_at, email, email_verified_at, gender, login_id, name, nationality, password_hash, phone, phone_verified_at, profile_image, role, status, updated_at, user_id) 
        values
            (?, ?, ?, ?, ?, ?, ?, ?, ?, ?, ?, ?, ?, ?, ?, ?, default)
    2026-04-13T12:41:42.750+09:00 TRACE 4752 --- [    Test worker] org.hibernate.orm.jdbc.bind              : binding parameter (1:VARCHAR) <- [000101]
    2026-04-13T12:41:42.750+09:00 TRACE 4752 --- [    Test worker] org.hibernate.orm.jdbc.bind              : binding parameter (2:TIMESTAMP_WITH_TIMEZONE) <- [2026-04-13T12:41:42.750329+09:00]
    2026-04-13T12:41:42.750+09:00 TRACE 4752 --- [    Test worker] org.hibernate.orm.jdbc.bind              : binding parameter (3:TIMESTAMP_WITH_TIMEZONE) <- [null]
    2026-04-13T12:41:42.750+09:00 TRACE 4752 --- [    Test worker] org.hibernate.orm.jdbc.bind              : binding parameter (4:VARCHAR) <- [admin@coliving.com]
    2026-04-13T12:41:42.750+09:00 TRACE 4752 --- [    Test worker] org.hibernate.orm.jdbc.bind              : binding parameter (5:TIMESTAMP_WITH_TIMEZONE) <- [null]
    2026-04-13T12:41:42.750+09:00 TRACE 4752 --- [    Test worker] org.hibernate.orm.jdbc.bind              : binding parameter (6:ENUM) <- [MALE]
    2026-04-13T12:41:42.750+09:00 TRACE 4752 --- [    Test worker] org.hibernate.orm.jdbc.bind              : binding parameter (7:VARCHAR) <- [admin]
    2026-04-13T12:41:42.750+09:00 TRACE 4752 --- [    Test worker] org.hibernate.orm.jdbc.bind              : binding parameter (8:VARCHAR) <- [愿由ъ옄]
    2026-04-13T12:41:42.750+09:00 TRACE 4752 --- [    Test worker] org.hibernate.orm.jdbc.bind              : binding parameter (9:VARCHAR) <- [Korean]
    2026-04-13T12:41:42.750+09:00 TRACE 4752 --- [    Test worker] org.hibernate.orm.jdbc.bind              : binding parameter (10:VARCHAR) <- [hash]
    2026-04-13T12:41:42.750+09:00 TRACE 4752 --- [    Test worker] org.hibernate.orm.jdbc.bind              : binding parameter (11:VARCHAR) <- [010-9999-9999]
    2026-04-13T12:41:42.750+09:00 TRACE 4752 --- [    Test worker] org.hibernate.orm.jdbc.bind              : binding parameter (12:TIMESTAMP_WITH_TIMEZONE) <- [null]
    2026-04-13T12:41:42.750+09:00 TRACE 4752 --- [    Test worker] org.hibernate.orm.jdbc.bind              : binding parameter (13:VARCHAR) <- [null]
    2026-04-13T12:41:42.750+09:00 TRACE 4752 --- [    Test worker] org.hibernate.orm.jdbc.bind              : binding parameter (14:ENUM) <- [ADMIN]
    2026-04-13T12:41:42.750+09:00 TRACE 4752 --- [    Test worker] org.hibernate.orm.jdbc.bind              : binding parameter (15:ENUM) <- [ACTIVE]
    2026-04-13T12:41:42.750+09:00 TRACE 4752 --- [    Test worker] org.hibernate.orm.jdbc.bind              : binding parameter (16:TIMESTAMP_WITH_TIMEZONE) <- [2026-04-13T12:41:42.750329+09:00]
    2026-04-13T12:41:42.750+09:00 DEBUG 4752 --- [    Test worker] org.hibernate.SQL                        : 
        insert 
        into
            spaces
            (amenities, area, created_at, deleted_at, description, floor, name, position_h, position_w, position_x, position_y, status, type, updated_at, space_id) 
        values
            (?, ?, ?, ?, ?, ?, ?, ?, ?, ?, ?, ?, ?, ?, default)
    Hibernate: 
        insert 
        into
            spaces
            (amenities, area, created_at, deleted_at, description, floor, name, position_h, position_w, position_x, position_y, status, type, updated_at, space_id) 
        values
            (?, ?, ?, ?, ?, ?, ?, ?, ?, ?, ?, ?, ?, ?, default)
    2026-04-13T12:41:42.750+09:00 TRACE 4752 --- [    Test worker] org.hibernate.orm.jdbc.bind              : binding parameter (1:VARCHAR) <- [null]
    2026-04-13T12:41:42.750+09:00 TRACE 4752 --- [    Test worker] org.hibernate.orm.jdbc.bind              : binding parameter (2:NUMERIC) <- [null]
    2026-04-13T12:41:42.750+09:00 TRACE 4752 --- [    Test worker] org.hibernate.orm.jdbc.bind              : binding parameter (3:TIMESTAMP_WITH_TIMEZONE) <- [2026-04-13T12:41:42.750329+09:00]
    2026-04-13T12:41:42.750+09:00 TRACE 4752 --- [    Test worker] org.hibernate.orm.jdbc.bind              : binding parameter (4:TIMESTAMP_WITH_TIMEZONE) <- [null]
    2026-04-13T12:41:42.750+09:00 TRACE 4752 --- [    Test worker] org.hibernate.orm.jdbc.bind              : binding parameter (5:VARCHAR) <- [null]
    2026-04-13T12:41:42.750+09:00 TRACE 4752 --- [    Test worker] org.hibernate.orm.jdbc.bind              : binding parameter (6:INTEGER) <- [1]
    2026-04-13T12:41:42.750+09:00 TRACE 4752 --- [    Test worker] org.hibernate.orm.jdbc.bind              : binding parameter (7:VARCHAR) <- [?뚯쓽??A]
    2026-04-13T12:41:42.750+09:00 TRACE 4752 --- [    Test worker] org.hibernate.orm.jdbc.bind              : binding parameter (8:INTEGER) <- [null]
    2026-04-13T12:41:42.750+09:00 TRACE 4752 --- [    Test worker] org.hibernate.orm.jdbc.bind              : binding parameter (9:INTEGER) <- [null]
    2026-04-13T12:41:42.750+09:00 TRACE 4752 --- [    Test worker] org.hibernate.orm.jdbc.bind              : binding parameter (10:INTEGER) <- [null]
    2026-04-13T12:41:42.750+09:00 TRACE 4752 --- [    Test worker] org.hibernate.orm.jdbc.bind              : binding parameter (11:INTEGER) <- [null]
    2026-04-13T12:41:42.750+09:00 TRACE 4752 --- [    Test worker] org.hibernate.orm.jdbc.bind              : binding parameter (12:ENUM) <- [AVAILABLE]
    2026-04-13T12:41:42.750+09:00 TRACE 4752 --- [    Test worker] org.hibernate.orm.jdbc.bind              : binding parameter (13:ENUM) <- [COMMON]
    2026-04-13T12:41:42.750+09:00 TRACE 4752 --- [    Test worker] org.hibernate.orm.jdbc.bind              : binding parameter (14:TIMESTAMP_WITH_TIMEZONE) <- [2026-04-13T12:41:42.750329+09:00]
    2026-04-13T12:41:42.750+09:00 DEBUG 4752 --- [    Test worker] org.hibernate.SQL                        : 
        insert 
        into
            reservations
            (approved_by, created_at, deleted_at, end_time, reservation_date, space_id, start_time, status, updated_at, user_id, reservation_id) 
        values
            (?, ?, ?, ?, ?, ?, ?, ?, ?, ?, default)
    Hibernate: 
        insert 
        into
            reservations
            (approved_by, created_at, deleted_at, end_time, reservation_date, space_id, start_time, status, updated_at, user_id, reservation_id) 
        values
            (?, ?, ?, ?, ?, ?, ?, ?, ?, ?, default)
    2026-04-13T12:41:42.750+09:00 TRACE 4752 --- [    Test worker] org.hibernate.orm.jdbc.bind              : binding parameter (1:BIGINT) <- [null]
    2026-04-13T12:41:42.750+09:00 TRACE 4752 --- [    Test worker] org.hibernate.orm.jdbc.bind              : binding parameter (2:TIMESTAMP_WITH_TIMEZONE) <- [2026-04-13T12:41:42.750329+09:00]
    2026-04-13T12:41:42.750+09:00 TRACE 4752 --- [    Test worker] org.hibernate.orm.jdbc.bind              : binding parameter (3:TIMESTAMP_WITH_TIMEZONE) <- [null]
    2026-04-13T12:41:42.750+09:00 TRACE 4752 --- [    Test worker] org.hibernate.orm.jdbc.bind              : binding parameter (4:TIME) <- [11:00]
    2026-04-13T12:41:42.750+09:00 TRACE 4752 --- [    Test worker] org.hibernate.orm.jdbc.bind              : binding parameter (5:DATE) <- [2026-04-10]
    2026-04-13T12:41:42.750+09:00 TRACE 4752 --- [    Test worker] org.hibernate.orm.jdbc.bind              : binding parameter (6:BIGINT) <- [7]
    2026-04-13T12:41:42.750+09:00 TRACE 4752 --- [    Test worker] org.hibernate.orm.jdbc.bind              : binding parameter (7:TIME) <- [10:00]
    2026-04-13T12:41:42.750+09:00 TRACE 4752 --- [    Test worker] org.hibernate.orm.jdbc.bind              : binding parameter (8:ENUM) <- [APPROVED]
    2026-04-13T12:41:42.750+09:00 TRACE 4752 --- [    Test worker] org.hibernate.orm.jdbc.bind              : binding parameter (9:TIMESTAMP_WITH_TIMEZONE) <- [2026-04-13T12:41:42.750329+09:00]
    2026-04-13T12:41:42.750+09:00 TRACE 4752 --- [    Test worker] org.hibernate.orm.jdbc.bind              : binding parameter (10:BIGINT) <- [19]

ReservationJpaRepositoryTest > ?쒖꽕蹂?議고쉶 ?뚯뒪??> ?뱀젙 ?쒖꽕??APPROVED ?덉빟留?議고쉶 FAILED
    java.lang.IllegalStateException: ?꾩옱 ?곹깭(APPROVED)?먯꽌???뱀씤 泥섎━瑜??????놁뒿?덈떎. PENDING ?곹깭?ъ빞 ?⑸땲??
        at com.coliving.reservation.adapter.out.jpa.ReservationEntity.validateStatus(ReservationEntity.java:153)
        at com.coliving.reservation.adapter.out.jpa.ReservationEntity.approve(ReservationEntity.java:117)
        at com.coliving.reservation.adapter.out.jpa.ReservationJpaRepositoryTest$SpaceQueryTest.shouldFilterApprovedBySpace(ReservationJpaRepositoryTest.java:197)

ReservationJpaRepositoryTest > ?ъ슜?먮퀎 議고쉶 ?뚯뒪??STANDARD_OUT
    2026-04-13T12:41:42.762+09:00  INFO 4752 --- [    Test worker] t.c.s.AnnotationConfigContextLoaderUtils : Could not detect default configuration classes for test class [com.coliving.reservation.adapter.out.jpa.ReservationJpaRepositoryTest$UserQueryTest]: UserQueryTest does not declare any static, non-private, non-final, nested classes annotated with @Configuration.
    2026-04-13T12:41:42.770+09:00  INFO 4752 --- [    Test worker] .b.t.c.SpringBootTestContextBootstrapper : Found @SpringBootConfiguration com.coliving.CoLivingApplication for test class com.coliving.reservation.adapter.out.jpa.ReservationJpaRepositoryTest$UserQueryTest

ReservationJpaRepositoryTest > ?ъ슜?먮퀎 議고쉶 ?뚯뒪??> ?곹깭 ?꾪꽣留?議고쉶: PENDING/APPROVED留?諛섑솚 STANDARD_OUT
    2026-04-13T12:41:42.777+09:00 DEBUG 4752 --- [    Test worker] org.hibernate.SQL                        : 
        delete 
        from
            reservations re1_0 
        where
            (
                re1_0.deleted_at IS NULL
            )
    Hibernate: 
        delete 
        from
            reservations re1_0 
        where
            (
                re1_0.deleted_at IS NULL
            )
    2026-04-13T12:41:42.778+09:00 DEBUG 4752 --- [    Test worker] org.hibernate.SQL                        : 
        delete 
        from
            spaces se1_0 
        where
            (
                se1_0.deleted_at IS NULL
            )
    Hibernate: 
        delete 
        from
            spaces se1_0 
        where
            (
                se1_0.deleted_at IS NULL
            )
    2026-04-13T12:41:42.779+09:00 DEBUG 4752 --- [    Test worker] org.hibernate.SQL                        : 
        delete 
        from
            users ue1_0 
        where
            (
                ue1_0.deleted_at IS NULL
            )
    Hibernate: 
        delete 
        from
            users ue1_0 
        where
            (
                ue1_0.deleted_at IS NULL
            )
    2026-04-13T12:41:42.779+09:00 DEBUG 4752 --- [    Test worker] org.hibernate.SQL                        : 
        insert 
        into
            users
            (birth_date, created_at, deleted_at, email, email_verified_at, gender, login_id, name, nationality, password_hash, phone, phone_verified_at, profile_image, role, status, updated_at, user_id) 
        values
            (?, ?, ?, ?, ?, ?, ?, ?, ?, ?, ?, ?, ?, ?, ?, ?, default)
    Hibernate: 
        insert 
        into
            users
            (birth_date, created_at, deleted_at, email, email_verified_at, gender, login_id, name, nationality, password_hash, phone, phone_verified_at, profile_image, role, status, updated_at, user_id) 
        values
            (?, ?, ?, ?, ?, ?, ?, ?, ?, ?, ?, ?, ?, ?, ?, ?, default)
    2026-04-13T12:41:42.780+09:00 TRACE 4752 --- [    Test worker] org.hibernate.orm.jdbc.bind              : binding parameter (1:VARCHAR) <- [000101]
    2026-04-13T12:41:42.780+09:00 TRACE 4752 --- [    Test worker] org.hibernate.orm.jdbc.bind              : binding parameter (2:TIMESTAMP_WITH_TIMEZONE) <- [2026-04-13T12:41:42.779148600+09:00]
    2026-04-13T12:41:42.780+09:00 TRACE 4752 --- [    Test worker] org.hibernate.orm.jdbc.bind              : binding parameter (3:TIMESTAMP_WITH_TIMEZONE) <- [null]
    2026-04-13T12:41:42.780+09:00 TRACE 4752 --- [    Test worker] org.hibernate.orm.jdbc.bind              : binding parameter (4:VARCHAR) <- [a@coliving.com]
    2026-04-13T12:41:42.780+09:00 TRACE 4752 --- [    Test worker] org.hibernate.orm.jdbc.bind              : binding parameter (5:TIMESTAMP_WITH_TIMEZONE) <- [null]
    2026-04-13T12:41:42.780+09:00 TRACE 4752 --- [    Test worker] org.hibernate.orm.jdbc.bind              : binding parameter (6:ENUM) <- [MALE]
    2026-04-13T12:41:42.780+09:00 TRACE 4752 --- [    Test worker] org.hibernate.orm.jdbc.bind              : binding parameter (7:VARCHAR) <- [userA]
    2026-04-13T12:41:42.780+09:00 TRACE 4752 --- [    Test worker] org.hibernate.orm.jdbc.bind              : binding parameter (8:VARCHAR) <- [?좎?A]
    2026-04-13T12:41:42.780+09:00 TRACE 4752 --- [    Test worker] org.hibernate.orm.jdbc.bind              : binding parameter (9:VARCHAR) <- [Korean]
    2026-04-13T12:41:42.780+09:00 TRACE 4752 --- [    Test worker] org.hibernate.orm.jdbc.bind              : binding parameter (10:VARCHAR) <- [hash]
    2026-04-13T12:41:42.780+09:00 TRACE 4752 --- [    Test worker] org.hibernate.orm.jdbc.bind              : binding parameter (11:VARCHAR) <- [010-0000-0001]
    2026-04-13T12:41:42.780+09:00 TRACE 4752 --- [    Test worker] org.hibernate.orm.jdbc.bind              : binding parameter (12:TIMESTAMP_WITH_TIMEZONE) <- [null]
    2026-04-13T12:41:42.780+09:00 TRACE 4752 --- [    Test worker] org.hibernate.orm.jdbc.bind              : binding parameter (13:VARCHAR) <- [null]
    2026-04-13T12:41:42.780+09:00 TRACE 4752 --- [    Test worker] org.hibernate.orm.jdbc.bind              : binding parameter (14:ENUM) <- [RESIDENT]
    2026-04-13T12:41:42.780+09:00 TRACE 4752 --- [    Test worker] org.hibernate.orm.jdbc.bind              : binding parameter (15:ENUM) <- [ACTIVE]
    2026-04-13T12:41:42.780+09:00 TRACE 4752 --- [    Test worker] org.hibernate.orm.jdbc.bind              : binding parameter (16:TIMESTAMP_WITH_TIMEZONE) <- [2026-04-13T12:41:42.779148600+09:00]
    2026-04-13T12:41:42.782+09:00 DEBUG 4752 --- [    Test worker] org.hibernate.SQL                        : 
        insert 
        into
            users
            (birth_date, created_at, deleted_at, email, email_verified_at, gender, login_id, name, nationality, password_hash, phone, phone_verified_at, profile_image, role, status, updated_at, user_id) 
        values
            (?, ?, ?, ?, ?, ?, ?, ?, ?, ?, ?, ?, ?, ?, ?, ?, default)
    Hibernate: 
        insert 
        into
            users
            (birth_date, created_at, deleted_at, email, email_verified_at, gender, login_id, name, nationality, password_hash, phone, phone_verified_at, profile_image, role, status, updated_at, user_id) 
        values
            (?, ?, ?, ?, ?, ?, ?, ?, ?, ?, ?, ?, ?, ?, ?, ?, default)
    2026-04-13T12:41:42.782+09:00 TRACE 4752 --- [    Test worker] org.hibernate.orm.jdbc.bind              : binding parameter (1:VARCHAR) <- [000101]
    2026-04-13T12:41:42.782+09:00 TRACE 4752 --- [    Test worker] org.hibernate.orm.jdbc.bind              : binding parameter (2:TIMESTAMP_WITH_TIMEZONE) <- [2026-04-13T12:41:42.781147500+09:00]
    2026-04-13T12:41:42.782+09:00 TRACE 4752 --- [    Test worker] org.hibernate.orm.jdbc.bind              : binding parameter (3:TIMESTAMP_WITH_TIMEZONE) <- [null]
    2026-04-13T12:41:42.782+09:00 TRACE 4752 --- [    Test worker] org.hibernate.orm.jdbc.bind              : binding parameter (4:VARCHAR) <- [b@coliving.com]
    2026-04-13T12:41:42.782+09:00 TRACE 4752 --- [    Test worker] org.hibernate.orm.jdbc.bind              : binding parameter (5:TIMESTAMP_WITH_TIMEZONE) <- [null]
    2026-04-13T12:41:42.782+09:00 TRACE 4752 --- [    Test worker] org.hibernate.orm.jdbc.bind              : binding parameter (6:ENUM) <- [FEMALE]
    2026-04-13T12:41:42.782+09:00 TRACE 4752 --- [    Test worker] org.hibernate.orm.jdbc.bind              : binding parameter (7:VARCHAR) <- [userB]
    2026-04-13T12:41:42.782+09:00 TRACE 4752 --- [    Test worker] org.hibernate.orm.jdbc.bind              : binding parameter (8:VARCHAR) <- [?좎?B]
    2026-04-13T12:41:42.782+09:00 TRACE 4752 --- [    Test worker] org.hibernate.orm.jdbc.bind              : binding parameter (9:VARCHAR) <- [Korean]
    2026-04-13T12:41:42.782+09:00 TRACE 4752 --- [    Test worker] org.hibernate.orm.jdbc.bind              : binding parameter (10:VARCHAR) <- [hash]
    2026-04-13T12:41:42.782+09:00 TRACE 4752 --- [    Test worker] org.hibernate.orm.jdbc.bind              : binding parameter (11:VARCHAR) <- [010-0000-0002]
    2026-04-13T12:41:42.782+09:00 TRACE 4752 --- [    Test worker] org.hibernate.orm.jdbc.bind              : binding parameter (12:TIMESTAMP_WITH_TIMEZONE) <- [null]
    2026-04-13T12:41:42.782+09:00 TRACE 4752 --- [    Test worker] org.hibernate.orm.jdbc.bind              : binding parameter (13:VARCHAR) <- [null]
    2026-04-13T12:41:42.782+09:00 TRACE 4752 --- [    Test worker] org.hibernate.orm.jdbc.bind              : binding parameter (14:ENUM) <- [RESIDENT]
    2026-04-13T12:41:42.782+09:00 TRACE 4752 --- [    Test worker] org.hibernate.orm.jdbc.bind              : binding parameter (15:ENUM) <- [ACTIVE]
    2026-04-13T12:41:42.782+09:00 TRACE 4752 --- [    Test worker] org.hibernate.orm.jdbc.bind              : binding parameter (16:TIMESTAMP_WITH_TIMEZONE) <- [2026-04-13T12:41:42.781147500+09:00]
    2026-04-13T12:41:42.783+09:00 DEBUG 4752 --- [    Test worker] org.hibernate.SQL                        : 
        insert 
        into
            users
            (birth_date, created_at, deleted_at, email, email_verified_at, gender, login_id, name, nationality, password_hash, phone, phone_verified_at, profile_image, role, status, updated_at, user_id) 
        values
            (?, ?, ?, ?, ?, ?, ?, ?, ?, ?, ?, ?, ?, ?, ?, ?, default)
    Hibernate: 
        insert 
        into
            users
            (birth_date, created_at, deleted_at, email, email_verified_at, gender, login_id, name, nationality, password_hash, phone, phone_verified_at, profile_image, role, status, updated_at, user_id) 
        values
            (?, ?, ?, ?, ?, ?, ?, ?, ?, ?, ?, ?, ?, ?, ?, ?, default)
    2026-04-13T12:41:42.785+09:00 TRACE 4752 --- [    Test worker] org.hibernate.orm.jdbc.bind              : binding parameter (1:VARCHAR) <- [000101]
    2026-04-13T12:41:42.785+09:00 TRACE 4752 --- [    Test worker] org.hibernate.orm.jdbc.bind              : binding parameter (2:TIMESTAMP_WITH_TIMEZONE) <- [2026-04-13T12:41:42.783437900+09:00]
    2026-04-13T12:41:42.785+09:00 TRACE 4752 --- [    Test worker] org.hibernate.orm.jdbc.bind              : binding parameter (3:TIMESTAMP_WITH_TIMEZONE) <- [null]
    2026-04-13T12:41:42.785+09:00 TRACE 4752 --- [    Test worker] org.hibernate.orm.jdbc.bind              : binding parameter (4:VARCHAR) <- [admin@coliving.com]
    2026-04-13T12:41:42.785+09:00 TRACE 4752 --- [    Test worker] org.hibernate.orm.jdbc.bind              : binding parameter (5:TIMESTAMP_WITH_TIMEZONE) <- [null]
    2026-04-13T12:41:42.785+09:00 TRACE 4752 --- [    Test worker] org.hibernate.orm.jdbc.bind              : binding parameter (6:ENUM) <- [MALE]
    2026-04-13T12:41:42.785+09:00 TRACE 4752 --- [    Test worker] org.hibernate.orm.jdbc.bind              : binding parameter (7:VARCHAR) <- [admin]
    2026-04-13T12:41:42.785+09:00 TRACE 4752 --- [    Test worker] org.hibernate.orm.jdbc.bind              : binding parameter (8:VARCHAR) <- [愿由ъ옄]
    2026-04-13T12:41:42.785+09:00 TRACE 4752 --- [    Test worker] org.hibernate.orm.jdbc.bind              : binding parameter (9:VARCHAR) <- [Korean]
    2026-04-13T12:41:42.785+09:00 TRACE 4752 --- [    Test worker] org.hibernate.orm.jdbc.bind              : binding parameter (10:VARCHAR) <- [hash]
    2026-04-13T12:41:42.785+09:00 TRACE 4752 --- [    Test worker] org.hibernate.orm.jdbc.bind              : binding parameter (11:VARCHAR) <- [010-9999-9999]
    2026-04-13T12:41:42.785+09:00 TRACE 4752 --- [    Test worker] org.hibernate.orm.jdbc.bind              : binding parameter (12:TIMESTAMP_WITH_TIMEZONE) <- [null]
    2026-04-13T12:41:42.785+09:00 TRACE 4752 --- [    Test worker] org.hibernate.orm.jdbc.bind              : binding parameter (13:VARCHAR) <- [null]
    2026-04-13T12:41:42.785+09:00 TRACE 4752 --- [    Test worker] org.hibernate.orm.jdbc.bind              : binding parameter (14:ENUM) <- [ADMIN]
    2026-04-13T12:41:42.785+09:00 TRACE 4752 --- [    Test worker] org.hibernate.orm.jdbc.bind              : binding parameter (15:ENUM) <- [ACTIVE]
    2026-04-13T12:41:42.785+09:00 TRACE 4752 --- [    Test worker] org.hibernate.orm.jdbc.bind              : binding parameter (16:TIMESTAMP_WITH_TIMEZONE) <- [2026-04-13T12:41:42.783437900+09:00]
    2026-04-13T12:41:42.785+09:00 DEBUG 4752 --- [    Test worker] org.hibernate.SQL                        : 
        insert 
        into
            spaces
            (amenities, area, created_at, deleted_at, description, floor, name, position_h, position_w, position_x, position_y, status, type, updated_at, space_id) 
        values
            (?, ?, ?, ?, ?, ?, ?, ?, ?, ?, ?, ?, ?, ?, default)
    Hibernate: 
        insert 
        into
            spaces
            (amenities, area, created_at, deleted_at, description, floor, name, position_h, position_w, position_x, position_y, status, type, updated_at, space_id) 
        values
            (?, ?, ?, ?, ?, ?, ?, ?, ?, ?, ?, ?, ?, ?, default)
    2026-04-13T12:41:42.785+09:00 TRACE 4752 --- [    Test worker] org.hibernate.orm.jdbc.bind              : binding parameter (1:VARCHAR) <- [null]
    2026-04-13T12:41:42.785+09:00 TRACE 4752 --- [    Test worker] org.hibernate.orm.jdbc.bind              : binding parameter (2:NUMERIC) <- [null]
    2026-04-13T12:41:42.785+09:00 TRACE 4752 --- [    Test worker] org.hibernate.orm.jdbc.bind              : binding parameter (3:TIMESTAMP_WITH_TIMEZONE) <- [2026-04-13T12:41:42.785021800+09:00]
    2026-04-13T12:41:42.785+09:00 TRACE 4752 --- [    Test worker] org.hibernate.orm.jdbc.bind              : binding parameter (4:TIMESTAMP_WITH_TIMEZONE) <- [null]
    2026-04-13T12:41:42.785+09:00 TRACE 4752 --- [    Test worker] org.hibernate.orm.jdbc.bind              : binding parameter (5:VARCHAR) <- [null]
    2026-04-13T12:41:42.785+09:00 TRACE 4752 --- [    Test worker] org.hibernate.orm.jdbc.bind              : binding parameter (6:INTEGER) <- [1]
    2026-04-13T12:41:42.785+09:00 TRACE 4752 --- [    Test worker] org.hibernate.orm.jdbc.bind              : binding parameter (7:VARCHAR) <- [?뚯쓽??A]
    2026-04-13T12:41:42.785+09:00 TRACE 4752 --- [    Test worker] org.hibernate.orm.jdbc.bind              : binding parameter (8:INTEGER) <- [null]
    2026-04-13T12:41:42.785+09:00 TRACE 4752 --- [    Test worker] org.hibernate.orm.jdbc.bind              : binding parameter (9:INTEGER) <- [null]
    2026-04-13T12:41:42.785+09:00 TRACE 4752 --- [    Test worker] org.hibernate.orm.jdbc.bind              : binding parameter (10:INTEGER) <- [null]
    2026-04-13T12:41:42.785+09:00 TRACE 4752 --- [    Test worker] org.hibernate.orm.jdbc.bind              : binding parameter (11:INTEGER) <- [null]
    2026-04-13T12:41:42.785+09:00 TRACE 4752 --- [    Test worker] org.hibernate.orm.jdbc.bind              : binding parameter (12:ENUM) <- [AVAILABLE]
    2026-04-13T12:41:42.785+09:00 TRACE 4752 --- [    Test worker] org.hibernate.orm.jdbc.bind              : binding parameter (13:ENUM) <- [COMMON]
    2026-04-13T12:41:42.785+09:00 TRACE 4752 --- [    Test worker] org.hibernate.orm.jdbc.bind              : binding parameter (14:TIMESTAMP_WITH_TIMEZONE) <- [2026-04-13T12:41:42.785021800+09:00]
    2026-04-13T12:41:42.785+09:00 DEBUG 4752 --- [    Test worker] org.hibernate.SQL                        : 
        insert 
        into
            reservations
            (approved_by, created_at, deleted_at, end_time, reservation_date, space_id, start_time, status, updated_at, user_id, reservation_id) 
        values
            (?, ?, ?, ?, ?, ?, ?, ?, ?, ?, default)
    Hibernate: 
        insert 
        into
            reservations
            (approved_by, created_at, deleted_at, end_time, reservation_date, space_id, start_time, status, updated_at, user_id, reservation_id) 
        values
            (?, ?, ?, ?, ?, ?, ?, ?, ?, ?, default)
    2026-04-13T12:41:42.785+09:00 TRACE 4752 --- [    Test worker] org.hibernate.orm.jdbc.bind              : binding parameter (1:BIGINT) <- [null]
    2026-04-13T12:41:42.785+09:00 TRACE 4752 --- [    Test worker] org.hibernate.orm.jdbc.bind              : binding parameter (2:TIMESTAMP_WITH_TIMEZONE) <- [2026-04-13T12:41:42.785021800+09:00]
    2026-04-13T12:41:42.785+09:00 TRACE 4752 --- [    Test worker] org.hibernate.orm.jdbc.bind              : binding parameter (3:TIMESTAMP_WITH_TIMEZONE) <- [null]
    2026-04-13T12:41:42.785+09:00 TRACE 4752 --- [    Test worker] org.hibernate.orm.jdbc.bind              : binding parameter (4:TIME) <- [11:00]
    2026-04-13T12:41:42.785+09:00 TRACE 4752 --- [    Test worker] org.hibernate.orm.jdbc.bind              : binding parameter (5:DATE) <- [2026-04-10]
    2026-04-13T12:41:42.785+09:00 TRACE 4752 --- [    Test worker] org.hibernate.orm.jdbc.bind              : binding parameter (6:BIGINT) <- [8]
    2026-04-13T12:41:42.785+09:00 TRACE 4752 --- [    Test worker] org.hibernate.orm.jdbc.bind              : binding parameter (7:TIME) <- [10:00]
    2026-04-13T12:41:42.785+09:00 TRACE 4752 --- [    Test worker] org.hibernate.orm.jdbc.bind              : binding parameter (8:ENUM) <- [APPROVED]
    2026-04-13T12:41:42.785+09:00 TRACE 4752 --- [    Test worker] org.hibernate.orm.jdbc.bind              : binding parameter (9:TIMESTAMP_WITH_TIMEZONE) <- [2026-04-13T12:41:42.785021800+09:00]
    2026-04-13T12:41:42.785+09:00 TRACE 4752 --- [    Test worker] org.hibernate.orm.jdbc.bind              : binding parameter (10:BIGINT) <- [22]
    2026-04-13T12:41:42.785+09:00 DEBUG 4752 --- [    Test worker] org.hibernate.SQL                        : 
        insert 
        into
            reservations
            (approved_by, created_at, deleted_at, end_time, reservation_date, space_id, start_time, status, updated_at, user_id, reservation_id) 
        values
            (?, ?, ?, ?, ?, ?, ?, ?, ?, ?, default)
    Hibernate: 
        insert 
        into
            reservations
            (approved_by, created_at, deleted_at, end_time, reservation_date, space_id, start_time, status, updated_at, user_id, reservation_id) 
        values
            (?, ?, ?, ?, ?, ?, ?, ?, ?, ?, default)
    2026-04-13T12:41:42.785+09:00 TRACE 4752 --- [    Test worker] org.hibernate.orm.jdbc.bind              : binding parameter (1:BIGINT) <- [null]
    2026-04-13T12:41:42.785+09:00 TRACE 4752 --- [    Test worker] org.hibernate.orm.jdbc.bind              : binding parameter (2:TIMESTAMP_WITH_TIMEZONE) <- [2026-04-13T12:41:42.785021800+09:00]
    2026-04-13T12:41:42.785+09:00 TRACE 4752 --- [    Test worker] org.hibernate.orm.jdbc.bind              : binding parameter (3:TIMESTAMP_WITH_TIMEZONE) <- [null]
    2026-04-13T12:41:42.785+09:00 TRACE 4752 --- [    Test worker] org.hibernate.orm.jdbc.bind              : binding parameter (4:TIME) <- [14:00]
    2026-04-13T12:41:42.785+09:00 TRACE 4752 --- [    Test worker] org.hibernate.orm.jdbc.bind              : binding parameter (5:DATE) <- [2026-04-10]
    2026-04-13T12:41:42.785+09:00 TRACE 4752 --- [    Test worker] org.hibernate.orm.jdbc.bind              : binding parameter (6:BIGINT) <- [8]
    2026-04-13T12:41:42.785+09:00 TRACE 4752 --- [    Test worker] org.hibernate.orm.jdbc.bind              : binding parameter (7:TIME) <- [13:00]
    2026-04-13T12:41:42.785+09:00 TRACE 4752 --- [    Test worker] org.hibernate.orm.jdbc.bind              : binding parameter (8:ENUM) <- [APPROVED]
    2026-04-13T12:41:42.785+09:00 TRACE 4752 --- [    Test worker] org.hibernate.orm.jdbc.bind              : binding parameter (9:TIMESTAMP_WITH_TIMEZONE) <- [2026-04-13T12:41:42.785021800+09:00]
    2026-04-13T12:41:42.785+09:00 TRACE 4752 --- [    Test worker] org.hibernate.orm.jdbc.bind              : binding parameter (10:BIGINT) <- [22]

ReservationJpaRepositoryTest > ?ъ슜?먮퀎 議고쉶 ?뚯뒪??> ?곹깭 ?꾪꽣留?議고쉶: PENDING/APPROVED留?諛섑솚 FAILED
    java.lang.IllegalStateException: ?꾩옱 ?곹깭(APPROVED)?먯꽌???뱀씤 泥섎━瑜??????놁뒿?덈떎. PENDING ?곹깭?ъ빞 ?⑸땲??
        at com.coliving.reservation.adapter.out.jpa.ReservationEntity.validateStatus(ReservationEntity.java:153)
        at com.coliving.reservation.adapter.out.jpa.ReservationEntity.approve(ReservationEntity.java:117)
        at com.coliving.reservation.adapter.out.jpa.ReservationJpaRepositoryTest$UserQueryTest.shouldFilterByStatus(ReservationJpaRepositoryTest.java:157)

ReservationJpaRepositoryTest > ?ъ슜?먮퀎 議고쉶 ?뚯뒪??> 理쒖떊???뺣젹 議고쉶 STANDARD_OUT
    2026-04-13T12:41:42.799+09:00 DEBUG 4752 --- [    Test worker] org.hibernate.SQL                        : 
        delete 
        from
            reservations re1_0 
        where
            (
                re1_0.deleted_at IS NULL
            )
    Hibernate: 
        delete 
        from
            reservations re1_0 
        where
            (
                re1_0.deleted_at IS NULL
            )
    2026-04-13T12:41:42.801+09:00 DEBUG 4752 --- [    Test worker] org.hibernate.SQL                        : 
        delete 
        from
            spaces se1_0 
        where
            (
                se1_0.deleted_at IS NULL
            )
    Hibernate: 
        delete 
        from
            spaces se1_0 
        where
            (
                se1_0.deleted_at IS NULL
            )
    2026-04-13T12:41:42.802+09:00 DEBUG 4752 --- [    Test worker] org.hibernate.SQL                        : 
        delete 
        from
            users ue1_0 
        where
            (
                ue1_0.deleted_at IS NULL
            )
    Hibernate: 
        delete 
        from
            users ue1_0 
        where
            (
                ue1_0.deleted_at IS NULL
            )
    2026-04-13T12:41:42.802+09:00 DEBUG 4752 --- [    Test worker] org.hibernate.SQL                        : 
        insert 
        into
            users
            (birth_date, created_at, deleted_at, email, email_verified_at, gender, login_id, name, nationality, password_hash, phone, phone_verified_at, profile_image, role, status, updated_at, user_id) 
        values
            (?, ?, ?, ?, ?, ?, ?, ?, ?, ?, ?, ?, ?, ?, ?, ?, default)
    Hibernate: 
        insert 
        into
            users
            (birth_date, created_at, deleted_at, email, email_verified_at, gender, login_id, name, nationality, password_hash, phone, phone_verified_at, profile_image, role, status, updated_at, user_id) 
        values
            (?, ?, ?, ?, ?, ?, ?, ?, ?, ?, ?, ?, ?, ?, ?, ?, default)
    2026-04-13T12:41:42.803+09:00 TRACE 4752 --- [    Test worker] org.hibernate.orm.jdbc.bind              : binding parameter (1:VARCHAR) <- [000101]
    2026-04-13T12:41:42.803+09:00 TRACE 4752 --- [    Test worker] org.hibernate.orm.jdbc.bind              : binding parameter (2:TIMESTAMP_WITH_TIMEZONE) <- [2026-04-13T12:41:42.802122700+09:00]
    2026-04-13T12:41:42.803+09:00 TRACE 4752 --- [    Test worker] org.hibernate.orm.jdbc.bind              : binding parameter (3:TIMESTAMP_WITH_TIMEZONE) <- [null]
    2026-04-13T12:41:42.803+09:00 TRACE 4752 --- [    Test worker] org.hibernate.orm.jdbc.bind              : binding parameter (4:VARCHAR) <- [a@coliving.com]
    2026-04-13T12:41:42.803+09:00 TRACE 4752 --- [    Test worker] org.hibernate.orm.jdbc.bind              : binding parameter (5:TIMESTAMP_WITH_TIMEZONE) <- [null]
    2026-04-13T12:41:42.803+09:00 TRACE 4752 --- [    Test worker] org.hibernate.orm.jdbc.bind              : binding parameter (6:ENUM) <- [MALE]
    2026-04-13T12:41:42.803+09:00 TRACE 4752 --- [    Test worker] org.hibernate.orm.jdbc.bind              : binding parameter (7:VARCHAR) <- [userA]
    2026-04-13T12:41:42.803+09:00 TRACE 4752 --- [    Test worker] org.hibernate.orm.jdbc.bind              : binding parameter (8:VARCHAR) <- [?좎?A]
    2026-04-13T12:41:42.803+09:00 TRACE 4752 --- [    Test worker] org.hibernate.orm.jdbc.bind              : binding parameter (9:VARCHAR) <- [Korean]
    2026-04-13T12:41:42.803+09:00 TRACE 4752 --- [    Test worker] org.hibernate.orm.jdbc.bind              : binding parameter (10:VARCHAR) <- [hash]
    2026-04-13T12:41:42.803+09:00 TRACE 4752 --- [    Test worker] org.hibernate.orm.jdbc.bind              : binding parameter (11:VARCHAR) <- [010-0000-0001]
    2026-04-13T12:41:42.803+09:00 TRACE 4752 --- [    Test worker] org.hibernate.orm.jdbc.bind              : binding parameter (12:TIMESTAMP_WITH_TIMEZONE) <- [null]
    2026-04-13T12:41:42.803+09:00 TRACE 4752 --- [    Test worker] org.hibernate.orm.jdbc.bind              : binding parameter (13:VARCHAR) <- [null]
    2026-04-13T12:41:42.803+09:00 TRACE 4752 --- [    Test worker] org.hibernate.orm.jdbc.bind              : binding parameter (14:ENUM) <- [RESIDENT]
    2026-04-13T12:41:42.803+09:00 TRACE 4752 --- [    Test worker] org.hibernate.orm.jdbc.bind              : binding parameter (15:ENUM) <- [ACTIVE]
    2026-04-13T12:41:42.803+09:00 TRACE 4752 --- [    Test worker] org.hibernate.orm.jdbc.bind              : binding parameter (16:TIMESTAMP_WITH_TIMEZONE) <- [2026-04-13T12:41:42.802122700+09:00]
    2026-04-13T12:41:42.804+09:00 DEBUG 4752 --- [    Test worker] org.hibernate.SQL                        : 
        insert 
        into
            users
            (birth_date, created_at, deleted_at, email, email_verified_at, gender, login_id, name, nationality, password_hash, phone, phone_verified_at, profile_image, role, status, updated_at, user_id) 
        values
            (?, ?, ?, ?, ?, ?, ?, ?, ?, ?, ?, ?, ?, ?, ?, ?, default)
    Hibernate: 
        insert 
        into
            users
            (birth_date, created_at, deleted_at, email, email_verified_at, gender, login_id, name, nationality, password_hash, phone, phone_verified_at, profile_image, role, status, updated_at, user_id) 
        values
            (?, ?, ?, ?, ?, ?, ?, ?, ?, ?, ?, ?, ?, ?, ?, ?, default)
    2026-04-13T12:41:42.804+09:00 TRACE 4752 --- [    Test worker] org.hibernate.orm.jdbc.bind              : binding parameter (1:VARCHAR) <- [000101]
    2026-04-13T12:41:42.804+09:00 TRACE 4752 --- [    Test worker] org.hibernate.orm.jdbc.bind              : binding parameter (2:TIMESTAMP_WITH_TIMEZONE) <- [2026-04-13T12:41:42.804122+09:00]
    2026-04-13T12:41:42.804+09:00 TRACE 4752 --- [    Test worker] org.hibernate.orm.jdbc.bind              : binding parameter (3:TIMESTAMP_WITH_TIMEZONE) <- [null]
    2026-04-13T12:41:42.804+09:00 TRACE 4752 --- [    Test worker] org.hibernate.orm.jdbc.bind              : binding parameter (4:VARCHAR) <- [b@coliving.com]
    2026-04-13T12:41:42.804+09:00 TRACE 4752 --- [    Test worker] org.hibernate.orm.jdbc.bind              : binding parameter (5:TIMESTAMP_WITH_TIMEZONE) <- [null]
    2026-04-13T12:41:42.804+09:00 TRACE 4752 --- [    Test worker] org.hibernate.orm.jdbc.bind              : binding parameter (6:ENUM) <- [FEMALE]
    2026-04-13T12:41:42.804+09:00 TRACE 4752 --- [    Test worker] org.hibernate.orm.jdbc.bind              : binding parameter (7:VARCHAR) <- [userB]
    2026-04-13T12:41:42.804+09:00 TRACE 4752 --- [    Test worker] org.hibernate.orm.jdbc.bind              : binding parameter (8:VARCHAR) <- [?좎?B]
    2026-04-13T12:41:42.804+09:00 TRACE 4752 --- [    Test worker] org.hibernate.orm.jdbc.bind              : binding parameter (9:VARCHAR) <- [Korean]
    2026-04-13T12:41:42.804+09:00 TRACE 4752 --- [    Test worker] org.hibernate.orm.jdbc.bind              : binding parameter (10:VARCHAR) <- [hash]
    2026-04-13T12:41:42.804+09:00 TRACE 4752 --- [    Test worker] org.hibernate.orm.jdbc.bind              : binding parameter (11:VARCHAR) <- [010-0000-0002]
    2026-04-13T12:41:42.804+09:00 TRACE 4752 --- [    Test worker] org.hibernate.orm.jdbc.bind              : binding parameter (12:TIMESTAMP_WITH_TIMEZONE) <- [null]
    2026-04-13T12:41:42.804+09:00 TRACE 4752 --- [    Test worker] org.hibernate.orm.jdbc.bind              : binding parameter (13:VARCHAR) <- [null]
    2026-04-13T12:41:42.805+09:00 TRACE 4752 --- [    Test worker] org.hibernate.orm.jdbc.bind              : binding parameter (14:ENUM) <- [RESIDENT]
    2026-04-13T12:41:42.805+09:00 TRACE 4752 --- [    Test worker] org.hibernate.orm.jdbc.bind              : binding parameter (15:ENUM) <- [ACTIVE]
    2026-04-13T12:41:42.805+09:00 TRACE 4752 --- [    Test worker] org.hibernate.orm.jdbc.bind              : binding parameter (16:TIMESTAMP_WITH_TIMEZONE) <- [2026-04-13T12:41:42.804122+09:00]
    2026-04-13T12:41:42.806+09:00 DEBUG 4752 --- [    Test worker] org.hibernate.SQL                        : 
        insert 
        into
            users
            (birth_date, created_at, deleted_at, email, email_verified_at, gender, login_id, name, nationality, password_hash, phone, phone_verified_at, profile_image, role, status, updated_at, user_id) 
        values
            (?, ?, ?, ?, ?, ?, ?, ?, ?, ?, ?, ?, ?, ?, ?, ?, default)
    Hibernate: 
        insert 
        into
            users
            (birth_date, created_at, deleted_at, email, email_verified_at, gender, login_id, name, nationality, password_hash, phone, phone_verified_at, profile_image, role, status, updated_at, user_id) 
        values
            (?, ?, ?, ?, ?, ?, ?, ?, ?, ?, ?, ?, ?, ?, ?, ?, default)
    2026-04-13T12:41:42.806+09:00 TRACE 4752 --- [    Test worker] org.hibernate.orm.jdbc.bind              : binding parameter (1:VARCHAR) <- [000101]
    2026-04-13T12:41:42.806+09:00 TRACE 4752 --- [    Test worker] org.hibernate.orm.jdbc.bind              : binding parameter (2:TIMESTAMP_WITH_TIMEZONE) <- [2026-04-13T12:41:42.805120600+09:00]
    2026-04-13T12:41:42.806+09:00 TRACE 4752 --- [    Test worker] org.hibernate.orm.jdbc.bind              : binding parameter (3:TIMESTAMP_WITH_TIMEZONE) <- [null]
    2026-04-13T12:41:42.806+09:00 TRACE 4752 --- [    Test worker] org.hibernate.orm.jdbc.bind              : binding parameter (4:VARCHAR) <- [admin@coliving.com]
    2026-04-13T12:41:42.806+09:00 TRACE 4752 --- [    Test worker] org.hibernate.orm.jdbc.bind              : binding parameter (5:TIMESTAMP_WITH_TIMEZONE) <- [null]
    2026-04-13T12:41:42.806+09:00 TRACE 4752 --- [    Test worker] org.hibernate.orm.jdbc.bind              : binding parameter (6:ENUM) <- [MALE]
    2026-04-13T12:41:42.806+09:00 TRACE 4752 --- [    Test worker] org.hibernate.orm.jdbc.bind              : binding parameter (7:VARCHAR) <- [admin]
    2026-04-13T12:41:42.806+09:00 TRACE 4752 --- [    Test worker] org.hibernate.orm.jdbc.bind              : binding parameter (8:VARCHAR) <- [愿由ъ옄]
    2026-04-13T12:41:42.806+09:00 TRACE 4752 --- [    Test worker] org.hibernate.orm.jdbc.bind              : binding parameter (9:VARCHAR) <- [Korean]
    2026-04-13T12:41:42.806+09:00 TRACE 4752 --- [    Test worker] org.hibernate.orm.jdbc.bind              : binding parameter (10:VARCHAR) <- [hash]
    2026-04-13T12:41:42.806+09:00 TRACE 4752 --- [    Test worker] org.hibernate.orm.jdbc.bind              : binding parameter (11:VARCHAR) <- [010-9999-9999]
    2026-04-13T12:41:42.806+09:00 TRACE 4752 --- [    Test worker] org.hibernate.orm.jdbc.bind              : binding parameter (12:TIMESTAMP_WITH_TIMEZONE) <- [null]
    2026-04-13T12:41:42.806+09:00 TRACE 4752 --- [    Test worker] org.hibernate.orm.jdbc.bind              : binding parameter (13:VARCHAR) <- [null]
    2026-04-13T12:41:42.806+09:00 TRACE 4752 --- [    Test worker] org.hibernate.orm.jdbc.bind              : binding parameter (14:ENUM) <- [ADMIN]
    2026-04-13T12:41:42.806+09:00 TRACE 4752 --- [    Test worker] org.hibernate.orm.jdbc.bind              : binding parameter (15:ENUM) <- [ACTIVE]
    2026-04-13T12:41:42.806+09:00 TRACE 4752 --- [    Test worker] org.hibernate.orm.jdbc.bind              : binding parameter (16:TIMESTAMP_WITH_TIMEZONE) <- [2026-04-13T12:41:42.805120600+09:00]
    2026-04-13T12:41:42.807+09:00 DEBUG 4752 --- [    Test worker] org.hibernate.SQL                        : 
        insert 
        into
            spaces
            (amenities, area, created_at, deleted_at, description, floor, name, position_h, position_w, position_x, position_y, status, type, updated_at, space_id) 
        values
            (?, ?, ?, ?, ?, ?, ?, ?, ?, ?, ?, ?, ?, ?, default)
    Hibernate: 
        insert 
        into
            spaces
            (amenities, area, created_at, deleted_at, description, floor, name, position_h, position_w, position_x, position_y, status, type, updated_at, space_id) 
        values
            (?, ?, ?, ?, ?, ?, ?, ?, ?, ?, ?, ?, ?, ?, default)
    2026-04-13T12:41:42.808+09:00 TRACE 4752 --- [    Test worker] org.hibernate.orm.jdbc.bind              : binding parameter (1:VARCHAR) <- [null]
    2026-04-13T12:41:42.808+09:00 TRACE 4752 --- [    Test worker] org.hibernate.orm.jdbc.bind              : binding parameter (2:NUMERIC) <- [null]
    2026-04-13T12:41:42.808+09:00 TRACE 4752 --- [    Test worker] org.hibernate.orm.jdbc.bind              : binding parameter (3:TIMESTAMP_WITH_TIMEZONE) <- [2026-04-13T12:41:42.807122100+09:00]
    2026-04-13T12:41:42.808+09:00 TRACE 4752 --- [    Test worker] org.hibernate.orm.jdbc.bind              : binding parameter (4:TIMESTAMP_WITH_TIMEZONE) <- [null]
    2026-04-13T12:41:42.808+09:00 TRACE 4752 --- [    Test worker] org.hibernate.orm.jdbc.bind              : binding parameter (5:VARCHAR) <- [null]
    2026-04-13T12:41:42.808+09:00 TRACE 4752 --- [    Test worker] org.hibernate.orm.jdbc.bind              : binding parameter (6:INTEGER) <- [1]
    2026-04-13T12:41:42.808+09:00 TRACE 4752 --- [    Test worker] org.hibernate.orm.jdbc.bind              : binding parameter (7:VARCHAR) <- [?뚯쓽??A]
    2026-04-13T12:41:42.809+09:00 TRACE 4752 --- [    Test worker] org.hibernate.orm.jdbc.bind              : binding parameter (8:INTEGER) <- [null]
    2026-04-13T12:41:42.810+09:00 TRACE 4752 --- [    Test worker] org.hibernate.orm.jdbc.bind              : binding parameter (9:INTEGER) <- [null]
    2026-04-13T12:41:42.810+09:00 TRACE 4752 --- [    Test worker] org.hibernate.orm.jdbc.bind              : binding parameter (10:INTEGER) <- [null]
    2026-04-13T12:41:42.810+09:00 TRACE 4752 --- [    Test worker] org.hibernate.orm.jdbc.bind              : binding parameter (11:INTEGER) <- [null]
    2026-04-13T12:41:42.810+09:00 TRACE 4752 --- [    Test worker] org.hibernate.orm.jdbc.bind              : binding parameter (12:ENUM) <- [AVAILABLE]
    2026-04-13T12:41:42.810+09:00 TRACE 4752 --- [    Test worker] org.hibernate.orm.jdbc.bind              : binding parameter (13:ENUM) <- [COMMON]
    2026-04-13T12:41:42.810+09:00 TRACE 4752 --- [    Test worker] org.hibernate.orm.jdbc.bind              : binding parameter (14:TIMESTAMP_WITH_TIMEZONE) <- [2026-04-13T12:41:42.807122100+09:00]
    2026-04-13T12:41:42.811+09:00 DEBUG 4752 --- [    Test worker] org.hibernate.SQL                        : 
        insert 
        into
            reservations
            (approved_by, created_at, deleted_at, end_time, reservation_date, space_id, start_time, status, updated_at, user_id, reservation_id) 
        values
            (?, ?, ?, ?, ?, ?, ?, ?, ?, ?, default)
    Hibernate: 
        insert 
        into
            reservations
            (approved_by, created_at, deleted_at, end_time, reservation_date, space_id, start_time, status, updated_at, user_id, reservation_id) 
        values
            (?, ?, ?, ?, ?, ?, ?, ?, ?, ?, default)
    2026-04-13T12:41:42.812+09:00 TRACE 4752 --- [    Test worker] org.hibernate.orm.jdbc.bind              : binding parameter (1:BIGINT) <- [null]
    2026-04-13T12:41:42.813+09:00 TRACE 4752 --- [    Test worker] org.hibernate.orm.jdbc.bind              : binding parameter (2:TIMESTAMP_WITH_TIMEZONE) <- [2026-04-13T12:41:42.811120900+09:00]
    2026-04-13T12:41:42.813+09:00 TRACE 4752 --- [    Test worker] org.hibernate.orm.jdbc.bind              : binding parameter (3:TIMESTAMP_WITH_TIMEZONE) <- [null]
    2026-04-13T12:41:42.813+09:00 TRACE 4752 --- [    Test worker] org.hibernate.orm.jdbc.bind              : binding parameter (4:TIME) <- [11:00]
    2026-04-13T12:41:42.813+09:00 TRACE 4752 --- [    Test worker] org.hibernate.orm.jdbc.bind              : binding parameter (5:DATE) <- [2026-04-10]
    2026-04-13T12:41:42.813+09:00 TRACE 4752 --- [    Test worker] org.hibernate.orm.jdbc.bind              : binding parameter (6:BIGINT) <- [9]
    2026-04-13T12:41:42.813+09:00 TRACE 4752 --- [    Test worker] org.hibernate.orm.jdbc.bind              : binding parameter (7:TIME) <- [10:00]
    2026-04-13T12:41:42.813+09:00 TRACE 4752 --- [    Test worker] org.hibernate.orm.jdbc.bind              : binding parameter (8:ENUM) <- [APPROVED]
    2026-04-13T12:41:42.813+09:00 TRACE 4752 --- [    Test worker] org.hibernate.orm.jdbc.bind              : binding parameter (9:TIMESTAMP_WITH_TIMEZONE) <- [2026-04-13T12:41:42.811120900+09:00]
    2026-04-13T12:41:42.813+09:00 TRACE 4752 --- [    Test worker] org.hibernate.orm.jdbc.bind              : binding parameter (10:BIGINT) <- [25]
    2026-04-13T12:41:42.815+09:00 DEBUG 4752 --- [    Test worker] org.hibernate.SQL                        : 
        insert 
        into
            reservations
            (approved_by, created_at, deleted_at, end_time, reservation_date, space_id, start_time, status, updated_at, user_id, reservation_id) 
        values
            (?, ?, ?, ?, ?, ?, ?, ?, ?, ?, default)
    Hibernate: 
        insert 
        into
            reservations
            (approved_by, created_at, deleted_at, end_time, reservation_date, space_id, start_time, status, updated_at, user_id, reservation_id) 
        values
            (?, ?, ?, ?, ?, ?, ?, ?, ?, ?, default)
    2026-04-13T12:41:42.815+09:00 TRACE 4752 --- [    Test worker] org.hibernate.orm.jdbc.bind              : binding parameter (1:BIGINT) <- [null]
    2026-04-13T12:41:42.815+09:00 TRACE 4752 --- [    Test worker] org.hibernate.orm.jdbc.bind              : binding parameter (2:TIMESTAMP_WITH_TIMEZONE) <- [2026-04-13T12:41:42.815120200+09:00]
    2026-04-13T12:41:42.815+09:00 TRACE 4752 --- [    Test worker] org.hibernate.orm.jdbc.bind              : binding parameter (3:TIMESTAMP_WITH_TIMEZONE) <- [null]
    2026-04-13T12:41:42.816+09:00 TRACE 4752 --- [    Test worker] org.hibernate.orm.jdbc.bind              : binding parameter (4:TIME) <- [15:00]
    2026-04-13T12:41:42.816+09:00 TRACE 4752 --- [    Test worker] org.hibernate.orm.jdbc.bind              : binding parameter (5:DATE) <- [2026-04-11]
    2026-04-13T12:41:42.816+09:00 TRACE 4752 --- [    Test worker] org.hibernate.orm.jdbc.bind              : binding parameter (6:BIGINT) <- [9]
    2026-04-13T12:41:42.816+09:00 TRACE 4752 --- [    Test worker] org.hibernate.orm.jdbc.bind              : binding parameter (7:TIME) <- [14:00]
    2026-04-13T12:41:42.816+09:00 TRACE 4752 --- [    Test worker] org.hibernate.orm.jdbc.bind              : binding parameter (8:ENUM) <- [APPROVED]
    2026-04-13T12:41:42.816+09:00 TRACE 4752 --- [    Test worker] org.hibernate.orm.jdbc.bind              : binding parameter (9:TIMESTAMP_WITH_TIMEZONE) <- [2026-04-13T12:41:42.815120200+09:00]
    2026-04-13T12:41:42.816+09:00 TRACE 4752 --- [    Test worker] org.hibernate.orm.jdbc.bind              : binding parameter (10:BIGINT) <- [25]
    2026-04-13T12:41:42.821+09:00 DEBUG 4752 --- [    Test worker] org.hibernate.SQL                        : 
        select
            re1_0.reservation_id,
            re1_0.approved_by,
            re1_0.created_at,
            re1_0.deleted_at,
            re1_0.end_time,
            re1_0.reservation_date,
            re1_0.space_id,
            re1_0.start_time,
            re1_0.status,
            re1_0.updated_at,
            re1_0.user_id 
        from
            reservations re1_0 
        where
            (
                re1_0.deleted_at IS NULL
            ) 
            and re1_0.user_id=? 
        order by
            re1_0.reservation_date desc,
            re1_0.start_time desc
    Hibernate: 
        select
            re1_0.reservation_id,
            re1_0.approved_by,
            re1_0.created_at,
            re1_0.deleted_at,
            re1_0.end_time,
            re1_0.reservation_date,
            re1_0.space_id,
            re1_0.start_time,
            re1_0.status,
            re1_0.updated_at,
            re1_0.user_id 
        from
            reservations re1_0 
        where
            (
                re1_0.deleted_at IS NULL
            ) 
            and re1_0.user_id=? 
        order by
            re1_0.reservation_date desc,
            re1_0.start_time desc
    2026-04-13T12:41:42.822+09:00 TRACE 4752 --- [    Test worker] org.hibernate.orm.jdbc.bind              : binding parameter (1:BIGINT) <- [25]

ReservationJpaRepositoryTest > 湲곕낯 CRUD ?뚯뒪??STANDARD_OUT
    2026-04-13T12:41:42.828+09:00  INFO 4752 --- [    Test worker] t.c.s.AnnotationConfigContextLoaderUtils : Could not detect default configuration classes for test class [com.coliving.reservation.adapter.out.jpa.ReservationJpaRepositoryTest$CrudTest]: CrudTest does not declare any static, non-private, non-final, nested classes annotated with @Configuration.
    2026-04-13T12:41:42.839+09:00  INFO 4752 --- [    Test worker] .b.t.c.SpringBootTestContextBootstrapper : Found @SpringBootConfiguration com.coliving.CoLivingApplication for test class com.coliving.reservation.adapter.out.jpa.ReservationJpaRepositoryTest$CrudTest

ReservationJpaRepositoryTest > 湲곕낯 CRUD ?뚯뒪??> ?????ID ?먮룞 ?앹꽦 諛?珥덇린 ?곹깭 PENDING STANDARD_OUT
    2026-04-13T12:41:42.842+09:00 DEBUG 4752 --- [    Test worker] org.hibernate.SQL                        : 
        delete 
        from
            reservations re1_0 
        where
            (
                re1_0.deleted_at IS NULL
            )
    Hibernate: 
        delete 
        from
            reservations re1_0 
        where
            (
                re1_0.deleted_at IS NULL
            )
    2026-04-13T12:41:42.842+09:00 DEBUG 4752 --- [    Test worker] org.hibernate.SQL                        : 
        delete 
        from
            spaces se1_0 
        where
            (
                se1_0.deleted_at IS NULL
            )
    Hibernate: 
        delete 
        from
            spaces se1_0 
        where
            (
                se1_0.deleted_at IS NULL
            )
    2026-04-13T12:41:42.842+09:00 DEBUG 4752 --- [    Test worker] org.hibernate.SQL                        : 
        delete 
        from
            users ue1_0 
        where
            (
                ue1_0.deleted_at IS NULL
            )
    Hibernate: 
        delete 
        from
            users ue1_0 
        where
            (
                ue1_0.deleted_at IS NULL
            )
    2026-04-13T12:41:42.842+09:00 DEBUG 4752 --- [    Test worker] org.hibernate.SQL                        : 
        insert 
        into
            users
            (birth_date, created_at, deleted_at, email, email_verified_at, gender, login_id, name, nationality, password_hash, phone, phone_verified_at, profile_image, role, status, updated_at, user_id) 
        values
            (?, ?, ?, ?, ?, ?, ?, ?, ?, ?, ?, ?, ?, ?, ?, ?, default)
    Hibernate: 
        insert 
        into
            users
            (birth_date, created_at, deleted_at, email, email_verified_at, gender, login_id, name, nationality, password_hash, phone, phone_verified_at, profile_image, role, status, updated_at, user_id) 
        values
            (?, ?, ?, ?, ?, ?, ?, ?, ?, ?, ?, ?, ?, ?, ?, ?, default)
    2026-04-13T12:41:42.842+09:00 TRACE 4752 --- [    Test worker] org.hibernate.orm.jdbc.bind              : binding parameter (1:VARCHAR) <- [000101]
    2026-04-13T12:41:42.842+09:00 TRACE 4752 --- [    Test worker] org.hibernate.orm.jdbc.bind              : binding parameter (2:TIMESTAMP_WITH_TIMEZONE) <- [2026-04-13T12:41:42.842799+09:00]
    2026-04-13T12:41:42.842+09:00 TRACE 4752 --- [    Test worker] org.hibernate.orm.jdbc.bind              : binding parameter (3:TIMESTAMP_WITH_TIMEZONE) <- [null]
    2026-04-13T12:41:42.842+09:00 TRACE 4752 --- [    Test worker] org.hibernate.orm.jdbc.bind              : binding parameter (4:VARCHAR) <- [a@coliving.com]
    2026-04-13T12:41:42.842+09:00 TRACE 4752 --- [    Test worker] org.hibernate.orm.jdbc.bind              : binding parameter (5:TIMESTAMP_WITH_TIMEZONE) <- [null]
    2026-04-13T12:41:42.842+09:00 TRACE 4752 --- [    Test worker] org.hibernate.orm.jdbc.bind              : binding parameter (6:ENUM) <- [MALE]
    2026-04-13T12:41:42.842+09:00 TRACE 4752 --- [    Test worker] org.hibernate.orm.jdbc.bind              : binding parameter (7:VARCHAR) <- [userA]
    2026-04-13T12:41:42.842+09:00 TRACE 4752 --- [    Test worker] org.hibernate.orm.jdbc.bind              : binding parameter (8:VARCHAR) <- [?좎?A]
    2026-04-13T12:41:42.842+09:00 TRACE 4752 --- [    Test worker] org.hibernate.orm.jdbc.bind              : binding parameter (9:VARCHAR) <- [Korean]
    2026-04-13T12:41:42.842+09:00 TRACE 4752 --- [    Test worker] org.hibernate.orm.jdbc.bind              : binding parameter (10:VARCHAR) <- [hash]
    2026-04-13T12:41:42.842+09:00 TRACE 4752 --- [    Test worker] org.hibernate.orm.jdbc.bind              : binding parameter (11:VARCHAR) <- [010-0000-0001]
    2026-04-13T12:41:42.842+09:00 TRACE 4752 --- [    Test worker] org.hibernate.orm.jdbc.bind              : binding parameter (12:TIMESTAMP_WITH_TIMEZONE) <- [null]
    2026-04-13T12:41:42.842+09:00 TRACE 4752 --- [    Test worker] org.hibernate.orm.jdbc.bind              : binding parameter (13:VARCHAR) <- [null]
    2026-04-13T12:41:42.842+09:00 TRACE 4752 --- [    Test worker] org.hibernate.orm.jdbc.bind              : binding parameter (14:ENUM) <- [RESIDENT]
    2026-04-13T12:41:42.842+09:00 TRACE 4752 --- [    Test worker] org.hibernate.orm.jdbc.bind              : binding parameter (15:ENUM) <- [ACTIVE]
    2026-04-13T12:41:42.842+09:00 TRACE 4752 --- [    Test worker] org.hibernate.orm.jdbc.bind              : binding parameter (16:TIMESTAMP_WITH_TIMEZONE) <- [2026-04-13T12:41:42.842799+09:00]
    2026-04-13T12:41:42.842+09:00 DEBUG 4752 --- [    Test worker] org.hibernate.SQL                        : 
        insert 
        into
            users
            (birth_date, created_at, deleted_at, email, email_verified_at, gender, login_id, name, nationality, password_hash, phone, phone_verified_at, profile_image, role, status, updated_at, user_id) 
        values
            (?, ?, ?, ?, ?, ?, ?, ?, ?, ?, ?, ?, ?, ?, ?, ?, default)
    Hibernate: 
        insert 
        into
            users
            (birth_date, created_at, deleted_at, email, email_verified_at, gender, login_id, name, nationality, password_hash, phone, phone_verified_at, profile_image, role, status, updated_at, user_id) 
        values
            (?, ?, ?, ?, ?, ?, ?, ?, ?, ?, ?, ?, ?, ?, ?, ?, default)
    2026-04-13T12:41:42.842+09:00 TRACE 4752 --- [    Test worker] org.hibernate.orm.jdbc.bind              : binding parameter (1:VARCHAR) <- [000101]
    2026-04-13T12:41:42.842+09:00 TRACE 4752 --- [    Test worker] org.hibernate.orm.jdbc.bind              : binding parameter (2:TIMESTAMP_WITH_TIMEZONE) <- [2026-04-13T12:41:42.842799+09:00]
    2026-04-13T12:41:42.842+09:00 TRACE 4752 --- [    Test worker] org.hibernate.orm.jdbc.bind              : binding parameter (3:TIMESTAMP_WITH_TIMEZONE) <- [null]
    2026-04-13T12:41:42.842+09:00 TRACE 4752 --- [    Test worker] org.hibernate.orm.jdbc.bind              : binding parameter (4:VARCHAR) <- [b@coliving.com]
    2026-04-13T12:41:42.842+09:00 TRACE 4752 --- [    Test worker] org.hibernate.orm.jdbc.bind              : binding parameter (5:TIMESTAMP_WITH_TIMEZONE) <- [null]
    2026-04-13T12:41:42.842+09:00 TRACE 4752 --- [    Test worker] org.hibernate.orm.jdbc.bind              : binding parameter (6:ENUM) <- [FEMALE]
    2026-04-13T12:41:42.842+09:00 TRACE 4752 --- [    Test worker] org.hibernate.orm.jdbc.bind              : binding parameter (7:VARCHAR) <- [userB]
    2026-04-13T12:41:42.842+09:00 TRACE 4752 --- [    Test worker] org.hibernate.orm.jdbc.bind              : binding parameter (8:VARCHAR) <- [?좎?B]
    2026-04-13T12:41:42.842+09:00 TRACE 4752 --- [    Test worker] org.hibernate.orm.jdbc.bind              : binding parameter (9:VARCHAR) <- [Korean]
    2026-04-13T12:41:42.842+09:00 TRACE 4752 --- [    Test worker] org.hibernate.orm.jdbc.bind              : binding parameter (10:VARCHAR) <- [hash]
    2026-04-13T12:41:42.842+09:00 TRACE 4752 --- [    Test worker] org.hibernate.orm.jdbc.bind              : binding parameter (11:VARCHAR) <- [010-0000-0002]
    2026-04-13T12:41:42.842+09:00 TRACE 4752 --- [    Test worker] org.hibernate.orm.jdbc.bind              : binding parameter (12:TIMESTAMP_WITH_TIMEZONE) <- [null]
    2026-04-13T12:41:42.842+09:00 TRACE 4752 --- [    Test worker] org.hibernate.orm.jdbc.bind              : binding parameter (13:VARCHAR) <- [null]
    2026-04-13T12:41:42.842+09:00 TRACE 4752 --- [    Test worker] org.hibernate.orm.jdbc.bind              : binding parameter (14:ENUM) <- [RESIDENT]
    2026-04-13T12:41:42.842+09:00 TRACE 4752 --- [    Test worker] org.hibernate.orm.jdbc.bind              : binding parameter (15:ENUM) <- [ACTIVE]
    2026-04-13T12:41:42.842+09:00 TRACE 4752 --- [    Test worker] org.hibernate.orm.jdbc.bind              : binding parameter (16:TIMESTAMP_WITH_TIMEZONE) <- [2026-04-13T12:41:42.842799+09:00]
    2026-04-13T12:41:42.842+09:00 DEBUG 4752 --- [    Test worker] org.hibernate.SQL                        : 
        insert 
        into
            users
            (birth_date, created_at, deleted_at, email, email_verified_at, gender, login_id, name, nationality, password_hash, phone, phone_verified_at, profile_image, role, status, updated_at, user_id) 
        values
            (?, ?, ?, ?, ?, ?, ?, ?, ?, ?, ?, ?, ?, ?, ?, ?, default)
    Hibernate: 
        insert 
        into
            users
            (birth_date, created_at, deleted_at, email, email_verified_at, gender, login_id, name, nationality, password_hash, phone, phone_verified_at, profile_image, role, status, updated_at, user_id) 
        values
            (?, ?, ?, ?, ?, ?, ?, ?, ?, ?, ?, ?, ?, ?, ?, ?, default)
    2026-04-13T12:41:42.842+09:00 TRACE 4752 --- [    Test worker] org.hibernate.orm.jdbc.bind              : binding parameter (1:VARCHAR) <- [000101]
    2026-04-13T12:41:42.842+09:00 TRACE 4752 --- [    Test worker] org.hibernate.orm.jdbc.bind              : binding parameter (2:TIMESTAMP_WITH_TIMEZONE) <- [2026-04-13T12:41:42.842799+09:00]
    2026-04-13T12:41:42.842+09:00 TRACE 4752 --- [    Test worker] org.hibernate.orm.jdbc.bind              : binding parameter (3:TIMESTAMP_WITH_TIMEZONE) <- [null]
    2026-04-13T12:41:42.842+09:00 TRACE 4752 --- [    Test worker] org.hibernate.orm.jdbc.bind              : binding parameter (4:VARCHAR) <- [admin@coliving.com]
    2026-04-13T12:41:42.842+09:00 TRACE 4752 --- [    Test worker] org.hibernate.orm.jdbc.bind              : binding parameter (5:TIMESTAMP_WITH_TIMEZONE) <- [null]
    2026-04-13T12:41:42.842+09:00 TRACE 4752 --- [    Test worker] org.hibernate.orm.jdbc.bind              : binding parameter (6:ENUM) <- [MALE]
    2026-04-13T12:41:42.842+09:00 TRACE 4752 --- [    Test worker] org.hibernate.orm.jdbc.bind              : binding parameter (7:VARCHAR) <- [admin]
    2026-04-13T12:41:42.842+09:00 TRACE 4752 --- [    Test worker] org.hibernate.orm.jdbc.bind              : binding parameter (8:VARCHAR) <- [愿由ъ옄]
    2026-04-13T12:41:42.842+09:00 TRACE 4752 --- [    Test worker] org.hibernate.orm.jdbc.bind              : binding parameter (9:VARCHAR) <- [Korean]
    2026-04-13T12:41:42.842+09:00 TRACE 4752 --- [    Test worker] org.hibernate.orm.jdbc.bind              : binding parameter (10:VARCHAR) <- [hash]
    2026-04-13T12:41:42.842+09:00 TRACE 4752 --- [    Test worker] org.hibernate.orm.jdbc.bind              : binding parameter (11:VARCHAR) <- [010-9999-9999]
    2026-04-13T12:41:42.842+09:00 TRACE 4752 --- [    Test worker] org.hibernate.orm.jdbc.bind              : binding parameter (12:TIMESTAMP_WITH_TIMEZONE) <- [null]
    2026-04-13T12:41:42.842+09:00 TRACE 4752 --- [    Test worker] org.hibernate.orm.jdbc.bind              : binding parameter (13:VARCHAR) <- [null]
    2026-04-13T12:41:42.842+09:00 TRACE 4752 --- [    Test worker] org.hibernate.orm.jdbc.bind              : binding parameter (14:ENUM) <- [ADMIN]
    2026-04-13T12:41:42.842+09:00 TRACE 4752 --- [    Test worker] org.hibernate.orm.jdbc.bind              : binding parameter (15:ENUM) <- [ACTIVE]
    2026-04-13T12:41:42.842+09:00 TRACE 4752 --- [    Test worker] org.hibernate.orm.jdbc.bind              : binding parameter (16:TIMESTAMP_WITH_TIMEZONE) <- [2026-04-13T12:41:42.842799+09:00]
    2026-04-13T12:41:42.842+09:00 DEBUG 4752 --- [    Test worker] org.hibernate.SQL                        : 
        insert 
        into
            spaces
            (amenities, area, created_at, deleted_at, description, floor, name, position_h, position_w, position_x, position_y, status, type, updated_at, space_id) 
        values
            (?, ?, ?, ?, ?, ?, ?, ?, ?, ?, ?, ?, ?, ?, default)
    Hibernate: 
        insert 
        into
            spaces
            (amenities, area, created_at, deleted_at, description, floor, name, position_h, position_w, position_x, position_y, status, type, updated_at, space_id) 
        values
            (?, ?, ?, ?, ?, ?, ?, ?, ?, ?, ?, ?, ?, ?, default)
    2026-04-13T12:41:42.842+09:00 TRACE 4752 --- [    Test worker] org.hibernate.orm.jdbc.bind              : binding parameter (1:VARCHAR) <- [null]
    2026-04-13T12:41:42.842+09:00 TRACE 4752 --- [    Test worker] org.hibernate.orm.jdbc.bind              : binding parameter (2:NUMERIC) <- [null]
    2026-04-13T12:41:42.842+09:00 TRACE 4752 --- [    Test worker] org.hibernate.orm.jdbc.bind              : binding parameter (3:TIMESTAMP_WITH_TIMEZONE) <- [2026-04-13T12:41:42.842799+09:00]
    2026-04-13T12:41:42.842+09:00 TRACE 4752 --- [    Test worker] org.hibernate.orm.jdbc.bind              : binding parameter (4:TIMESTAMP_WITH_TIMEZONE) <- [null]
    2026-04-13T12:41:42.842+09:00 TRACE 4752 --- [    Test worker] org.hibernate.orm.jdbc.bind              : binding parameter (5:VARCHAR) <- [null]
    2026-04-13T12:41:42.842+09:00 TRACE 4752 --- [    Test worker] org.hibernate.orm.jdbc.bind              : binding parameter (6:INTEGER) <- [1]
    2026-04-13T12:41:42.842+09:00 TRACE 4752 --- [    Test worker] org.hibernate.orm.jdbc.bind              : binding parameter (7:VARCHAR) <- [?뚯쓽??A]
    2026-04-13T12:41:42.842+09:00 TRACE 4752 --- [    Test worker] org.hibernate.orm.jdbc.bind              : binding parameter (8:INTEGER) <- [null]
    2026-04-13T12:41:42.842+09:00 TRACE 4752 --- [    Test worker] org.hibernate.orm.jdbc.bind              : binding parameter (9:INTEGER) <- [null]
    2026-04-13T12:41:42.842+09:00 TRACE 4752 --- [    Test worker] org.hibernate.orm.jdbc.bind              : binding parameter (10:INTEGER) <- [null]
    2026-04-13T12:41:42.842+09:00 TRACE 4752 --- [    Test worker] org.hibernate.orm.jdbc.bind              : binding parameter (11:INTEGER) <- [null]
    2026-04-13T12:41:42.842+09:00 TRACE 4752 --- [    Test worker] org.hibernate.orm.jdbc.bind              : binding parameter (12:ENUM) <- [AVAILABLE]
    2026-04-13T12:41:42.842+09:00 TRACE 4752 --- [    Test worker] org.hibernate.orm.jdbc.bind              : binding parameter (13:ENUM) <- [COMMON]
    2026-04-13T12:41:42.842+09:00 TRACE 4752 --- [    Test worker] org.hibernate.orm.jdbc.bind              : binding parameter (14:TIMESTAMP_WITH_TIMEZONE) <- [2026-04-13T12:41:42.842799+09:00]
    2026-04-13T12:41:42.842+09:00 DEBUG 4752 --- [    Test worker] org.hibernate.SQL                        : 
        insert 
        into
            reservations
            (approved_by, created_at, deleted_at, end_time, reservation_date, space_id, start_time, status, updated_at, user_id, reservation_id) 
        values
            (?, ?, ?, ?, ?, ?, ?, ?, ?, ?, default)
    Hibernate: 
        insert 
        into
            reservations
            (approved_by, created_at, deleted_at, end_time, reservation_date, space_id, start_time, status, updated_at, user_id, reservation_id) 
        values
            (?, ?, ?, ?, ?, ?, ?, ?, ?, ?, default)
    2026-04-13T12:41:42.842+09:00 TRACE 4752 --- [    Test worker] org.hibernate.orm.jdbc.bind              : binding parameter (1:BIGINT) <- [null]
    2026-04-13T12:41:42.842+09:00 TRACE 4752 --- [    Test worker] org.hibernate.orm.jdbc.bind              : binding parameter (2:TIMESTAMP_WITH_TIMEZONE) <- [2026-04-13T12:41:42.842799+09:00]
    2026-04-13T12:41:42.842+09:00 TRACE 4752 --- [    Test worker] org.hibernate.orm.jdbc.bind              : binding parameter (3:TIMESTAMP_WITH_TIMEZONE) <- [null]
    2026-04-13T12:41:42.842+09:00 TRACE 4752 --- [    Test worker] org.hibernate.orm.jdbc.bind              : binding parameter (4:TIME) <- [12:00]
    2026-04-13T12:41:42.842+09:00 TRACE 4752 --- [    Test worker] org.hibernate.orm.jdbc.bind              : binding parameter (5:DATE) <- [2026-04-10]
    2026-04-13T12:41:42.842+09:00 TRACE 4752 --- [    Test worker] org.hibernate.orm.jdbc.bind              : binding parameter (6:BIGINT) <- [10]
    2026-04-13T12:41:42.842+09:00 TRACE 4752 --- [    Test worker] org.hibernate.orm.jdbc.bind              : binding parameter (7:TIME) <- [10:00]
    2026-04-13T12:41:42.842+09:00 TRACE 4752 --- [    Test worker] org.hibernate.orm.jdbc.bind              : binding parameter (8:ENUM) <- [APPROVED]
    2026-04-13T12:41:42.842+09:00 TRACE 4752 --- [    Test worker] org.hibernate.orm.jdbc.bind              : binding parameter (9:TIMESTAMP_WITH_TIMEZONE) <- [2026-04-13T12:41:42.842799+09:00]
    2026-04-13T12:41:42.842+09:00 TRACE 4752 --- [    Test worker] org.hibernate.orm.jdbc.bind              : binding parameter (10:BIGINT) <- [28]

ReservationJpaRepositoryTest > 湲곕낯 CRUD ?뚯뒪??> ?????ID ?먮룞 ?앹꽦 諛?珥덇린 ?곹깭 PENDING FAILED
    org.opentest4j.MultipleFailuresError: Multiple Failures (1 failure)
    	org.opentest4j.AssertionFailedError: expected: <PENDING> but was: <APPROVED>
        at app//org.junit.jupiter.api.AssertAll.assertAll(AssertAll.java:80)
        at app//org.junit.jupiter.api.AssertAll.assertAll(AssertAll.java:44)
        at app//org.junit.jupiter.api.AssertAll.assertAll(AssertAll.java:38)
        at app//org.junit.jupiter.api.Assertions.assertAll(Assertions.java:2944)
        at app//com.coliving.reservation.adapter.out.jpa.ReservationJpaRepositoryTest$CrudTest.shouldSaveAndGenerateId(ReservationJpaRepositoryTest.java:136)

        Caused by:
        org.opentest4j.AssertionFailedError: expected: <PENDING> but was: <APPROVED>
            at app//org.junit.jupiter.api.AssertionFailureBuilder.build(AssertionFailureBuilder.java:151)
            at app//org.junit.jupiter.api.AssertionFailureBuilder.buildAndThrow(AssertionFailureBuilder.java:132)
            at app//org.junit.jupiter.api.AssertEquals.failNotEqual(AssertEquals.java:197)
            at app//org.junit.jupiter.api.AssertEquals.assertEquals(AssertEquals.java:182)
            at app//org.junit.jupiter.api.AssertEquals.assertEquals(AssertEquals.java:177)
            at app//org.junit.jupiter.api.Assertions.assertEquals(Assertions.java:1145)
            at app//com.coliving.reservation.adapter.out.jpa.ReservationJpaRepositoryTest$CrudTest.lambda$shouldSaveAndGenerateId$1(ReservationJpaRepositoryTest.java:138)
            at app//org.junit.jupiter.api.AssertAll.lambda$assertAll$0(AssertAll.java:68)
            at java.base@21.0.10/java.util.stream.ReferencePipeline$3$1.accept(ReferencePipeline.java:197)
            at java.base@21.0.10/java.util.Spliterators$ArraySpliterator.forEachRemaining(Spliterators.java:1024)
            at java.base@21.0.10/java.util.stream.AbstractPipeline.copyInto(AbstractPipeline.java:509)
            at java.base@21.0.10/java.util.stream.AbstractPipeline.wrapAndCopyInto(AbstractPipeline.java:499)
            at java.base@21.0.10/java.util.stream.ReduceOps$ReduceOp.evaluateSequential(ReduceOps.java:921)
            at java.base@21.0.10/java.util.stream.AbstractPipeline.evaluate(AbstractPipeline.java:234)
            at java.base@21.0.10/java.util.stream.ReferencePipeline.collect(ReferencePipeline.java:682)
            at app//org.junit.jupiter.api.AssertAll.assertAll(AssertAll.java:77)
            ... 4 more

FacilityQueryServiceTest > getFacilityDetail ?뚯뒪??> ?쒖꽕 ?곸꽭 ?뺣낫 ?뺤긽 諛섑솚 STANDARD_OUT
    2026-04-13T12:41:42.914+09:00  INFO 4752 --- [    Test worker] c.c.r.a.service.FacilityQueryService     : [RES-RSV-01] 怨듭슜?쒖꽕 ?곸꽭 議고쉶 ?붿껌 - spaceId: 1

FacilityQueryServiceTest > getFacilityDetail ?뚯뒪??> ?쒖꽕??議댁옱?섏? ?딆쑝硫?BusinessException (NOT_FOUND) 諛쒖깮 STANDARD_OUT
    2026-04-13T12:41:42.921+09:00  INFO 4752 --- [    Test worker] c.c.r.a.service.FacilityQueryService     : [RES-RSV-01] 怨듭슜?쒖꽕 ?곸꽭 議고쉶 ?붿껌 - spaceId: 999
    2026-04-13T12:41:42.921+09:00  WARN 4752 --- [    Test worker] c.c.r.a.service.FacilityQueryService     : [RES-RSV-01] ?쒖꽕??李얠쓣 ???놁쓬 - spaceId: 999

FacilityQueryServiceTest > getReservableFacilities ?뚯뒪??> ?덉빟 媛?ν븳 ?쒖꽕???놁쑝硫?鍮?紐⑸줉 諛섑솚 STANDARD_OUT
    2026-04-13T12:41:42.924+09:00  INFO 4752 --- [    Test worker] c.c.r.a.service.FacilityQueryService     : [RES-RSV-01] ?덉빟 媛?ν븳 怨듭슜?쒖꽕 紐⑸줉 議고쉶 ?붿껌
    2026-04-13T12:41:42.924+09:00  INFO 4752 --- [    Test worker] c.c.r.a.service.FacilityQueryService     : [RES-RSV-01] 議고쉶???덉빟 媛???쒖꽕 ?? 0

FacilityQueryServiceTest > getReservableFacilities ?뚯뒪??> ?덉빟 媛?ν븳 ?쒖꽕 紐⑸줉 ?뺤긽 諛섑솚 STANDARD_OUT
    2026-04-13T12:41:42.929+09:00  INFO 4752 --- [    Test worker] c.c.r.a.service.FacilityQueryService     : [RES-RSV-01] ?덉빟 媛?ν븳 怨듭슜?쒖꽕 紐⑸줉 議고쉶 ?붿껌
    2026-04-13T12:41:42.929+09:00  INFO 4752 --- [    Test worker] c.c.r.a.service.FacilityQueryService     : [RES-RSV-01] 議고쉶???덉빟 媛???쒖꽕 ?? 2

Gradle Test Executor 4 finished executing tests.
2026-04-13T12:41:42.945+09:00  INFO 4752 --- [ionShutdownHook] j.LocalContainerEntityManagerFactoryBean : Closing JPA EntityManagerFactory for persistence unit 'default'
2026-04-13T12:41:42.945+09:00 DEBUG 4752 --- [ionShutdownHook] org.hibernate.SQL                        : 
    drop table if exists annotation_types cascade 
Hibernate: 
    drop table if exists annotation_types cascade 
2026-04-13T12:41:42.945+09:00 DEBUG 4752 --- [ionShutdownHook] org.hibernate.SQL                        : 
    drop table if exists comments cascade 
Hibernate: 
    drop table if exists comments cascade 
2026-04-13T12:41:42.945+09:00 DEBUG 4752 --- [ionShutdownHook] org.hibernate.SQL                        : 
    drop table if exists common_space_details cascade 
Hibernate: 
    drop table if exists common_space_details cascade 
2026-04-13T12:41:42.945+09:00 DEBUG 4752 --- [ionShutdownHook] org.hibernate.SQL                        : 
    drop table if exists contracts cascade 
Hibernate: 
    drop table if exists contracts cascade 
2026-04-13T12:41:42.945+09:00 DEBUG 4752 --- [ionShutdownHook] org.hibernate.SQL                        : 
    drop table if exists control_logs cascade 
Hibernate: 
    drop table if exists control_logs cascade 
2026-04-13T12:41:42.945+09:00 DEBUG 4752 --- [ionShutdownHook] org.hibernate.SQL                        : 
    drop table if exists device_types cascade 
Hibernate: 
    drop table if exists device_types cascade 
2026-04-13T12:41:42.945+09:00 DEBUG 4752 --- [ionShutdownHook] org.hibernate.SQL                        : 
    drop table if exists devices cascade 
Hibernate: 
    drop table if exists devices cascade 
2026-04-13T12:41:42.945+09:00 DEBUG 4752 --- [ionShutdownHook] org.hibernate.SQL                        : 
    drop table if exists floor_plans cascade 
Hibernate: 
    drop table if exists floor_plans cascade 
2026-04-13T12:41:42.945+09:00 DEBUG 4752 --- [ionShutdownHook] org.hibernate.SQL                        : 
    drop table if exists notifications cascade 
Hibernate: 
    drop table if exists notifications cascade 
2026-04-13T12:41:42.945+09:00 DEBUG 4752 --- [ionShutdownHook] org.hibernate.SQL                        : 
    drop table if exists payments cascade 
Hibernate: 
    drop table if exists payments cascade 
2026-04-13T12:41:42.945+09:00 DEBUG 4752 --- [ionShutdownHook] org.hibernate.SQL                        : 
    drop table if exists post_likes cascade 
Hibernate: 
    drop table if exists post_likes cascade 
2026-04-13T12:41:42.945+09:00 DEBUG 4752 --- [ionShutdownHook] org.hibernate.SQL                        : 
    drop table if exists posts cascade 
Hibernate: 
    drop table if exists posts cascade 
2026-04-13T12:41:42.945+09:00 DEBUG 4752 --- [ionShutdownHook] org.hibernate.SQL                        : 
    drop table if exists private_space_details cascade 
Hibernate: 
    drop table if exists private_space_details cascade 
2026-04-13T12:41:42.945+09:00 DEBUG 4752 --- [ionShutdownHook] org.hibernate.SQL                        : 
    drop table if exists refresh_tokens cascade 
Hibernate: 
    drop table if exists refresh_tokens cascade 
2026-04-13T12:41:42.945+09:00 DEBUG 4752 --- [ionShutdownHook] org.hibernate.SQL                        : 
    drop table if exists reservations cascade 
Hibernate: 
    drop table if exists reservations cascade 
2026-04-13T12:41:42.945+09:00 DEBUG 4752 --- [ionShutdownHook] org.hibernate.SQL                        : 
    drop table if exists role_change_logs cascade 
Hibernate: 
    drop table if exists role_change_logs cascade 
2026-04-13T12:41:42.945+09:00 DEBUG 4752 --- [ionShutdownHook] org.hibernate.SQL                        : 
    drop table if exists room_types cascade 
Hibernate: 
    drop table if exists room_types cascade 
2026-04-13T12:41:42.945+09:00 DEBUG 4752 --- [ionShutdownHook] org.hibernate.SQL                        : 
    drop table if exists space_images cascade 
Hibernate: 
    drop table if exists space_images cascade 
2026-04-13T12:41:42.945+09:00 DEBUG 4752 --- [ionShutdownHook] org.hibernate.SQL                        : 
    drop table if exists spaces cascade 
Hibernate: 
    drop table if exists spaces cascade 
2026-04-13T12:41:42.945+09:00 DEBUG 4752 --- [ionShutdownHook] org.hibernate.SQL                        : 
    drop table if exists token_blacklists cascade 
Hibernate: 
    drop table if exists token_blacklists cascade 
2026-04-13T12:41:42.945+09:00 DEBUG 4752 --- [ionShutdownHook] org.hibernate.SQL                        : 
    drop table if exists users cascade 
Hibernate: 
    drop table if exists users cascade 
2026-04-13T12:41:42.945+09:00 DEBUG 4752 --- [ionShutdownHook] org.hibernate.SQL                        : 
    drop table if exists vocs cascade 
Hibernate: 
    drop table if exists vocs cascade 
2026-04-13T12:41:42.945+09:00  INFO 4752 --- [ionShutdownHook] j.LocalContainerEntityManagerFactoryBean : Closing JPA EntityManagerFactory for persistence unit 'default'
2026-04-13T12:41:42.945+09:00 DEBUG 4752 --- [ionShutdownHook] org.hibernate.SQL                        : 
    drop table if exists comments cascade 
Hibernate: 
    drop table if exists comments cascade 
2026-04-13T12:41:42.945+09:00 DEBUG 4752 --- [ionShutdownHook] org.hibernate.SQL                        : 
    drop table if exists post_likes cascade 
Hibernate: 
    drop table if exists post_likes cascade 
2026-04-13T12:41:42.945+09:00 DEBUG 4752 --- [ionShutdownHook] org.hibernate.SQL                        : 
    drop table if exists posts cascade 
Hibernate: 
    drop table if exists posts cascade 
2026-04-13T12:41:42.945+09:00  INFO 4752 --- [ionShutdownHook] j.LocalContainerEntityManagerFactoryBean : Closing JPA EntityManagerFactory for persistence unit 'default'
2026-04-13T12:41:42.945+09:00 DEBUG 4752 --- [ionShutdownHook] org.hibernate.SQL                        : 
    drop table if exists annotation_types cascade 
Hibernate: 
    drop table if exists annotation_types cascade 
2026-04-13T12:41:42.945+09:00 DEBUG 4752 --- [ionShutdownHook] org.hibernate.SQL                        : 
    drop table if exists comments cascade 
Hibernate: 
    drop table if exists comments cascade 
2026-04-13T12:41:42.945+09:00 DEBUG 4752 --- [ionShutdownHook] org.hibernate.SQL                        : 
    drop table if exists common_space_details cascade 
Hibernate: 
    drop table if exists common_space_details cascade 
2026-04-13T12:41:42.945+09:00 DEBUG 4752 --- [ionShutdownHook] org.hibernate.SQL                        : 
    drop table if exists contracts cascade 
Hibernate: 
    drop table if exists contracts cascade 
2026-04-13T12:41:42.945+09:00 DEBUG 4752 --- [ionShutdownHook] org.hibernate.SQL                        : 
    drop table if exists control_logs cascade 
Hibernate: 
    drop table if exists control_logs cascade 
2026-04-13T12:41:42.959+09:00 DEBUG 4752 --- [ionShutdownHook] org.hibernate.SQL                        : 
    drop table if exists device_types cascade 
Hibernate: 
    drop table if exists device_types cascade 
2026-04-13T12:41:42.959+09:00 DEBUG 4752 --- [ionShutdownHook] org.hibernate.SQL                        : 
    drop table if exists devices cascade 
Hibernate: 
    drop table if exists devices cascade 
2026-04-13T12:41:42.960+09:00 DEBUG 4752 --- [ionShutdownHook] org.hibernate.SQL                        : 
    drop table if exists floor_plans cascade 
Hibernate: 
    drop table if exists floor_plans cascade 
2026-04-13T12:41:42.960+09:00 DEBUG 4752 --- [ionShutdownHook] org.hibernate.SQL                        : 
    drop table if exists notifications cascade 
Hibernate: 
    drop table if exists notifications cascade 
2026-04-13T12:41:42.961+09:00 DEBUG 4752 --- [ionShutdownHook] org.hibernate.SQL                        : 
    drop table if exists payments cascade 
Hibernate: 
    drop table if exists payments cascade 
2026-04-13T12:41:42.961+09:00 DEBUG 4752 --- [ionShutdownHook] org.hibernate.SQL                        : 
    drop table if exists post_likes cascade 
Hibernate: 
    drop table if exists post_likes cascade 
2026-04-13T12:41:42.961+09:00 DEBUG 4752 --- [ionShutdownHook] org.hibernate.SQL                        : 
    drop table if exists posts cascade 
Hibernate: 
    drop table if exists posts cascade 
2026-04-13T12:41:42.961+09:00 DEBUG 4752 --- [ionShutdownHook] org.hibernate.SQL                        : 
    drop table if exists private_space_details cascade 
Hibernate: 
    drop table if exists private_space_details cascade 
2026-04-13T12:41:42.961+09:00 DEBUG 4752 --- [ionShutdownHook] org.hibernate.SQL                        : 
    drop table if exists refresh_tokens cascade 
Hibernate: 
    drop table if exists refresh_tokens cascade 
2026-04-13T12:41:42.962+09:00 DEBUG 4752 --- [ionShutdownHook] org.hibernate.SQL                        : 
    drop table if exists reservations cascade 
Hibernate: 
    drop table if exists reservations cascade 
2026-04-13T12:41:42.962+09:00 DEBUG 4752 --- [ionShutdownHook] org.hibernate.SQL                        : 
    drop table if exists role_change_logs cascade 
Hibernate: 
    drop table if exists role_change_logs cascade 
2026-04-13T12:41:42.962+09:00 DEBUG 4752 --- [ionShutdownHook] org.hibernate.SQL                        : 
    drop table if exists room_types cascade 
Hibernate: 
    drop table if exists room_types cascade 
2026-04-13T12:41:42.962+09:00 DEBUG 4752 --- [ionShutdownHook] org.hibernate.SQL                        : 
    drop table if exists space_images cascade 
Hibernate: 
    drop table if exists space_images cascade 
2026-04-13T12:41:42.963+09:00 DEBUG 4752 --- [ionShutdownHook] org.hibernate.SQL                        : 
    drop table if exists spaces cascade 
Hibernate: 
    drop table if exists spaces cascade 
2026-04-13T12:41:42.963+09:00 DEBUG 4752 --- [ionShutdownHook] org.hibernate.SQL                        : 
    drop table if exists token_blacklists cascade 
Hibernate: 
    drop table if exists token_blacklists cascade 
2026-04-13T12:41:42.963+09:00 DEBUG 4752 --- [ionShutdownHook] org.hibernate.SQL                        : 
    drop table if exists users cascade 
Hibernate: 
    drop table if exists users cascade 
2026-04-13T12:41:42.963+09:00 DEBUG 4752 --- [ionShutdownHook] org.hibernate.SQL                        : 
    drop table if exists vocs cascade 
Hibernate: 
    drop table if exists vocs cascade 

> Task :test FAILED
Finished generating test XML results (0.032 secs) into: C:\team1_cokkiri\backend\build\test-results\test
Generating HTML test report...
Finished generating test html results (0.25 secs) into: C:\team1_cokkiri\backend\build\reports\tests\test
5 actionable tasks: 1 executed, 4 up-to-date
Watched directory hierarchies: [C:\team1_cokkiri\backend]
